1110  <... rt_sigprocmask resumed>NULL, 8) = 0
1117  mmap(NULL, 134217728, PROT_NONE, MAP_PRIVATE|MAP_ANONYMOUS|MAP_NORESERVE, -1, 0 <unfinished ...>
1116  gettid( <unfinished ...>
1112  futex(0xc000066d50, FUTEX_WAIT_PRIVATE, 0, NULL <unfinished ...>
1105  <... futex resumed>)              = -1 ETIMEDOUT (Connection timed out)
1117  <... mmap resumed>)               = 0x7fb37c000000
1116  <... gettid resumed>)             = 1116
1110  rt_sigprocmask(SIG_SETMASK, [],  <unfinished ...>
1117  munmap(0x7fb380000000, 67108864 <unfinished ...>
1116  futex(0xc000540550, FUTEX_WAIT_PRIVATE, 0, NULL <unfinished ...>
1105  futex(0x2ec0628, FUTEX_WAIT_PRIVATE, 0, {tv_sec=0, tv_nsec=100000} <unfinished ...>
1117  <... munmap resumed>)             = 0
1110  <... rt_sigprocmask resumed>NULL, 8) = 0
1117  mprotect(0x7fb37c000000, 135168, PROT_READ|PROT_WRITE <unfinished ...>
1105  <... futex resumed>)              = -1 ETIMEDOUT (Connection timed out)
1117  <... mprotect resumed>)           = 0
1110  nanosleep({tv_sec=0, tv_nsec=10000000},  <unfinished ...>
1117  sigaltstack(NULL,  <unfinished ...>
1105  futex(0x2ec0628, FUTEX_WAIT_PRIVATE, 0, {tv_sec=0, tv_nsec=100000} <unfinished ...>
1117  <... sigaltstack resumed>{ss_sp=NULL, ss_flags=SS_DISABLE, ss_size=0}) = 0
1117  sigaltstack({ss_sp=0xc0004b2000, ss_flags=0, ss_size=32768},  <unfinished ...>
1105  <... futex resumed>)              = -1 ETIMEDOUT (Connection timed out)
1117  <... sigaltstack resumed>NULL)    = 0
1105  futex(0x2ec0628, FUTEX_WAIT_PRIVATE, 0, {tv_sec=0, tv_nsec=100000} <unfinished ...>
1117  rt_sigprocmask(SIG_SETMASK, [],  <unfinished ...>
1105  <... futex resumed>)              = -1 ETIMEDOUT (Connection timed out)
1117  <... rt_sigprocmask resumed>NULL, 8) = 0
1105  futex(0x2ec0628, FUTEX_WAIT_PRIVATE, 0, {tv_sec=0, tv_nsec=100000} <unfinished ...>
1117  gettid( <unfinished ...>
1105  <... futex resumed>)              = -1 ETIMEDOUT (Connection timed out)
1117  <... gettid resumed>)             = 1117
1105  futex(0x2ec0628, FUTEX_WAIT_PRIVATE, 0, {tv_sec=0, tv_nsec=100000} <unfinished ...>
1117  futex(0x2ec0628, FUTEX_WAKE_PRIVATE, 1 <unfinished ...>
1105  <... futex resumed>)              = -1 EAGAIN (Resource temporarily unavailable)
1117  <... futex resumed>)              = 0
1105  epoll_pwait(3,  <unfinished ...>
1117  futex(0xc000100d50, FUTEX_WAIT_PRIVATE, 0, NULL <unfinished ...>
1105  <... epoll_pwait resumed>[], 128, 0, NULL, 0) = 0
1105  futex(0xc000100d50, FUTEX_WAKE_PRIVATE, 1 <unfinished ...>
1117  <... futex resumed>)              = 0
1105  <... futex resumed>)              = 1
1117  futex(0xc000540550, FUTEX_WAKE_PRIVATE, 1 <unfinished ...>
1105  mmap(NULL, 65536, PROT_READ|PROT_WRITE, MAP_PRIVATE|MAP_ANONYMOUS, -1, 0 <unfinished ...>
1117  <... futex resumed>)              = 1
1116  <... futex resumed>)              = 0
1117  getpid( <unfinished ...>
1105  <... mmap resumed>)               = 0x7fb3a846a000
1117  <... getpid resumed>)             = 1105
1116  futex(0xc000066d50, FUTEX_WAKE_PRIVATE, 1 <unfinished ...>
1117  tgkill(1105, 1105, SIGURG <unfinished ...>
1105  futex(0xc000540150, FUTEX_WAKE_PRIVATE, 1 <unfinished ...>
1117  <... tgkill resumed>)             = 0
1116  <... futex resumed>)              = 1
1112  <... futex resumed>)              = 0
1115  <... futex resumed>)              = 0
1105  <... futex resumed>)              = 1
1117  futex(0x2ec0658, FUTEX_WAIT_PRIVATE, 0, {tv_sec=0, tv_nsec=100000} <unfinished ...>
1116  futex(0x2ebf010, FUTEX_WAKE_PRIVATE, 1 <unfinished ...>
1115  getpid( <unfinished ...>
1112  futex(0xc000066950, FUTEX_WAKE_PRIVATE, 1 <unfinished ...>
1117  <... futex resumed>)              = -1 ETIMEDOUT (Connection timed out)
1116  <... futex resumed>)              = 0
1115  <... getpid resumed>)             = 1105
1110  <... nanosleep resumed>NULL)      = 0
1105  --- SIGURG {si_signo=SIGURG, si_code=SI_TKILL, si_pid=1105, si_uid=0} ---
1117  getpid( <unfinished ...>
1116  futex(0xc000540550, FUTEX_WAIT_PRIVATE, 0, NULL <unfinished ...>
1115  tgkill(1105, 1117, SIGURG <unfinished ...>
1112  <... futex resumed>)              = 1
1111  <... futex resumed>)              = 0
1110  nanosleep({tv_sec=0, tv_nsec=10000000},  <unfinished ...>
1117  <... getpid resumed>)             = 1105
1115  <... tgkill resumed>)             = 0
1112  write(5, "\0", 1 <unfinished ...>
1111  futex(0xc000540550, FUTEX_WAKE_PRIVATE, 1 <unfinished ...>
1105  rt_sigreturn({mask=[]} <unfinished ...>
1117  --- SIGURG {si_signo=SIGURG, si_code=SI_TKILL, si_pid=1105, si_uid=0} ---
1116  <... futex resumed>)              = 0
1113  <... epoll_pwait resumed>[{events=EPOLLIN, data={u32=49212080, u64=49212080}}], 128, 9992, NULL, 132348583496992) = 1
1112  <... write resumed>)              = 1
1111  <... futex resumed>)              = 1
1117  rt_sigreturn({mask=[]} <unfinished ...>
1116  rt_sigprocmask(SIG_SETMASK, ~[RTMIN RT_1],  <unfinished ...>
1115  getpid( <unfinished ...>
1113  read(4,  <unfinished ...>
1112  futex(0xc000066d50, FUTEX_WAIT_PRIVATE, 0, NULL <unfinished ...>
1105  <... rt_sigreturn resumed>)       = 1
1117  <... rt_sigreturn resumed>)       = 1105
1116  <... rt_sigprocmask resumed>[], 8) = 0
1115  <... getpid resumed>)             = 1105
1113  <... read resumed>"\0", 16)       = 1
1111  futex(0xc000066950, FUTEX_WAIT_PRIVATE, 0, NULL <unfinished ...>
1117  tgkill(1105, 1115, SIGURG <unfinished ...>
1116  mmap(NULL, 8392704, PROT_NONE, MAP_PRIVATE|MAP_ANONYMOUS|MAP_STACK, -1, 0 <unfinished ...>
1115  tgkill(1105, 1112, SIGURG <unfinished ...>
1113  futex(0x2ebf010, FUTEX_WAKE_PRIVATE, 1 <unfinished ...>
1105  futex(0xc000066950, FUTEX_WAKE_PRIVATE, 1 <unfinished ...>
1117  <... tgkill resumed>)             = 0
1116  <... mmap resumed>)               = 0x7fb3a0d8b000
1115  <... tgkill resumed>)             = 0
1113  <... futex resumed>)              = 0
1112  <... futex resumed>)              = ? ERESTARTSYS (To be restarted if SA_RESTART is set)
1111  <... futex resumed>)              = -1 EAGAIN (Resource temporarily unavailable)
1117  futex(0x2ec0658, FUTEX_WAIT_PRIVATE, 0, {tv_sec=0, tv_nsec=100000} <unfinished ...>
1116  mprotect(0x7fb3a0d8c000, 8388608, PROT_READ|PROT_WRITE <unfinished ...>
1115  --- SIGURG {si_signo=SIGURG, si_code=SI_TKILL, si_pid=1105, si_uid=0} ---
1113  futex(0xc000100150, FUTEX_WAIT_PRIVATE, 0, NULL <unfinished ...>
1112  --- SIGURG {si_signo=SIGURG, si_code=SI_TKILL, si_pid=1105, si_uid=0} ---
1105  <... futex resumed>)              = 0
1117  <... futex resumed>)              = -1 EAGAIN (Resource temporarily unavailable)
1116  <... mprotect resumed>)           = 0
1115  rt_sigreturn({mask=[]} <unfinished ...>
1112  rt_sigreturn({mask=[]} <unfinished ...>
1111  futex(0x2ec0658, FUTEX_WAKE_PRIVATE, 1 <unfinished ...>
1117  sched_yield( <unfinished ...>
1116  rt_sigprocmask(SIG_BLOCK, ~[],  <unfinished ...>
1115  <... rt_sigreturn resumed>)       = 0
1112  <... rt_sigreturn resumed>)       = 202
1110  <... nanosleep resumed>NULL)      = 0
1105  sched_yield( <unfinished ...>
1117  <... sched_yield resumed>)        = 0
1116  <... rt_sigprocmask resumed>~[KILL STOP RTMIN RT_1], 8) = 0
1115  sched_yield( <unfinished ...>
1112  futex(0xc000066d50, FUTEX_WAIT_PRIVATE, 0, NULL <unfinished ...>
1111  <... futex resumed>)              = 0
1110  getpid( <unfinished ...>
1117  futex(0x2ec0538, FUTEX_WAIT_PRIVATE, 2, NULL <unfinished ...>
1116  clone3({flags=CLONE_VM|CLONE_FS|CLONE_FILES|CLONE_SIGHAND|CLONE_THREAD|CLONE_SYSVSEM|CLONE_SETTLS|CLONE_PARENT_SETTID|CLONE_CHILD_CLEARTID, child_tid=0x7fb3a158b910, parent_tid=0x7fb3a158b910, exit_signal=0, stack=0x7fb3a0d8b000, stack_size=0x7fff00, tls=0x7fb3a158b640} <unfinished ...>
1115  <... sched_yield resumed>)        = 0
1111  futex(0x2ec0538, FUTEX_WAKE_PRIVATE, 1 <unfinished ...>
1105  <... sched_yield resumed>)        = 0
1117  <... futex resumed>)              = -1 EAGAIN (Resource temporarily unavailable)
1116  <... clone3 resumed>, 88)         = -1 ENOSYS (Function not implemented)
1115  futex(0x2ec0538, FUTEX_WAKE_PRIVATE, 1 <unfinished ...>
1111  <... futex resumed>)              = 0
1110  <... getpid resumed>)             = 1105
1117  futex(0x2ec0538, FUTEX_WAKE_PRIVATE, 1 <unfinished ...>
1116  clone(child_stack=0x7fb3a158aef0, flags=CLONE_VM|CLONE_FS|CLONE_FILES|CLONE_SIGHAND|CLONE_THREAD|CLONE_SYSVSEM|CLONE_SETTLS|CLONE_PARENT_SETTID|CLONE_CHILD_CLEARTID <unfinished ...>
1115  <... futex resumed>)              = 0
1111  epoll_pwait(3,  <unfinished ...>
1105  futex(0x2ec0538, FUTEX_WAKE_PRIVATE, 1 <unfinished ...>
1117  <... futex resumed>)              = 0
1115  futex(0xc000540150, FUTEX_WAIT_PRIVATE, 0, NULL <unfinished ...>
1110  tgkill(1105, 1117, SIGURG <unfinished ...>
1118  rseq(0x7fb3a158bfe0, 0x20, 0, 0x53053053 <unfinished ...>
1117  futex(0x2ec0658, FUTEX_WAIT_PRIVATE, 0, {tv_sec=0, tv_nsec=100000} <unfinished ...>
1116  <... clone resumed>, parent_tid=[1118], tls=0x7fb3a158b640, child_tidptr=0x7fb3a158b910) = 1118
1105  <... futex resumed>)              = 0
1118  <... rseq resumed>)               = 0
1117  <... futex resumed>)              = ? ERESTART_RESTARTBLOCK (Interrupted by signal)
1116  rt_sigprocmask(SIG_SETMASK, ~[KILL STOP RTMIN RT_1],  <unfinished ...>
1110  <... tgkill resumed>)             = 0
1118  set_robust_list(0x7fb3a158b920, 24 <unfinished ...>
1117  --- SIGURG {si_signo=SIGURG, si_code=SI_TKILL, si_pid=1105, si_uid=0} ---
1116  <... rt_sigprocmask resumed>NULL, 8) = 0
1105  futex(0xc000540150, FUTEX_WAKE_PRIVATE, 1 <unfinished ...>
1118  <... set_robust_list resumed>)    = 0
1117  rt_sigreturn({mask=[]} <unfinished ...>
1116  rt_sigprocmask(SIG_SETMASK, [],  <unfinished ...>
1110  nanosleep({tv_sec=0, tv_nsec=10000000},  <unfinished ...>
1118  rt_sigprocmask(SIG_SETMASK, ~[KILL STOP RTMIN RT_1],  <unfinished ...>
1117  <... rt_sigreturn resumed>)       = -1 EINTR (Interrupted system call)
1116  <... rt_sigprocmask resumed>NULL, 8) = 0
1115  <... futex resumed>)              = 0
1105  <... futex resumed>)              = 1
1118  <... rt_sigprocmask resumed>NULL, 8) = 0
1117  futex(0x2ec0658, FUTEX_WAIT_PRIVATE, 0, {tv_sec=0, tv_nsec=100000} <unfinished ...>
1116  futex(0x2ebf010, FUTEX_WAKE_PRIVATE, 1 <unfinished ...>
1115  futex(0xc000540150, FUTEX_WAIT_PRIVATE, 0, NULL <unfinished ...>
1118  sched_getaffinity(0, 4096,  <unfinished ...>
1117  <... futex resumed>)              = -1 ETIMEDOUT (Connection timed out)
1116  <... futex resumed>)              = 0
1105  getrandom( <unfinished ...>
1118  <... sched_getaffinity resumed>[0, 1, 2, 3, 4, 5, 6, 7]) = 32
1117  futex(0x2ec0658, FUTEX_WAIT_PRIVATE, 0, {tv_sec=0, tv_nsec=100000} <unfinished ...>
1116  futex(0xc000540550, FUTEX_WAIT_PRIVATE, 0, NULL <unfinished ...>
1118  mmap(0x7fb380000000, 67108864, PROT_NONE, MAP_PRIVATE|MAP_ANONYMOUS|MAP_NORESERVE, -1, 0 <unfinished ...>
1117  <... futex resumed>)              = -1 ETIMEDOUT (Connection timed out)
1105  <... getrandom resumed>"\x28\x92\x01\x95", 4, 0) = 4
1118  <... mmap resumed>)               = 0x7fb380000000
1117  futex(0x2ec0658, FUTEX_WAIT_PRIVATE, 0, {tv_sec=0, tv_nsec=100000} <unfinished ...>
1118  mprotect(0x7fb380000000, 135168, PROT_READ|PROT_WRITE <unfinished ...>
1105  uname( <unfinished ...>
1118  <... mprotect resumed>)           = 0
1117  <... futex resumed>)              = -1 ETIMEDOUT (Connection timed out)
1118  sigaltstack(NULL,  <unfinished ...>
1105  <... uname resumed>{sysname="Linux", nodename="7fc253655573", ...}) = 0
1118  <... sigaltstack resumed>{ss_sp=NULL, ss_flags=SS_DISABLE, ss_size=0}) = 0
1117  getpid( <unfinished ...>
1118  sigaltstack({ss_sp=0xc000522000, ss_flags=0, ss_size=32768},  <unfinished ...>
1105  futex(0xc000540550, FUTEX_WAKE_PRIVATE, 1 <unfinished ...>
1118  <... sigaltstack resumed>NULL)    = 0
1117  <... getpid resumed>)             = 1105
1118  rt_sigprocmask(SIG_SETMASK, [],  <unfinished ...>
1116  <... futex resumed>)              = 0
1105  <... futex resumed>)              = 1
1118  <... rt_sigprocmask resumed>NULL, 8) = 0
1117  tgkill(1105, 1105, SIGURG <unfinished ...>
1116  futex(0x2ebf010, FUTEX_WAKE_PRIVATE, 1 <unfinished ...>
1118  gettid( <unfinished ...>
1117  <... tgkill resumed>)             = 0
1105  getpid( <unfinished ...>
1118  <... gettid resumed>)             = 1118
1117  futex(0x2ec0658, FUTEX_WAIT_PRIVATE, 0, {tv_sec=0, tv_nsec=100000} <unfinished ...>
1116  <... futex resumed>)              = 0
1118  futex(0x2ec0658, FUTEX_WAKE_PRIVATE, 1 <unfinished ...>
1117  <... futex resumed>)              = -1 EAGAIN (Resource temporarily unavailable)
1110  <... nanosleep resumed>NULL)      = 0
1105  <... getpid resumed>)             = 1105
1118  <... futex resumed>)              = 0
1117  sched_yield( <unfinished ...>
1116  sched_yield( <unfinished ...>
1110  nanosleep({tv_sec=0, tv_nsec=10000000},  <unfinished ...>
1118  futex(0xc000520150, FUTEX_WAIT_PRIVATE, 0, NULL <unfinished ...>
1117  <... sched_yield resumed>)        = 0
1116  <... sched_yield resumed>)        = 0
1105  --- SIGURG {si_signo=SIGURG, si_code=SI_TKILL, si_pid=1105, si_uid=0} ---
1117  futex(0x2ec0538, FUTEX_WAKE_PRIVATE, 1 <unfinished ...>
1116  futex(0x2ec0538, FUTEX_WAKE_PRIVATE, 1 <unfinished ...>
1117  <... futex resumed>)              = 0
1105  rt_sigreturn({mask=[]} <unfinished ...>
1117  getpid( <unfinished ...>
1116  <... futex resumed>)              = 0
1117  <... getpid resumed>)             = 1105
1105  <... rt_sigreturn resumed>)       = 1105
1117  tgkill(1105, 1105, SIGURG <unfinished ...>
1116  futex(0xc000540550, FUTEX_WAIT_PRIVATE, 0, NULL <unfinished ...>
1117  <... tgkill resumed>)             = 0
1105  sched_yield( <unfinished ...>
1117  futex(0x2ec0658, FUTEX_WAIT_PRIVATE, 0, {tv_sec=0, tv_nsec=100000} <unfinished ...>
1105  <... sched_yield resumed>)        = 0
1117  <... futex resumed>)              = -1 ETIMEDOUT (Connection timed out)
1105  --- SIGURG {si_signo=SIGURG, si_code=SI_TKILL, si_pid=1105, si_uid=0} ---
1117  futex(0x2ec0658, FUTEX_WAIT_PRIVATE, 0, {tv_sec=0, tv_nsec=100000} <unfinished ...>
1105  rt_sigreturn({mask=[]} <unfinished ...>
1117  <... futex resumed>)              = -1 ETIMEDOUT (Connection timed out)
1105  <... rt_sigreturn resumed>)       = 0
1117  futex(0x2ec0658, FUTEX_WAIT_PRIVATE, 0, {tv_sec=0, tv_nsec=100000} <unfinished ...>
1105  futex(0x2ec0538, FUTEX_WAKE_PRIVATE, 1 <unfinished ...>
1117  <... futex resumed>)              = -1 ETIMEDOUT (Connection timed out)
1105  <... futex resumed>)              = 0
1117  futex(0x2ec0658, FUTEX_WAIT_PRIVATE, 0, {tv_sec=0, tv_nsec=100000} <unfinished ...>
1105  futex(0xc000540550, FUTEX_WAKE_PRIVATE, 1 <unfinished ...>
1117  <... futex resumed>)              = -1 ETIMEDOUT (Connection timed out)
1116  <... futex resumed>)              = 0
1105  <... futex resumed>)              = 1
1117  futex(0x2ec0658, FUTEX_WAIT_PRIVATE, 0, {tv_sec=0, tv_nsec=100000} <unfinished ...>
1116  futex(0x2ec0658, FUTEX_WAKE_PRIVATE, 1 <unfinished ...>
1117  <... futex resumed>)              = -1 EAGAIN (Resource temporarily unavailable)
1105  sched_yield( <unfinished ...>
1117  sched_yield( <unfinished ...>
1116  <... futex resumed>)              = 0
1117  <... sched_yield resumed>)        = 0
1105  <... sched_yield resumed>)        = 0
1117  futex(0x2ec0538, FUTEX_WAKE_PRIVATE, 1 <unfinished ...>
1116  futex(0x2ebf010, FUTEX_WAKE_PRIVATE, 1 <unfinished ...>
1117  <... futex resumed>)              = 0
1105  futex(0x2ec0538, FUTEX_WAKE_PRIVATE, 1 <unfinished ...>
1117  futex(0x2ec0628, FUTEX_WAIT_PRIVATE, 0, {tv_sec=0, tv_nsec=100000} <unfinished ...>
1116  <... futex resumed>)              = 0
1110  <... nanosleep resumed>NULL)      = 0
1117  <... futex resumed>)              = -1 ETIMEDOUT (Connection timed out)
1116  futex(0xc000540550, FUTEX_WAIT_PRIVATE, 0, NULL <unfinished ...>
1105  <... futex resumed>)              = 0
1117  futex(0x2ec0628, FUTEX_WAIT_PRIVATE, 0, {tv_sec=0, tv_nsec=100000} <unfinished ...>
1110  futex(0x2ec0638, FUTEX_WAIT_PRIVATE, 0, {tv_sec=0, tv_nsec=214533368} <unfinished ...>
1117  <... futex resumed>)              = -1 ETIMEDOUT (Connection timed out)
1117  getpid( <unfinished ...>
1105  futex(0xc000540550, FUTEX_WAKE_PRIVATE, 1 <unfinished ...>
1117  <... getpid resumed>)             = 1105
1116  <... futex resumed>)              = 0
1105  <... futex resumed>)              = 1
1117  tgkill(1105, 1105, SIGURG <unfinished ...>
1116  futex(0x2ec0628, FUTEX_WAKE_PRIVATE, 1 <unfinished ...>
1117  <... tgkill resumed>)             = 0
1105  sched_yield( <unfinished ...>
1117  sched_yield( <unfinished ...>
1116  <... futex resumed>)              = 0
1117  <... sched_yield resumed>)        = 0
1105  <... sched_yield resumed>)        = 0
1117  futex(0x2ec0538, FUTEX_WAKE_PRIVATE, 1 <unfinished ...>
1116  futex(0xc000540550, FUTEX_WAIT_PRIVATE, 0, NULL <unfinished ...>
1117  <... futex resumed>)              = 0
1105  --- SIGURG {si_signo=SIGURG, si_code=SI_TKILL, si_pid=1105, si_uid=0} ---
1117  epoll_pwait(3,  <unfinished ...>
1105  rt_sigreturn({mask=[]} <unfinished ...>
1117  <... epoll_pwait resumed>[], 128, 0, NULL, 0) = 0
1105  <... rt_sigreturn resumed>)       = 0
1117  futex(0x2ec0638, FUTEX_WAKE_PRIVATE, 1 <unfinished ...>
1105  futex(0x2ec0538, FUTEX_WAIT_PRIVATE, 2, NULL <unfinished ...>
1117  <... futex resumed>)              = 1
1110  <... futex resumed>)              = 0
1117  futex(0x2ec0538, FUTEX_WAKE_PRIVATE, 1 <unfinished ...>
1110  getpid( <unfinished ...>
1117  <... futex resumed>)              = 1
1105  <... futex resumed>)              = 0
1117  futex(0xc000540550, FUTEX_WAKE_PRIVATE, 1 <unfinished ...>
1110  <... getpid resumed>)             = 1105
1117  <... futex resumed>)              = 1
1116  <... futex resumed>)              = 0
1105  futex(0x2ec0538, FUTEX_WAKE_PRIVATE, 1 <unfinished ...>
1117  mmap(NULL, 262144, PROT_READ|PROT_WRITE, MAP_PRIVATE|MAP_ANONYMOUS, -1, 0 <unfinished ...>
1116  sched_yield( <unfinished ...>
1110  tgkill(1105, 1117, SIGURG <unfinished ...>
1117  <... mmap resumed>)               = 0x7fb3a842a000
1116  <... sched_yield resumed>)        = 0
1105  <... futex resumed>)              = 0
1117  --- SIGURG {si_signo=SIGURG, si_code=SI_TKILL, si_pid=1105, si_uid=0} ---
1116  futex(0x2ee8010, FUTEX_WAIT_PRIVATE, 2, NULL <unfinished ...>
1110  <... tgkill resumed>)             = 0
1117  rt_sigreturn({mask=[]} <unfinished ...>
1105  futex(0x2ebf010, FUTEX_WAIT_PRIVATE, 0, NULL <unfinished ...>
1117  <... rt_sigreturn resumed>)       = 140409598812160
1110  nanosleep({tv_sec=0, tv_nsec=20000},  <unfinished ...>
1117  futex(0x2ee8010, FUTEX_WAKE_PRIVATE, 1 <unfinished ...>
1110  <... nanosleep resumed>NULL)      = 0
1117  <... futex resumed>)              = 1
1116  <... futex resumed>)              = 0
1117  futex(0x2ec0658, FUTEX_WAIT_PRIVATE, 0, {tv_sec=0, tv_nsec=100000} <unfinished ...>
1110  getpid( <unfinished ...>
1117  <... futex resumed>)              = -1 ETIMEDOUT (Connection timed out)
1116  futex(0x2ee8010, FUTEX_WAKE_PRIVATE, 1 <unfinished ...>
1117  futex(0x2ec0658, FUTEX_WAIT_PRIVATE, 0, {tv_sec=0, tv_nsec=100000} <unfinished ...>
1110  <... getpid resumed>)             = 1105
1117  <... futex resumed>)              = -1 ETIMEDOUT (Connection timed out)
1116  <... futex resumed>)              = 0
1117  futex(0x2ec0658, FUTEX_WAIT_PRIVATE, 0, {tv_sec=0, tv_nsec=100000} <unfinished ...>
1110  tgkill(1105, 1117, SIGURG <unfinished ...>
1117  <... futex resumed>)              = -1 EAGAIN (Resource temporarily unavailable)
1116  futex(0x2ec0658, FUTEX_WAKE_PRIVATE, 1 <unfinished ...>
1117  --- SIGURG {si_signo=SIGURG, si_code=SI_TKILL, si_pid=1105, si_uid=0} ---
1110  <... tgkill resumed>)             = 0
1117  rt_sigreturn({mask=[]} <unfinished ...>
1116  <... futex resumed>)              = 0
1117  <... rt_sigreturn resumed>)       = -1 EAGAIN (Resource temporarily unavailable)
1110  nanosleep({tv_sec=0, tv_nsec=20000},  <unfinished ...>
1117  mmap(NULL, 262144, PROT_READ|PROT_WRITE, MAP_PRIVATE|MAP_ANONYMOUS, -1, 0 <unfinished ...>
1116  futex(0xc000520150, FUTEX_WAKE_PRIVATE, 1 <unfinished ...>
1117  <... mmap resumed>)               = 0x7fb3a83ea000
1110  <... nanosleep resumed>NULL)      = 0
1118  <... futex resumed>)              = 0
1116  <... futex resumed>)              = 1
1118  futex(0xc000520150, FUTEX_WAIT_PRIVATE, 0, NULL <unfinished ...>
1117  futex(0xc000100d50, FUTEX_WAIT_PRIVATE, 0, NULL <unfinished ...>
1110  nanosleep({tv_sec=0, tv_nsec=20000},  <unfinished ...>
1116  futex(0x2ebf010, FUTEX_WAKE_PRIVATE, 1 <unfinished ...>
1110  <... nanosleep resumed>NULL)      = 0
1116  <... futex resumed>)              = 1
1105  <... futex resumed>)              = 0
1116  futex(0xc000540550, FUTEX_WAIT_PRIVATE, 0, NULL <unfinished ...>
1110  futex(0xc000520150, FUTEX_WAKE_PRIVATE, 1 <unfinished ...>
1118  <... futex resumed>)              = 0
1110  <... futex resumed>)              = 1
1118  sched_yield( <unfinished ...>
1105  mmap(NULL, 262144, PROT_READ|PROT_WRITE, MAP_PRIVATE|MAP_ANONYMOUS, -1, 0 <unfinished ...>
1118  <... sched_yield resumed>)        = 0
1110  nanosleep({tv_sec=0, tv_nsec=20000},  <unfinished ...>
1118  futex(0x2ebdd40, FUTEX_WAKE_PRIVATE, 1 <unfinished ...>
1105  <... mmap resumed>)               = 0x7fb3a83aa000
1118  <... futex resumed>)              = 0
1110  <... nanosleep resumed>NULL)      = 0
1118  futex(0xc000520150, FUTEX_WAIT_PRIVATE, 0, NULL <unfinished ...>
1110  nanosleep({tv_sec=0, tv_nsec=20000}, NULL) = 0
1110  nanosleep({tv_sec=0, tv_nsec=20000}, NULL) = 0
1105  futex(0xc000520150, FUTEX_WAKE_PRIVATE, 1 <unfinished ...>
1110  nanosleep({tv_sec=0, tv_nsec=20000},  <unfinished ...>
1118  <... futex resumed>)              = 0
1105  <... futex resumed>)              = 1
1118  nanosleep({tv_sec=0, tv_nsec=3000},  <unfinished ...>
1110  <... nanosleep resumed>NULL)      = 0
1118  <... nanosleep resumed>NULL)      = 0
1105  futex(0xc000540550, FUTEX_WAKE_PRIVATE, 1 <unfinished ...>
1118  futex(0xc000100d50, FUTEX_WAKE_PRIVATE, 1 <unfinished ...>
1110  nanosleep({tv_sec=0, tv_nsec=20000},  <unfinished ...>
1118  <... futex resumed>)              = 1
1117  <... futex resumed>)              = 0
1116  <... futex resumed>)              = 0
1105  <... futex resumed>)              = 1
1118  futex(0x2ebf010, FUTEX_WAKE_PRIVATE, 1 <unfinished ...>
1117  futex(0xc000100d50, FUTEX_WAIT_PRIVATE, 0, NULL <unfinished ...>
1116  futex(0xc000540550, FUTEX_WAIT_PRIVATE, 0, NULL <unfinished ...>
1110  <... nanosleep resumed>NULL)      = 0
1118  <... futex resumed>)              = 0
1116  <... futex resumed>)              = -1 EAGAIN (Resource temporarily unavailable)
1105  futex(0xc000540550, FUTEX_WAKE_PRIVATE, 1 <unfinished ...>
1118  futex(0xc000520150, FUTEX_WAIT_PRIVATE, 0, NULL <unfinished ...>
1116  nanosleep({tv_sec=0, tv_nsec=3000},  <unfinished ...>
1110  nanosleep({tv_sec=0, tv_nsec=20000},  <unfinished ...>
1116  <... nanosleep resumed>NULL)      = 0
1105  <... futex resumed>)              = 0
1116  futex(0xc000520150, FUTEX_WAKE_PRIVATE, 1 <unfinished ...>
1110  <... nanosleep resumed>NULL)      = 0
1118  <... futex resumed>)              = 0
1116  <... futex resumed>)              = 1
1105  futex(0x2ebf010, FUTEX_WAIT_PRIVATE, 0, NULL <unfinished ...>
1118  futex(0xc000520150, FUTEX_WAIT_PRIVATE, 0, NULL <unfinished ...>
1116  futex(0xc000520150, FUTEX_WAKE_PRIVATE, 1 <unfinished ...>
1110  nanosleep({tv_sec=0, tv_nsec=20000},  <unfinished ...>
1118  <... futex resumed>)              = -1 EAGAIN (Resource temporarily unavailable)
1116  <... futex resumed>)              = 0
1118  nanosleep({tv_sec=0, tv_nsec=3000},  <unfinished ...>
1110  <... nanosleep resumed>NULL)      = 0
1118  <... nanosleep resumed>NULL)      = 0
1116  futex(0x2ebf010, FUTEX_WAKE_PRIVATE, 1 <unfinished ...>
1118  futex(0xc000520150, FUTEX_WAIT_PRIVATE, 0, NULL <unfinished ...>
1110  nanosleep({tv_sec=0, tv_nsec=20000},  <unfinished ...>
1116  <... futex resumed>)              = 1
1105  <... futex resumed>)              = 0
1116  futex(0xc000540550, FUTEX_WAIT_PRIVATE, 0, NULL <unfinished ...>
1110  <... nanosleep resumed>NULL)      = 0
1116  <... futex resumed>)              = -1 EAGAIN (Resource temporarily unavailable)
1105  futex(0xc000540550, FUTEX_WAKE_PRIVATE, 1 <unfinished ...>
1116  nanosleep({tv_sec=0, tv_nsec=3000},  <unfinished ...>
1110  nanosleep({tv_sec=0, tv_nsec=20000},  <unfinished ...>
1116  <... nanosleep resumed>NULL)      = 0
1105  <... futex resumed>)              = 0
1116  futex(0xc000520150, FUTEX_WAKE_PRIVATE, 1 <unfinished ...>
1110  <... nanosleep resumed>NULL)      = 0
1118  <... futex resumed>)              = 0
1116  <... futex resumed>)              = 1
1105  futex(0x2ebf010, FUTEX_WAIT_PRIVATE, 0, NULL <unfinished ...>
1118  futex(0xc000520150, FUTEX_WAIT_PRIVATE, 0, NULL <unfinished ...>
1116  futex(0xc000520150, FUTEX_WAKE_PRIVATE, 1 <unfinished ...>
1110  nanosleep({tv_sec=0, tv_nsec=20000},  <unfinished ...>
1118  <... futex resumed>)              = -1 EAGAIN (Resource temporarily unavailable)
1116  <... futex resumed>)              = 0
1118  nanosleep({tv_sec=0, tv_nsec=3000},  <unfinished ...>
1110  <... nanosleep resumed>NULL)      = 0
1118  <... nanosleep resumed>NULL)      = 0
1116  futex(0x2ebf010, FUTEX_WAKE_PRIVATE, 1 <unfinished ...>
1118  futex(0xc000520150, FUTEX_WAIT_PRIVATE, 0, NULL <unfinished ...>
1110  nanosleep({tv_sec=0, tv_nsec=20000},  <unfinished ...>
1116  <... futex resumed>)              = 1
1105  <... futex resumed>)              = 0
1116  futex(0xc000540550, FUTEX_WAIT_PRIVATE, 0, NULL <unfinished ...>
1110  <... nanosleep resumed>NULL)      = 0
1116  <... futex resumed>)              = -1 EAGAIN (Resource temporarily unavailable)
1105  futex(0xc000540550, FUTEX_WAKE_PRIVATE, 1 <unfinished ...>
1116  nanosleep({tv_sec=0, tv_nsec=3000},  <unfinished ...>
1110  nanosleep({tv_sec=0, tv_nsec=20000},  <unfinished ...>
1116  <... nanosleep resumed>NULL)      = 0
1105  <... futex resumed>)              = 0
1116  futex(0xc000520150, FUTEX_WAKE_PRIVATE, 1 <unfinished ...>
1110  <... nanosleep resumed>NULL)      = 0
1118  <... futex resumed>)              = 0
1116  <... futex resumed>)              = 1
1105  futex(0x2ebf010, FUTEX_WAIT_PRIVATE, 0, NULL <unfinished ...>
1118  futex(0xc000520150, FUTEX_WAIT_PRIVATE, 0, NULL <unfinished ...>
1116  futex(0xc000520150, FUTEX_WAKE_PRIVATE, 1 <unfinished ...>
1110  nanosleep({tv_sec=0, tv_nsec=20000},  <unfinished ...>
1118  <... futex resumed>)              = -1 EAGAIN (Resource temporarily unavailable)
1116  <... futex resumed>)              = 0
1118  nanosleep({tv_sec=0, tv_nsec=3000},  <unfinished ...>
1110  <... nanosleep resumed>NULL)      = 0
1118  <... nanosleep resumed>NULL)      = 0
1116  futex(0x2ebf010, FUTEX_WAKE_PRIVATE, 1 <unfinished ...>
1118  futex(0xc000520150, FUTEX_WAIT_PRIVATE, 0, NULL <unfinished ...>
1110  nanosleep({tv_sec=0, tv_nsec=20000},  <unfinished ...>
1116  <... futex resumed>)              = 1
1105  <... futex resumed>)              = 0
1116  futex(0xc000540550, FUTEX_WAIT_PRIVATE, 0, NULL <unfinished ...>
1110  <... nanosleep resumed>NULL)      = 0
1116  <... futex resumed>)              = -1 EAGAIN (Resource temporarily unavailable)
1105  futex(0xc000540550, FUTEX_WAKE_PRIVATE, 1 <unfinished ...>
1116  nanosleep({tv_sec=0, tv_nsec=3000},  <unfinished ...>
1110  nanosleep({tv_sec=0, tv_nsec=20000},  <unfinished ...>
1116  <... nanosleep resumed>NULL)      = 0
1105  <... futex resumed>)              = 0
1116  futex(0xc000520150, FUTEX_WAKE_PRIVATE, 1 <unfinished ...>
1110  <... nanosleep resumed>NULL)      = 0
1118  <... futex resumed>)              = 0
1116  <... futex resumed>)              = 1
1105  futex(0x2ebf010, FUTEX_WAIT_PRIVATE, 0, NULL <unfinished ...>
1118  futex(0xc000520150, FUTEX_WAIT_PRIVATE, 0, NULL <unfinished ...>
1116  futex(0xc000520150, FUTEX_WAKE_PRIVATE, 1 <unfinished ...>
1110  nanosleep({tv_sec=0, tv_nsec=20000},  <unfinished ...>
1118  <... futex resumed>)              = -1 EAGAIN (Resource temporarily unavailable)
1116  <... futex resumed>)              = 0
1118  nanosleep({tv_sec=0, tv_nsec=3000},  <unfinished ...>
1110  <... nanosleep resumed>NULL)      = 0
1118  <... nanosleep resumed>NULL)      = 0
1116  futex(0x2ebf010, FUTEX_WAKE_PRIVATE, 1 <unfinished ...>
1118  futex(0xc000520150, FUTEX_WAIT_PRIVATE, 0, NULL <unfinished ...>
1110  nanosleep({tv_sec=0, tv_nsec=20000},  <unfinished ...>
1116  <... futex resumed>)              = 1
1105  <... futex resumed>)              = 0
1116  futex(0xc000540550, FUTEX_WAIT_PRIVATE, 0, NULL <unfinished ...>
1110  <... nanosleep resumed>NULL)      = 0
1116  <... futex resumed>)              = -1 EAGAIN (Resource temporarily unavailable)
1105  futex(0xc000540550, FUTEX_WAKE_PRIVATE, 1 <unfinished ...>
1116  nanosleep({tv_sec=0, tv_nsec=3000},  <unfinished ...>
1110  nanosleep({tv_sec=0, tv_nsec=20000},  <unfinished ...>
1116  <... nanosleep resumed>NULL)      = 0
1105  <... futex resumed>)              = 0
1116  futex(0xc000520150, FUTEX_WAKE_PRIVATE, 1 <unfinished ...>
1110  <... nanosleep resumed>NULL)      = 0
1118  <... futex resumed>)              = 0
1116  <... futex resumed>)              = 1
1105  futex(0x2ebf010, FUTEX_WAIT_PRIVATE, 0, NULL <unfinished ...>
1118  futex(0xc000520150, FUTEX_WAIT_PRIVATE, 0, NULL <unfinished ...>
1116  futex(0xc000520150, FUTEX_WAKE_PRIVATE, 1 <unfinished ...>
1110  nanosleep({tv_sec=0, tv_nsec=20000},  <unfinished ...>
1118  <... futex resumed>)              = -1 EAGAIN (Resource temporarily unavailable)
1116  <... futex resumed>)              = 0
1118  nanosleep({tv_sec=0, tv_nsec=3000},  <unfinished ...>
1110  <... nanosleep resumed>NULL)      = 0
1118  <... nanosleep resumed>NULL)      = 0
1116  futex(0x2ebf010, FUTEX_WAKE_PRIVATE, 1 <unfinished ...>
1118  futex(0xc000520150, FUTEX_WAIT_PRIVATE, 0, NULL <unfinished ...>
1110  nanosleep({tv_sec=0, tv_nsec=20000},  <unfinished ...>
1116  <... futex resumed>)              = 1
1105  <... futex resumed>)              = 0
1116  futex(0xc000540550, FUTEX_WAIT_PRIVATE, 0, NULL <unfinished ...>
1110  <... nanosleep resumed>NULL)      = 0
1116  <... futex resumed>)              = -1 EAGAIN (Resource temporarily unavailable)
1105  futex(0xc000540550, FUTEX_WAKE_PRIVATE, 1 <unfinished ...>
1116  nanosleep({tv_sec=0, tv_nsec=3000},  <unfinished ...>
1110  nanosleep({tv_sec=0, tv_nsec=20000},  <unfinished ...>
1116  <... nanosleep resumed>NULL)      = 0
1105  <... futex resumed>)              = 0
1116  futex(0xc000520150, FUTEX_WAKE_PRIVATE, 1 <unfinished ...>
1110  <... nanosleep resumed>NULL)      = 0
1118  <... futex resumed>)              = 0
1116  <... futex resumed>)              = 1
1105  futex(0x2ebf010, FUTEX_WAIT_PRIVATE, 0, NULL <unfinished ...>
1118  futex(0xc000520150, FUTEX_WAIT_PRIVATE, 0, NULL <unfinished ...>
1116  futex(0xc000520150, FUTEX_WAKE_PRIVATE, 1 <unfinished ...>
1110  nanosleep({tv_sec=0, tv_nsec=20000},  <unfinished ...>
1118  <... futex resumed>)              = -1 EAGAIN (Resource temporarily unavailable)
1116  <... futex resumed>)              = 0
1118  nanosleep({tv_sec=0, tv_nsec=3000},  <unfinished ...>
1110  <... nanosleep resumed>NULL)      = 0
1118  <... nanosleep resumed>NULL)      = 0
1116  futex(0x2ebf010, FUTEX_WAKE_PRIVATE, 1 <unfinished ...>
1118  futex(0xc000520150, FUTEX_WAIT_PRIVATE, 0, NULL <unfinished ...>
1110  nanosleep({tv_sec=0, tv_nsec=20000},  <unfinished ...>
1116  <... futex resumed>)              = 1
1105  <... futex resumed>)              = 0
1116  futex(0xc000540550, FUTEX_WAIT_PRIVATE, 0, NULL <unfinished ...>
1110  <... nanosleep resumed>NULL)      = 0
1116  <... futex resumed>)              = -1 EAGAIN (Resource temporarily unavailable)
1105  futex(0xc000540550, FUTEX_WAKE_PRIVATE, 1 <unfinished ...>
1116  nanosleep({tv_sec=0, tv_nsec=3000},  <unfinished ...>
1110  nanosleep({tv_sec=0, tv_nsec=20000},  <unfinished ...>
1116  <... nanosleep resumed>NULL)      = 0
1105  <... futex resumed>)              = 0
1116  futex(0xc000520150, FUTEX_WAKE_PRIVATE, 1 <unfinished ...>
1110  <... nanosleep resumed>NULL)      = 0
1118  <... futex resumed>)              = 0
1116  <... futex resumed>)              = 1
1105  futex(0x2ebf010, FUTEX_WAIT_PRIVATE, 0, NULL <unfinished ...>
1118  futex(0xc000520150, FUTEX_WAIT_PRIVATE, 0, NULL <unfinished ...>
1116  futex(0xc000520150, FUTEX_WAKE_PRIVATE, 1 <unfinished ...>
1110  nanosleep({tv_sec=0, tv_nsec=20000},  <unfinished ...>
1118  <... futex resumed>)              = -1 EAGAIN (Resource temporarily unavailable)
1116  <... futex resumed>)              = 0
1118  nanosleep({tv_sec=0, tv_nsec=3000},  <unfinished ...>
1110  <... nanosleep resumed>NULL)      = 0
1118  <... nanosleep resumed>NULL)      = 0
1116  futex(0x2ebf010, FUTEX_WAKE_PRIVATE, 1 <unfinished ...>
1118  futex(0xc000520150, FUTEX_WAIT_PRIVATE, 0, NULL <unfinished ...>
1110  nanosleep({tv_sec=0, tv_nsec=20000},  <unfinished ...>
1116  <... futex resumed>)              = 1
1105  <... futex resumed>)              = 0
1116  futex(0xc000540550, FUTEX_WAIT_PRIVATE, 0, NULL <unfinished ...>
1110  <... nanosleep resumed>NULL)      = 0
1116  <... futex resumed>)              = -1 EAGAIN (Resource temporarily unavailable)
1105  futex(0xc000540550, FUTEX_WAKE_PRIVATE, 1 <unfinished ...>
1116  nanosleep({tv_sec=0, tv_nsec=3000},  <unfinished ...>
1110  nanosleep({tv_sec=0, tv_nsec=20000},  <unfinished ...>
1116  <... nanosleep resumed>NULL)      = 0
1105  <... futex resumed>)              = 0
1116  futex(0xc000520150, FUTEX_WAKE_PRIVATE, 1 <unfinished ...>
1110  <... nanosleep resumed>NULL)      = 0
1118  <... futex resumed>)              = 0
1116  <... futex resumed>)              = 1
1105  futex(0x2ebf010, FUTEX_WAIT_PRIVATE, 0, NULL <unfinished ...>
1118  futex(0xc000520150, FUTEX_WAIT_PRIVATE, 0, NULL <unfinished ...>
1116  futex(0xc000520150, FUTEX_WAKE_PRIVATE, 1 <unfinished ...>
1110  nanosleep({tv_sec=0, tv_nsec=20000},  <unfinished ...>
1118  <... futex resumed>)              = -1 EAGAIN (Resource temporarily unavailable)
1116  <... futex resumed>)              = 0
1118  nanosleep({tv_sec=0, tv_nsec=3000},  <unfinished ...>
1110  <... nanosleep resumed>NULL)      = 0
1118  <... nanosleep resumed>NULL)      = 0
1116  futex(0x2ebf010, FUTEX_WAKE_PRIVATE, 1 <unfinished ...>
1118  futex(0xc000520150, FUTEX_WAIT_PRIVATE, 0, NULL <unfinished ...>
1110  nanosleep({tv_sec=0, tv_nsec=20000},  <unfinished ...>
1116  <... futex resumed>)              = 1
1105  <... futex resumed>)              = 0
1116  futex(0xc000540550, FUTEX_WAIT_PRIVATE, 0, NULL <unfinished ...>
1110  <... nanosleep resumed>NULL)      = 0
1116  <... futex resumed>)              = -1 EAGAIN (Resource temporarily unavailable)
1105  futex(0xc000540550, FUTEX_WAKE_PRIVATE, 1 <unfinished ...>
1116  nanosleep({tv_sec=0, tv_nsec=3000},  <unfinished ...>
1110  nanosleep({tv_sec=0, tv_nsec=20000},  <unfinished ...>
1116  <... nanosleep resumed>NULL)      = 0
1105  <... futex resumed>)              = 0
1116  futex(0xc000520150, FUTEX_WAKE_PRIVATE, 1 <unfinished ...>
1110  <... nanosleep resumed>NULL)      = 0
1118  <... futex resumed>)              = 0
1116  <... futex resumed>)              = 1
1105  futex(0x2ebf010, FUTEX_WAIT_PRIVATE, 0, NULL <unfinished ...>
1118  futex(0xc000520150, FUTEX_WAIT_PRIVATE, 0, NULL <unfinished ...>
1116  futex(0xc000520150, FUTEX_WAKE_PRIVATE, 1 <unfinished ...>
1110  nanosleep({tv_sec=0, tv_nsec=20000},  <unfinished ...>
1118  <... futex resumed>)              = -1 EAGAIN (Resource temporarily unavailable)
1116  <... futex resumed>)              = 0
1118  nanosleep({tv_sec=0, tv_nsec=3000},  <unfinished ...>
1110  <... nanosleep resumed>NULL)      = 0
1118  <... nanosleep resumed>NULL)      = 0
1116  futex(0x2ebf010, FUTEX_WAKE_PRIVATE, 1 <unfinished ...>
1118  futex(0xc000520150, FUTEX_WAIT_PRIVATE, 0, NULL <unfinished ...>
1110  nanosleep({tv_sec=0, tv_nsec=20000},  <unfinished ...>
1116  <... futex resumed>)              = 1
1105  <... futex resumed>)              = 0
1116  futex(0xc000540550, FUTEX_WAIT_PRIVATE, 0, NULL <unfinished ...>
1110  <... nanosleep resumed>NULL)      = 0
1116  <... futex resumed>)              = -1 EAGAIN (Resource temporarily unavailable)
1105  futex(0xc000540550, FUTEX_WAKE_PRIVATE, 1 <unfinished ...>
1116  nanosleep({tv_sec=0, tv_nsec=3000},  <unfinished ...>
1110  nanosleep({tv_sec=0, tv_nsec=20000},  <unfinished ...>
1116  <... nanosleep resumed>NULL)      = 0
1105  <... futex resumed>)              = 0
1116  futex(0xc000520150, FUTEX_WAKE_PRIVATE, 1 <unfinished ...>
1110  <... nanosleep resumed>NULL)      = 0
1118  <... futex resumed>)              = 0
1116  <... futex resumed>)              = 1
1105  futex(0x2ebf010, FUTEX_WAIT_PRIVATE, 0, NULL <unfinished ...>
1118  futex(0xc000520150, FUTEX_WAIT_PRIVATE, 0, NULL <unfinished ...>
1116  futex(0xc000520150, FUTEX_WAKE_PRIVATE, 1 <unfinished ...>
1110  nanosleep({tv_sec=0, tv_nsec=20000},  <unfinished ...>
1118  <... futex resumed>)              = -1 EAGAIN (Resource temporarily unavailable)
1116  <... futex resumed>)              = 0
1118  nanosleep({tv_sec=0, tv_nsec=3000},  <unfinished ...>
1110  <... nanosleep resumed>NULL)      = 0
1118  <... nanosleep resumed>NULL)      = 0
1116  futex(0x2ebf010, FUTEX_WAKE_PRIVATE, 1 <unfinished ...>
1118  futex(0xc000520150, FUTEX_WAIT_PRIVATE, 0, NULL <unfinished ...>
1110  nanosleep({tv_sec=0, tv_nsec=20000},  <unfinished ...>
1116  <... futex resumed>)              = 1
1105  <... futex resumed>)              = 0
1116  futex(0xc000540550, FUTEX_WAIT_PRIVATE, 0, NULL <unfinished ...>
1110  <... nanosleep resumed>NULL)      = 0
1116  <... futex resumed>)              = -1 EAGAIN (Resource temporarily unavailable)
1105  futex(0xc000540550, FUTEX_WAKE_PRIVATE, 1 <unfinished ...>
1116  nanosleep({tv_sec=0, tv_nsec=3000},  <unfinished ...>
1110  nanosleep({tv_sec=0, tv_nsec=20000},  <unfinished ...>
1116  <... nanosleep resumed>NULL)      = 0
1105  <... futex resumed>)              = 0
1116  futex(0xc000520150, FUTEX_WAKE_PRIVATE, 1 <unfinished ...>
1110  <... nanosleep resumed>NULL)      = 0
1118  <... futex resumed>)              = 0
1116  <... futex resumed>)              = 1
1105  futex(0x2ebf010, FUTEX_WAIT_PRIVATE, 0, NULL <unfinished ...>
1118  futex(0xc000520150, FUTEX_WAIT_PRIVATE, 0, NULL <unfinished ...>
1116  futex(0xc000520150, FUTEX_WAKE_PRIVATE, 1 <unfinished ...>
1110  nanosleep({tv_sec=0, tv_nsec=20000},  <unfinished ...>
1118  <... futex resumed>)              = -1 EAGAIN (Resource temporarily unavailable)
1116  <... futex resumed>)              = 0
1118  nanosleep({tv_sec=0, tv_nsec=3000},  <unfinished ...>
1110  <... nanosleep resumed>NULL)      = 0
1118  <... nanosleep resumed>NULL)      = 0
1116  futex(0x2ebf010, FUTEX_WAKE_PRIVATE, 1 <unfinished ...>
1118  futex(0xc000520150, FUTEX_WAIT_PRIVATE, 0, NULL <unfinished ...>
1110  nanosleep({tv_sec=0, tv_nsec=20000},  <unfinished ...>
1116  <... futex resumed>)              = 1
1105  <... futex resumed>)              = 0
1116  futex(0xc000540550, FUTEX_WAIT_PRIVATE, 0, NULL <unfinished ...>
1110  <... nanosleep resumed>NULL)      = 0
1116  <... futex resumed>)              = -1 EAGAIN (Resource temporarily unavailable)
1105  futex(0xc000540550, FUTEX_WAKE_PRIVATE, 1 <unfinished ...>
1116  nanosleep({tv_sec=0, tv_nsec=3000},  <unfinished ...>
1110  nanosleep({tv_sec=0, tv_nsec=20000},  <unfinished ...>
1116  <... nanosleep resumed>NULL)      = 0
1105  <... futex resumed>)              = 0
1116  futex(0xc000520150, FUTEX_WAKE_PRIVATE, 1 <unfinished ...>
1110  <... nanosleep resumed>NULL)      = 0
1118  <... futex resumed>)              = 0
1116  <... futex resumed>)              = 1
1105  futex(0x2ebf010, FUTEX_WAIT_PRIVATE, 0, NULL <unfinished ...>
1118  futex(0xc000520150, FUTEX_WAIT_PRIVATE, 0, NULL <unfinished ...>
1116  futex(0xc000520150, FUTEX_WAKE_PRIVATE, 1 <unfinished ...>
1110  nanosleep({tv_sec=0, tv_nsec=20000},  <unfinished ...>
1118  <... futex resumed>)              = -1 EAGAIN (Resource temporarily unavailable)
1116  <... futex resumed>)              = 0
1118  nanosleep({tv_sec=0, tv_nsec=3000},  <unfinished ...>
1110  <... nanosleep resumed>NULL)      = 0
1118  <... nanosleep resumed>NULL)      = 0
1116  futex(0x2ebf010, FUTEX_WAKE_PRIVATE, 1 <unfinished ...>
1118  futex(0xc000520150, FUTEX_WAIT_PRIVATE, 0, NULL <unfinished ...>
1110  nanosleep({tv_sec=0, tv_nsec=20000},  <unfinished ...>
1116  <... futex resumed>)              = 1
1105  <... futex resumed>)              = 0
1116  futex(0xc000540550, FUTEX_WAIT_PRIVATE, 0, NULL <unfinished ...>
1110  <... nanosleep resumed>NULL)      = 0
1116  <... futex resumed>)              = -1 EAGAIN (Resource temporarily unavailable)
1105  futex(0xc000540550, FUTEX_WAKE_PRIVATE, 1 <unfinished ...>
1116  nanosleep({tv_sec=0, tv_nsec=3000},  <unfinished ...>
1110  nanosleep({tv_sec=0, tv_nsec=20000},  <unfinished ...>
1116  <... nanosleep resumed>NULL)      = 0
1105  <... futex resumed>)              = 0
1116  futex(0xc000520150, FUTEX_WAKE_PRIVATE, 1 <unfinished ...>
1110  <... nanosleep resumed>NULL)      = 0
1118  <... futex resumed>)              = 0
1116  <... futex resumed>)              = 1
1105  futex(0x2ebf010, FUTEX_WAIT_PRIVATE, 0, NULL <unfinished ...>
1118  futex(0xc000520150, FUTEX_WAIT_PRIVATE, 0, NULL <unfinished ...>
1116  futex(0xc000520150, FUTEX_WAKE_PRIVATE, 1 <unfinished ...>
1110  nanosleep({tv_sec=0, tv_nsec=20000},  <unfinished ...>
1118  <... futex resumed>)              = -1 EAGAIN (Resource temporarily unavailable)
1116  <... futex resumed>)              = 0
1118  nanosleep({tv_sec=0, tv_nsec=3000},  <unfinished ...>
1110  <... nanosleep resumed>NULL)      = 0
1118  <... nanosleep resumed>NULL)      = 0
1116  futex(0x2ebf010, FUTEX_WAKE_PRIVATE, 1 <unfinished ...>
1118  futex(0xc000520150, FUTEX_WAIT_PRIVATE, 0, NULL <unfinished ...>
1110  nanosleep({tv_sec=0, tv_nsec=20000},  <unfinished ...>
1116  <... futex resumed>)              = 1
1105  <... futex resumed>)              = 0
1116  futex(0xc000540550, FUTEX_WAIT_PRIVATE, 0, NULL <unfinished ...>
1110  <... nanosleep resumed>NULL)      = 0
1116  <... futex resumed>)              = -1 EAGAIN (Resource temporarily unavailable)
1105  futex(0xc000540550, FUTEX_WAKE_PRIVATE, 1 <unfinished ...>
1116  nanosleep({tv_sec=0, tv_nsec=3000},  <unfinished ...>
1110  nanosleep({tv_sec=0, tv_nsec=20000},  <unfinished ...>
1116  <... nanosleep resumed>NULL)      = 0
1105  <... futex resumed>)              = 0
1116  futex(0xc000520150, FUTEX_WAKE_PRIVATE, 1 <unfinished ...>
1110  <... nanosleep resumed>NULL)      = 0
1118  <... futex resumed>)              = 0
1116  <... futex resumed>)              = 1
1105  futex(0x2ebf010, FUTEX_WAIT_PRIVATE, 0, NULL <unfinished ...>
1118  futex(0xc000520150, FUTEX_WAIT_PRIVATE, 0, NULL <unfinished ...>
1116  futex(0xc000520150, FUTEX_WAKE_PRIVATE, 1 <unfinished ...>
1110  nanosleep({tv_sec=0, tv_nsec=20000},  <unfinished ...>
1118  <... futex resumed>)              = -1 EAGAIN (Resource temporarily unavailable)
1116  <... futex resumed>)              = 0
1118  nanosleep({tv_sec=0, tv_nsec=3000},  <unfinished ...>
1110  <... nanosleep resumed>NULL)      = 0
1118  <... nanosleep resumed>NULL)      = 0
1116  futex(0x2ebf010, FUTEX_WAKE_PRIVATE, 1 <unfinished ...>
1118  futex(0xc000520150, FUTEX_WAIT_PRIVATE, 0, NULL <unfinished ...>
1110  nanosleep({tv_sec=0, tv_nsec=20000},  <unfinished ...>
1116  <... futex resumed>)              = 1
1105  <... futex resumed>)              = 0
1116  futex(0xc000540550, FUTEX_WAIT_PRIVATE, 0, NULL <unfinished ...>
1110  <... nanosleep resumed>NULL)      = 0
1116  <... futex resumed>)              = -1 EAGAIN (Resource temporarily unavailable)
1105  futex(0xc000540550, FUTEX_WAKE_PRIVATE, 1 <unfinished ...>
1116  nanosleep({tv_sec=0, tv_nsec=3000},  <unfinished ...>
1110  nanosleep({tv_sec=0, tv_nsec=40000},  <unfinished ...>
1116  <... nanosleep resumed>NULL)      = 0
1105  <... futex resumed>)              = 0
1116  futex(0xc000520150, FUTEX_WAKE_PRIVATE, 1 <unfinished ...>
1110  <... nanosleep resumed>NULL)      = 0
1118  <... futex resumed>)              = 0
1116  <... futex resumed>)              = 1
1105  futex(0x2ebf010, FUTEX_WAIT_PRIVATE, 0, NULL <unfinished ...>
1118  futex(0xc000520150, FUTEX_WAIT_PRIVATE, 0, NULL <unfinished ...>
1116  futex(0xc000520150, FUTEX_WAKE_PRIVATE, 1 <unfinished ...>
1110  nanosleep({tv_sec=0, tv_nsec=80000},  <unfinished ...>
1118  <... futex resumed>)              = -1 EAGAIN (Resource temporarily unavailable)
1116  <... futex resumed>)              = 0
1118  nanosleep({tv_sec=0, tv_nsec=3000},  <unfinished ...>
1110  <... nanosleep resumed>NULL)      = 0
1118  <... nanosleep resumed>NULL)      = 0
1116  futex(0x2ebf010, FUTEX_WAKE_PRIVATE, 1 <unfinished ...>
1118  futex(0xc000520150, FUTEX_WAIT_PRIVATE, 0, NULL <unfinished ...>
1110  nanosleep({tv_sec=0, tv_nsec=160000},  <unfinished ...>
1116  <... futex resumed>)              = 1
1105  <... futex resumed>)              = 0
1116  futex(0xc000540550, FUTEX_WAIT_PRIVATE, 0, NULL <unfinished ...>
1110  <... nanosleep resumed>NULL)      = 0
1116  <... futex resumed>)              = -1 EAGAIN (Resource temporarily unavailable)
1105  futex(0xc000540550, FUTEX_WAKE_PRIVATE, 1 <unfinished ...>
1116  nanosleep({tv_sec=0, tv_nsec=3000},  <unfinished ...>
1110  nanosleep({tv_sec=0, tv_nsec=320000},  <unfinished ...>
1116  <... nanosleep resumed>NULL)      = 0
1105  <... futex resumed>)              = 0
1116  futex(0xc000520150, FUTEX_WAKE_PRIVATE, 1 <unfinished ...>
1110  <... nanosleep resumed>NULL)      = 0
1118  <... futex resumed>)              = 0
1116  <... futex resumed>)              = 1
1105  futex(0x2ebf010, FUTEX_WAIT_PRIVATE, 0, NULL <unfinished ...>
1118  futex(0xc000520150, FUTEX_WAIT_PRIVATE, 0, NULL <unfinished ...>
1116  futex(0xc000520150, FUTEX_WAKE_PRIVATE, 1 <unfinished ...>
1110  nanosleep({tv_sec=0, tv_nsec=640000},  <unfinished ...>
1118  <... futex resumed>)              = -1 EAGAIN (Resource temporarily unavailable)
1116  <... futex resumed>)              = 0
1118  nanosleep({tv_sec=0, tv_nsec=3000},  <unfinished ...>
1116  futex(0x2ebf010, FUTEX_WAKE_PRIVATE, 1 <unfinished ...>
1110  <... nanosleep resumed>NULL)      = 0
1118  <... nanosleep resumed>NULL)      = 0
1116  <... futex resumed>)              = 1
1105  <... futex resumed>)              = 0
1118  futex(0xc000520150, FUTEX_WAIT_PRIVATE, 0, NULL <unfinished ...>
1116  futex(0xc000540550, FUTEX_WAIT_PRIVATE, 0, NULL <unfinished ...>
1110  nanosleep({tv_sec=0, tv_nsec=1280000},  <unfinished ...>
1116  <... futex resumed>)              = -1 EAGAIN (Resource temporarily unavailable)
1105  futex(0xc000540550, FUTEX_WAKE_PRIVATE, 1 <unfinished ...>
1116  nanosleep({tv_sec=0, tv_nsec=3000},  <unfinished ...>
1105  <... futex resumed>)              = 0
1116  <... nanosleep resumed>NULL)      = 0
1105  futex(0xc000520150, FUTEX_WAKE_PRIVATE, 1 <unfinished ...>
1116  futex(0xc000100d50, FUTEX_WAKE_PRIVATE, 1 <unfinished ...>
1110  <... nanosleep resumed>NULL)      = 0
1118  <... futex resumed>)              = 0
1117  <... futex resumed>)              = 0
1116  <... futex resumed>)              = 1
1105  <... futex resumed>)              = 1
1118  futex(0xc000520150, FUTEX_WAIT_PRIVATE, 0, NULL <unfinished ...>
1117  futex(0xc000100d50, FUTEX_WAIT_PRIVATE, 0, NULL <unfinished ...>
1116  futex(0xc000100d50, FUTEX_WAKE_PRIVATE, 1 <unfinished ...>
1110  nanosleep({tv_sec=0, tv_nsec=2560000},  <unfinished ...>
1117  <... futex resumed>)              = -1 EAGAIN (Resource temporarily unavailable)
1116  <... futex resumed>)              = 0
1105  futex(0x2ebf010, FUTEX_WAIT_PRIVATE, 0, NULL <unfinished ...>
1117  nanosleep({tv_sec=0, tv_nsec=3000},  <unfinished ...>
1116  futex(0x2ebf010, FUTEX_WAKE_PRIVATE, 1 <unfinished ...>
1117  <... nanosleep resumed>NULL)      = 0
1105  <... futex resumed>)              = -1 EAGAIN (Resource temporarily unavailable)
1117  futex(0xc000100d50, FUTEX_WAIT_PRIVATE, 0, NULL <unfinished ...>
1116  <... futex resumed>)              = 0
1117  <... futex resumed>)              = -1 EAGAIN (Resource temporarily unavailable)
1105  futex(0xc000100d50, FUTEX_WAKE_PRIVATE, 1 <unfinished ...>
1117  nanosleep({tv_sec=0, tv_nsec=3000},  <unfinished ...>
1116  futex(0xc000540550, FUTEX_WAIT_PRIVATE, 0, NULL <unfinished ...>
1110  <... nanosleep resumed>NULL)      = 0
1117  <... nanosleep resumed>NULL)      = 0
1105  <... futex resumed>)              = 0
1117  futex(0xc000540550, FUTEX_WAKE_PRIVATE, 1 <unfinished ...>
1110  nanosleep({tv_sec=0, tv_nsec=5120000},  <unfinished ...>
1117  <... futex resumed>)              = 1
1116  <... futex resumed>)              = 0
1105  futex(0x2ebf010, FUTEX_WAIT_PRIVATE, 0, NULL <unfinished ...>
1117  futex(0x2ebf010, FUTEX_WAKE_PRIVATE, 1 <unfinished ...>
1116  futex(0xc000540550, FUTEX_WAIT_PRIVATE, 0, NULL <unfinished ...>
1117  <... futex resumed>)              = 0
1105  <... futex resumed>)              = -1 EAGAIN (Resource temporarily unavailable)
1117  futex(0xc000100d50, FUTEX_WAIT_PRIVATE, 0, NULL <unfinished ...>
1105  futex(0xc000100d50, FUTEX_WAKE_PRIVATE, 1 <unfinished ...>
1117  <... futex resumed>)              = -1 EAGAIN (Resource temporarily unavailable)
1105  <... futex resumed>)              = 0
1117  nanosleep({tv_sec=0, tv_nsec=3000},  <unfinished ...>
1105  futex(0xc000540550, FUTEX_WAKE_PRIVATE, 1 <unfinished ...>
1117  <... nanosleep resumed>NULL)      = 0
1116  <... futex resumed>)              = 0
1105  <... futex resumed>)              = 1
1117  futex(0xc000520150, FUTEX_WAKE_PRIVATE, 1 <unfinished ...>
1116  futex(0xc000540550, FUTEX_WAIT_PRIVATE, 0, NULL <unfinished ...>
1118  <... futex resumed>)              = 0
1117  <... futex resumed>)              = 1
1110  <... nanosleep resumed>NULL)      = 0
1105  futex(0x2ebf010, FUTEX_WAIT_PRIVATE, 0, NULL <unfinished ...>
1118  futex(0xc000520150, FUTEX_WAIT_PRIVATE, 0, NULL <unfinished ...>
1117  futex(0xc000520150, FUTEX_WAKE_PRIVATE, 1 <unfinished ...>
