1111  <... futex resumed>)              = -1 EAGAIN (Resource temporarily unavailable)
1105  futex(0xc000066950, FUTEX_WAKE_PRIVATE, 1 <unfinished ...>
1111  nanosleep({tv_sec=0, tv_nsec=3000},  <unfinished ...>
1110  nanosleep({tv_sec=0, tv_nsec=20000},  <unfinished ...>
1111  <... nanosleep resumed>NULL)      = 0
1105  <... futex resumed>)              = 0
1111  futex(0xc000066d50, FUTEX_WAKE_PRIVATE, 1 <unfinished ...>
1110  <... nanosleep resumed>NULL)      = 0
1112  <... futex resumed>)              = 0
1111  <... futex resumed>)              = 1
1105  futex(0x2ebf010, FUTEX_WAIT_PRIVATE, 0, NULL <unfinished ...>
1112  futex(0xc000066d50, FUTEX_WAIT_PRIVATE, 0, NULL <unfinished ...>
1111  futex(0xc000066d50, FUTEX_WAKE_PRIVATE, 1 <unfinished ...>
1110  nanosleep({tv_sec=0, tv_nsec=20000},  <unfinished ...>
1112  <... futex resumed>)              = -1 EAGAIN (Resource temporarily unavailable)
1111  <... futex resumed>)              = 0
1112  nanosleep({tv_sec=0, tv_nsec=3000},  <unfinished ...>
1110  <... nanosleep resumed>NULL)      = 0
1112  <... nanosleep resumed>NULL)      = 0
1111  futex(0x2ebf010, FUTEX_WAKE_PRIVATE, 1 <unfinished ...>
1112  futex(0xc000066d50, FUTEX_WAIT_PRIVATE, 0, NULL <unfinished ...>
1110  nanosleep({tv_sec=0, tv_nsec=20000},  <unfinished ...>
1111  <... futex resumed>)              = 1
1105  <... futex resumed>)              = 0
1111  futex(0xc000066950, FUTEX_WAIT_PRIVATE, 0, NULL <unfinished ...>
1110  <... nanosleep resumed>NULL)      = 0
1111  <... futex resumed>)              = -1 EAGAIN (Resource temporarily unavailable)
1105  futex(0xc000066950, FUTEX_WAKE_PRIVATE, 1 <unfinished ...>
1111  nanosleep({tv_sec=0, tv_nsec=3000},  <unfinished ...>
1110  nanosleep({tv_sec=0, tv_nsec=20000},  <unfinished ...>
1111  <... nanosleep resumed>NULL)      = 0
1105  <... futex resumed>)              = 0
1111  futex(0xc000066d50, FUTEX_WAKE_PRIVATE, 1 <unfinished ...>
1110  <... nanosleep resumed>NULL)      = 0
1112  <... futex resumed>)              = 0
1111  <... futex resumed>)              = 1
1105  futex(0x2ebf010, FUTEX_WAIT_PRIVATE, 0, NULL <unfinished ...>
1112  futex(0xc000066d50, FUTEX_WAIT_PRIVATE, 0, NULL <unfinished ...>
1111  futex(0xc000066d50, FUTEX_WAKE_PRIVATE, 1 <unfinished ...>
1110  nanosleep({tv_sec=0, tv_nsec=20000},  <unfinished ...>
1112  <... futex resumed>)              = -1 EAGAIN (Resource temporarily unavailable)
1111  <... futex resumed>)              = 0
1112  nanosleep({tv_sec=0, tv_nsec=3000},  <unfinished ...>
1110  <... nanosleep resumed>NULL)      = 0
1112  <... nanosleep resumed>NULL)      = 0
1111  futex(0x2ebf010, FUTEX_WAKE_PRIVATE, 1 <unfinished ...>
1112  futex(0xc000066d50, FUTEX_WAIT_PRIVATE, 0, NULL <unfinished ...>
1110  nanosleep({tv_sec=0, tv_nsec=20000},  <unfinished ...>
1111  <... futex resumed>)              = 1
1105  <... futex resumed>)              = 0
1111  futex(0xc000066950, FUTEX_WAIT_PRIVATE, 0, NULL <unfinished ...>
1110  <... nanosleep resumed>NULL)      = 0
1111  <... futex resumed>)              = -1 EAGAIN (Resource temporarily unavailable)
1105  futex(0xc000066950, FUTEX_WAKE_PRIVATE, 1 <unfinished ...>
1111  nanosleep({tv_sec=0, tv_nsec=3000},  <unfinished ...>
1110  nanosleep({tv_sec=0, tv_nsec=20000},  <unfinished ...>
1111  <... nanosleep resumed>NULL)      = 0
1105  <... futex resumed>)              = 0
1111  futex(0xc000066d50, FUTEX_WAKE_PRIVATE, 1 <unfinished ...>
1110  <... nanosleep resumed>NULL)      = 0
1112  <... futex resumed>)              = 0
1111  <... futex resumed>)              = 1
1105  futex(0x2ebf010, FUTEX_WAIT_PRIVATE, 0, NULL <unfinished ...>
1112  futex(0xc000066d50, FUTEX_WAIT_PRIVATE, 0, NULL <unfinished ...>
1111  futex(0xc000066d50, FUTEX_WAKE_PRIVATE, 1 <unfinished ...>
1110  nanosleep({tv_sec=0, tv_nsec=20000},  <unfinished ...>
1112  <... futex resumed>)              = -1 EAGAIN (Resource temporarily unavailable)
1111  <... futex resumed>)              = 0
1112  nanosleep({tv_sec=0, tv_nsec=3000},  <unfinished ...>
1110  <... nanosleep resumed>NULL)      = 0
1112  <... nanosleep resumed>NULL)      = 0
1111  futex(0x2ebf010, FUTEX_WAKE_PRIVATE, 1 <unfinished ...>
1112  futex(0xc000066d50, FUTEX_WAIT_PRIVATE, 0, NULL <unfinished ...>
1110  nanosleep({tv_sec=0, tv_nsec=20000},  <unfinished ...>
1111  <... futex resumed>)              = 1
1105  <... futex resumed>)              = 0
1111  futex(0xc000066950, FUTEX_WAIT_PRIVATE, 0, NULL <unfinished ...>
1110  <... nanosleep resumed>NULL)      = 0
1110  nanosleep({tv_sec=0, tv_nsec=20000}, NULL) = 0
1110  nanosleep({tv_sec=0, tv_nsec=20000}, NULL) = 0
1110  nanosleep({tv_sec=0, tv_nsec=20000}, NULL) = 0
1110  nanosleep({tv_sec=0, tv_nsec=20000}, NULL) = 0
1110  nanosleep({tv_sec=0, tv_nsec=20000}, NULL) = 0
1110  nanosleep({tv_sec=0, tv_nsec=20000},  <unfinished ...>
1105  futex(0xc000066950, FUTEX_WAKE_PRIVATE, 1 <unfinished ...>
1110  <... nanosleep resumed>NULL)      = 0
1111  <... futex resumed>)              = 0
1110  nanosleep({tv_sec=0, tv_nsec=20000},  <unfinished ...>
1105  <... futex resumed>)              = 1
1111  nanosleep({tv_sec=0, tv_nsec=3000},  <unfinished ...>
1110  <... nanosleep resumed>NULL)      = 0
1111  <... nanosleep resumed>NULL)      = 0
1105  futex(0xc000066d50, FUTEX_WAKE_PRIVATE, 1 <unfinished ...>
1111  futex(0xc000100150, FUTEX_WAKE_PRIVATE, 1 <unfinished ...>
1110  nanosleep({tv_sec=0, tv_nsec=20000},  <unfinished ...>
1113  <... futex resumed>)              = 0
1112  <... futex resumed>)              = 0
1111  <... futex resumed>)              = 1
1105  <... futex resumed>)              = 1
1113  futex(0xc000100150, FUTEX_WAIT_PRIVATE, 0, NULL <unfinished ...>
1112  futex(0xc000066d50, FUTEX_WAIT_PRIVATE, 0, NULL <unfinished ...>
1111  futex(0xc000066d50, FUTEX_WAKE_PRIVATE, 1 <unfinished ...>
1110  <... nanosleep resumed>NULL)      = 0
1112  <... futex resumed>)              = -1 EAGAIN (Resource temporarily unavailable)
1111  <... futex resumed>)              = 0
1105  futex(0x2ebf010, FUTEX_WAIT_PRIVATE, 0, NULL <unfinished ...>
1112  nanosleep({tv_sec=0, tv_nsec=3000},  <unfinished ...>
1111  futex(0x2ebf010, FUTEX_WAKE_PRIVATE, 1 <unfinished ...>
1110  nanosleep({tv_sec=0, tv_nsec=20000},  <unfinished ...>
1112  <... nanosleep resumed>NULL)      = 0
1111  <... futex resumed>)              = 0
1105  <... futex resumed>)              = -1 EAGAIN (Resource temporarily unavailable)
1112  futex(0xc000066d50, FUTEX_WAIT_PRIVATE, 0, NULL <unfinished ...>
1111  futex(0xc000066950, FUTEX_WAIT_PRIVATE, 0, NULL <unfinished ...>
1110  <... nanosleep resumed>NULL)      = 0
1111  <... futex resumed>)              = -1 EAGAIN (Resource temporarily unavailable)
1105  futex(0xc000066950, FUTEX_WAKE_PRIVATE, 1 <unfinished ...>
1111  nanosleep({tv_sec=0, tv_nsec=3000},  <unfinished ...>
1110  nanosleep({tv_sec=0, tv_nsec=20000},  <unfinished ...>
1111  <... nanosleep resumed>NULL)      = 0
1105  <... futex resumed>)              = 0
1111  futex(0xc000066d50, FUTEX_WAKE_PRIVATE, 1 <unfinished ...>
1110  <... nanosleep resumed>NULL)      = 0
1112  <... futex resumed>)              = 0
1111  <... futex resumed>)              = 1
1105  futex(0x2ebf010, FUTEX_WAIT_PRIVATE, 0, NULL <unfinished ...>
1112  futex(0xc000066d50, FUTEX_WAIT_PRIVATE, 0, NULL <unfinished ...>
1111  futex(0xc000066d50, FUTEX_WAKE_PRIVATE, 1 <unfinished ...>
1110  nanosleep({tv_sec=0, tv_nsec=20000},  <unfinished ...>
1112  <... futex resumed>)              = -1 EAGAIN (Resource temporarily unavailable)
1111  <... futex resumed>)              = 0
1112  nanosleep({tv_sec=0, tv_nsec=3000},  <unfinished ...>
1110  <... nanosleep resumed>NULL)      = 0
1112  <... nanosleep resumed>NULL)      = 0
1111  futex(0x2ebf010, FUTEX_WAKE_PRIVATE, 1 <unfinished ...>
1112  futex(0xc000066d50, FUTEX_WAIT_PRIVATE, 0, NULL <unfinished ...>
1110  nanosleep({tv_sec=0, tv_nsec=20000},  <unfinished ...>
1111  <... futex resumed>)              = 1
1105  <... futex resumed>)              = 0
1111  futex(0xc000066950, FUTEX_WAIT_PRIVATE, 0, NULL <unfinished ...>
1110  <... nanosleep resumed>NULL)      = 0
1105  ioctl(1, TCGETS <unfinished ...>
1110  nanosleep({tv_sec=0, tv_nsec=20000},  <unfinished ...>
1105  <... ioctl resumed>, 0xc00031f7bc) = -1 ENOTTY (Inappropriate ioctl for device)
1110  <... nanosleep resumed>NULL)      = 0
1105  mmap(0xc000400000, 4194304, PROT_READ|PROT_WRITE, MAP_PRIVATE|MAP_FIXED|MAP_ANONYMOUS, -1, 0 <unfinished ...>
1110  nanosleep({tv_sec=0, tv_nsec=20000},  <unfinished ...>
1105  <... mmap resumed>)               = 0xc000400000
1110  <... nanosleep resumed>NULL)      = 0
1105  futex(0xc000066950, FUTEX_WAKE_PRIVATE, 1 <unfinished ...>
1110  nanosleep({tv_sec=0, tv_nsec=20000},  <unfinished ...>
1111  <... futex resumed>)              = 0
1105  <... futex resumed>)              = 1
1111  nanosleep({tv_sec=0, tv_nsec=3000},  <unfinished ...>
1110  <... nanosleep resumed>NULL)      = 0
1111  <... nanosleep resumed>NULL)      = 0
1105  futex(0xc000066d50, FUTEX_WAKE_PRIVATE, 1 <unfinished ...>
1111  futex(0xc000100150, FUTEX_WAKE_PRIVATE, 1 <unfinished ...>
1110  nanosleep({tv_sec=0, tv_nsec=40000},  <unfinished ...>
1113  <... futex resumed>)              = 0
1112  <... futex resumed>)              = 0
1111  <... futex resumed>)              = 1
1105  <... futex resumed>)              = 1
1113  futex(0xc000100150, FUTEX_WAIT_PRIVATE, 0, NULL <unfinished ...>
1112  futex(0xc000066d50, FUTEX_WAIT_PRIVATE, 0, NULL <unfinished ...>
1111  futex(0xc000066d50, FUTEX_WAKE_PRIVATE, 1 <unfinished ...>
1110  <... nanosleep resumed>NULL)      = 0
1112  <... futex resumed>)              = -1 EAGAIN (Resource temporarily unavailable)
1111  <... futex resumed>)              = 0
1105  futex(0x2ebf010, FUTEX_WAIT_PRIVATE, 0, NULL <unfinished ...>
1112  nanosleep({tv_sec=0, tv_nsec=3000},  <unfinished ...>
1111  futex(0x2ebf010, FUTEX_WAKE_PRIVATE, 1 <unfinished ...>
1110  nanosleep({tv_sec=0, tv_nsec=80000},  <unfinished ...>
1112  <... nanosleep resumed>NULL)      = 0
1111  <... futex resumed>)              = 0
1105  <... futex resumed>)              = -1 EAGAIN (Resource temporarily unavailable)
1112  futex(0xc000066d50, FUTEX_WAIT_PRIVATE, 0, NULL <unfinished ...>
1111  futex(0xc000066950, FUTEX_WAIT_PRIVATE, 0, NULL <unfinished ...>
1110  <... nanosleep resumed>NULL)      = 0
1111  <... futex resumed>)              = -1 EAGAIN (Resource temporarily unavailable)
1105  futex(0xc000066950, FUTEX_WAKE_PRIVATE, 1 <unfinished ...>
1111  nanosleep({tv_sec=0, tv_nsec=3000},  <unfinished ...>
1110  nanosleep({tv_sec=0, tv_nsec=160000},  <unfinished ...>
1111  <... nanosleep resumed>NULL)      = 0
1105  <... futex resumed>)              = 0
1111  futex(0xc000066d50, FUTEX_WAKE_PRIVATE, 1 <unfinished ...>
1110  <... nanosleep resumed>NULL)      = 0
1112  <... futex resumed>)              = 0
1111  <... futex resumed>)              = 1
1105  futex(0x2ebf010, FUTEX_WAIT_PRIVATE, 0, NULL <unfinished ...>
1112  futex(0xc000066d50, FUTEX_WAIT_PRIVATE, 0, NULL <unfinished ...>
1111  futex(0xc000066d50, FUTEX_WAKE_PRIVATE, 1 <unfinished ...>
1110  nanosleep({tv_sec=0, tv_nsec=320000},  <unfinished ...>
1112  <... futex resumed>)              = -1 EAGAIN (Resource temporarily unavailable)
1111  <... futex resumed>)              = 0
1112  nanosleep({tv_sec=0, tv_nsec=3000},  <unfinished ...>
1111  futex(0x2ebf010, FUTEX_WAKE_PRIVATE, 1 <unfinished ...>
1110  <... nanosleep resumed>NULL)      = 0
1112  <... nanosleep resumed>NULL)      = 0
1111  <... futex resumed>)              = 1
1105  <... futex resumed>)              = 0
1112  futex(0xc000066d50, FUTEX_WAIT_PRIVATE, 0, NULL <unfinished ...>
1111  futex(0xc000066950, FUTEX_WAIT_PRIVATE, 0, NULL <unfinished ...>
1110  nanosleep({tv_sec=0, tv_nsec=640000},  <unfinished ...>
1111  <... futex resumed>)              = -1 EAGAIN (Resource temporarily unavailable)
1105  futex(0xc000066950, FUTEX_WAKE_PRIVATE, 1 <unfinished ...>
1111  nanosleep({tv_sec=0, tv_nsec=3000},  <unfinished ...>
1105  <... futex resumed>)              = 0
1111  <... nanosleep resumed>NULL)      = 0
1110  <... nanosleep resumed>NULL)      = 0
1111  futex(0xc000100150, FUTEX_WAKE_PRIVATE, 1 <unfinished ...>
1105  futex(0xc000066d50, FUTEX_WAKE_PRIVATE, 1 <unfinished ...>
1113  <... futex resumed>)              = 0
1111  <... futex resumed>)              = 1
1110  nanosleep({tv_sec=0, tv_nsec=1280000},  <unfinished ...>
1113  futex(0xc000100150, FUTEX_WAIT_PRIVATE, 0, NULL <unfinished ...>
1112  <... futex resumed>)              = 0
1111  futex(0xc000100150, FUTEX_WAKE_PRIVATE, 1 <unfinished ...>
1105  <... futex resumed>)              = 1
1113  <... futex resumed>)              = -1 EAGAIN (Resource temporarily unavailable)
1112  nanosleep({tv_sec=0, tv_nsec=3000},  <unfinished ...>
1111  <... futex resumed>)              = 0
1113  nanosleep({tv_sec=0, tv_nsec=3000},  <unfinished ...>
1112  <... nanosleep resumed>NULL)      = 0
1110  <... nanosleep resumed>NULL)      = 0
1105  futex(0x2ebf010, FUTEX_WAIT_PRIVATE, 0, NULL <unfinished ...>
1113  <... nanosleep resumed>NULL)      = 0
1112  futex(0xc000066d50, FUTEX_WAIT_PRIVATE, 0, NULL <unfinished ...>
1111  futex(0x2ebf010, FUTEX_WAKE_PRIVATE, 1 <unfinished ...>
1110  nanosleep({tv_sec=0, tv_nsec=2560000},  <unfinished ...>
1113  futex(0xc000100150, FUTEX_WAIT_PRIVATE, 0, NULL <unfinished ...>
1111  <... futex resumed>)              = 0
1105  <... futex resumed>)              = -1 EAGAIN (Resource temporarily unavailable)
1111  futex(0xc000066950, FUTEX_WAIT_PRIVATE, 0, NULL <unfinished ...>
1105  futex(0xc000066950, FUTEX_WAKE_PRIVATE, 1 <unfinished ...>
1111  <... futex resumed>)              = -1 EAGAIN (Resource temporarily unavailable)
1105  <... futex resumed>)              = 0
1111  nanosleep({tv_sec=0, tv_nsec=3000},  <unfinished ...>
1105  futex(0xc000100150, FUTEX_WAKE_PRIVATE, 1 <unfinished ...>
1111  <... nanosleep resumed>NULL)      = 0
1110  <... nanosleep resumed>NULL)      = 0
1113  <... futex resumed>)              = 0
1111  futex(0xc000066d50, FUTEX_WAKE_PRIVATE, 1 <unfinished ...>
1105  <... futex resumed>)              = 1
1113  futex(0xc000100150, FUTEX_WAIT_PRIVATE, 0, NULL <unfinished ...>
1112  <... futex resumed>)              = 0
1111  <... futex resumed>)              = 1
1110  nanosleep({tv_sec=0, tv_nsec=5120000},  <unfinished ...>
1112  futex(0xc000066d50, FUTEX_WAIT_PRIVATE, 0, NULL <unfinished ...>
1111  futex(0xc000066d50, FUTEX_WAKE_PRIVATE, 1 <unfinished ...>
1105  futex(0x2ebf010, FUTEX_WAIT_PRIVATE, 0, NULL <unfinished ...>
1112  <... futex resumed>)              = -1 EAGAIN (Resource temporarily unavailable)
1111  <... futex resumed>)              = 0
1112  nanosleep({tv_sec=0, tv_nsec=3000},  <unfinished ...>
1111  futex(0x2ebf010, FUTEX_WAKE_PRIVATE, 1 <unfinished ...>
1112  <... nanosleep resumed>NULL)      = 0
1111  <... futex resumed>)              = 1
1105  <... futex resumed>)              = 0
1112  futex(0xc000066d50, FUTEX_WAIT_PRIVATE, 0, NULL <unfinished ...>
1111  futex(0xc000066950, FUTEX_WAIT_PRIVATE, 0, NULL <unfinished ...>
1105  futex(0xc000066950, FUTEX_WAKE_PRIVATE, 1) = 1
1111  <... futex resumed>)              = 0
1105  futex(0xc000066d50, FUTEX_WAKE_PRIVATE, 1 <unfinished ...>
1111  futex(0xc000100150, FUTEX_WAKE_PRIVATE, 1 <unfinished ...>
1112  <... futex resumed>)              = 0
1105  <... futex resumed>)              = 1
1113  <... futex resumed>)              = 0
1112  futex(0xc000066d50, FUTEX_WAIT_PRIVATE, 0, NULL <unfinished ...>
1111  <... futex resumed>)              = 1
1110  <... nanosleep resumed>NULL)      = 0
1113  futex(0xc000100150, FUTEX_WAIT_PRIVATE, 0, NULL <unfinished ...>
1111  futex(0xc000100150, FUTEX_WAKE_PRIVATE, 1 <unfinished ...>
1105  futex(0x2ebf010, FUTEX_WAIT_PRIVATE, 0, NULL <unfinished ...>
1113  <... futex resumed>)              = -1 EAGAIN (Resource temporarily unavailable)
1111  <... futex resumed>)              = 0
1110  nanosleep({tv_sec=0, tv_nsec=10000000},  <unfinished ...>
1113  nanosleep({tv_sec=0, tv_nsec=3000},  <unfinished ...>
1111  futex(0x2ebf010, FUTEX_WAKE_PRIVATE, 1 <unfinished ...>
1113  <... nanosleep resumed>NULL)      = 0
1111  <... futex resumed>)              = 1
1105  <... futex resumed>)              = 0
1113  futex(0xc000100150, FUTEX_WAIT_PRIVATE, 0, NULL <unfinished ...>
1111  futex(0xc000066950, FUTEX_WAIT_PRIVATE, 0, NULL <unfinished ...>
1105  futex(0xc000066950, FUTEX_WAKE_PRIVATE, 1 <unfinished ...>
1111  <... futex resumed>)              = -1 EAGAIN (Resource temporarily unavailable)
1105  <... futex resumed>)              = 0
1111  nanosleep({tv_sec=0, tv_nsec=3000},  <unfinished ...>
1105  futex(0xc000100150, FUTEX_WAKE_PRIVATE, 1 <unfinished ...>
1111  <... nanosleep resumed>NULL)      = 0
1113  <... futex resumed>)              = 0
1105  <... futex resumed>)              = 1
1113  futex(0xc000100150, FUTEX_WAIT_PRIVATE, 0, NULL <unfinished ...>
1111  futex(0xc000066d50, FUTEX_WAKE_PRIVATE, 1 <unfinished ...>
1105  futex(0x2ebf010, FUTEX_WAIT_PRIVATE, 0, NULL <unfinished ...>
1112  <... futex resumed>)              = 0
1111  <... futex resumed>)              = 1
1112  futex(0xc000066d50, FUTEX_WAIT_PRIVATE, 0, NULL <unfinished ...>
1111  futex(0xc000066d50, FUTEX_WAKE_PRIVATE, 1 <unfinished ...>
1112  <... futex resumed>)              = -1 EAGAIN (Resource temporarily unavailable)
1111  <... futex resumed>)              = 0
1112  nanosleep({tv_sec=0, tv_nsec=3000},  <unfinished ...>
1111  futex(0x2ebf010, FUTEX_WAKE_PRIVATE, 1 <unfinished ...>
1112  <... nanosleep resumed>NULL)      = 0
1111  <... futex resumed>)              = 1
1105  <... futex resumed>)              = 0
1112  futex(0xc000066d50, FUTEX_WAIT_PRIVATE, 0, NULL <unfinished ...>
1111  futex(0xc000066950, FUTEX_WAIT_PRIVATE, 0, NULL <unfinished ...>
1105  futex(0xc000066950, FUTEX_WAKE_PRIVATE, 1 <unfinished ...>
1111  <... futex resumed>)              = -1 EAGAIN (Resource temporarily unavailable)
1105  <... futex resumed>)              = 0
1111  nanosleep({tv_sec=0, tv_nsec=3000},  <unfinished ...>
1105  futex(0xc000066d50, FUTEX_WAKE_PRIVATE, 1 <unfinished ...>
1111  <... nanosleep resumed>NULL)      = 0
1112  <... futex resumed>)              = 0
1105  <... futex resumed>)              = 1
1112  futex(0xc000066d50, FUTEX_WAIT_PRIVATE, 0, NULL <unfinished ...>
1111  futex(0xc000100150, FUTEX_WAKE_PRIVATE, 1 <unfinished ...>
1105  futex(0x2ebf010, FUTEX_WAIT_PRIVATE, 0, NULL <unfinished ...>
1113  <... futex resumed>)              = 0
1111  <... futex resumed>)              = 1
1113  futex(0xc000100150, FUTEX_WAIT_PRIVATE, 0, NULL <unfinished ...>
1111  futex(0xc000100150, FUTEX_WAKE_PRIVATE, 1 <unfinished ...>
1113  <... futex resumed>)              = -1 EAGAIN (Resource temporarily unavailable)
1111  <... futex resumed>)              = 0
1113  nanosleep({tv_sec=0, tv_nsec=3000},  <unfinished ...>
1111  futex(0x2ebf010, FUTEX_WAKE_PRIVATE, 1 <unfinished ...>
1113  <... nanosleep resumed>NULL)      = 0
1111  <... futex resumed>)              = 1
1105  <... futex resumed>)              = 0
1113  futex(0xc000100150, FUTEX_WAIT_PRIVATE, 0, NULL <unfinished ...>
1111  futex(0xc000066950, FUTEX_WAIT_PRIVATE, 0, NULL <unfinished ...>
1110  <... nanosleep resumed>NULL)      = 0
1110  nanosleep({tv_sec=0, tv_nsec=10000000},  <unfinished ...>
1105  futex(0xc000066950, FUTEX_WAKE_PRIVATE, 1 <unfinished ...>
1111  <... futex resumed>)              = 0
1105  <... futex resumed>)              = 1
1111  nanosleep({tv_sec=0, tv_nsec=3000},  <unfinished ...>
1105  futex(0xc000100150, FUTEX_WAKE_PRIVATE, 1 <unfinished ...>
1111  <... nanosleep resumed>NULL)      = 0
1113  <... futex resumed>)              = 0
1105  <... futex resumed>)              = 1
1113  futex(0xc000100150, FUTEX_WAIT_PRIVATE, 0, NULL <unfinished ...>
1111  futex(0xc000066d50, FUTEX_WAKE_PRIVATE, 1 <unfinished ...>
1105  futex(0x2ef0048, FUTEX_WAIT_PRIVATE, 0, NULL <unfinished ...>
1112  <... futex resumed>)              = 0
1111  <... futex resumed>)              = 1
1112  futex(0xc000066d50, FUTEX_WAIT_PRIVATE, 0, NULL <unfinished ...>
1111  futex(0x2ef0048, FUTEX_WAKE_PRIVATE, 1) = 1
1105  <... futex resumed>)              = 0
1111  futex(0xc000066950, FUTEX_WAIT_PRIVATE, 0, NULL <unfinished ...>
1105  futex(0xc000066950, FUTEX_WAKE_PRIVATE, 1 <unfinished ...>
1111  <... futex resumed>)              = -1 EAGAIN (Resource temporarily unavailable)
1105  <... futex resumed>)              = 0
1111  nanosleep({tv_sec=0, tv_nsec=3000},  <unfinished ...>
1105  futex(0xc000066d50, FUTEX_WAKE_PRIVATE, 1 <unfinished ...>
1111  <... nanosleep resumed>NULL)      = 0
1112  <... futex resumed>)              = 0
1105  <... futex resumed>)              = 1
1112  futex(0xc000066d50, FUTEX_WAIT_PRIVATE, 0, NULL <unfinished ...>
1111  futex(0xc000100150, FUTEX_WAKE_PRIVATE, 1 <unfinished ...>
1105  futex(0x2ef0048, FUTEX_WAIT_PRIVATE, 0, NULL <unfinished ...>
1113  <... futex resumed>)              = 0
1111  <... futex resumed>)              = 1
1113  futex(0xc000100150, FUTEX_WAIT_PRIVATE, 0, NULL <unfinished ...>
1111  futex(0x2ef0048, FUTEX_WAKE_PRIVATE, 1) = 1
1105  <... futex resumed>)              = 0
1111  futex(0xc000066950, FUTEX_WAIT_PRIVATE, 0, NULL <unfinished ...>
1105  futex(0xc000066950, FUTEX_WAKE_PRIVATE, 1 <unfinished ...>
1111  <... futex resumed>)              = -1 EAGAIN (Resource temporarily unavailable)
1105  <... futex resumed>)              = 0
1111  nanosleep({tv_sec=0, tv_nsec=3000},  <unfinished ...>
1105  futex(0xc000100150, FUTEX_WAKE_PRIVATE, 1 <unfinished ...>
1111  <... nanosleep resumed>NULL)      = 0
1113  <... futex resumed>)              = 0
1105  <... futex resumed>)              = 1
1113  futex(0xc000100150, FUTEX_WAIT_PRIVATE, 0, NULL <unfinished ...>
1111  futex(0xc000066d50, FUTEX_WAKE_PRIVATE, 1 <unfinished ...>
1105  futex(0x2ef0048, FUTEX_WAIT_PRIVATE, 0, NULL <unfinished ...>
1112  <... futex resumed>)              = 0
1111  <... futex resumed>)              = 1
1110  <... nanosleep resumed>NULL)      = 0
1112  futex(0xc000066d50, FUTEX_WAIT_PRIVATE, 0, NULL <unfinished ...>
1111  futex(0x2ef0048, FUTEX_WAKE_PRIVATE, 1 <unfinished ...>
1110  nanosleep({tv_sec=0, tv_nsec=10000000},  <unfinished ...>
1111  <... futex resumed>)              = 1
1105  <... futex resumed>)              = 0
1111  futex(0xc000066950, FUTEX_WAIT_PRIVATE, 0, NULL <unfinished ...>
1105  futex(0xc000066950, FUTEX_WAKE_PRIVATE, 1 <unfinished ...>
1111  <... futex resumed>)              = -1 EAGAIN (Resource temporarily unavailable)
1105  <... futex resumed>)              = 0
1111  nanosleep({tv_sec=0, tv_nsec=3000},  <unfinished ...>
1105  futex(0xc000066d50, FUTEX_WAKE_PRIVATE, 1 <unfinished ...>
1111  <... nanosleep resumed>NULL)      = 0
1112  <... futex resumed>)              = 0
1105  <... futex resumed>)              = 1
1112  futex(0xc000066d50, FUTEX_WAIT_PRIVATE, 0, NULL <unfinished ...>
1111  futex(0xc000100150, FUTEX_WAKE_PRIVATE, 1 <unfinished ...>
1105  futex(0x2ef0048, FUTEX_WAIT_PRIVATE, 0, NULL <unfinished ...>
1113  <... futex resumed>)              = 0
1111  <... futex resumed>)              = 1
1113  futex(0xc000100150, FUTEX_WAIT_PRIVATE, 0, NULL <unfinished ...>
1111  futex(0x2ef0048, FUTEX_WAKE_PRIVATE, 1) = 1
1105  <... futex resumed>)              = 0
1111  futex(0xc000066950, FUTEX_WAIT_PRIVATE, 0, NULL <unfinished ...>
1105  futex(0xc000066950, FUTEX_WAKE_PRIVATE, 1 <unfinished ...>
1111  <... futex resumed>)              = -1 EAGAIN (Resource temporarily unavailable)
1105  <... futex resumed>)              = 0
1111  nanosleep({tv_sec=0, tv_nsec=3000},  <unfinished ...>
1105  futex(0xc000100150, FUTEX_WAKE_PRIVATE, 1 <unfinished ...>
1111  <... nanosleep resumed>NULL)      = 0
1113  <... futex resumed>)              = 0
1105  <... futex resumed>)              = 1
1113  futex(0xc000100150, FUTEX_WAIT_PRIVATE, 0, NULL <unfinished ...>
1111  futex(0xc000066d50, FUTEX_WAKE_PRIVATE, 1 <unfinished ...>
1105  futex(0x2ef0048, FUTEX_WAIT_PRIVATE, 0, NULL <unfinished ...>
1112  <... futex resumed>)              = 0
1111  <... futex resumed>)              = 1
1112  futex(0xc000066d50, FUTEX_WAIT_PRIVATE, 0, NULL <unfinished ...>
1111  futex(0x2ef0048, FUTEX_WAKE_PRIVATE, 1) = 1
1105  <... futex resumed>)              = 0
1111  futex(0xc000066950, FUTEX_WAIT_PRIVATE, 0, NULL <unfinished ...>
1105  futex(0xc000066950, FUTEX_WAKE_PRIVATE, 1 <unfinished ...>
1111  <... futex resumed>)              = -1 EAGAIN (Resource temporarily unavailable)
1105  <... futex resumed>)              = 0
1111  nanosleep({tv_sec=0, tv_nsec=3000},  <unfinished ...>
1105  futex(0xc000066d50, FUTEX_WAKE_PRIVATE, 1 <unfinished ...>
1111  <... nanosleep resumed>NULL)      = 0
1112  <... futex resumed>)              = 0
1105  <... futex resumed>)              = 1
1112  futex(0xc000066d50, FUTEX_WAIT_PRIVATE, 0, NULL <unfinished ...>
1111  futex(0xc000100150, FUTEX_WAKE_PRIVATE, 1 <unfinished ...>
1105  futex(0x2ef0048, FUTEX_WAIT_PRIVATE, 0, NULL <unfinished ...>
1113  <... futex resumed>)              = 0
1111  <... futex resumed>)              = 1
1113  futex(0xc000100150, FUTEX_WAIT_PRIVATE, 0, NULL <unfinished ...>
1111  futex(0x2ef0048, FUTEX_WAKE_PRIVATE, 1 <unfinished ...>
1110  <... nanosleep resumed>NULL)      = 0
1111  <... futex resumed>)              = 1
1105  <... futex resumed>)              = 0
1111  futex(0xc000066950, FUTEX_WAIT_PRIVATE, 0, NULL <unfinished ...>
1110  nanosleep({tv_sec=0, tv_nsec=10000000},  <unfinished ...>
1111  <... futex resumed>)              = -1 EAGAIN (Resource temporarily unavailable)
1105  futex(0xc000066950, FUTEX_WAKE_PRIVATE, 1 <unfinished ...>
1111  nanosleep({tv_sec=0, tv_nsec=3000},  <unfinished ...>
1105  <... futex resumed>)              = 0
1111  <... nanosleep resumed>NULL)      = 0
1105  futex(0xc000100150, FUTEX_WAKE_PRIVATE, 1 <unfinished ...>
1111  futex(0xc000066d50, FUTEX_WAKE_PRIVATE, 1 <unfinished ...>
1113  <... futex resumed>)              = 0
1105  <... futex resumed>)              = 1
1113  futex(0xc000100150, FUTEX_WAIT_PRIVATE, 0, NULL <unfinished ...>
1112  <... futex resumed>)              = 0
1111  <... futex resumed>)              = 1
1112  futex(0xc000066d50, FUTEX_WAIT_PRIVATE, 0, NULL <unfinished ...>
1105  futex(0x2ef0048, FUTEX_WAIT_PRIVATE, 0, NULL <unfinished ...>
1111  futex(0x2ef0048, FUTEX_WAKE_PRIVATE, 1 <unfinished ...>
1105  <... futex resumed>)              = -1 EAGAIN (Resource temporarily unavailable)
1111  <... futex resumed>)              = 0
1105  futex(0xc000066d50, FUTEX_WAKE_PRIVATE, 1 <unfinished ...>
1111  nanosleep({tv_sec=0, tv_nsec=3000},  <unfinished ...>
1112  <... futex resumed>)              = 0
1105  <... futex resumed>)              = 1
1112  nanosleep({tv_sec=0, tv_nsec=3000},  <unfinished ...>
1111  <... nanosleep resumed>NULL)      = 0
1112  <... nanosleep resumed>NULL)      = 0
1105  futex(0xc000100150, FUTEX_WAKE_PRIVATE, 1 <unfinished ...>
1112  futex(0xc000066d50, FUTEX_WAIT_PRIVATE, 0, NULL <unfinished ...>
1111  futex(0x2ef0048, FUTEX_WAKE_PRIVATE, 1 <unfinished ...>
1113  <... futex resumed>)              = 0
1105  <... futex resumed>)              = 1
1113  futex(0xc000100150, FUTEX_WAIT_PRIVATE, 0, NULL <unfinished ...>
1111  <... futex resumed>)              = 0
1105  getpid( <unfinished ...>
1111  sched_yield( <unfinished ...>
1105  <... getpid resumed>)             = 1105
1111  <... sched_yield resumed>)        = 0
1105  tgkill(1105, 1111, SIGURG <unfinished ...>
1111  futex(0x2ec0538, FUTEX_WAIT_PRIVATE, 2, NULL <unfinished ...>
1105  <... tgkill resumed>)             = 0
1111  <... futex resumed>)              = ? ERESTARTSYS (To be restarted if SA_RESTART is set)
1105  futex(0x2ec0538, FUTEX_WAKE_PRIVATE, 1 <unfinished ...>
1111  --- SIGURG {si_signo=SIGURG, si_code=SI_TKILL, si_pid=1105, si_uid=0} ---
1105  <... futex resumed>)              = 0
1111  rt_sigreturn({mask=[]} <unfinished ...>
1105  futex(0x2ec0628, FUTEX_WAIT_PRIVATE, 0, {tv_sec=0, tv_nsec=100000} <unfinished ...>
1111  <... rt_sigreturn resumed>)       = 202
1111  futex(0x2ec0538, FUTEX_WAIT_PRIVATE, 2, NULL <unfinished ...>
1105  <... futex resumed>)              = -1 ETIMEDOUT (Connection timed out)
1111  <... futex resumed>)              = -1 EAGAIN (Resource temporarily unavailable)
1105  futex(0x2ec0628, FUTEX_WAIT_PRIVATE, 0, {tv_sec=0, tv_nsec=100000} <unfinished ...>
1111  futex(0x2ec0628, FUTEX_WAKE_PRIVATE, 1 <unfinished ...>
1105  <... futex resumed>)              = -1 EAGAIN (Resource temporarily unavailable)
1111  <... futex resumed>)              = 0
1105  sched_yield( <unfinished ...>
1111  futex(0xc000066950, FUTEX_WAIT_PRIVATE, 0, NULL <unfinished ...>
1105  <... sched_yield resumed>)        = 0
1105  futex(0x2ec0538, FUTEX_WAKE_PRIVATE, 1) = 0
1110  <... nanosleep resumed>NULL)      = 0
1105  futex(0xc000066950, FUTEX_WAKE_PRIVATE, 1 <unfinished ...>
1110  nanosleep({tv_sec=0, tv_nsec=10000000},  <unfinished ...>
1111  <... futex resumed>)              = 0
1105  <... futex resumed>)              = 1
1111  futex(0xc000100150, FUTEX_WAKE_PRIVATE, 1 <unfinished ...>
1105  epoll_create1(EPOLL_CLOEXEC <unfinished ...>
1111  <... futex resumed>)              = 1
1113  <... futex resumed>)              = 0
1105  <... epoll_create1 resumed>)      = 3
1113  futex(0xc000066d50, FUTEX_WAKE_PRIVATE, 1 <unfinished ...>
1111  getpid( <unfinished ...>
1113  <... futex resumed>)              = 1
1112  <... futex resumed>)              = 0
1105  pipe2( <unfinished ...>
1112  mmap(NULL, 65536, PROT_READ|PROT_WRITE, MAP_PRIVATE|MAP_ANONYMOUS, -1, 0 <unfinished ...>
1111  <... getpid resumed>)             = 1105
1112  <... mmap resumed>)               = 0x7fb3a853a000
1105  <... pipe2 resumed>[4, 5], O_NONBLOCK|O_CLOEXEC) = 0
1112  mmap(NULL, 262144, PROT_READ|PROT_WRITE, MAP_PRIVATE|MAP_ANONYMOUS, -1, 0 <unfinished ...>
1111  tgkill(1105, 1105, SIGURG <unfinished ...>
1113  futex(0xc000100150, FUTEX_WAIT_PRIVATE, 0, NULL <unfinished ...>
1112  <... mmap resumed>)               = 0x7fb3a84fa000
1105  epoll_ctl(3, EPOLL_CTL_ADD, 4, {events=EPOLLIN, data={u32=49212080, u64=49212080}} <unfinished ...>
1112  rt_sigprocmask(SIG_SETMASK, ~[RTMIN RT_1],  <unfinished ...>
1111  <... tgkill resumed>)             = 0
1112  <... rt_sigprocmask resumed>[], 8) = 0
1105  <... epoll_ctl resumed>)          = 0
1112  mmap(NULL, 8392704, PROT_NONE, MAP_PRIVATE|MAP_ANONYMOUS|MAP_STACK, -1, 0 <unfinished ...>
1111  sched_yield( <unfinished ...>
1112  <... mmap resumed>)               = 0x7fb3a27fd000
1105  --- SIGURG {si_signo=SIGURG, si_code=SI_TKILL, si_pid=1105, si_uid=0} ---
1112  mprotect(0x7fb3a27fe000, 8388608, PROT_READ|PROT_WRITE <unfinished ...>
1111  <... sched_yield resumed>)        = 0
1112  <... mprotect resumed>)           = 0
1105  rt_sigreturn({mask=[]} <unfinished ...>
1112  rt_sigprocmask(SIG_BLOCK, ~[],  <unfinished ...>
1111  getpid( <unfinished ...>
1112  <... rt_sigprocmask resumed>~[KILL STOP RTMIN RT_1], 8) = 0
1105  <... rt_sigreturn resumed>)       = 0
1112  clone3({flags=CLONE_VM|CLONE_FS|CLONE_FILES|CLONE_SIGHAND|CLONE_THREAD|CLONE_SYSVSEM|CLONE_SETTLS|CLONE_PARENT_SETTID|CLONE_CHILD_CLEARTID, child_tid=0x7fb3a2ffd910, parent_tid=0x7fb3a2ffd910, exit_signal=0, stack=0x7fb3a27fd000, stack_size=0x7fff00, tls=0x7fb3a2ffd640} <unfinished ...>
1111  <... getpid resumed>)             = 1105
1112  <... clone3 resumed>, 88)         = -1 ENOSYS (Function not implemented)
1105  futex(0xc000100150, FUTEX_WAKE_PRIVATE, 1 <unfinished ...>
1112  clone(child_stack=0x7fb3a2ffcef0, flags=CLONE_VM|CLONE_FS|CLONE_FILES|CLONE_SIGHAND|CLONE_THREAD|CLONE_SYSVSEM|CLONE_SETTLS|CLONE_PARENT_SETTID|CLONE_CHILD_CLEARTID <unfinished ...>
1111  tgkill(1105, 1105, SIGURG <unfinished ...>
1113  <... futex resumed>)              = 0
1105  <... futex resumed>)              = 1
1115  rseq(0x7fb3a2ffdfe0, 0x20, 0, 0x53053053 <unfinished ...>
1113  epoll_pwait(3,  <unfinished ...>
1112  <... clone resumed>, parent_tid=[1115], tls=0x7fb3a2ffd640, child_tidptr=0x7fb3a2ffd910) = 1115
1111  <... tgkill resumed>)             = 0
1115  <... rseq resumed>)               = 0
1112  rt_sigprocmask(SIG_SETMASK, ~[KILL STOP RTMIN RT_1],  <unfinished ...>
1105  --- SIGURG {si_signo=SIGURG, si_code=SI_TKILL, si_pid=1105, si_uid=0} ---
1115  set_robust_list(0x7fb3a2ffd920, 24 <unfinished ...>
1112  <... rt_sigprocmask resumed>NULL, 8) = 0
1111  sched_yield( <unfinished ...>
1115  <... set_robust_list resumed>)    = 0
1112  rt_sigprocmask(SIG_SETMASK, [],  <unfinished ...>
1110  <... nanosleep resumed>NULL)      = 0
1105  rt_sigreturn({mask=[]} <unfinished ...>
1115  rt_sigprocmask(SIG_SETMASK, ~[KILL STOP RTMIN RT_1],  <unfinished ...>
1112  <... rt_sigprocmask resumed>NULL, 8) = 0
1111  <... sched_yield resumed>)        = 0
1110  nanosleep({tv_sec=0, tv_nsec=10000000},  <unfinished ...>
1115  <... rt_sigprocmask resumed>NULL, 8) = 0
1112  futex(0xc000066d50, FUTEX_WAIT_PRIVATE, 0, NULL <unfinished ...>
1105  <... rt_sigreturn resumed>)       = 1
1115  mmap(NULL, 134217728, PROT_NONE, MAP_PRIVATE|MAP_ANONYMOUS|MAP_NORESERVE, -1, 0 <unfinished ...>
1111  futex(0x2ec0658, FUTEX_WAIT_PRIVATE, 0, {tv_sec=0, tv_nsec=100000} <unfinished ...>
1115  <... mmap resumed>)               = 0x7fb384000000
1105  futex(0x2ebf010, FUTEX_WAIT_PRIVATE, 0, NULL <unfinished ...>
1115  munmap(0x7fb388000000, 67108864 <unfinished ...>
1111  <... futex resumed>)              = -1 ETIMEDOUT (Connection timed out)
1115  <... munmap resumed>)             = 0
1111  futex(0x2ec0658, FUTEX_WAIT_PRIVATE, 0, {tv_sec=0, tv_nsec=100000} <unfinished ...>
1115  mprotect(0x7fb384000000, 135168, PROT_READ|PROT_WRITE) = 0
1111  <... futex resumed>)              = -1 ETIMEDOUT (Connection timed out)
1115  sigaltstack(NULL,  <unfinished ...>
1111  futex(0x2ec0658, FUTEX_WAIT_PRIVATE, 0, {tv_sec=0, tv_nsec=100000} <unfinished ...>
1115  <... sigaltstack resumed>{ss_sp=NULL, ss_flags=SS_DISABLE, ss_size=0}) = 0
1111  <... futex resumed>)              = -1 ETIMEDOUT (Connection timed out)
1115  sigaltstack({ss_sp=0xc000544000, ss_flags=0, ss_size=32768},  <unfinished ...>
1111  futex(0x2ec0658, FUTEX_WAIT_PRIVATE, 0, {tv_sec=0, tv_nsec=100000} <unfinished ...>
1115  <... sigaltstack resumed>NULL)    = 0
1115  rt_sigprocmask(SIG_SETMASK, [],  <unfinished ...>
1111  <... futex resumed>)              = -1 ETIMEDOUT (Connection timed out)
1115  <... rt_sigprocmask resumed>NULL, 8) = 0
1111  futex(0x2ec0658, FUTEX_WAIT_PRIVATE, 0, {tv_sec=0, tv_nsec=100000} <unfinished ...>
1115  gettid()                          = 1115
1111  <... futex resumed>)              = -1 ETIMEDOUT (Connection timed out)
1115  futex(0x2ec0658, FUTEX_WAKE_PRIVATE, 1 <unfinished ...>
1111  sched_yield( <unfinished ...>
1115  <... futex resumed>)              = 0
1111  <... sched_yield resumed>)        = 0
1115  nanosleep({tv_sec=0, tv_nsec=3000},  <unfinished ...>
1111  futex(0x2ec0538, FUTEX_WAKE_PRIVATE, 1 <unfinished ...>
1115  <... nanosleep resumed>NULL)      = 0
1111  <... futex resumed>)              = 0
1115  futex(0xc000066d50, FUTEX_WAKE_PRIVATE, 1 <unfinished ...>
1111  futex(0x2ec0658, FUTEX_WAIT_PRIVATE, 0, {tv_sec=0, tv_nsec=100000} <unfinished ...>
1115  <... futex resumed>)              = 1
1112  <... futex resumed>)              = 0
1115  futex(0x2ebf010, FUTEX_WAKE_PRIVATE, 1 <unfinished ...>
1111  <... futex resumed>)              = -1 ETIMEDOUT (Connection timed out)
1115  <... futex resumed>)              = 1
1112  futex(0xc000066d50, FUTEX_WAIT_PRIVATE, 0, NULL <unfinished ...>
1105  <... futex resumed>)              = 0
1115  futex(0xc000540150, FUTEX_WAIT_PRIVATE, 0, NULL <unfinished ...>
1111  futex(0x2ec0658, FUTEX_WAIT_PRIVATE, 0, {tv_sec=0, tv_nsec=100000} <unfinished ...>
1105  mmap(NULL, 262144, PROT_READ|PROT_WRITE, MAP_PRIVATE|MAP_ANONYMOUS, -1, 0 <unfinished ...>
1111  <... futex resumed>)              = -1 ETIMEDOUT (Connection timed out)
1105  <... mmap resumed>)               = 0x7fb3a84ba000
1111  getpid( <unfinished ...>
1105  futex(0xc000540150, FUTEX_WAKE_PRIVATE, 1 <unfinished ...>
1111  <... getpid resumed>)             = 1105
1115  <... futex resumed>)              = 0
1105  <... futex resumed>)              = 1
1115  futex(0x2ec0658, FUTEX_WAKE_PRIVATE, 1 <unfinished ...>
1111  tgkill(1105, 1105, SIGURG <unfinished ...>
1115  <... futex resumed>)              = 0
1110  <... nanosleep resumed>NULL)      = 0
1105  sched_yield( <unfinished ...>
1115  futex(0x2ebf010, FUTEX_WAKE_PRIVATE, 1 <unfinished ...>
1111  <... tgkill resumed>)             = 0
1110  getpid( <unfinished ...>
1115  <... futex resumed>)              = 0
1111  futex(0x2ec0628, FUTEX_WAIT_PRIVATE, 0, {tv_sec=0, tv_nsec=100000} <unfinished ...>
1105  <... sched_yield resumed>)        = 0
1115  futex(0xc000540150, FUTEX_WAIT_PRIVATE, 0, NULL <unfinished ...>
1110  <... getpid resumed>)             = 1105
1111  <... futex resumed>)              = -1 ETIMEDOUT (Connection timed out)
1105  --- SIGURG {si_signo=SIGURG, si_code=SI_TKILL, si_pid=1105, si_uid=0} ---
1111  futex(0x2ec0628, FUTEX_WAIT_PRIVATE, 0, {tv_sec=0, tv_nsec=100000} <unfinished ...>
1110  tgkill(1105, 1111, SIGURG <unfinished ...>
1105  rt_sigreturn({mask=[]} <unfinished ...>
1111  <... futex resumed>)              = -1 ETIMEDOUT (Connection timed out)
1110  <... tgkill resumed>)             = 0
1111  --- SIGURG {si_signo=SIGURG, si_code=SI_TKILL, si_pid=1105, si_uid=0} ---
1105  <... rt_sigreturn resumed>)       = 0
1111  rt_sigreturn({mask=[]} <unfinished ...>
1110  nanosleep({tv_sec=0, tv_nsec=10000000},  <unfinished ...>
1111  <... rt_sigreturn resumed>)       = -1 ETIMEDOUT (Connection timed out)
1105  futex(0x2ec0538, FUTEX_WAKE_PRIVATE, 1 <unfinished ...>
1111  futex(0x2ec0628, FUTEX_WAIT_PRIVATE, 0, {tv_sec=0, tv_nsec=100000} <unfinished ...>
1105  <... futex resumed>)              = 0
1111  <... futex resumed>)              = -1 ETIMEDOUT (Connection timed out)
1111  getpid( <unfinished ...>
1105  futex(0xc000540150, FUTEX_WAKE_PRIVATE, 1 <unfinished ...>
1111  <... getpid resumed>)             = 1105
1115  <... futex resumed>)              = 0
1105  <... futex resumed>)              = 1
1115  futex(0x2ec0628, FUTEX_WAKE_PRIVATE, 1 <unfinished ...>
1111  tgkill(1105, 1105, SIGURG <unfinished ...>
1115  <... futex resumed>)              = 0
1105  sched_yield( <unfinished ...>
1115  futex(0xc000540150, FUTEX_WAIT_PRIVATE, 0, NULL <unfinished ...>
1111  <... tgkill resumed>)             = 0
1105  <... sched_yield resumed>)        = 0
1111  epoll_pwait(3,  <unfinished ...>
1105  --- SIGURG {si_signo=SIGURG, si_code=SI_TKILL, si_pid=1105, si_uid=0} ---
1111  <... epoll_pwait resumed>[], 128, 0, NULL, 0) = 0
1105  rt_sigreturn({mask=[]} <unfinished ...>
1111  mmap(NULL, 262144, PROT_READ|PROT_WRITE, MAP_PRIVATE|MAP_ANONYMOUS, -1, 0 <unfinished ...>
1105  <... rt_sigreturn resumed>)       = 0
1111  <... mmap resumed>)               = 0x7fb3a847a000
1105  futex(0x2ec0538, FUTEX_WAIT_PRIVATE, 2, NULL <unfinished ...>
1111  futex(0x2ec0538, FUTEX_WAKE_PRIVATE, 1) = 1
1105  <... futex resumed>)              = 0
1111  futex(0xc000540150, FUTEX_WAKE_PRIVATE, 1 <unfinished ...>
1105  futex(0x2ec0538, FUTEX_WAKE_PRIVATE, 1 <unfinished ...>
1115  <... futex resumed>)              = 0
1111  <... futex resumed>)              = 1
1115  futex(0x2ebf010, FUTEX_WAKE_PRIVATE, 1 <unfinished ...>
1105  <... futex resumed>)              = 0
1115  <... futex resumed>)              = 0
1111  futex(0xc000066d50, FUTEX_WAKE_PRIVATE, 1 <unfinished ...>
1115  futex(0xc000540150, FUTEX_WAIT_PRIVATE, 0, NULL <unfinished ...>
1112  <... futex resumed>)              = 0
1111  <... futex resumed>)              = 1
1112  nanosleep({tv_sec=0, tv_nsec=3000},  <unfinished ...>
1111  getpid( <unfinished ...>
1105  sched_yield( <unfinished ...>
1112  <... nanosleep resumed>NULL)      = 0
1111  <... getpid resumed>)             = 1105
1112  sched_yield( <unfinished ...>
1105  <... sched_yield resumed>)        = 0
1112  <... sched_yield resumed>)        = 0
1111  tgkill(1105, 1105, SIGURG <unfinished ...>
1112  futex(0x2ec0538, FUTEX_WAIT_PRIVATE, 2, NULL <unfinished ...>
1110  <... nanosleep resumed>NULL)      = 0
1105  futex(0x2ec0538, FUTEX_WAIT_PRIVATE, 2, NULL <unfinished ...>
1111  <... tgkill resumed>)             = 0
1110  getpid( <unfinished ...>
1111  futex(0x2ec0538, FUTEX_WAKE_PRIVATE, 1 <unfinished ...>
1105  <... futex resumed>)              = ? ERESTARTSYS (To be restarted if SA_RESTART is set)
1112  <... futex resumed>)              = 0
1111  <... futex resumed>)              = 1
1110  <... getpid resumed>)             = 1105
1112  futex(0x2ec0538, FUTEX_WAKE_PRIVATE, 1 <unfinished ...>
1111  futex(0x2ec0658, FUTEX_WAIT_PRIVATE, 0, {tv_sec=0, tv_nsec=100000} <unfinished ...>
1105  --- SIGURG {si_signo=SIGURG, si_code=SI_TKILL, si_pid=1105, si_uid=0} ---
1112  <... futex resumed>)              = 0
1110  tgkill(1105, 1111, SIGURG <unfinished ...>
1112  futex(0xc000540150, FUTEX_WAKE_PRIVATE, 1 <unfinished ...>
1111  <... futex resumed>)              = -1 ETIMEDOUT (Connection timed out)
1105  rt_sigreturn({mask=[]} <unfinished ...>
1115  <... futex resumed>)              = 0
1112  <... futex resumed>)              = 1
1111  --- SIGURG {si_signo=SIGURG, si_code=SI_TKILL, si_pid=1105, si_uid=0} ---
1110  <... tgkill resumed>)             = 0
1115  futex(0xc000540150, FUTEX_WAIT_PRIVATE, 0, NULL <unfinished ...>
1111  rt_sigreturn({mask=[]} <unfinished ...>
1105  <... rt_sigreturn resumed>)       = 202
1111  <... rt_sigreturn resumed>)       = -1 ETIMEDOUT (Connection timed out)
1110  nanosleep({tv_sec=0, tv_nsec=10000000},  <unfinished ...>
1111  getpid( <unfinished ...>
1105  futex(0x2ec0538, FUTEX_WAIT_PRIVATE, 2, NULL <unfinished ...>
1111  <... getpid resumed>)             = 1105
1105  <... futex resumed>)              = -1 EAGAIN (Resource temporarily unavailable)
1111  tgkill(1105, 1112, SIGURG <unfinished ...>
1105  futex(0x2ec0538, FUTEX_WAKE_PRIVATE, 1 <unfinished ...>
1112  --- SIGURG {si_signo=SIGURG, si_code=SI_TKILL, si_pid=1105, si_uid=0} ---
1111  <... tgkill resumed>)             = 0
1112  rt_sigreturn({mask=[]} <unfinished ...>
1105  <... futex resumed>)              = 0
1112  <... rt_sigreturn resumed>)       = 49217456
1111  futex(0x2ec0658, FUTEX_WAIT_PRIVATE, 0, {tv_sec=0, tv_nsec=100000} <unfinished ...>
1105  futex(0xc000540150, FUTEX_WAKE_PRIVATE, 1 <unfinished ...>
1111  <... futex resumed>)              = -1 ETIMEDOUT (Connection timed out)
1115  <... futex resumed>)              = 0
1105  <... futex resumed>)              = 1
1115  futex(0x2ec0658, FUTEX_WAKE_PRIVATE, 1 <unfinished ...>
1112  futex(0x2ebf010, FUTEX_WAKE_PRIVATE, 1 <unfinished ...>
1111  getpid( <unfinished ...>
1115  <... futex resumed>)              = 0
1112  <... futex resumed>)              = 0
1105  sched_yield( <unfinished ...>
1112  futex(0xc000066d50, FUTEX_WAIT_PRIVATE, 0, NULL <unfinished ...>
1111  <... getpid resumed>)             = 1105
1105  <... sched_yield resumed>)        = 0
1111  tgkill(1105, 1112, SIGURG <unfinished ...>
1105  futex(0x2ec0538, FUTEX_WAKE_PRIVATE, 1 <unfinished ...>
1112  <... futex resumed>)              = ? ERESTARTSYS (To be restarted if SA_RESTART is set)
1111  <... tgkill resumed>)             = 0
1112  --- SIGURG {si_signo=SIGURG, si_code=SI_TKILL, si_pid=1105, si_uid=0} ---
1105  <... futex resumed>)              = 0
1112  rt_sigreturn({mask=[]} <unfinished ...>
1111  getpid( <unfinished ...>
1112  <... rt_sigreturn resumed>)       = 202
1111  <... getpid resumed>)             = 1105
1112  futex(0xc000066d50, FUTEX_WAIT_PRIVATE, 0, NULL <unfinished ...>
1111  tgkill(1105, 1115, SIGURG <unfinished ...>
1115  --- SIGURG {si_signo=SIGURG, si_code=SI_TKILL, si_pid=1105, si_uid=0} ---
1111  <... tgkill resumed>)             = 0
1115  rt_sigreturn({mask=[]} <unfinished ...>
1105  futex(0x2ebf010, FUTEX_WAIT_PRIVATE, 0, NULL <unfinished ...>
1115  <... rt_sigreturn resumed>)       = 49217456
1111  futex(0xc000066d50, FUTEX_WAKE_PRIVATE, 1 <unfinished ...>
1115  nanosleep({tv_sec=0, tv_nsec=3000},  <unfinished ...>
1110  <... nanosleep resumed>NULL)      = 0
1115  <... nanosleep resumed>NULL)      = 0
1112  <... futex resumed>)              = 0
1111  <... futex resumed>)              = 1
1115  futex(0x2ebf010, FUTEX_WAKE_PRIVATE, 1 <unfinished ...>
1112  rt_sigprocmask(SIG_SETMASK, ~[RTMIN RT_1],  <unfinished ...>
1110  rt_sigprocmask(SIG_SETMASK, ~[RTMIN RT_1],  <unfinished ...>
1115  <... futex resumed>)              = 1
1112  <... rt_sigprocmask resumed>[], 8) = 0
1111  futex(0xc000066950, FUTEX_WAIT_PRIVATE, 0, NULL <unfinished ...>
1105  <... futex resumed>)              = 0
1115  futex(0xc000540150, FUTEX_WAIT_PRIVATE, 0, NULL <unfinished ...>
1112  mmap(NULL, 8392704, PROT_NONE, MAP_PRIVATE|MAP_ANONYMOUS|MAP_STACK, -1, 0 <unfinished ...>
1110  <... rt_sigprocmask resumed>[], 8) = 0
1112  <... mmap resumed>)               = 0x7fb3a1ffc000
1105  futex(0x2ec0628, FUTEX_WAIT_PRIVATE, 0, {tv_sec=0, tv_nsec=100000} <unfinished ...>
1112  mprotect(0x7fb3a1ffd000, 8388608, PROT_READ|PROT_WRITE <unfinished ...>
1110  mmap(NULL, 8392704, PROT_NONE, MAP_PRIVATE|MAP_ANONYMOUS|MAP_STACK, -1, 0 <unfinished ...>
1112  <... mprotect resumed>)           = 0
1105  <... futex resumed>)              = -1 ETIMEDOUT (Connection timed out)
1112  rt_sigprocmask(SIG_BLOCK, ~[],  <unfinished ...>
1110  <... mmap resumed>)               = 0x7fb3a17fb000
1112  <... rt_sigprocmask resumed>~[KILL STOP RTMIN RT_1], 8) = 0
1105  futex(0x2ec0628, FUTEX_WAIT_PRIVATE, 0, {tv_sec=0, tv_nsec=100000} <unfinished ...>
1112  clone3({flags=CLONE_VM|CLONE_FS|CLONE_FILES|CLONE_SIGHAND|CLONE_THREAD|CLONE_SYSVSEM|CLONE_SETTLS|CLONE_PARENT_SETTID|CLONE_CHILD_CLEARTID, child_tid=0x7fb3a27fc910, parent_tid=0x7fb3a27fc910, exit_signal=0, stack=0x7fb3a1ffc000, stack_size=0x7fff00, tls=0x7fb3a27fc640} <unfinished ...>
1110  mprotect(0x7fb3a17fc000, 8388608, PROT_READ|PROT_WRITE <unfinished ...>
1112  <... clone3 resumed>, 88)         = -1 ENOSYS (Function not implemented)
1105  <... futex resumed>)              = -1 ETIMEDOUT (Connection timed out)
1112  clone(child_stack=0x7fb3a27fbef0, flags=CLONE_VM|CLONE_FS|CLONE_FILES|CLONE_SIGHAND|CLONE_THREAD|CLONE_SYSVSEM|CLONE_SETTLS|CLONE_PARENT_SETTID|CLONE_CHILD_CLEARTID <unfinished ...>
1110  <... mprotect resumed>)           = 0
1105  futex(0x2ec0628, FUTEX_WAIT_PRIVATE, 0, {tv_sec=0, tv_nsec=100000} <unfinished ...>
1110  rt_sigprocmask(SIG_BLOCK, ~[],  <unfinished ...>
1116  rseq(0x7fb3a27fcfe0, 0x20, 0, 0x53053053 <unfinished ...>
1112  <... clone resumed>, parent_tid=[1116], tls=0x7fb3a27fc640, child_tidptr=0x7fb3a27fc910) = 1116
1105  <... futex resumed>)              = -1 ETIMEDOUT (Connection timed out)
1116  <... rseq resumed>)               = 0
1112  rt_sigprocmask(SIG_SETMASK, ~[KILL STOP RTMIN RT_1],  <unfinished ...>
1110  <... rt_sigprocmask resumed>~[KILL STOP RTMIN RT_1], 8) = 0
1116  set_robust_list(0x7fb3a27fc920, 24 <unfinished ...>
1112  <... rt_sigprocmask resumed>NULL, 8) = 0
1105  futex(0x2ec0628, FUTEX_WAIT_PRIVATE, 0, {tv_sec=0, tv_nsec=100000} <unfinished ...>
1116  <... set_robust_list resumed>)    = 0
1112  rt_sigprocmask(SIG_SETMASK, [],  <unfinished ...>
1110  clone3({flags=CLONE_VM|CLONE_FS|CLONE_FILES|CLONE_SIGHAND|CLONE_THREAD|CLONE_SYSVSEM|CLONE_SETTLS|CLONE_PARENT_SETTID|CLONE_CHILD_CLEARTID, child_tid=0x7fb3a1ffb910, parent_tid=0x7fb3a1ffb910, exit_signal=0, stack=0x7fb3a17fb000, stack_size=0x7fff00, tls=0x7fb3a1ffb640} <unfinished ...>
1116  rt_sigprocmask(SIG_SETMASK, ~[KILL STOP RTMIN RT_1],  <unfinished ...>
1112  <... rt_sigprocmask resumed>NULL, 8) = 0
1105  <... futex resumed>)              = -1 ETIMEDOUT (Connection timed out)
1116  <... rt_sigprocmask resumed>NULL, 8) = 0
1112  madvise(0xc000400000, 2097152, MADV_NOHUGEPAGE <unfinished ...>
1110  <... clone3 resumed>, 88)         = -1 ENOSYS (Function not implemented)
1116  mmap(0x7fb388000000, 67108864, PROT_NONE, MAP_PRIVATE|MAP_ANONYMOUS|MAP_NORESERVE, -1, 0 <unfinished ...>
1112  <... madvise resumed>)            = 0
1105  getpid( <unfinished ...>
1116  <... mmap resumed>)               = 0x7fb388000000
1112  madvise(0xc00053e000, 8192, MADV_DONTNEED <unfinished ...>
1110  clone(child_stack=0x7fb3a1ffaef0, flags=CLONE_VM|CLONE_FS|CLONE_FILES|CLONE_SIGHAND|CLONE_THREAD|CLONE_SYSVSEM|CLONE_SETTLS|CLONE_PARENT_SETTID|CLONE_CHILD_CLEARTID <unfinished ...>
1116  mprotect(0x7fb388000000, 135168, PROT_READ|PROT_WRITE <unfinished ...>
1112  <... madvise resumed>)            = 0
1105  <... getpid resumed>)             = 1105
1116  <... mprotect resumed>)           = 0
1112  futex(0xc000066d50, FUTEX_WAIT_PRIVATE, 0, NULL <unfinished ...>
1117  rseq(0x7fb3a1ffbfe0, 0x20, 0, 0x53053053 <unfinished ...>
1116  sigaltstack(NULL,  <unfinished ...>
1105  tgkill(1105, 1112, SIGURG <unfinished ...>
1117  <... rseq resumed>)               = 0
1116  <... sigaltstack resumed>{ss_sp=NULL, ss_flags=SS_DISABLE, ss_size=0}) = 0
1110  <... clone resumed>, parent_tid=[1117], tls=0x7fb3a1ffb640, child_tidptr=0x7fb3a1ffb910) = 1117
1117  set_robust_list(0x7fb3a1ffb920, 24 <unfinished ...>
1116  sigaltstack({ss_sp=0xc0004ea000, ss_flags=0, ss_size=32768},  <unfinished ...>
1112  <... futex resumed>)              = ? ERESTARTSYS (To be restarted if SA_RESTART is set)
1105  <... tgkill resumed>)             = 0
1117  <... set_robust_list resumed>)    = 0
1116  <... sigaltstack resumed>NULL)    = 0
1112  --- SIGURG {si_signo=SIGURG, si_code=SI_TKILL, si_pid=1105, si_uid=0} ---
1110  rt_sigprocmask(SIG_SETMASK, ~[KILL STOP RTMIN RT_1],  <unfinished ...>
1117  rt_sigprocmask(SIG_SETMASK, ~[KILL STOP RTMIN RT_1],  <unfinished ...>
1116  rt_sigprocmask(SIG_SETMASK, [],  <unfinished ...>
1112  rt_sigreturn({mask=[]} <unfinished ...>
1105  futex(0x2ec0628, FUTEX_WAIT_PRIVATE, 0, {tv_sec=0, tv_nsec=100000} <unfinished ...>
1117  <... rt_sigprocmask resumed>NULL, 8) = 0
1116  <... rt_sigprocmask resumed>NULL, 8) = 0
1112  <... rt_sigreturn resumed>)       = 202
