2675  read(3, "\177ELF\2\1\1\0\0\0\0\0\0\0\0\0\3\0>\0\1\0\0\0\0\0\0\0\0\0\0\0@\0\0\0\0\0\0\0P\321\f\0\0\0\0\0\0\0\0\0@\08\0\v\0@\0\34\0\33\0\1\0\0\0\4\0\0\0\0\0\0\0\0\0\0\0\0\0\0\0\0\0\0\0\0\0\0\0\0\0\0\0X\220\0\0\0\0\0\0X\220\0\0\0\0\0\0\0\20\0\0\0\0\0\0\1\0\0\0\5\0\0\0"..., 832) = 832
2675  newfstatat(3, "", {st_mode=S_IFREG|0644, st_size=841808, ...}, AT_EMPTY_PATH) = 0
2675  mmap(NULL, 843832, PROT_READ, MAP_PRIVATE|MAP_DENYWRITE, 3, 0) = 0x7fc9f160b000
2675  mmap(0x7fc9f1615000, 729088, PROT_READ|PROT_EXEC, MAP_PRIVATE|MAP_FIXED|MAP_DENYWRITE, 3, 0xa000) = 0x7fc9f1615000
2675  mmap(0x7fc9f16c7000, 69632, PROT_READ, MAP_PRIVATE|MAP_FIXED|MAP_DENYWRITE, 3, 0xbc000) = 0x7fc9f16c7000
2675  mmap(0x7fc9f16d8000, 8192, PROT_READ|PROT_WRITE, MAP_PRIVATE|MAP_FIXED|MAP_DENYWRITE, 3, 0xcc000) = 0x7fc9f16d8000
2675  close(3)                          = 0
2675  openat(AT_FDCWD, "/lib/x86_64-linux-gnu/liblz4.so.1", O_RDONLY|O_CLOEXEC) = 3
2675  read(3, "\177ELF\2\1\1\0\0\0\0\0\0\0\0\0\3\0>\0\1\0\0\0\0\0\0\0\0\0\0\0@\0\0\0\0\0\0\0\240\341\1\0\0\0\0\0\0\0\0\0@\08\0\v\0@\0\35\0\34\0\1\0\0\0\4\0\0\0\0\0\0\0\0\0\0\0\0\0\0\0\0\0\0\0\0\0\0\0\0\0\0\0\200\36\0\0\0\0\0\0\200\36\0\0\0\0\0\0\0\20\0\0\0\0\0\0\1\0\0\0\5\0\0\0"..., 832) = 832
2675  newfstatat(3, "", {st_mode=S_IFREG|0644, st_size=125152, ...}, AT_EMPTY_PATH) = 0
2675  mmap(NULL, 8192, PROT_READ|PROT_WRITE, MAP_PRIVATE|MAP_ANONYMOUS, -1, 0) = 0x7fc9f1609000
2675  mmap(NULL, 127072, PROT_READ, MAP_PRIVATE|MAP_DENYWRITE, 3, 0) = 0x7fc9f15e9000
2675  mprotect(0x7fc9f15eb000, 114688, PROT_NONE) = 0
2675  mmap(0x7fc9f15eb000, 102400, PROT_READ|PROT_EXEC, MAP_PRIVATE|MAP_FIXED|MAP_DENYWRITE, 3, 0x2000) = 0x7fc9f15eb000
2675  mmap(0x7fc9f1604000, 8192, PROT_READ, MAP_PRIVATE|MAP_FIXED|MAP_DENYWRITE, 3, 0x1b000) = 0x7fc9f1604000
2675  mmap(0x7fc9f1607000, 8192, PROT_READ|PROT_WRITE, MAP_PRIVATE|MAP_FIXED|MAP_DENYWRITE, 3, 0x1d000) = 0x7fc9f1607000
2675  close(3)                          = 0
2675  openat(AT_FDCWD, "/lib/x86_64-linux-gnu/libcap.so.2", O_RDONLY|O_CLOEXEC) = 3
2675  read(3, "\177ELF\2\1\1\0\0\0\0\0\0\0\0\0\3\0>\0\1\0\0\0\0\0\0\0\0\0\0\0@\0\0\0\0\0\0\0p\221\0\0\0\0\0\0\0\0\0\0@\08\0\v\0@\0\34\0\33\0\1\0\0\0\4\0\0\0\0\0\0\0\0\0\0\0\0\0\0\0\0\0\0\0\0\0\0\0\0\0\0\0\10!\0\0\0\0\0\0\10!\0\0\0\0\0\0\0\20\0\0\0\0\0\0\1\0\0\0\5\0\0\0"..., 832) = 832
2675  newfstatat(3, "", {st_mode=S_IFREG|0644, st_size=39024, ...}, AT_EMPTY_PATH) = 0
2675  mmap(NULL, 41016, PROT_READ, MAP_PRIVATE|MAP_DENYWRITE, 3, 0) = 0x7fc9f15de000
2675  mmap(0x7fc9f15e1000, 16384, PROT_READ|PROT_EXEC, MAP_PRIVATE|MAP_FIXED|MAP_DENYWRITE, 3, 0x3000) = 0x7fc9f15e1000
2675  mmap(0x7fc9f15e5000, 8192, PROT_READ, MAP_PRIVATE|MAP_FIXED|MAP_DENYWRITE, 3, 0x7000) = 0x7fc9f15e5000
2675  mmap(0x7fc9f15e7000, 8192, PROT_READ|PROT_WRITE, MAP_PRIVATE|MAP_FIXED|MAP_DENYWRITE, 3, 0x8000) = 0x7fc9f15e7000
2675  close(3)                          = 0
2675  openat(AT_FDCWD, "/lib/x86_64-linux-gnu/libgcrypt.so.20", O_RDONLY|O_CLOEXEC) = 3
2675  read(3, "\177ELF\2\1\1\0\0\0\0\0\0\0\0\0\3\0>\0\1\0\0\0\0\0\0\0\0\0\0\0@\0\0\0\0\0\0\0x\300\23\0\0\0\0\0\0\0\0\0@\08\0\v\0@\0\35\0\34\0\1\0\0\0\4\0\0\0\0\0\0\0\0\0\0\0\0\0\0\0\0\0\0\0\0\0\0\0\0\0\0\0\0\342\0\0\0\0\0\0\0\342\0\0\0\0\0\0\0\20\0\0\0\0\0\0\1\0\0\0\5\0\0\0"..., 832) = 832
2675  newfstatat(3, "", {st_mode=S_IFREG|0644, st_size=1296312, ...}, AT_EMPTY_PATH) = 0
2675  mmap(NULL, 1299576, PROT_READ, MAP_PRIVATE|MAP_DENYWRITE, 3, 0) = 0x7fc9f14a0000
2675  mprotect(0x7fc9f14af000, 1200128, PROT_NONE) = 0
2675  mmap(0x7fc9f14af000, 942080, PROT_READ|PROT_EXEC, MAP_PRIVATE|MAP_FIXED|MAP_DENYWRITE, 3, 0xf000) = 0x7fc9f14af000
2675  mmap(0x7fc9f1595000, 253952, PROT_READ, MAP_PRIVATE|MAP_FIXED|MAP_DENYWRITE, 3, 0xf5000) = 0x7fc9f1595000
2675  mmap(0x7fc9f15d4000, 36864, PROT_READ|PROT_WRITE, MAP_PRIVATE|MAP_FIXED|MAP_DENYWRITE, 3, 0x133000) = 0x7fc9f15d4000
2675  mmap(0x7fc9f15dd000, 1144, PROT_READ|PROT_WRITE, MAP_PRIVATE|MAP_FIXED|MAP_ANONYMOUS, -1, 0) = 0x7fc9f15dd000
2675  close(3)                          = 0
2675  openat(AT_FDCWD, "/lib/x86_64-linux-gnu/libbsd.so.0", O_RDONLY|O_CLOEXEC) = 3
2675  read(3, "\177ELF\2\1\1\0\0\0\0\0\0\0\0\0\3\0>\0\1\0\0\0\0\0\0\0\0\0\0\0@\0\0\0\0\0\0\0HR\1\0\0\0\0\0\0\0\0\0@\08\0\v\0@\0'\0&\0\1\0\0\0\4\0\0\0\0\0\0\0\0\0\0\0\0\0\0\0\0\0\0\0\0\0\0\0\0\0\0\0\250;\0\0\0\0\0\0\250;\0\0\0\0\0\0\0\20\0\0\0\0\0\0\1\0\0\0\5\0\0\0"..., 832) = 832
2675  newfstatat(3, "", {st_mode=S_IFREG|0644, st_size=89096, ...}, AT_EMPTY_PATH) = 0
2675  mmap(NULL, 94432, PROT_READ, MAP_PRIVATE|MAP_DENYWRITE, 3, 0) = 0x7fc9f1488000
2675  mprotect(0x7fc9f148c000, 69632, PROT_NONE) = 0
2675  mmap(0x7fc9f148c000, 53248, PROT_READ|PROT_EXEC, MAP_PRIVATE|MAP_FIXED|MAP_DENYWRITE, 3, 0x4000) = 0x7fc9f148c000
2675  mmap(0x7fc9f1499000, 12288, PROT_READ, MAP_PRIVATE|MAP_FIXED|MAP_DENYWRITE, 3, 0x11000) = 0x7fc9f1499000
2675  mmap(0x7fc9f149d000, 8192, PROT_READ|PROT_WRITE, MAP_PRIVATE|MAP_FIXED|MAP_DENYWRITE, 3, 0x14000) = 0x7fc9f149d000
2675  mmap(0x7fc9f149f000, 224, PROT_READ|PROT_WRITE, MAP_PRIVATE|MAP_FIXED|MAP_ANONYMOUS, -1, 0) = 0x7fc9f149f000
2675  close(3)                          = 0
2675  openat(AT_FDCWD, "/lib/x86_64-linux-gnu/libgpg-error.so.0", O_RDONLY|O_CLOEXEC) = 3
2675  read(3, "\177ELF\2\1\1\0\0\0\0\0\0\0\0\0\3\0>\0\1\0\0\0\0\0\0\0\0\0\0\0@\0\0\0\0\0\0\0\300A\2\0\0\0\0\0\0\0\0\0@\08\0\v\0@\0\35\0\34\0\1\0\0\0\4\0\0\0\0\0\0\0\0\0\0\0\0\0\0\0\0\0\0\0\0\0\0\0\0\0\0\08>\0\0\0\0\0\08>\0\0\0\0\0\0\0\20\0\0\0\0\0\0\1\0\0\0\5\0\0\0"..., 832) = 832
2675  newfstatat(3, "", {st_mode=S_IFREG|0644, st_size=149760, ...}, AT_EMPTY_PATH) = 0
2675  mmap(NULL, 151992, PROT_READ, MAP_PRIVATE|MAP_DENYWRITE, 3, 0) = 0x7fc9f1462000
2675  mmap(0x7fc9f1466000, 90112, PROT_READ|PROT_EXEC, MAP_PRIVATE|MAP_FIXED|MAP_DENYWRITE, 3, 0x4000) = 0x7fc9f1466000
2675  mmap(0x7fc9f147c000, 40960, PROT_READ, MAP_PRIVATE|MAP_FIXED|MAP_DENYWRITE, 3, 0x1a000) = 0x7fc9f147c000
2675  mmap(0x7fc9f1486000, 8192, PROT_READ|PROT_WRITE, MAP_PRIVATE|MAP_FIXED|MAP_DENYWRITE, 3, 0x23000) = 0x7fc9f1486000
2675  close(3)                          = 0
2675  openat(AT_FDCWD, "/lib/x86_64-linux-gnu/libmd.so.0", O_RDONLY|O_CLOEXEC) = 3
2675  read(3, "\177ELF\2\1\1\0\0\0\0\0\0\0\0\0\3\0>\0\1\0\0\0\0\0\0\0\0\0\0\0@\0\0\0\0\0\0\0000\262\0\0\0\0\0\0\0\0\0\0@\08\0\v\0@\0\35\0\34\0\1\0\0\0\4\0\0\0\0\0\0\0\0\0\0\0\0\0\0\0\0\0\0\0\0\0\0\0\0\0\0\0\310\25\0\0\0\0\0\0\310\25\0\0\0\0\0\0\0\20\0\0\0\0\0\0\1\0\0\0\5\0\0\0"..., 832) = 832
2675  newfstatat(3, "", {st_mode=S_IFREG|0644, st_size=47472, ...}, AT_EMPTY_PATH) = 0
2675  mmap(NULL, 8192, PROT_READ|PROT_WRITE, MAP_PRIVATE|MAP_ANONYMOUS, -1, 0) = 0x7fc9f1460000
2675  mmap(NULL, 49384, PROT_READ, MAP_PRIVATE|MAP_DENYWRITE, 3, 0) = 0x7fc9f1453000
2675  mmap(0x7fc9f1455000, 28672, PROT_READ|PROT_EXEC, MAP_PRIVATE|MAP_FIXED|MAP_DENYWRITE, 3, 0x2000) = 0x7fc9f1455000
2675  mmap(0x7fc9f145c000, 8192, PROT_READ, MAP_PRIVATE|MAP_FIXED|MAP_DENYWRITE, 3, 0x9000) = 0x7fc9f145c000
2675  mmap(0x7fc9f145e000, 8192, PROT_READ|PROT_WRITE, MAP_PRIVATE|MAP_FIXED|MAP_DENYWRITE, 3, 0xa000) = 0x7fc9f145e000
2675  close(3)                          = 0
2675  mmap(NULL, 8192, PROT_READ|PROT_WRITE, MAP_PRIVATE|MAP_ANONYMOUS, -1, 0) = 0x7fc9f1451000
2675  mmap(NULL, 8192, PROT_READ|PROT_WRITE, MAP_PRIVATE|MAP_ANONYMOUS, -1, 0) = 0x7fc9f144f000
2675  arch_prctl(ARCH_SET_FS, 0x7fc9f14504c0) = 0
2675  set_tid_address(0x7fc9f1450790)   = 2675
2675  set_robust_list(0x7fc9f14507a0, 24) = 0
2675  rseq(0x7fc9f1450e60, 0x20, 0, 0x53053053) = 0
2675  mprotect(0x7fc9f2436000, 16384, PROT_READ) = 0
2675  mprotect(0x7fc9f145e000, 4096, PROT_READ) = 0
2675  mprotect(0x7fc9f1486000, 4096, PROT_READ) = 0
2675  mprotect(0x7fc9f149d000, 4096, PROT_READ) = 0
2675  mprotect(0x7fc9f15d4000, 12288, PROT_READ) = 0
2675  mprotect(0x7fc9f15e7000, 4096, PROT_READ) = 0
2675  mprotect(0x7fc9f1607000, 4096, PROT_READ) = 0
2675  mprotect(0x7fc9f16d8000, 4096, PROT_READ) = 0
2675  mprotect(0x7fc9f1703000, 4096, PROT_READ) = 0
2675  mprotect(0x7fc9f170e000, 4096, PROT_READ) = 0
2675  mprotect(0x7fc9f211c000, 4096, PROT_READ) = 0
2675  mprotect(0x7fc9f176c000, 4096, PROT_READ) = 0
2675  mprotect(0x7fc9f1844000, 4096, PROT_READ) = 0
2675  mprotect(0x7fc9f17fc000, 114688, PROT_READ) = 0
2675  mprotect(0x7fc9f1882000, 4096, PROT_READ) = 0
2675  mprotect(0x7fc9f18a2000, 4096, PROT_READ) = 0
2675  mprotect(0x7fc9f18aa000, 4096, PROT_READ) = 0
2675  mprotect(0x7fc9f18b0000, 4096, PROT_READ) = 0
2675  mprotect(0x7fc9f18c5000, 4096, PROT_READ) = 0
2675  mprotect(0x7fc9f18cd000, 4096, PROT_READ) = 0
2675  mprotect(0x7fc9f198f000, 28672, PROT_READ) = 0
2675  mprotect(0x7fc9f199b000, 4096, PROT_READ) = 0
2675  mprotect(0x7fc9f1a16000, 12288, PROT_READ) = 0
2675  mprotect(0x7fc9f1a27000, 4096, PROT_READ) = 0
2675  mmap(NULL, 8192, PROT_READ|PROT_WRITE, MAP_PRIVATE|MAP_ANONYMOUS, -1, 0) = 0x7fc9f144d000
2675  mprotect(0x7fc9f1c44000, 45056, PROT_READ) = 0
2675  mprotect(0x7fc9f1c85000, 8192, PROT_READ) = 0
2675  mprotect(0x7fc9f1c9b000, 8192, PROT_READ) = 0
2675  mprotect(0x7fc9f1cd3000, 4096, PROT_READ) = 0
2675  mprotect(0x7fc9f1fdb000, 4096, PROT_READ) = 0
2675  mprotect(0x7fc9f1ca9000, 4096, PROT_READ) = 0
2675  mprotect(0x7fc9f1d21000, 4096, PROT_READ) = 0
2675  mprotect(0x7fc9f1da7000, 8192, PROT_READ) = 0
2675  mprotect(0x7fc9f1e12000, 8192, PROT_READ) = 0
2675  mprotect(0x7fc9f1db2000, 4096, PROT_READ) = 0
2675  mprotect(0x7fc9f1df8000, 8192, PROT_READ) = 0
2675  mprotect(0x7fc9f1e00000, 4096, PROT_READ) = 0
2675  mprotect(0x7fc9f1e1a000, 4096, PROT_READ) = 0
2675  mprotect(0x7fc9f1e41000, 4096, PROT_READ) = 0
2675  mprotect(0x7fc9f1e2b000, 4096, PROT_READ) = 0
2675  mprotect(0x7fc9f1e9e000, 4096, PROT_READ) = 0
2675  mprotect(0x7fc9f1e48000, 4096, PROT_READ) = 0
2675  mprotect(0x7fc9f1e4d000, 4096, PROT_READ) = 0
2675  mprotect(0x7fc9f1e5a000, 4096, PROT_READ) = 0
2675  mprotect(0x7fc9f1e64000, 4096, PROT_READ) = 0
2675  mprotect(0x7fc9f1e78000, 4096, PROT_READ) = 0
2675  mprotect(0x7fc9f1e7d000, 4096, PROT_READ) = 0
2675  mprotect(0x7fc9f1e89000, 4096, PROT_READ) = 0
2675  mprotect(0x7fc9f2034000, 8192, PROT_READ) = 0
2675  mprotect(0x7fc9f2219000, 28672, PROT_READ) = 0
2675  mprotect(0x7fc9f25d5000, 32768, PROT_READ) = 0
2675  mprotect(0x55ccd4179000, 4096, PROT_READ) = 0
2675  mmap(NULL, 8192, PROT_READ|PROT_WRITE, MAP_PRIVATE|MAP_ANONYMOUS, -1, 0) = 0x7fc9f144b000
2675  mprotect(0x7fc9f2628000, 8192, PROT_READ) = 0
2675  prlimit64(0, RLIMIT_STACK, NULL, {rlim_cur=8192*1024, rlim_max=RLIM64_INFINITY}) = 0
2675  munmap(0x7fc9f25e9000, 18949)     = 0
2675  getrandom("\x5c\xc9\x9e\x7f\x9d\xe9\xf0\xd4", 8, GRND_NONBLOCK) = 8
2675  brk(NULL)                         = 0x55ccd58d6000
2675  brk(0x55ccd58f7000)               = 0x55ccd58f7000
2675  prctl(PR_CAPBSET_READ, CAP_MAC_OVERRIDE) = 0
2675  prctl(PR_CAPBSET_READ, 0x30 /* CAP_??? */) = -1 EINVAL (Invalid argument)
2675  prctl(PR_CAPBSET_READ, CAP_CHECKPOINT_RESTORE) = 0
2675  prctl(PR_CAPBSET_READ, 0x2c /* CAP_??? */) = -1 EINVAL (Invalid argument)
2675  prctl(PR_CAPBSET_READ, 0x2a /* CAP_??? */) = -1 EINVAL (Invalid argument)
2675  prctl(PR_CAPBSET_READ, 0x29 /* CAP_??? */) = -1 EINVAL (Invalid argument)
2675  write(2, "INFO: \nspin lock---------------------------------------\n\n", 57) = 57
2675  write(2, "INFO: AtomicLock                   lock=1\n", 42) = 42
2675  write(2, "INFO: AtomicUnlock                 lock=0\n", 42) = 42
2675  write(2, "INFO: \natomic -----------------------------------------\n\n", 57) = 57
2675  write(2, "INFO: AtomicSet(10)        tfret=TRUE val=10\n", 45) = 45
2675  write(2, "INFO: AtomicAdd(10)        tfret=TRUE val=20\n", 45) = 45
2675  write(2, "INFO: AtomicIncRef()       tfret=TRUE val=1\n", 44) = 44
2675  write(2, "INFO: AtomicIncRef()       tfret=TRUE val=2\n", 44) = 44
2675  write(2, "INFO: AtomicDecRef()       tfret=TRUE val=1\n", 44) = 44
2675  write(2, "INFO: AtomicDecRef()       tfret=TRUE val=0\n", 44) = 44
2675  write(2, "INFO: AtomicCAS()          tfret=TRUE val=10\n", 45) = 45
2675  write(2, "INFO: AtomicCAS()          tfret=TRUE val=20\n", 45) = 45
2675  write(2, "INFO: \nepic test---------------------------------------\n\n", 57) = 57
2675  write(2, "INFO: Size asserted to be >= 32-bit\n", 36) = 36
2675  write(2, "INFO: Check static initializer\n", 31) = 31
2675  write(2, "INFO: Test negative values\n", 27) = 27
2675  write(2, "INFO: Verify maximum value\n", 27) = 27
2675  write(2, "INFO: Test compare and exchange\n", 32) = 32
2675  write(2, "INFO: Test Add\n", 15)  = 15
2675  write(2, "INFO: Test Add (Negative values)\n", 33) = 33
2675  write(2, "INFO: Reset before count down test\n", 35) = 35
2675  write(2, "INFO: Counting down from 2147483647, Expect 47 remaining\n", 57) = 57
2675  rt_sigaction(SIGRT_1, {sa_handler=0x7fc9f22b28f0, sa_mask=[], sa_flags=SA_RESTORER|SA_ONSTACK|SA_RESTART|SA_SIGINFO, sa_restorer=0x7fc9f2263520}, NULL, 8) = 0
2675  rt_sigprocmask(SIG_UNBLOCK, [RTMIN RT_1], NULL, 8) = 0
2675  mmap(NULL, 8392704, PROT_NONE, MAP_PRIVATE|MAP_ANONYMOUS|MAP_STACK, -1, 0) = 0x7fc9f0c4a000
2675  mprotect(0x7fc9f0c4b000, 8388608, PROT_READ|PROT_WRITE) = 0
2675  rt_sigprocmask(SIG_BLOCK, ~[], [], 8) = 0
2675  clone3({flags=CLONE_VM|CLONE_FS|CLONE_FILES|CLONE_SIGHAND|CLONE_THREAD|CLONE_SYSVSEM|CLONE_SETTLS|CLONE_PARENT_SETTID|CLONE_CHILD_CLEARTID, child_tid=0x7fc9f144a910, parent_tid=0x7fc9f144a910, exit_signal=0, stack=0x7fc9f0c4a000, stack_size=0x7ffe80, tls=0x7fc9f144a640}, 88) = -1 ENOSYS (Function not implemented)
2675  clone(child_stack=0x7fc9f1449e70, flags=CLONE_VM|CLONE_FS|CLONE_FILES|CLONE_SIGHAND|CLONE_THREAD|CLONE_SYSVSEM|CLONE_SETTLS|CLONE_PARENT_SETTID|CLONE_CHILD_CLEARTID, parent_tid=[2680], tls=0x7fc9f144a640, child_tidptr=0x7fc9f144a910) = 2680
2680  rseq(0x7fc9f144afe0, 0x20, 0, 0x53053053 <unfinished ...>
2675  rt_sigprocmask(SIG_SETMASK, [],  <unfinished ...>
2680  <... rseq resumed>)               = 0
2675  <... rt_sigprocmask resumed>NULL, 8) = 0
2680  set_robust_list(0x7fc9f144a920, 24 <unfinished ...>
2675  mmap(NULL, 8392704, PROT_NONE, MAP_PRIVATE|MAP_ANONYMOUS|MAP_STACK, -1, 0 <unfinished ...>
2680  <... set_robust_list resumed>)    = 0
2675  <... mmap resumed>)               = 0x7fc9f0449000
2680  rt_sigprocmask(SIG_SETMASK, [],  <unfinished ...>
2675  mprotect(0x7fc9f044a000, 8388608, PROT_READ|PROT_WRITE <unfinished ...>
2680  <... rt_sigprocmask resumed>NULL, 8) = 0
2675  <... mprotect resumed>)           = 0
2680  prctl(PR_SET_NAME, "Adder" <unfinished ...>
2675  rt_sigprocmask(SIG_BLOCK, ~[],  <unfinished ...>
2680  <... prctl resumed>)              = 0
2675  <... rt_sigprocmask resumed>[], 8) = 0
2680  rt_sigprocmask(SIG_BLOCK, [HUP INT QUIT PIPE ALRM TERM CHLD VTALRM PROF WINCH],  <unfinished ...>
2675  clone3({flags=CLONE_VM|CLONE_FS|CLONE_FILES|CLONE_SIGHAND|CLONE_THREAD|CLONE_SYSVSEM|CLONE_SETTLS|CLONE_PARENT_SETTID|CLONE_CHILD_CLEARTID, child_tid=0x7fc9f0c49910, parent_tid=0x7fc9f0c49910, exit_signal=0, stack=0x7fc9f0449000, stack_size=0x7ffe80, tls=0x7fc9f0c49640} <unfinished ...>
2680  <... rt_sigprocmask resumed>NULL, 8) = 0
2675  <... clone3 resumed>, 88)         = -1 ENOSYS (Function not implemented)
2680  write(2, "INFO: Thread subtracting 100 10737418 times\n", 44 <unfinished ...>
2675  clone(child_stack=0x7fc9f0c48e70, flags=CLONE_VM|CLONE_FS|CLONE_FILES|CLONE_SIGHAND|CLONE_THREAD|CLONE_SYSVSEM|CLONE_SETTLS|CLONE_PARENT_SETTID|CLONE_CHILD_CLEARTID <unfinished ...>
2680  <... write resumed>)              = 44
2681  rseq(0x7fc9f0c49fe0, 0x20, 0, 0x53053053 <unfinished ...>
2675  <... clone resumed>, parent_tid=[2681], tls=0x7fc9f0c49640, child_tidptr=0x7fc9f0c49910) = 2681
2681  <... rseq resumed>)               = 0
2675  rt_sigprocmask(SIG_SETMASK, [],  <unfinished ...>
2681  set_robust_list(0x7fc9f0c49920, 24 <unfinished ...>
2675  <... rt_sigprocmask resumed>NULL, 8) = 0
2681  <... set_robust_list resumed>)    = 0
2675  futex(0x55ccd58e7f00, FUTEX_WAIT_BITSET_PRIVATE|FUTEX_CLOCK_REALTIME, 0, NULL, FUTEX_BITSET_MATCH_ANY <unfinished ...>
2681  rt_sigprocmask(SIG_SETMASK, [], NULL, 8) = 0
2681  prctl(PR_SET_NAME, "Adder")       = 0
2681  rt_sigprocmask(SIG_BLOCK, [HUP INT QUIT PIPE ALRM TERM CHLD VTALRM PROF WINCH], NULL, 8) = 0
2681  write(2, "INFO: Thread subtracting 100 10737418 times\n", 44) = 44
2681  futex(0x55ccd58e7f00, FUTEX_WAKE_PRIVATE, 1) = 1
2675  <... futex resumed>)              = 0
2681  rt_sigprocmask(SIG_BLOCK, ~[RT_1],  <unfinished ...>
2675  futex(0x55ccd58e7f00, FUTEX_WAIT_BITSET_PRIVATE|FUTEX_CLOCK_REALTIME, 0, NULL, FUTEX_BITSET_MATCH_ANY <unfinished ...>
2681  <... rt_sigprocmask resumed>NULL, 8) = 0
2681  madvise(0x7fc9f0449000, 8368128, MADV_DONTNEED) = 0
2681  exit(0)                           = ?
2681  +++ exited with 0 +++
2680  futex(0x55ccd58e7f00, FUTEX_WAKE_PRIVATE, 1) = 1
2675  <... futex resumed>)              = 0
2680  rt_sigprocmask(SIG_BLOCK, ~[RT_1],  <unfinished ...>
2675  write(2, "INFO: Finished in 0.560000 sec\n", 31 <unfinished ...>
2680  <... rt_sigprocmask resumed>NULL, 8) = 0
2680  madvise(0x7fc9f0c4a000, 8368128, MADV_DONTNEED <unfinished ...>
2675  <... write resumed>)              = 31
2680  <... madvise resumed>)            = 0
2675  write(2, "INFO: Atomic 47 Non-Atomic 712755147\n", 37 <unfinished ...>
2680  exit(0)                           = ?
2675  <... write resumed>)              = 37
2680  +++ exited with 0 +++
2675  write(2, "INFO: \nFIFO test---------------------------------------\n\n", 57) = 57
2675  write(2, "INFO: Mode: LockFree\n", 21) = 21
2675  mmap(NULL, 8392704, PROT_NONE, MAP_PRIVATE|MAP_ANONYMOUS|MAP_STACK, -1, 0) = 0x7fc9efc48000
2675  mprotect(0x7fc9efc49000, 8388608, PROT_READ|PROT_WRITE) = 0
2675  rt_sigprocmask(SIG_BLOCK, ~[], [], 8) = 0
2675  clone3({flags=CLONE_VM|CLONE_FS|CLONE_FILES|CLONE_SIGHAND|CLONE_THREAD|CLONE_SYSVSEM|CLONE_SETTLS|CLONE_PARENT_SETTID|CLONE_CHILD_CLEARTID, child_tid=0x7fc9f0448910, parent_tid=0x7fc9f0448910, exit_signal=0, stack=0x7fc9efc48000, stack_size=0x7ffe80, tls=0x7fc9f0448640}, 88) = -1 ENOSYS (Function not implemented)
2675  clone(child_stack=0x7fc9f0447e70, flags=CLONE_VM|CLONE_FS|CLONE_FILES|CLONE_SIGHAND|CLONE_THREAD|CLONE_SYSVSEM|CLONE_SETTLS|CLONE_PARENT_SETTID|CLONE_CHILD_CLEARTID <unfinished ...>
2682  rseq(0x7fc9f0448fe0, 0x20, 0, 0x53053053 <unfinished ...>
2675  <... clone resumed>, parent_tid=[2682], tls=0x7fc9f0448640, child_tidptr=0x7fc9f0448910) = 2682
2682  <... rseq resumed>)               = 0
2675  rt_sigprocmask(SIG_SETMASK, [],  <unfinished ...>
2682  set_robust_list(0x7fc9f0448920, 24 <unfinished ...>
2675  <... rt_sigprocmask resumed>NULL, 8) = 0
2682  <... set_robust_list resumed>)    = 0
2675  write(2, "INFO: Starting 4 readers\n", 25 <unfinished ...>
2682  rt_sigprocmask(SIG_SETMASK, [], NULL, 8) = 0
2675  <... write resumed>)              = 25
2682  prctl(PR_SET_NAME, "FIFOWatcher" <unfinished ...>
2675  mmap(NULL, 8392704, PROT_NONE, MAP_PRIVATE|MAP_ANONYMOUS|MAP_STACK, -1, 0 <unfinished ...>
2682  <... prctl resumed>)              = 0
2675  <... mmap resumed>)               = 0x7fc9ef447000
2682  rt_sigprocmask(SIG_BLOCK, [HUP INT QUIT PIPE ALRM TERM CHLD VTALRM PROF WINCH],  <unfinished ...>
2675  mprotect(0x7fc9ef448000, 8388608, PROT_READ|PROT_WRITE <unfinished ...>
2682  <... rt_sigprocmask resumed>NULL, 8) = 0
2675  <... mprotect resumed>)           = 0
2682  clock_nanosleep(CLOCK_REALTIME, 0, {tv_sec=0, tv_nsec=1000000},  <unfinished ...>
2675  rt_sigprocmask(SIG_BLOCK, ~[], [], 8) = 0
2675  clone3({flags=CLONE_VM|CLONE_FS|CLONE_FILES|CLONE_SIGHAND|CLONE_THREAD|CLONE_SYSVSEM|CLONE_SETTLS|CLONE_PARENT_SETTID|CLONE_CHILD_CLEARTID, child_tid=0x7fc9efc47910, parent_tid=0x7fc9efc47910, exit_signal=0, stack=0x7fc9ef447000, stack_size=0x7ffe80, tls=0x7fc9efc47640}, 88) = -1 ENOSYS (Function not implemented)
2675  clone(child_stack=0x7fc9efc46e70, flags=CLONE_VM|CLONE_FS|CLONE_FILES|CLONE_SIGHAND|CLONE_THREAD|CLONE_SYSVSEM|CLONE_SETTLS|CLONE_PARENT_SETTID|CLONE_CHILD_CLEARTID <unfinished ...>
2682  <... clock_nanosleep resumed>0x7fc9f0447c70) = 0
2683  rseq(0x7fc9efc47fe0, 0x20, 0, 0x53053053 <unfinished ...>
2682  clock_nanosleep(CLOCK_REALTIME, 0, {tv_sec=0, tv_nsec=1000000},  <unfinished ...>
2683  <... rseq resumed>)               = 0
2675  <... clone resumed>, parent_tid=[2683], tls=0x7fc9efc47640, child_tidptr=0x7fc9efc47910) = 2683
2683  set_robust_list(0x7fc9efc47920, 24 <unfinished ...>
2675  rt_sigprocmask(SIG_SETMASK, [],  <unfinished ...>
2683  <... set_robust_list resumed>)    = 0
2675  <... rt_sigprocmask resumed>NULL, 8) = 0
2683  rt_sigprocmask(SIG_SETMASK, [],  <unfinished ...>
2682  <... clock_nanosleep resumed>0x7fc9f0447c70) = 0
2683  <... rt_sigprocmask resumed>NULL, 8) = 0
2675  mmap(NULL, 8392704, PROT_NONE, MAP_PRIVATE|MAP_ANONYMOUS|MAP_STACK, -1, 0 <unfinished ...>
2683  prctl(PR_SET_NAME, "FIFOReader0" <unfinished ...>
2682  clock_nanosleep(CLOCK_REALTIME, 0, {tv_sec=0, tv_nsec=1000000},  <unfinished ...>
2683  <... prctl resumed>)              = 0
2675  <... mmap resumed>)               = 0x7fc9eec46000
2683  rt_sigprocmask(SIG_BLOCK, [HUP INT QUIT PIPE ALRM TERM CHLD VTALRM PROF WINCH],  <unfinished ...>
2675  mprotect(0x7fc9eec47000, 8388608, PROT_READ|PROT_WRITE <unfinished ...>
2683  <... rt_sigprocmask resumed>NULL, 8) = 0
2675  <... mprotect resumed>)           = 0
2683  clock_nanosleep(CLOCK_REALTIME, 0, {tv_sec=0, tv_nsec=0},  <unfinished ...>
2682  <... clock_nanosleep resumed>0x7fc9f0447c70) = 0
2683  <... clock_nanosleep resumed>0x7fc9efc46c40) = 0
2675  rt_sigprocmask(SIG_BLOCK, ~[],  <unfinished ...>
2683  clock_nanosleep(CLOCK_REALTIME, 0, {tv_sec=0, tv_nsec=0},  <unfinished ...>
2682  clock_nanosleep(CLOCK_REALTIME, 0, {tv_sec=0, tv_nsec=1000000},  <unfinished ...>
2683  <... clock_nanosleep resumed>0x7fc9efc46c40) = 0
2675  <... rt_sigprocmask resumed>[], 8) = 0
2683  clock_nanosleep(CLOCK_REALTIME, 0, {tv_sec=0, tv_nsec=0},  <unfinished ...>
2675  clone3({flags=CLONE_VM|CLONE_FS|CLONE_FILES|CLONE_SIGHAND|CLONE_THREAD|CLONE_SYSVSEM|CLONE_SETTLS|CLONE_PARENT_SETTID|CLONE_CHILD_CLEARTID, child_tid=0x7fc9ef446910, parent_tid=0x7fc9ef446910, exit_signal=0, stack=0x7fc9eec46000, stack_size=0x7ffe80, tls=0x7fc9ef446640} <unfinished ...>
2683  <... clock_nanosleep resumed>0x7fc9efc46c40) = 0
2675  <... clone3 resumed>, 88)         = -1 ENOSYS (Function not implemented)
2683  clock_nanosleep(CLOCK_REALTIME, 0, {tv_sec=0, tv_nsec=0},  <unfinished ...>
2682  <... clock_nanosleep resumed>0x7fc9f0447c70) = 0
2683  <... clock_nanosleep resumed>0x7fc9efc46c40) = 0
2675  clone(child_stack=0x7fc9ef445e70, flags=CLONE_VM|CLONE_FS|CLONE_FILES|CLONE_SIGHAND|CLONE_THREAD|CLONE_SYSVSEM|CLONE_SETTLS|CLONE_PARENT_SETTID|CLONE_CHILD_CLEARTID <unfinished ...>
2683  clock_nanosleep(CLOCK_REALTIME, 0, {tv_sec=0, tv_nsec=0},  <unfinished ...>
2682  clock_nanosleep(CLOCK_REALTIME, 0, {tv_sec=0, tv_nsec=1000000},  <unfinished ...>
2683  <... clock_nanosleep resumed>0x7fc9efc46c40) = 0
2684  rseq(0x7fc9ef446fe0, 0x20, 0, 0x53053053 <unfinished ...>
2683  clock_nanosleep(CLOCK_REALTIME, 0, {tv_sec=0, tv_nsec=0},  <unfinished ...>
2684  <... rseq resumed>)               = 0
2675  <... clone resumed>, parent_tid=[2684], tls=0x7fc9ef446640, child_tidptr=0x7fc9ef446910) = 2684
2684  set_robust_list(0x7fc9ef446920, 24 <unfinished ...>
2683  <... clock_nanosleep resumed>0x7fc9efc46c40) = 0
2684  <... set_robust_list resumed>)    = 0
2682  <... clock_nanosleep resumed>0x7fc9f0447c70) = 0
2675  rt_sigprocmask(SIG_SETMASK, [],  <unfinished ...>
2684  rt_sigprocmask(SIG_SETMASK, [],  <unfinished ...>
2683  clock_nanosleep(CLOCK_REALTIME, 0, {tv_sec=0, tv_nsec=0},  <unfinished ...>
2682  clock_nanosleep(CLOCK_REALTIME, 0, {tv_sec=0, tv_nsec=1000000},  <unfinished ...>
2684  <... rt_sigprocmask resumed>NULL, 8) = 0
2683  <... clock_nanosleep resumed>0x7fc9efc46c40) = 0
2675  <... rt_sigprocmask resumed>NULL, 8) = 0
2684  prctl(PR_SET_NAME, "FIFOReader1" <unfinished ...>
2683  clock_nanosleep(CLOCK_REALTIME, 0, {tv_sec=0, tv_nsec=0},  <unfinished ...>
2684  <... prctl resumed>)              = 0
2675  mmap(NULL, 8392704, PROT_NONE, MAP_PRIVATE|MAP_ANONYMOUS|MAP_STACK, -1, 0 <unfinished ...>
2684  rt_sigprocmask(SIG_BLOCK, [HUP INT QUIT PIPE ALRM TERM CHLD VTALRM PROF WINCH],  <unfinished ...>
2683  <... clock_nanosleep resumed>0x7fc9efc46c40) = 0
2682  <... clock_nanosleep resumed>0x7fc9f0447c70) = 0
2684  <... rt_sigprocmask resumed>NULL, 8) = 0
2683  clock_nanosleep(CLOCK_REALTIME, 0, {tv_sec=0, tv_nsec=0},  <unfinished ...>
2675  <... mmap resumed>)               = 0x7fc9ee445000
2684  clock_nanosleep(CLOCK_REALTIME, 0, {tv_sec=0, tv_nsec=0},  <unfinished ...>
2683  <... clock_nanosleep resumed>0x7fc9efc46c40) = 0
2682  clock_nanosleep(CLOCK_REALTIME, 0, {tv_sec=0, tv_nsec=1000000},  <unfinished ...>
2684  <... clock_nanosleep resumed>0x7fc9ef445c40) = 0
2683  clock_nanosleep(CLOCK_REALTIME, 0, {tv_sec=0, tv_nsec=0},  <unfinished ...>
2675  mprotect(0x7fc9ee446000, 8388608, PROT_READ|PROT_WRITE <unfinished ...>
2684  clock_nanosleep(CLOCK_REALTIME, 0, {tv_sec=0, tv_nsec=0},  <unfinished ...>
2683  <... clock_nanosleep resumed>0x7fc9efc46c40) = 0
2684  <... clock_nanosleep resumed>0x7fc9ef445c40) = 0
2675  <... mprotect resumed>)           = 0
2684  clock_nanosleep(CLOCK_REALTIME, 0, {tv_sec=0, tv_nsec=0},  <unfinished ...>
2683  clock_nanosleep(CLOCK_REALTIME, 0, {tv_sec=0, tv_nsec=0},  <unfinished ...>
2682  <... clock_nanosleep resumed>0x7fc9f0447c70) = 0
2684  <... clock_nanosleep resumed>0x7fc9ef445c40) = 0
2683  <... clock_nanosleep resumed>0x7fc9efc46c40) = 0
2675  rt_sigprocmask(SIG_BLOCK, ~[],  <unfinished ...>
2684  clock_nanosleep(CLOCK_REALTIME, 0, {tv_sec=0, tv_nsec=0},  <unfinished ...>
2683  clock_nanosleep(CLOCK_REALTIME, 0, {tv_sec=0, tv_nsec=0},  <unfinished ...>
2682  clock_nanosleep(CLOCK_REALTIME, 0, {tv_sec=0, tv_nsec=1000000},  <unfinished ...>
2684  <... clock_nanosleep resumed>0x7fc9ef445c40) = 0
2683  <... clock_nanosleep resumed>0x7fc9efc46c40) = 0
2675  <... rt_sigprocmask resumed>[], 8) = 0
2684  clock_nanosleep(CLOCK_REALTIME, 0, {tv_sec=0, tv_nsec=0},  <unfinished ...>
2683  clock_nanosleep(CLOCK_REALTIME, 0, {tv_sec=0, tv_nsec=0},  <unfinished ...>
2684  <... clock_nanosleep resumed>0x7fc9ef445c40) = 0
2675  clone3({flags=CLONE_VM|CLONE_FS|CLONE_FILES|CLONE_SIGHAND|CLONE_THREAD|CLONE_SYSVSEM|CLONE_SETTLS|CLONE_PARENT_SETTID|CLONE_CHILD_CLEARTID, child_tid=0x7fc9eec45910, parent_tid=0x7fc9eec45910, exit_signal=0, stack=0x7fc9ee445000, stack_size=0x7ffe80, tls=0x7fc9eec45640} <unfinished ...>
2684  clock_nanosleep(CLOCK_REALTIME, 0, {tv_sec=0, tv_nsec=0},  <unfinished ...>
2683  <... clock_nanosleep resumed>0x7fc9efc46c40) = 0
2682  <... clock_nanosleep resumed>0x7fc9f0447c70) = 0
2684  <... clock_nanosleep resumed>0x7fc9ef445c40) = 0
2683  clock_nanosleep(CLOCK_REALTIME, 0, {tv_sec=0, tv_nsec=0},  <unfinished ...>
2675  <... clone3 resumed>, 88)         = -1 ENOSYS (Function not implemented)
2684  clock_nanosleep(CLOCK_REALTIME, 0, {tv_sec=0, tv_nsec=0},  <unfinished ...>
2683  <... clock_nanosleep resumed>0x7fc9efc46c40) = 0
2682  clock_nanosleep(CLOCK_REALTIME, 0, {tv_sec=0, tv_nsec=1000000},  <unfinished ...>
2684  <... clock_nanosleep resumed>0x7fc9ef445c40) = 0
2683  clock_nanosleep(CLOCK_REALTIME, 0, {tv_sec=0, tv_nsec=0},  <unfinished ...>
2675  clone(child_stack=0x7fc9eec44e70, flags=CLONE_VM|CLONE_FS|CLONE_FILES|CLONE_SIGHAND|CLONE_THREAD|CLONE_SYSVSEM|CLONE_SETTLS|CLONE_PARENT_SETTID|CLONE_CHILD_CLEARTID <unfinished ...>
2684  clock_nanosleep(CLOCK_REALTIME, 0, {tv_sec=0, tv_nsec=0},  <unfinished ...>
2683  <... clock_nanosleep resumed>0x7fc9efc46c40) = 0
2684  <... clock_nanosleep resumed>0x7fc9ef445c40) = 0
2685  rseq(0x7fc9eec45fe0, 0x20, 0, 0x53053053 <unfinished ...>
2684  clock_nanosleep(CLOCK_REALTIME, 0, {tv_sec=0, tv_nsec=0},  <unfinished ...>
2683  clock_nanosleep(CLOCK_REALTIME, 0, {tv_sec=0, tv_nsec=0},  <unfinished ...>
2682  <... clock_nanosleep resumed>0x7fc9f0447c70) = 0
2685  <... rseq resumed>)               = 0
2684  <... clock_nanosleep resumed>0x7fc9ef445c40) = 0
2683  <... clock_nanosleep resumed>0x7fc9efc46c40) = 0
2675  <... clone resumed>, parent_tid=[2685], tls=0x7fc9eec45640, child_tidptr=0x7fc9eec45910) = 2685
2685  set_robust_list(0x7fc9eec45920, 24 <unfinished ...>
2684  clock_nanosleep(CLOCK_REALTIME, 0, {tv_sec=0, tv_nsec=0},  <unfinished ...>
2683  clock_nanosleep(CLOCK_REALTIME, 0, {tv_sec=0, tv_nsec=0},  <unfinished ...>
2682  clock_nanosleep(CLOCK_REALTIME, 0, {tv_sec=0, tv_nsec=1000000},  <unfinished ...>
2685  <... set_robust_list resumed>)    = 0
2684  <... clock_nanosleep resumed>0x7fc9ef445c40) = 0
2683  <... clock_nanosleep resumed>0x7fc9efc46c40) = 0
2675  rt_sigprocmask(SIG_SETMASK, [],  <unfinished ...>
2685  rt_sigprocmask(SIG_SETMASK, [],  <unfinished ...>
2684  clock_nanosleep(CLOCK_REALTIME, 0, {tv_sec=0, tv_nsec=0},  <unfinished ...>
2683  clock_nanosleep(CLOCK_REALTIME, 0, {tv_sec=0, tv_nsec=0},  <unfinished ...>
2685  <... rt_sigprocmask resumed>NULL, 8) = 0
2684  <... clock_nanosleep resumed>0x7fc9ef445c40) = 0
2682  <... clock_nanosleep resumed>0x7fc9f0447c70) = 0
2675  <... rt_sigprocmask resumed>NULL, 8) = 0
2685  prctl(PR_SET_NAME, "FIFOReader2" <unfinished ...>
2684  clock_nanosleep(CLOCK_REALTIME, 0, {tv_sec=0, tv_nsec=0},  <unfinished ...>
2683  <... clock_nanosleep resumed>0x7fc9efc46c40) = 0
2682  clock_nanosleep(CLOCK_REALTIME, 0, {tv_sec=0, tv_nsec=1000000},  <unfinished ...>
2685  <... prctl resumed>)              = 0
2684  <... clock_nanosleep resumed>0x7fc9ef445c40) = 0
2683  clock_nanosleep(CLOCK_REALTIME, 0, {tv_sec=0, tv_nsec=0},  <unfinished ...>
2675  mmap(NULL, 8392704, PROT_NONE, MAP_PRIVATE|MAP_ANONYMOUS|MAP_STACK, -1, 0 <unfinished ...>
2685  rt_sigprocmask(SIG_BLOCK, [HUP INT QUIT PIPE ALRM TERM CHLD VTALRM PROF WINCH],  <unfinished ...>
2684  clock_nanosleep(CLOCK_REALTIME, 0, {tv_sec=0, tv_nsec=0},  <unfinished ...>
2683  <... clock_nanosleep resumed>0x7fc9efc46c40) = 0
2685  <... rt_sigprocmask resumed>NULL, 8) = 0
2684  <... clock_nanosleep resumed>0x7fc9ef445c40) = 0
2682  <... clock_nanosleep resumed>0x7fc9f0447c70) = 0
2675  <... mmap resumed>)               = 0x7fc9edc44000
2685  clock_nanosleep(CLOCK_REALTIME, 0, {tv_sec=0, tv_nsec=0},  <unfinished ...>
2684  clock_nanosleep(CLOCK_REALTIME, 0, {tv_sec=0, tv_nsec=0},  <unfinished ...>
2683  clock_nanosleep(CLOCK_REALTIME, 0, {tv_sec=0, tv_nsec=0},  <unfinished ...>
2682  clock_nanosleep(CLOCK_REALTIME, 0, {tv_sec=0, tv_nsec=1000000},  <unfinished ...>
2685  <... clock_nanosleep resumed>0x7fc9eec44c40) = 0
2684  <... clock_nanosleep resumed>0x7fc9ef445c40) = 0
2683  <... clock_nanosleep resumed>0x7fc9efc46c40) = 0
2675  mprotect(0x7fc9edc45000, 8388608, PROT_READ|PROT_WRITE <unfinished ...>
2685  clock_nanosleep(CLOCK_REALTIME, 0, {tv_sec=0, tv_nsec=0},  <unfinished ...>
2684  clock_nanosleep(CLOCK_REALTIME, 0, {tv_sec=0, tv_nsec=0},  <unfinished ...>
2683  clock_nanosleep(CLOCK_REALTIME, 0, {tv_sec=0, tv_nsec=0},  <unfinished ...>
2685  <... clock_nanosleep resumed>0x7fc9eec44c40) = 0
2684  <... clock_nanosleep resumed>0x7fc9ef445c40) = 0
2682  <... clock_nanosleep resumed>0x7fc9f0447c70) = 0
2675  <... mprotect resumed>)           = 0
2685  clock_nanosleep(CLOCK_REALTIME, 0, {tv_sec=0, tv_nsec=0},  <unfinished ...>
2684  clock_nanosleep(CLOCK_REALTIME, 0, {tv_sec=0, tv_nsec=0},  <unfinished ...>
2683  <... clock_nanosleep resumed>0x7fc9efc46c40) = 0
2682  clock_nanosleep(CLOCK_REALTIME, 0, {tv_sec=0, tv_nsec=1000000},  <unfinished ...>
2685  <... clock_nanosleep resumed>0x7fc9eec44c40) = 0
2684  <... clock_nanosleep resumed>0x7fc9ef445c40) = 0
2683  clock_nanosleep(CLOCK_REALTIME, 0, {tv_sec=0, tv_nsec=0},  <unfinished ...>
2675  rt_sigprocmask(SIG_BLOCK, ~[],  <unfinished ...>
2685  clock_nanosleep(CLOCK_REALTIME, 0, {tv_sec=0, tv_nsec=0},  <unfinished ...>
2684  clock_nanosleep(CLOCK_REALTIME, 0, {tv_sec=0, tv_nsec=0},  <unfinished ...>
2683  <... clock_nanosleep resumed>0x7fc9efc46c40) = 0
2685  <... clock_nanosleep resumed>0x7fc9eec44c40) = 0
2684  <... clock_nanosleep resumed>0x7fc9ef445c40) = 0
2682  <... clock_nanosleep resumed>0x7fc9f0447c70) = 0
2675  <... rt_sigprocmask resumed>[], 8) = 0
2685  clock_nanosleep(CLOCK_REALTIME, 0, {tv_sec=0, tv_nsec=0},  <unfinished ...>
2684  clock_nanosleep(CLOCK_REALTIME, 0, {tv_sec=0, tv_nsec=0},  <unfinished ...>
2683  clock_nanosleep(CLOCK_REALTIME, 0, {tv_sec=0, tv_nsec=0},  <unfinished ...>
2682  clock_nanosleep(CLOCK_REALTIME, 0, {tv_sec=0, tv_nsec=1000000},  <unfinished ...>
2685  <... clock_nanosleep resumed>0x7fc9eec44c40) = 0
2684  <... clock_nanosleep resumed>0x7fc9ef445c40) = 0
2683  <... clock_nanosleep resumed>0x7fc9efc46c40) = 0
2675  clone3({flags=CLONE_VM|CLONE_FS|CLONE_FILES|CLONE_SIGHAND|CLONE_THREAD|CLONE_SYSVSEM|CLONE_SETTLS|CLONE_PARENT_SETTID|CLONE_CHILD_CLEARTID, child_tid=0x7fc9ee444910, parent_tid=0x7fc9ee444910, exit_signal=0, stack=0x7fc9edc44000, stack_size=0x7ffe80, tls=0x7fc9ee444640} <unfinished ...>
2685  clock_nanosleep(CLOCK_REALTIME, 0, {tv_sec=0, tv_nsec=0},  <unfinished ...>
2684  clock_nanosleep(CLOCK_REALTIME, 0, {tv_sec=0, tv_nsec=0},  <unfinished ...>
2683  clock_nanosleep(CLOCK_REALTIME, 0, {tv_sec=0, tv_nsec=0},  <unfinished ...>
2685  <... clock_nanosleep resumed>0x7fc9eec44c40) = 0
2684  <... clock_nanosleep resumed>0x7fc9ef445c40) = 0
2682  <... clock_nanosleep resumed>0x7fc9f0447c70) = 0
2675  <... clone3 resumed>, 88)         = -1 ENOSYS (Function not implemented)
2685  clock_nanosleep(CLOCK_REALTIME, 0, {tv_sec=0, tv_nsec=0},  <unfinished ...>
2684  clock_nanosleep(CLOCK_REALTIME, 0, {tv_sec=0, tv_nsec=0},  <unfinished ...>
2683  <... clock_nanosleep resumed>0x7fc9efc46c40) = 0
2682  clock_nanosleep(CLOCK_REALTIME, 0, {tv_sec=0, tv_nsec=1000000},  <unfinished ...>
2685  <... clock_nanosleep resumed>0x7fc9eec44c40) = 0
2684  <... clock_nanosleep resumed>0x7fc9ef445c40) = 0
2683  clock_nanosleep(CLOCK_REALTIME, 0, {tv_sec=0, tv_nsec=0},  <unfinished ...>
2675  clone(child_stack=0x7fc9ee443e70, flags=CLONE_VM|CLONE_FS|CLONE_FILES|CLONE_SIGHAND|CLONE_THREAD|CLONE_SYSVSEM|CLONE_SETTLS|CLONE_PARENT_SETTID|CLONE_CHILD_CLEARTID <unfinished ...>
2685  clock_nanosleep(CLOCK_REALTIME, 0, {tv_sec=0, tv_nsec=0},  <unfinished ...>
2684  clock_nanosleep(CLOCK_REALTIME, 0, {tv_sec=0, tv_nsec=0},  <unfinished ...>
2683  <... clock_nanosleep resumed>0x7fc9efc46c40) = 0
2685  <... clock_nanosleep resumed>0x7fc9eec44c40) = 0
2684  <... clock_nanosleep resumed>0x7fc9ef445c40) = 0
2682  <... clock_nanosleep resumed>0x7fc9f0447c70) = 0
2686  rseq(0x7fc9ee444fe0, 0x20, 0, 0x53053053 <unfinished ...>
2685  clock_nanosleep(CLOCK_REALTIME, 0, {tv_sec=0, tv_nsec=0},  <unfinished ...>
2684  clock_nanosleep(CLOCK_REALTIME, 0, {tv_sec=0, tv_nsec=0},  <unfinished ...>
2683  clock_nanosleep(CLOCK_REALTIME, 0, {tv_sec=0, tv_nsec=0},  <unfinished ...>
2682  clock_nanosleep(CLOCK_REALTIME, 0, {tv_sec=0, tv_nsec=1000000},  <unfinished ...>
2686  <... rseq resumed>)               = 0
2685  <... clock_nanosleep resumed>0x7fc9eec44c40) = 0
2684  <... clock_nanosleep resumed>0x7fc9ef445c40) = 0
2683  <... clock_nanosleep resumed>0x7fc9efc46c40) = 0
2675  <... clone resumed>, parent_tid=[2686], tls=0x7fc9ee444640, child_tidptr=0x7fc9ee444910) = 2686
2686  set_robust_list(0x7fc9ee444920, 24 <unfinished ...>
2685  clock_nanosleep(CLOCK_REALTIME, 0, {tv_sec=0, tv_nsec=0},  <unfinished ...>
2684  clock_nanosleep(CLOCK_REALTIME, 0, {tv_sec=0, tv_nsec=0},  <unfinished ...>
2683  clock_nanosleep(CLOCK_REALTIME, 0, {tv_sec=0, tv_nsec=0},  <unfinished ...>
2686  <... set_robust_list resumed>)    = 0
2685  <... clock_nanosleep resumed>0x7fc9eec44c40) = 0
2684  <... clock_nanosleep resumed>0x7fc9ef445c40) = 0
2682  <... clock_nanosleep resumed>0x7fc9f0447c70) = 0
2675  rt_sigprocmask(SIG_SETMASK, [],  <unfinished ...>
2686  rt_sigprocmask(SIG_SETMASK, [],  <unfinished ...>
2685  clock_nanosleep(CLOCK_REALTIME, 0, {tv_sec=0, tv_nsec=0},  <unfinished ...>
2684  clock_nanosleep(CLOCK_REALTIME, 0, {tv_sec=0, tv_nsec=0},  <unfinished ...>
2683  <... clock_nanosleep resumed>0x7fc9efc46c40) = 0
2682  clock_nanosleep(CLOCK_REALTIME, 0, {tv_sec=0, tv_nsec=1000000},  <unfinished ...>
2686  <... rt_sigprocmask resumed>NULL, 8) = 0
2685  <... clock_nanosleep resumed>0x7fc9eec44c40) = 0
2684  <... clock_nanosleep resumed>0x7fc9ef445c40) = 0
2683  clock_nanosleep(CLOCK_REALTIME, 0, {tv_sec=0, tv_nsec=0},  <unfinished ...>
2675  <... rt_sigprocmask resumed>NULL, 8) = 0
2686  prctl(PR_SET_NAME, "FIFOReader3" <unfinished ...>
2685  clock_nanosleep(CLOCK_REALTIME, 0, {tv_sec=0, tv_nsec=0},  <unfinished ...>
2684  clock_nanosleep(CLOCK_REALTIME, 0, {tv_sec=0, tv_nsec=0},  <unfinished ...>
2683  <... clock_nanosleep resumed>0x7fc9efc46c40) = 0
2686  <... prctl resumed>)              = 0
2685  <... clock_nanosleep resumed>0x7fc9eec44c40) = 0
2684  <... clock_nanosleep resumed>0x7fc9ef445c40) = 0
2682  <... clock_nanosleep resumed>0x7fc9f0447c70) = 0
2675  write(2, "INFO: Starting 4 writers\n", 25 <unfinished ...>
2686  rt_sigprocmask(SIG_BLOCK, [HUP INT QUIT PIPE ALRM TERM CHLD VTALRM PROF WINCH],  <unfinished ...>
2685  clock_nanosleep(CLOCK_REALTIME, 0, {tv_sec=0, tv_nsec=0},  <unfinished ...>
2684  clock_nanosleep(CLOCK_REALTIME, 0, {tv_sec=0, tv_nsec=0},  <unfinished ...>
2683  clock_nanosleep(CLOCK_REALTIME, 0, {tv_sec=0, tv_nsec=0},  <unfinished ...>
2682  clock_nanosleep(CLOCK_REALTIME, 0, {tv_sec=0, tv_nsec=1000000},  <unfinished ...>
2686  <... rt_sigprocmask resumed>NULL, 8) = 0
2685  <... clock_nanosleep resumed>0x7fc9eec44c40) = 0
2684  <... clock_nanosleep resumed>0x7fc9ef445c40) = 0
2683  <... clock_nanosleep resumed>0x7fc9efc46c40) = 0
2675  <... write resumed>)              = 25
2686  clock_nanosleep(CLOCK_REALTIME, 0, {tv_sec=0, tv_nsec=0},  <unfinished ...>
2685  clock_nanosleep(CLOCK_REALTIME, 0, {tv_sec=0, tv_nsec=0},  <unfinished ...>
2684  clock_nanosleep(CLOCK_REALTIME, 0, {tv_sec=0, tv_nsec=0},  <unfinished ...>
2683  clock_nanosleep(CLOCK_REALTIME, 0, {tv_sec=0, tv_nsec=0},  <unfinished ...>
2686  <... clock_nanosleep resumed>0x7fc9ee443c40) = 0
2685  <... clock_nanosleep resumed>0x7fc9eec44c40) = 0
2684  <... clock_nanosleep resumed>0x7fc9ef445c40) = 0
2682  <... clock_nanosleep resumed>0x7fc9f0447c70) = 0
2675  mmap(NULL, 8392704, PROT_NONE, MAP_PRIVATE|MAP_ANONYMOUS|MAP_STACK, -1, 0 <unfinished ...>
2686  clock_nanosleep(CLOCK_REALTIME, 0, {tv_sec=0, tv_nsec=0},  <unfinished ...>
2685  clock_nanosleep(CLOCK_REALTIME, 0, {tv_sec=0, tv_nsec=0},  <unfinished ...>
2684  clock_nanosleep(CLOCK_REALTIME, 0, {tv_sec=0, tv_nsec=0},  <unfinished ...>
2683  <... clock_nanosleep resumed>0x7fc9efc46c40) = 0
2682  clock_nanosleep(CLOCK_REALTIME, 0, {tv_sec=0, tv_nsec=1000000},  <unfinished ...>
2686  <... clock_nanosleep resumed>0x7fc9ee443c40) = 0
2685  <... clock_nanosleep resumed>0x7fc9eec44c40) = 0
2684  <... clock_nanosleep resumed>0x7fc9ef445c40) = 0
2683  clock_nanosleep(CLOCK_REALTIME, 0, {tv_sec=0, tv_nsec=0},  <unfinished ...>
2675  <... mmap resumed>)               = 0x7fc9ed443000
2686  clock_nanosleep(CLOCK_REALTIME, 0, {tv_sec=0, tv_nsec=0},  <unfinished ...>
2685  clock_nanosleep(CLOCK_REALTIME, 0, {tv_sec=0, tv_nsec=0},  <unfinished ...>
2684  clock_nanosleep(CLOCK_REALTIME, 0, {tv_sec=0, tv_nsec=0},  <unfinished ...>
2683  <... clock_nanosleep resumed>0x7fc9efc46c40) = 0
2686  <... clock_nanosleep resumed>0x7fc9ee443c40) = 0
2685  <... clock_nanosleep resumed>0x7fc9eec44c40) = 0
2684  <... clock_nanosleep resumed>0x7fc9ef445c40) = 0
2682  <... clock_nanosleep resumed>0x7fc9f0447c70) = 0
2675  mprotect(0x7fc9ed444000, 8388608, PROT_READ|PROT_WRITE <unfinished ...>
2686  clock_nanosleep(CLOCK_REALTIME, 0, {tv_sec=0, tv_nsec=0},  <unfinished ...>
2685  clock_nanosleep(CLOCK_REALTIME, 0, {tv_sec=0, tv_nsec=0},  <unfinished ...>
2684  clock_nanosleep(CLOCK_REALTIME, 0, {tv_sec=0, tv_nsec=0},  <unfinished ...>
2683  clock_nanosleep(CLOCK_REALTIME, 0, {tv_sec=0, tv_nsec=0},  <unfinished ...>
2682  clock_nanosleep(CLOCK_REALTIME, 0, {tv_sec=0, tv_nsec=1000000},  <unfinished ...>
2686  <... clock_nanosleep resumed>0x7fc9ee443c40) = 0
2685  <... clock_nanosleep resumed>0x7fc9eec44c40) = 0
2684  <... clock_nanosleep resumed>0x7fc9ef445c40) = 0
2683  <... clock_nanosleep resumed>0x7fc9efc46c40) = 0
2675  <... mprotect resumed>)           = 0
2686  clock_nanosleep(CLOCK_REALTIME, 0, {tv_sec=0, tv_nsec=0},  <unfinished ...>
2685  clock_nanosleep(CLOCK_REALTIME, 0, {tv_sec=0, tv_nsec=0},  <unfinished ...>
2684  clock_nanosleep(CLOCK_REALTIME, 0, {tv_sec=0, tv_nsec=0},  <unfinished ...>
2683  clock_nanosleep(CLOCK_REALTIME, 0, {tv_sec=0, tv_nsec=0},  <unfinished ...>
2686  <... clock_nanosleep resumed>0x7fc9ee443c40) = 0
2685  <... clock_nanosleep resumed>0x7fc9eec44c40) = 0
2684  <... clock_nanosleep resumed>0x7fc9ef445c40) = 0
2682  <... clock_nanosleep resumed>0x7fc9f0447c70) = 0
2675  rt_sigprocmask(SIG_BLOCK, ~[],  <unfinished ...>
2686  clock_nanosleep(CLOCK_REALTIME, 0, {tv_sec=0, tv_nsec=0},  <unfinished ...>
2685  clock_nanosleep(CLOCK_REALTIME, 0, {tv_sec=0, tv_nsec=0},  <unfinished ...>
2684  clock_nanosleep(CLOCK_REALTIME, 0, {tv_sec=0, tv_nsec=0},  <unfinished ...>
2683  <... clock_nanosleep resumed>0x7fc9efc46c40) = 0
2682  clock_nanosleep(CLOCK_REALTIME, 0, {tv_sec=0, tv_nsec=1000000},  <unfinished ...>
2686  <... clock_nanosleep resumed>0x7fc9ee443c40) = 0
2685  <... clock_nanosleep resumed>0x7fc9eec44c40) = 0
2684  <... clock_nanosleep resumed>0x7fc9ef445c40) = 0
2683  clock_nanosleep(CLOCK_REALTIME, 0, {tv_sec=0, tv_nsec=0},  <unfinished ...>
2675  <... rt_sigprocmask resumed>[], 8) = 0
2686  clock_nanosleep(CLOCK_REALTIME, 0, {tv_sec=0, tv_nsec=0},  <unfinished ...>
2685  clock_nanosleep(CLOCK_REALTIME, 0, {tv_sec=0, tv_nsec=0},  <unfinished ...>
2684  clock_nanosleep(CLOCK_REALTIME, 0, {tv_sec=0, tv_nsec=0},  <unfinished ...>
2683  <... clock_nanosleep resumed>0x7fc9efc46c40) = 0
2686  <... clock_nanosleep resumed>0x7fc9ee443c40) = 0
2685  <... clock_nanosleep resumed>0x7fc9eec44c40) = 0
2684  <... clock_nanosleep resumed>0x7fc9ef445c40) = 0
2682  <... clock_nanosleep resumed>0x7fc9f0447c70) = 0
2675  clone3({flags=CLONE_VM|CLONE_FS|CLONE_FILES|CLONE_SIGHAND|CLONE_THREAD|CLONE_SYSVSEM|CLONE_SETTLS|CLONE_PARENT_SETTID|CLONE_CHILD_CLEARTID, child_tid=0x7fc9edc43910, parent_tid=0x7fc9edc43910, exit_signal=0, stack=0x7fc9ed443000, stack_size=0x7ffe80, tls=0x7fc9edc43640} <unfinished ...>
2686  clock_nanosleep(CLOCK_REALTIME, 0, {tv_sec=0, tv_nsec=0},  <unfinished ...>
2685  clock_nanosleep(CLOCK_REALTIME, 0, {tv_sec=0, tv_nsec=0},  <unfinished ...>
2684  clock_nanosleep(CLOCK_REALTIME, 0, {tv_sec=0, tv_nsec=0},  <unfinished ...>
2683  clock_nanosleep(CLOCK_REALTIME, 0, {tv_sec=0, tv_nsec=0},  <unfinished ...>
2682  clock_nanosleep(CLOCK_REALTIME, 0, {tv_sec=0, tv_nsec=1000000},  <unfinished ...>
2686  <... clock_nanosleep resumed>0x7fc9ee443c40) = 0
2685  <... clock_nanosleep resumed>0x7fc9eec44c40) = 0
2684  <... clock_nanosleep resumed>0x7fc9ef445c40) = 0
2683  <... clock_nanosleep resumed>0x7fc9efc46c40) = 0
2675  <... clone3 resumed>, 88)         = -1 ENOSYS (Function not implemented)
2686  clock_nanosleep(CLOCK_REALTIME, 0, {tv_sec=0, tv_nsec=0},  <unfinished ...>
2685  clock_nanosleep(CLOCK_REALTIME, 0, {tv_sec=0, tv_nsec=0},  <unfinished ...>
2684  clock_nanosleep(CLOCK_REALTIME, 0, {tv_sec=0, tv_nsec=0},  <unfinished ...>
2683  clock_nanosleep(CLOCK_REALTIME, 0, {tv_sec=0, tv_nsec=0},  <unfinished ...>
2686  <... clock_nanosleep resumed>0x7fc9ee443c40) = 0
2685  <... clock_nanosleep resumed>0x7fc9eec44c40) = 0
2684  <... clock_nanosleep resumed>0x7fc9ef445c40) = 0
2682  <... clock_nanosleep resumed>0x7fc9f0447c70) = 0
2675  clone(child_stack=0x7fc9edc42e70, flags=CLONE_VM|CLONE_FS|CLONE_FILES|CLONE_SIGHAND|CLONE_THREAD|CLONE_SYSVSEM|CLONE_SETTLS|CLONE_PARENT_SETTID|CLONE_CHILD_CLEARTID <unfinished ...>
2686  clock_nanosleep(CLOCK_REALTIME, 0, {tv_sec=0, tv_nsec=0},  <unfinished ...>
2685  clock_nanosleep(CLOCK_REALTIME, 0, {tv_sec=0, tv_nsec=0},  <unfinished ...>
2684  clock_nanosleep(CLOCK_REALTIME, 0, {tv_sec=0, tv_nsec=0},  <unfinished ...>
2683  <... clock_nanosleep resumed>0x7fc9efc46c40) = 0
2682  clock_nanosleep(CLOCK_REALTIME, 0, {tv_sec=0, tv_nsec=1000000},  <unfinished ...>
2686  <... clock_nanosleep resumed>0x7fc9ee443c40) = 0
2685  <... clock_nanosleep resumed>0x7fc9eec44c40) = 0
2684  <... clock_nanosleep resumed>0x7fc9ef445c40) = 0
2683  clock_nanosleep(CLOCK_REALTIME, 0, {tv_sec=0, tv_nsec=0},  <unfinished ...>
2687  rseq(0x7fc9edc43fe0, 0x20, 0, 0x53053053 <unfinished ...>
2686  clock_nanosleep(CLOCK_REALTIME, 0, {tv_sec=0, tv_nsec=0},  <unfinished ...>
2685  clock_nanosleep(CLOCK_REALTIME, 0, {tv_sec=0, tv_nsec=0},  <unfinished ...>
2684  clock_nanosleep(CLOCK_REALTIME, 0, {tv_sec=0, tv_nsec=0},  <unfinished ...>
2687  <... rseq resumed>)               = 0
2686  <... clock_nanosleep resumed>0x7fc9ee443c40) = 0
2685  <... clock_nanosleep resumed>0x7fc9eec44c40) = 0
2683  <... clock_nanosleep resumed>0x7fc9efc46c40) = 0
2682  <... clock_nanosleep resumed>0x7fc9f0447c70) = 0
2675  <... clone resumed>, parent_tid=[2687], tls=0x7fc9edc43640, child_tidptr=0x7fc9edc43910) = 2687
2687  set_robust_list(0x7fc9edc43920, 24 <unfinished ...>
2686  clock_nanosleep(CLOCK_REALTIME, 0, {tv_sec=0, tv_nsec=0},  <unfinished ...>
2685  clock_nanosleep(CLOCK_REALTIME, 0, {tv_sec=0, tv_nsec=0},  <unfinished ...>
2684  <... clock_nanosleep resumed>0x7fc9ef445c40) = 0
2683  clock_nanosleep(CLOCK_REALTIME, 0, {tv_sec=0, tv_nsec=0},  <unfinished ...>
2682  clock_nanosleep(CLOCK_REALTIME, 0, {tv_sec=0, tv_nsec=1000000},  <unfinished ...>
2687  <... set_robust_list resumed>)    = 0
2686  <... clock_nanosleep resumed>0x7fc9ee443c40) = 0
2685  <... clock_nanosleep resumed>0x7fc9eec44c40) = 0
2684  clock_nanosleep(CLOCK_REALTIME, 0, {tv_sec=0, tv_nsec=0},  <unfinished ...>
2683  <... clock_nanosleep resumed>0x7fc9efc46c40) = 0
2675  rt_sigprocmask(SIG_SETMASK, [],  <unfinished ...>
2687  rt_sigprocmask(SIG_SETMASK, [],  <unfinished ...>
2686  clock_nanosleep(CLOCK_REALTIME, 0, {tv_sec=0, tv_nsec=0},  <unfinished ...>
2685  clock_nanosleep(CLOCK_REALTIME, 0, {tv_sec=0, tv_nsec=0},  <unfinished ...>
2684  <... clock_nanosleep resumed>0x7fc9ef445c40) = 0
2683  clock_nanosleep(CLOCK_REALTIME, 0, {tv_sec=0, tv_nsec=0},  <unfinished ...>
2687  <... rt_sigprocmask resumed>NULL, 8) = 0
2686  <... clock_nanosleep resumed>0x7fc9ee443c40) = 0
2685  <... clock_nanosleep resumed>0x7fc9eec44c40) = 0
2684  clock_nanosleep(CLOCK_REALTIME, 0, {tv_sec=0, tv_nsec=0},  <unfinished ...>
2682  <... clock_nanosleep resumed>0x7fc9f0447c70) = 0
2675  <... rt_sigprocmask resumed>NULL, 8) = 0
2687  prctl(PR_SET_NAME, "FIFOWriter0" <unfinished ...>
2686  clock_nanosleep(CLOCK_REALTIME, 0, {tv_sec=0, tv_nsec=0},  <unfinished ...>
2685  clock_nanosleep(CLOCK_REALTIME, 0, {tv_sec=0, tv_nsec=0},  <unfinished ...>
2684  <... clock_nanosleep resumed>0x7fc9ef445c40) = 0
2683  <... clock_nanosleep resumed>0x7fc9efc46c40) = 0
2682  clock_nanosleep(CLOCK_REALTIME, 0, {tv_sec=0, tv_nsec=1000000},  <unfinished ...>
2687  <... prctl resumed>)              = 0
2686  <... clock_nanosleep resumed>0x7fc9ee443c40) = 0
2685  <... clock_nanosleep resumed>0x7fc9eec44c40) = 0
2684  clock_nanosleep(CLOCK_REALTIME, 0, {tv_sec=0, tv_nsec=0},  <unfinished ...>
2683  clock_nanosleep(CLOCK_REALTIME, 0, {tv_sec=0, tv_nsec=0},  <unfinished ...>
2675  mmap(NULL, 8392704, PROT_NONE, MAP_PRIVATE|MAP_ANONYMOUS|MAP_STACK, -1, 0 <unfinished ...>
2687  rt_sigprocmask(SIG_BLOCK, [HUP INT QUIT PIPE ALRM TERM CHLD VTALRM PROF WINCH],  <unfinished ...>
2686  clock_nanosleep(CLOCK_REALTIME, 0, {tv_sec=0, tv_nsec=0},  <unfinished ...>
2685  clock_nanosleep(CLOCK_REALTIME, 0, {tv_sec=0, tv_nsec=0},  <unfinished ...>
2684  <... clock_nanosleep resumed>0x7fc9ef445c40) = 0
2683  <... clock_nanosleep resumed>0x7fc9efc46c40) = 0
2687  <... rt_sigprocmask resumed>NULL, 8) = 0
2686  <... clock_nanosleep resumed>0x7fc9ee443c40) = 0
2685  <... clock_nanosleep resumed>0x7fc9eec44c40) = 0
2684  clock_nanosleep(CLOCK_REALTIME, 0, {tv_sec=0, tv_nsec=0},  <unfinished ...>
2682  <... clock_nanosleep resumed>0x7fc9f0447c70) = 0
2675  <... mmap resumed>)               = 0x7fc9ecc42000
2687  clock_nanosleep(CLOCK_REALTIME, 0, {tv_sec=0, tv_nsec=0},  <unfinished ...>
2686  clock_nanosleep(CLOCK_REALTIME, 0, {tv_sec=0, tv_nsec=0},  <unfinished ...>
2685  clock_nanosleep(CLOCK_REALTIME, 0, {tv_sec=0, tv_nsec=0},  <unfinished ...>
2684  <... clock_nanosleep resumed>0x7fc9ef445c40) = 0
2683  clock_nanosleep(CLOCK_REALTIME, 0, {tv_sec=0, tv_nsec=0},  <unfinished ...>
2682  clock_nanosleep(CLOCK_REALTIME, 0, {tv_sec=0, tv_nsec=1000000},  <unfinished ...>
2687  <... clock_nanosleep resumed>0x7fc9edc42c40) = 0
2686  <... clock_nanosleep resumed>0x7fc9ee443c40) = 0
2685  <... clock_nanosleep resumed>0x7fc9eec44c40) = 0
2684  clock_nanosleep(CLOCK_REALTIME, 0, {tv_sec=0, tv_nsec=0},  <unfinished ...>
2683  <... clock_nanosleep resumed>0x7fc9efc46c40) = 0
2675  mprotect(0x7fc9ecc43000, 8388608, PROT_READ|PROT_WRITE <unfinished ...>
2687  clock_nanosleep(CLOCK_REALTIME, 0, {tv_sec=0, tv_nsec=0},  <unfinished ...>
2686  clock_nanosleep(CLOCK_REALTIME, 0, {tv_sec=0, tv_nsec=0},  <unfinished ...>
2685  clock_nanosleep(CLOCK_REALTIME, 0, {tv_sec=0, tv_nsec=0},  <unfinished ...>
2684  <... clock_nanosleep resumed>0x7fc9ef445c40) = 0
2683  clock_nanosleep(CLOCK_REALTIME, 0, {tv_sec=0, tv_nsec=0},  <unfinished ...>
2687  <... clock_nanosleep resumed>0x7fc9edc42c40) = 0
2686  <... clock_nanosleep resumed>0x7fc9ee443c40) = 0
2685  <... clock_nanosleep resumed>0x7fc9eec44c40) = 0
2684  clock_nanosleep(CLOCK_REALTIME, 0, {tv_sec=0, tv_nsec=0},  <unfinished ...>
2682  <... clock_nanosleep resumed>0x7fc9f0447c70) = 0
2675  <... mprotect resumed>)           = 0
2687  clock_nanosleep(CLOCK_REALTIME, 0, {tv_sec=0, tv_nsec=0},  <unfinished ...>
2686  clock_nanosleep(CLOCK_REALTIME, 0, {tv_sec=0, tv_nsec=0},  <unfinished ...>
