2685  clock_nanosleep(CLOCK_REALTIME, 0, {tv_sec=0, tv_nsec=0},  <unfinished ...>
2684  <... clock_nanosleep resumed>0x7fc9ef445c40) = 0
2683  <... clock_nanosleep resumed>0x7fc9efc46c40) = 0
2682  clock_nanosleep(CLOCK_REALTIME, 0, {tv_sec=0, tv_nsec=1000000},  <unfinished ...>
2687  <... clock_nanosleep resumed>0x7fc9edc42c40) = 0
2686  <... clock_nanosleep resumed>0x7fc9ee443c40) = 0
2685  <... clock_nanosleep resumed>0x7fc9eec44c40) = 0
2684  clock_nanosleep(CLOCK_REALTIME, 0, {tv_sec=0, tv_nsec=0},  <unfinished ...>
2683  clock_nanosleep(CLOCK_REALTIME, 0, {tv_sec=0, tv_nsec=0},  <unfinished ...>
2675  rt_sigprocmask(SIG_BLOCK, ~[],  <unfinished ...>
2687  clock_nanosleep(CLOCK_REALTIME, 0, {tv_sec=0, tv_nsec=0},  <unfinished ...>
2686  clock_nanosleep(CLOCK_REALTIME, 0, {tv_sec=0, tv_nsec=0},  <unfinished ...>
2685  clock_nanosleep(CLOCK_REALTIME, 0, {tv_sec=0, tv_nsec=0},  <unfinished ...>
2684  <... clock_nanosleep resumed>0x7fc9ef445c40) = 0
2683  <... clock_nanosleep resumed>0x7fc9efc46c40) = 0
2687  <... clock_nanosleep resumed>0x7fc9edc42c40) = 0
2686  <... clock_nanosleep resumed>0x7fc9ee443c40) = 0
2685  <... clock_nanosleep resumed>0x7fc9eec44c40) = 0
2684  clock_nanosleep(CLOCK_REALTIME, 0, {tv_sec=0, tv_nsec=0},  <unfinished ...>
2682  <... clock_nanosleep resumed>0x7fc9f0447c70) = 0
2675  <... rt_sigprocmask resumed>[], 8) = 0
2687  clock_nanosleep(CLOCK_REALTIME, 0, {tv_sec=0, tv_nsec=0},  <unfinished ...>
2686  clock_nanosleep(CLOCK_REALTIME, 0, {tv_sec=0, tv_nsec=0},  <unfinished ...>
2685  clock_nanosleep(CLOCK_REALTIME, 0, {tv_sec=0, tv_nsec=0},  <unfinished ...>
2684  <... clock_nanosleep resumed>0x7fc9ef445c40) = 0
2683  clock_nanosleep(CLOCK_REALTIME, 0, {tv_sec=0, tv_nsec=0},  <unfinished ...>
2682  clock_nanosleep(CLOCK_REALTIME, 0, {tv_sec=0, tv_nsec=1000000},  <unfinished ...>
2687  <... clock_nanosleep resumed>0x7fc9edc42c40) = 0
2686  <... clock_nanosleep resumed>0x7fc9ee443c40) = 0
2685  <... clock_nanosleep resumed>0x7fc9eec44c40) = 0
2684  clock_nanosleep(CLOCK_REALTIME, 0, {tv_sec=0, tv_nsec=0},  <unfinished ...>
2683  <... clock_nanosleep resumed>0x7fc9efc46c40) = 0
2675  clone3({flags=CLONE_VM|CLONE_FS|CLONE_FILES|CLONE_SIGHAND|CLONE_THREAD|CLONE_SYSVSEM|CLONE_SETTLS|CLONE_PARENT_SETTID|CLONE_CHILD_CLEARTID, child_tid=0x7fc9ed442910, parent_tid=0x7fc9ed442910, exit_signal=0, stack=0x7fc9ecc42000, stack_size=0x7ffe80, tls=0x7fc9ed442640} <unfinished ...>
2687  clock_nanosleep(CLOCK_REALTIME, 0, {tv_sec=0, tv_nsec=0},  <unfinished ...>
2686  clock_nanosleep(CLOCK_REALTIME, 0, {tv_sec=0, tv_nsec=0},  <unfinished ...>
2685  clock_nanosleep(CLOCK_REALTIME, 0, {tv_sec=0, tv_nsec=0},  <unfinished ...>
2684  <... clock_nanosleep resumed>0x7fc9ef445c40) = 0
2683  clock_nanosleep(CLOCK_REALTIME, 0, {tv_sec=0, tv_nsec=0},  <unfinished ...>
2687  <... clock_nanosleep resumed>0x7fc9edc42c40) = 0
2686  <... clock_nanosleep resumed>0x7fc9ee443c40) = 0
2685  <... clock_nanosleep resumed>0x7fc9eec44c40) = 0
2684  clock_nanosleep(CLOCK_REALTIME, 0, {tv_sec=0, tv_nsec=0},  <unfinished ...>
2682  <... clock_nanosleep resumed>0x7fc9f0447c70) = 0
2675  <... clone3 resumed>, 88)         = -1 ENOSYS (Function not implemented)
2687  clock_nanosleep(CLOCK_REALTIME, 0, {tv_sec=0, tv_nsec=0},  <unfinished ...>
2686  clock_nanosleep(CLOCK_REALTIME, 0, {tv_sec=0, tv_nsec=0},  <unfinished ...>
2685  clock_nanosleep(CLOCK_REALTIME, 0, {tv_sec=0, tv_nsec=0},  <unfinished ...>
2684  <... clock_nanosleep resumed>0x7fc9ef445c40) = 0
2683  <... clock_nanosleep resumed>0x7fc9efc46c40) = 0
2682  clock_nanosleep(CLOCK_REALTIME, 0, {tv_sec=0, tv_nsec=1000000},  <unfinished ...>
2687  <... clock_nanosleep resumed>0x7fc9edc42c40) = 0
2686  <... clock_nanosleep resumed>0x7fc9ee443c40) = 0
2685  <... clock_nanosleep resumed>0x7fc9eec44c40) = 0
2684  clock_nanosleep(CLOCK_REALTIME, 0, {tv_sec=0, tv_nsec=0},  <unfinished ...>
2683  clock_nanosleep(CLOCK_REALTIME, 0, {tv_sec=0, tv_nsec=0},  <unfinished ...>
2675  clone(child_stack=0x7fc9ed441e70, flags=CLONE_VM|CLONE_FS|CLONE_FILES|CLONE_SIGHAND|CLONE_THREAD|CLONE_SYSVSEM|CLONE_SETTLS|CLONE_PARENT_SETTID|CLONE_CHILD_CLEARTID <unfinished ...>
2687  clock_nanosleep(CLOCK_REALTIME, 0, {tv_sec=0, tv_nsec=0},  <unfinished ...>
2686  clock_nanosleep(CLOCK_REALTIME, 0, {tv_sec=0, tv_nsec=0},  <unfinished ...>
2685  clock_nanosleep(CLOCK_REALTIME, 0, {tv_sec=0, tv_nsec=0},  <unfinished ...>
2684  <... clock_nanosleep resumed>0x7fc9ef445c40) = 0
2683  <... clock_nanosleep resumed>0x7fc9efc46c40) = 0
2687  <... clock_nanosleep resumed>0x7fc9edc42c40) = 0
2686  <... clock_nanosleep resumed>0x7fc9ee443c40) = 0
2685  <... clock_nanosleep resumed>0x7fc9eec44c40) = 0
2684  clock_nanosleep(CLOCK_REALTIME, 0, {tv_sec=0, tv_nsec=0},  <unfinished ...>
2682  <... clock_nanosleep resumed>0x7fc9f0447c70) = 0
2688  rseq(0x7fc9ed442fe0, 0x20, 0, 0x53053053 <unfinished ...>
2687  clock_nanosleep(CLOCK_REALTIME, 0, {tv_sec=0, tv_nsec=0},  <unfinished ...>
2686  clock_nanosleep(CLOCK_REALTIME, 0, {tv_sec=0, tv_nsec=0},  <unfinished ...>
2685  clock_nanosleep(CLOCK_REALTIME, 0, {tv_sec=0, tv_nsec=0},  <unfinished ...>
2684  <... clock_nanosleep resumed>0x7fc9ef445c40) = 0
2683  clock_nanosleep(CLOCK_REALTIME, 0, {tv_sec=0, tv_nsec=0},  <unfinished ...>
2682  clock_nanosleep(CLOCK_REALTIME, 0, {tv_sec=0, tv_nsec=1000000},  <unfinished ...>
2688  <... rseq resumed>)               = 0
2687  <... clock_nanosleep resumed>0x7fc9edc42c40) = 0
2686  <... clock_nanosleep resumed>0x7fc9ee443c40) = 0
2685  <... clock_nanosleep resumed>0x7fc9eec44c40) = 0
2684  clock_nanosleep(CLOCK_REALTIME, 0, {tv_sec=0, tv_nsec=0},  <unfinished ...>
2683  <... clock_nanosleep resumed>0x7fc9efc46c40) = 0
2675  <... clone resumed>, parent_tid=[2688], tls=0x7fc9ed442640, child_tidptr=0x7fc9ed442910) = 2688
2688  set_robust_list(0x7fc9ed442920, 24 <unfinished ...>
2687  clock_nanosleep(CLOCK_REALTIME, 0, {tv_sec=0, tv_nsec=0},  <unfinished ...>
2686  clock_nanosleep(CLOCK_REALTIME, 0, {tv_sec=0, tv_nsec=0},  <unfinished ...>
2685  clock_nanosleep(CLOCK_REALTIME, 0, {tv_sec=0, tv_nsec=0},  <unfinished ...>
2684  <... clock_nanosleep resumed>0x7fc9ef445c40) = 0
2683  clock_nanosleep(CLOCK_REALTIME, 0, {tv_sec=0, tv_nsec=0},  <unfinished ...>
2682  <... clock_nanosleep resumed>0x7fc9f0447c70) = 0
2688  <... set_robust_list resumed>)    = 0
2687  <... clock_nanosleep resumed>0x7fc9edc42c40) = 0
2686  <... clock_nanosleep resumed>0x7fc9ee443c40) = 0
2685  <... clock_nanosleep resumed>0x7fc9eec44c40) = 0
2684  clock_nanosleep(CLOCK_REALTIME, 0, {tv_sec=0, tv_nsec=0},  <unfinished ...>
2683  <... clock_nanosleep resumed>0x7fc9efc46c40) = 0
2675  rt_sigprocmask(SIG_SETMASK, [],  <unfinished ...>
2688  rt_sigprocmask(SIG_SETMASK, [],  <unfinished ...>
2687  clock_nanosleep(CLOCK_REALTIME, 0, {tv_sec=0, tv_nsec=0},  <unfinished ...>
2686  clock_nanosleep(CLOCK_REALTIME, 0, {tv_sec=0, tv_nsec=0},  <unfinished ...>
2685  clock_nanosleep(CLOCK_REALTIME, 0, {tv_sec=0, tv_nsec=0},  <unfinished ...>
2684  <... clock_nanosleep resumed>0x7fc9ef445c40) = 0
2683  clock_nanosleep(CLOCK_REALTIME, 0, {tv_sec=0, tv_nsec=0},  <unfinished ...>
2682  clock_nanosleep(CLOCK_REALTIME, 0, {tv_sec=0, tv_nsec=1000000},  <unfinished ...>
2688  <... rt_sigprocmask resumed>NULL, 8) = 0
2687  <... clock_nanosleep resumed>0x7fc9edc42c40) = 0
2686  <... clock_nanosleep resumed>0x7fc9ee443c40) = 0
2685  <... clock_nanosleep resumed>0x7fc9eec44c40) = 0
2684  clock_nanosleep(CLOCK_REALTIME, 0, {tv_sec=0, tv_nsec=0},  <unfinished ...>
2683  <... clock_nanosleep resumed>0x7fc9efc46c40) = 0
2675  <... rt_sigprocmask resumed>NULL, 8) = 0
2688  prctl(PR_SET_NAME, "FIFOWriter1" <unfinished ...>
2687  clock_nanosleep(CLOCK_REALTIME, 0, {tv_sec=0, tv_nsec=0},  <unfinished ...>
2686  clock_nanosleep(CLOCK_REALTIME, 0, {tv_sec=0, tv_nsec=0},  <unfinished ...>
2685  clock_nanosleep(CLOCK_REALTIME, 0, {tv_sec=0, tv_nsec=0},  <unfinished ...>
2684  <... clock_nanosleep resumed>0x7fc9ef445c40) = 0
2683  clock_nanosleep(CLOCK_REALTIME, 0, {tv_sec=0, tv_nsec=0},  <unfinished ...>
2682  <... clock_nanosleep resumed>0x7fc9f0447c70) = 0
2688  <... prctl resumed>)              = 0
2687  <... clock_nanosleep resumed>0x7fc9edc42c40) = 0
2686  <... clock_nanosleep resumed>0x7fc9ee443c40) = 0
2685  <... clock_nanosleep resumed>0x7fc9eec44c40) = 0
2684  clock_nanosleep(CLOCK_REALTIME, 0, {tv_sec=0, tv_nsec=0},  <unfinished ...>
2683  <... clock_nanosleep resumed>0x7fc9efc46c40) = 0
2682  clock_nanosleep(CLOCK_REALTIME, 0, {tv_sec=0, tv_nsec=1000000},  <unfinished ...>
2675  mmap(NULL, 8392704, PROT_NONE, MAP_PRIVATE|MAP_ANONYMOUS|MAP_STACK, -1, 0 <unfinished ...>
2688  rt_sigprocmask(SIG_BLOCK, [HUP INT QUIT PIPE ALRM TERM CHLD VTALRM PROF WINCH],  <unfinished ...>
2687  clock_nanosleep(CLOCK_REALTIME, 0, {tv_sec=0, tv_nsec=0},  <unfinished ...>
2686  clock_nanosleep(CLOCK_REALTIME, 0, {tv_sec=0, tv_nsec=0},  <unfinished ...>
2685  clock_nanosleep(CLOCK_REALTIME, 0, {tv_sec=0, tv_nsec=0},  <unfinished ...>
2684  <... clock_nanosleep resumed>0x7fc9ef445c40) = 0
2683  clock_nanosleep(CLOCK_REALTIME, 0, {tv_sec=0, tv_nsec=0},  <unfinished ...>
2688  <... rt_sigprocmask resumed>NULL, 8) = 0
2687  <... clock_nanosleep resumed>0x7fc9edc42c40) = 0
2686  <... clock_nanosleep resumed>0x7fc9ee443c40) = 0
2685  <... clock_nanosleep resumed>0x7fc9eec44c40) = 0
2684  clock_nanosleep(CLOCK_REALTIME, 0, {tv_sec=0, tv_nsec=0},  <unfinished ...>
2682  <... clock_nanosleep resumed>0x7fc9f0447c70) = 0
2675  <... mmap resumed>)               = 0x7fc9ec441000
2688  clock_nanosleep(CLOCK_REALTIME, 0, {tv_sec=0, tv_nsec=0},  <unfinished ...>
2687  clock_nanosleep(CLOCK_REALTIME, 0, {tv_sec=0, tv_nsec=0},  <unfinished ...>
2686  clock_nanosleep(CLOCK_REALTIME, 0, {tv_sec=0, tv_nsec=0},  <unfinished ...>
2685  clock_nanosleep(CLOCK_REALTIME, 0, {tv_sec=0, tv_nsec=0},  <unfinished ...>
2684  <... clock_nanosleep resumed>0x7fc9ef445c40) = 0
2683  <... clock_nanosleep resumed>0x7fc9efc46c40) = 0
2682  clock_nanosleep(CLOCK_REALTIME, 0, {tv_sec=0, tv_nsec=1000000},  <unfinished ...>
2688  <... clock_nanosleep resumed>0x7fc9ed441c40) = 0
2687  <... clock_nanosleep resumed>0x7fc9edc42c40) = 0
2686  <... clock_nanosleep resumed>0x7fc9ee443c40) = 0
2685  <... clock_nanosleep resumed>0x7fc9eec44c40) = 0
2684  clock_nanosleep(CLOCK_REALTIME, 0, {tv_sec=0, tv_nsec=0},  <unfinished ...>
2683  clock_nanosleep(CLOCK_REALTIME, 0, {tv_sec=0, tv_nsec=0},  <unfinished ...>
2675  mprotect(0x7fc9ec442000, 8388608, PROT_READ|PROT_WRITE <unfinished ...>
2688  clock_nanosleep(CLOCK_REALTIME, 0, {tv_sec=0, tv_nsec=0},  <unfinished ...>
2687  clock_nanosleep(CLOCK_REALTIME, 0, {tv_sec=0, tv_nsec=0},  <unfinished ...>
2686  clock_nanosleep(CLOCK_REALTIME, 0, {tv_sec=0, tv_nsec=0},  <unfinished ...>
2685  clock_nanosleep(CLOCK_REALTIME, 0, {tv_sec=0, tv_nsec=0},  <unfinished ...>
2684  <... clock_nanosleep resumed>0x7fc9ef445c40) = 0
2683  <... clock_nanosleep resumed>0x7fc9efc46c40) = 0
2688  <... clock_nanosleep resumed>0x7fc9ed441c40) = 0
2687  <... clock_nanosleep resumed>0x7fc9edc42c40) = 0
2686  <... clock_nanosleep resumed>0x7fc9ee443c40) = 0
2685  <... clock_nanosleep resumed>0x7fc9eec44c40) = 0
2684  clock_nanosleep(CLOCK_REALTIME, 0, {tv_sec=0, tv_nsec=0},  <unfinished ...>
2682  <... clock_nanosleep resumed>0x7fc9f0447c70) = 0
2675  <... mprotect resumed>)           = 0
2688  clock_nanosleep(CLOCK_REALTIME, 0, {tv_sec=0, tv_nsec=0},  <unfinished ...>
2687  clock_nanosleep(CLOCK_REALTIME, 0, {tv_sec=0, tv_nsec=0},  <unfinished ...>
2686  clock_nanosleep(CLOCK_REALTIME, 0, {tv_sec=0, tv_nsec=0},  <unfinished ...>
2685  clock_nanosleep(CLOCK_REALTIME, 0, {tv_sec=0, tv_nsec=0},  <unfinished ...>
2684  <... clock_nanosleep resumed>0x7fc9ef445c40) = 0
2683  clock_nanosleep(CLOCK_REALTIME, 0, {tv_sec=0, tv_nsec=0},  <unfinished ...>
2682  clock_nanosleep(CLOCK_REALTIME, 0, {tv_sec=0, tv_nsec=1000000},  <unfinished ...>
2688  <... clock_nanosleep resumed>0x7fc9ed441c40) = 0
2687  <... clock_nanosleep resumed>0x7fc9edc42c40) = 0
2686  <... clock_nanosleep resumed>0x7fc9ee443c40) = 0
2685  <... clock_nanosleep resumed>0x7fc9eec44c40) = 0
2684  clock_nanosleep(CLOCK_REALTIME, 0, {tv_sec=0, tv_nsec=0},  <unfinished ...>
2683  <... clock_nanosleep resumed>0x7fc9efc46c40) = 0
2675  rt_sigprocmask(SIG_BLOCK, ~[],  <unfinished ...>
2688  clock_nanosleep(CLOCK_REALTIME, 0, {tv_sec=0, tv_nsec=0},  <unfinished ...>
2687  clock_nanosleep(CLOCK_REALTIME, 0, {tv_sec=0, tv_nsec=0},  <unfinished ...>
2686  clock_nanosleep(CLOCK_REALTIME, 0, {tv_sec=0, tv_nsec=0},  <unfinished ...>
2685  clock_nanosleep(CLOCK_REALTIME, 0, {tv_sec=0, tv_nsec=0},  <unfinished ...>
2684  <... clock_nanosleep resumed>0x7fc9ef445c40) = 0
2683  clock_nanosleep(CLOCK_REALTIME, 0, {tv_sec=0, tv_nsec=0},  <unfinished ...>
2682  <... clock_nanosleep resumed>0x7fc9f0447c70) = 0
2688  <... clock_nanosleep resumed>0x7fc9ed441c40) = 0
2687  <... clock_nanosleep resumed>0x7fc9edc42c40) = 0
2686  <... clock_nanosleep resumed>0x7fc9ee443c40) = 0
2685  <... clock_nanosleep resumed>0x7fc9eec44c40) = 0
2684  clock_nanosleep(CLOCK_REALTIME, 0, {tv_sec=0, tv_nsec=0},  <unfinished ...>
2683  <... clock_nanosleep resumed>0x7fc9efc46c40) = 0
2675  <... rt_sigprocmask resumed>[], 8) = 0
2688  clock_nanosleep(CLOCK_REALTIME, 0, {tv_sec=0, tv_nsec=0},  <unfinished ...>
2687  clock_nanosleep(CLOCK_REALTIME, 0, {tv_sec=0, tv_nsec=0},  <unfinished ...>
2686  clock_nanosleep(CLOCK_REALTIME, 0, {tv_sec=0, tv_nsec=0},  <unfinished ...>
2685  clock_nanosleep(CLOCK_REALTIME, 0, {tv_sec=0, tv_nsec=0},  <unfinished ...>
2684  <... clock_nanosleep resumed>0x7fc9ef445c40) = 0
2683  clock_nanosleep(CLOCK_REALTIME, 0, {tv_sec=0, tv_nsec=0},  <unfinished ...>
2682  clock_nanosleep(CLOCK_REALTIME, 0, {tv_sec=0, tv_nsec=1000000},  <unfinished ...>
2688  <... clock_nanosleep resumed>0x7fc9ed441c40) = 0
2687  <... clock_nanosleep resumed>0x7fc9edc42c40) = 0
2686  <... clock_nanosleep resumed>0x7fc9ee443c40) = 0
2685  <... clock_nanosleep resumed>0x7fc9eec44c40) = 0
2684  clock_nanosleep(CLOCK_REALTIME, 0, {tv_sec=0, tv_nsec=0},  <unfinished ...>
2683  <... clock_nanosleep resumed>0x7fc9efc46c40) = 0
2675  clone3({flags=CLONE_VM|CLONE_FS|CLONE_FILES|CLONE_SIGHAND|CLONE_THREAD|CLONE_SYSVSEM|CLONE_SETTLS|CLONE_PARENT_SETTID|CLONE_CHILD_CLEARTID, child_tid=0x7fc9ecc41910, parent_tid=0x7fc9ecc41910, exit_signal=0, stack=0x7fc9ec441000, stack_size=0x7ffe80, tls=0x7fc9ecc41640} <unfinished ...>
2688  clock_nanosleep(CLOCK_REALTIME, 0, {tv_sec=0, tv_nsec=0},  <unfinished ...>
2687  clock_nanosleep(CLOCK_REALTIME, 0, {tv_sec=0, tv_nsec=0},  <unfinished ...>
2686  clock_nanosleep(CLOCK_REALTIME, 0, {tv_sec=0, tv_nsec=0},  <unfinished ...>
2685  clock_nanosleep(CLOCK_REALTIME, 0, {tv_sec=0, tv_nsec=0},  <unfinished ...>
2684  <... clock_nanosleep resumed>0x7fc9ef445c40) = 0
2683  clock_nanosleep(CLOCK_REALTIME, 0, {tv_sec=0, tv_nsec=0},  <unfinished ...>
2682  <... clock_nanosleep resumed>0x7fc9f0447c70) = 0
2688  <... clock_nanosleep resumed>0x7fc9ed441c40) = 0
2687  <... clock_nanosleep resumed>0x7fc9edc42c40) = 0
2686  <... clock_nanosleep resumed>0x7fc9ee443c40) = 0
2685  <... clock_nanosleep resumed>0x7fc9eec44c40) = 0
2684  clock_nanosleep(CLOCK_REALTIME, 0, {tv_sec=0, tv_nsec=0},  <unfinished ...>
2683  <... clock_nanosleep resumed>0x7fc9efc46c40) = 0
2675  <... clone3 resumed>, 88)         = -1 ENOSYS (Function not implemented)
2688  clock_nanosleep(CLOCK_REALTIME, 0, {tv_sec=0, tv_nsec=0},  <unfinished ...>
2687  clock_nanosleep(CLOCK_REALTIME, 0, {tv_sec=0, tv_nsec=0},  <unfinished ...>
2686  clock_nanosleep(CLOCK_REALTIME, 0, {tv_sec=0, tv_nsec=0},  <unfinished ...>
2685  clock_nanosleep(CLOCK_REALTIME, 0, {tv_sec=0, tv_nsec=0},  <unfinished ...>
2684  <... clock_nanosleep resumed>0x7fc9ef445c40) = 0
2683  clock_nanosleep(CLOCK_REALTIME, 0, {tv_sec=0, tv_nsec=0},  <unfinished ...>
2682  clock_nanosleep(CLOCK_REALTIME, 0, {tv_sec=0, tv_nsec=1000000},  <unfinished ...>
2688  <... clock_nanosleep resumed>0x7fc9ed441c40) = 0
2687  <... clock_nanosleep resumed>0x7fc9edc42c40) = 0
2686  <... clock_nanosleep resumed>0x7fc9ee443c40) = 0
2685  <... clock_nanosleep resumed>0x7fc9eec44c40) = 0
2684  clock_nanosleep(CLOCK_REALTIME, 0, {tv_sec=0, tv_nsec=0},  <unfinished ...>
2683  <... clock_nanosleep resumed>0x7fc9efc46c40) = 0
2675  clone(child_stack=0x7fc9ecc40e70, flags=CLONE_VM|CLONE_FS|CLONE_FILES|CLONE_SIGHAND|CLONE_THREAD|CLONE_SYSVSEM|CLONE_SETTLS|CLONE_PARENT_SETTID|CLONE_CHILD_CLEARTID <unfinished ...>
2688  clock_nanosleep(CLOCK_REALTIME, 0, {tv_sec=0, tv_nsec=0},  <unfinished ...>
2687  clock_nanosleep(CLOCK_REALTIME, 0, {tv_sec=0, tv_nsec=0},  <unfinished ...>
2686  clock_nanosleep(CLOCK_REALTIME, 0, {tv_sec=0, tv_nsec=0},  <unfinished ...>
2685  clock_nanosleep(CLOCK_REALTIME, 0, {tv_sec=0, tv_nsec=0},  <unfinished ...>
2684  <... clock_nanosleep resumed>0x7fc9ef445c40) = 0
2683  clock_nanosleep(CLOCK_REALTIME, 0, {tv_sec=0, tv_nsec=0},  <unfinished ...>
2682  <... clock_nanosleep resumed>0x7fc9f0447c70) = 0
2688  <... clock_nanosleep resumed>0x7fc9ed441c40) = 0
2687  <... clock_nanosleep resumed>0x7fc9edc42c40) = 0
2686  <... clock_nanosleep resumed>0x7fc9ee443c40) = 0
2685  <... clock_nanosleep resumed>0x7fc9eec44c40) = 0
2684  clock_nanosleep(CLOCK_REALTIME, 0, {tv_sec=0, tv_nsec=0},  <unfinished ...>
2683  <... clock_nanosleep resumed>0x7fc9efc46c40) = 0
2689  rseq(0x7fc9ecc41fe0, 0x20, 0, 0x53053053 <unfinished ...>
2688  clock_nanosleep(CLOCK_REALTIME, 0, {tv_sec=0, tv_nsec=0},  <unfinished ...>
2687  clock_nanosleep(CLOCK_REALTIME, 0, {tv_sec=0, tv_nsec=0},  <unfinished ...>
2686  clock_nanosleep(CLOCK_REALTIME, 0, {tv_sec=0, tv_nsec=0},  <unfinished ...>
2685  clock_nanosleep(CLOCK_REALTIME, 0, {tv_sec=0, tv_nsec=0},  <unfinished ...>
2684  <... clock_nanosleep resumed>0x7fc9ef445c40) = 0
2683  clock_nanosleep(CLOCK_REALTIME, 0, {tv_sec=0, tv_nsec=0},  <unfinished ...>
2682  clock_nanosleep(CLOCK_REALTIME, 0, {tv_sec=0, tv_nsec=1000000},  <unfinished ...>
2689  <... rseq resumed>)               = 0
2688  <... clock_nanosleep resumed>0x7fc9ed441c40) = 0
2687  <... clock_nanosleep resumed>0x7fc9edc42c40) = 0
2686  <... clock_nanosleep resumed>0x7fc9ee443c40) = 0
2685  <... clock_nanosleep resumed>0x7fc9eec44c40) = 0
2684  clock_nanosleep(CLOCK_REALTIME, 0, {tv_sec=0, tv_nsec=0},  <unfinished ...>
2683  <... clock_nanosleep resumed>0x7fc9efc46c40) = 0
2675  <... clone resumed>, parent_tid=[2689], tls=0x7fc9ecc41640, child_tidptr=0x7fc9ecc41910) = 2689
2689  set_robust_list(0x7fc9ecc41920, 24 <unfinished ...>
2688  clock_nanosleep(CLOCK_REALTIME, 0, {tv_sec=0, tv_nsec=0},  <unfinished ...>
2687  clock_nanosleep(CLOCK_REALTIME, 0, {tv_sec=0, tv_nsec=0},  <unfinished ...>
2686  clock_nanosleep(CLOCK_REALTIME, 0, {tv_sec=0, tv_nsec=0},  <unfinished ...>
2685  clock_nanosleep(CLOCK_REALTIME, 0, {tv_sec=0, tv_nsec=0},  <unfinished ...>
2684  <... clock_nanosleep resumed>0x7fc9ef445c40) = 0
2683  clock_nanosleep(CLOCK_REALTIME, 0, {tv_sec=0, tv_nsec=0},  <unfinished ...>
2682  <... clock_nanosleep resumed>0x7fc9f0447c70) = 0
2689  <... set_robust_list resumed>)    = 0
2688  <... clock_nanosleep resumed>0x7fc9ed441c40) = 0
2687  <... clock_nanosleep resumed>0x7fc9edc42c40) = 0
2686  <... clock_nanosleep resumed>0x7fc9ee443c40) = 0
2685  <... clock_nanosleep resumed>0x7fc9eec44c40) = 0
2684  clock_nanosleep(CLOCK_REALTIME, 0, {tv_sec=0, tv_nsec=0},  <unfinished ...>
2683  <... clock_nanosleep resumed>0x7fc9efc46c40) = 0
2675  rt_sigprocmask(SIG_SETMASK, [],  <unfinished ...>
2689  rt_sigprocmask(SIG_SETMASK, [],  <unfinished ...>
2688  clock_nanosleep(CLOCK_REALTIME, 0, {tv_sec=0, tv_nsec=0},  <unfinished ...>
2687  clock_nanosleep(CLOCK_REALTIME, 0, {tv_sec=0, tv_nsec=0},  <unfinished ...>
2686  clock_nanosleep(CLOCK_REALTIME, 0, {tv_sec=0, tv_nsec=0},  <unfinished ...>
2685  clock_nanosleep(CLOCK_REALTIME, 0, {tv_sec=0, tv_nsec=0},  <unfinished ...>
2684  <... clock_nanosleep resumed>0x7fc9ef445c40) = 0
2683  clock_nanosleep(CLOCK_REALTIME, 0, {tv_sec=0, tv_nsec=0},  <unfinished ...>
2682  clock_nanosleep(CLOCK_REALTIME, 0, {tv_sec=0, tv_nsec=1000000},  <unfinished ...>
2689  <... rt_sigprocmask resumed>NULL, 8) = 0
2688  <... clock_nanosleep resumed>0x7fc9ed441c40) = 0
2687  <... clock_nanosleep resumed>0x7fc9edc42c40) = 0
2686  <... clock_nanosleep resumed>0x7fc9ee443c40) = 0
2685  <... clock_nanosleep resumed>0x7fc9eec44c40) = 0
2684  clock_nanosleep(CLOCK_REALTIME, 0, {tv_sec=0, tv_nsec=0},  <unfinished ...>
2683  <... clock_nanosleep resumed>0x7fc9efc46c40) = 0
2675  <... rt_sigprocmask resumed>NULL, 8) = 0
2689  prctl(PR_SET_NAME, "FIFOWriter2" <unfinished ...>
2688  clock_nanosleep(CLOCK_REALTIME, 0, {tv_sec=0, tv_nsec=0},  <unfinished ...>
2687  clock_nanosleep(CLOCK_REALTIME, 0, {tv_sec=0, tv_nsec=0},  <unfinished ...>
2686  clock_nanosleep(CLOCK_REALTIME, 0, {tv_sec=0, tv_nsec=0},  <unfinished ...>
2685  clock_nanosleep(CLOCK_REALTIME, 0, {tv_sec=0, tv_nsec=0},  <unfinished ...>
2684  <... clock_nanosleep resumed>0x7fc9ef445c40) = 0
2683  clock_nanosleep(CLOCK_REALTIME, 0, {tv_sec=0, tv_nsec=0},  <unfinished ...>
2682  <... clock_nanosleep resumed>0x7fc9f0447c70) = 0
2689  <... prctl resumed>)              = 0
2688  <... clock_nanosleep resumed>0x7fc9ed441c40) = 0
2687  <... clock_nanosleep resumed>0x7fc9edc42c40) = 0
2686  <... clock_nanosleep resumed>0x7fc9ee443c40) = 0
2685  <... clock_nanosleep resumed>0x7fc9eec44c40) = 0
2684  clock_nanosleep(CLOCK_REALTIME, 0, {tv_sec=0, tv_nsec=0},  <unfinished ...>
2683  <... clock_nanosleep resumed>0x7fc9efc46c40) = 0
2675  mmap(NULL, 8392704, PROT_NONE, MAP_PRIVATE|MAP_ANONYMOUS|MAP_STACK, -1, 0 <unfinished ...>
2689  rt_sigprocmask(SIG_BLOCK, [HUP INT QUIT PIPE ALRM TERM CHLD VTALRM PROF WINCH],  <unfinished ...>
2688  clock_nanosleep(CLOCK_REALTIME, 0, {tv_sec=0, tv_nsec=0},  <unfinished ...>
2687  clock_nanosleep(CLOCK_REALTIME, 0, {tv_sec=0, tv_nsec=0},  <unfinished ...>
2686  clock_nanosleep(CLOCK_REALTIME, 0, {tv_sec=0, tv_nsec=0},  <unfinished ...>
2685  clock_nanosleep(CLOCK_REALTIME, 0, {tv_sec=0, tv_nsec=0},  <unfinished ...>
2684  <... clock_nanosleep resumed>0x7fc9ef445c40) = 0
2683  clock_nanosleep(CLOCK_REALTIME, 0, {tv_sec=0, tv_nsec=0},  <unfinished ...>
2682  clock_nanosleep(CLOCK_REALTIME, 0, {tv_sec=0, tv_nsec=1000000},  <unfinished ...>
2689  <... rt_sigprocmask resumed>NULL, 8) = 0
2688  <... clock_nanosleep resumed>0x7fc9ed441c40) = 0
2687  <... clock_nanosleep resumed>0x7fc9edc42c40) = 0
2686  <... clock_nanosleep resumed>0x7fc9ee443c40) = 0
2685  <... clock_nanosleep resumed>0x7fc9eec44c40) = 0
2684  clock_nanosleep(CLOCK_REALTIME, 0, {tv_sec=0, tv_nsec=0},  <unfinished ...>
2683  <... clock_nanosleep resumed>0x7fc9efc46c40) = 0
2675  <... mmap resumed>)               = 0x7fc9ebc40000
2689  clock_nanosleep(CLOCK_REALTIME, 0, {tv_sec=0, tv_nsec=0},  <unfinished ...>
2688  clock_nanosleep(CLOCK_REALTIME, 0, {tv_sec=0, tv_nsec=0},  <unfinished ...>
2687  clock_nanosleep(CLOCK_REALTIME, 0, {tv_sec=0, tv_nsec=0},  <unfinished ...>
2686  clock_nanosleep(CLOCK_REALTIME, 0, {tv_sec=0, tv_nsec=0},  <unfinished ...>
2685  clock_nanosleep(CLOCK_REALTIME, 0, {tv_sec=0, tv_nsec=0},  <unfinished ...>
2684  <... clock_nanosleep resumed>0x7fc9ef445c40) = 0
2683  clock_nanosleep(CLOCK_REALTIME, 0, {tv_sec=0, tv_nsec=0},  <unfinished ...>
2682  <... clock_nanosleep resumed>0x7fc9f0447c70) = 0
2689  <... clock_nanosleep resumed>0x7fc9ecc40c40) = 0
2688  <... clock_nanosleep resumed>0x7fc9ed441c40) = 0
2687  <... clock_nanosleep resumed>0x7fc9edc42c40) = 0
2686  <... clock_nanosleep resumed>0x7fc9ee443c40) = 0
2685  <... clock_nanosleep resumed>0x7fc9eec44c40) = 0
2684  clock_nanosleep(CLOCK_REALTIME, 0, {tv_sec=0, tv_nsec=0},  <unfinished ...>
2683  <... clock_nanosleep resumed>0x7fc9efc46c40) = 0
2675  mprotect(0x7fc9ebc41000, 8388608, PROT_READ|PROT_WRITE <unfinished ...>
2689  clock_nanosleep(CLOCK_REALTIME, 0, {tv_sec=0, tv_nsec=0},  <unfinished ...>
2688  clock_nanosleep(CLOCK_REALTIME, 0, {tv_sec=0, tv_nsec=0},  <unfinished ...>
2687  clock_nanosleep(CLOCK_REALTIME, 0, {tv_sec=0, tv_nsec=0},  <unfinished ...>
2686  clock_nanosleep(CLOCK_REALTIME, 0, {tv_sec=0, tv_nsec=0},  <unfinished ...>
2685  clock_nanosleep(CLOCK_REALTIME, 0, {tv_sec=0, tv_nsec=0},  <unfinished ...>
2684  <... clock_nanosleep resumed>0x7fc9ef445c40) = 0
2683  clock_nanosleep(CLOCK_REALTIME, 0, {tv_sec=0, tv_nsec=0},  <unfinished ...>
2682  clock_nanosleep(CLOCK_REALTIME, 0, {tv_sec=0, tv_nsec=1000000},  <unfinished ...>
2689  <... clock_nanosleep resumed>0x7fc9ecc40c40) = 0
2688  <... clock_nanosleep resumed>0x7fc9ed441c40) = 0
2687  <... clock_nanosleep resumed>0x7fc9edc42c40) = 0
2686  <... clock_nanosleep resumed>0x7fc9ee443c40) = 0
2685  <... clock_nanosleep resumed>0x7fc9eec44c40) = 0
2684  clock_nanosleep(CLOCK_REALTIME, 0, {tv_sec=0, tv_nsec=0},  <unfinished ...>
2683  <... clock_nanosleep resumed>0x7fc9efc46c40) = 0
2675  <... mprotect resumed>)           = 0
2689  clock_nanosleep(CLOCK_REALTIME, 0, {tv_sec=0, tv_nsec=0},  <unfinished ...>
2688  clock_nanosleep(CLOCK_REALTIME, 0, {tv_sec=0, tv_nsec=0},  <unfinished ...>
2687  clock_nanosleep(CLOCK_REALTIME, 0, {tv_sec=0, tv_nsec=0},  <unfinished ...>
2686  clock_nanosleep(CLOCK_REALTIME, 0, {tv_sec=0, tv_nsec=0},  <unfinished ...>
2685  clock_nanosleep(CLOCK_REALTIME, 0, {tv_sec=0, tv_nsec=0},  <unfinished ...>
2684  <... clock_nanosleep resumed>0x7fc9ef445c40) = 0
2683  clock_nanosleep(CLOCK_REALTIME, 0, {tv_sec=0, tv_nsec=0},  <unfinished ...>
2682  <... clock_nanosleep resumed>0x7fc9f0447c70) = 0
2689  <... clock_nanosleep resumed>0x7fc9ecc40c40) = 0
2688  <... clock_nanosleep resumed>0x7fc9ed441c40) = 0
2687  <... clock_nanosleep resumed>0x7fc9edc42c40) = 0
2686  <... clock_nanosleep resumed>0x7fc9ee443c40) = 0
2685  <... clock_nanosleep resumed>0x7fc9eec44c40) = 0
2684  clock_nanosleep(CLOCK_REALTIME, 0, {tv_sec=0, tv_nsec=0},  <unfinished ...>
2683  <... clock_nanosleep resumed>0x7fc9efc46c40) = 0
2675  rt_sigprocmask(SIG_BLOCK, ~[],  <unfinished ...>
2689  clock_nanosleep(CLOCK_REALTIME, 0, {tv_sec=0, tv_nsec=0},  <unfinished ...>
2688  clock_nanosleep(CLOCK_REALTIME, 0, {tv_sec=0, tv_nsec=0},  <unfinished ...>
2687  clock_nanosleep(CLOCK_REALTIME, 0, {tv_sec=0, tv_nsec=0},  <unfinished ...>
2686  clock_nanosleep(CLOCK_REALTIME, 0, {tv_sec=0, tv_nsec=0},  <unfinished ...>
2685  clock_nanosleep(CLOCK_REALTIME, 0, {tv_sec=0, tv_nsec=0},  <unfinished ...>
2684  <... clock_nanosleep resumed>0x7fc9ef445c40) = 0
2683  clock_nanosleep(CLOCK_REALTIME, 0, {tv_sec=0, tv_nsec=0},  <unfinished ...>
2682  clock_nanosleep(CLOCK_REALTIME, 0, {tv_sec=0, tv_nsec=1000000},  <unfinished ...>
2689  <... clock_nanosleep resumed>0x7fc9ecc40c40) = 0
2688  <... clock_nanosleep resumed>0x7fc9ed441c40) = 0
2687  <... clock_nanosleep resumed>0x7fc9edc42c40) = 0
2686  <... clock_nanosleep resumed>0x7fc9ee443c40) = 0
2685  <... clock_nanosleep resumed>0x7fc9eec44c40) = 0
2684  clock_nanosleep(CLOCK_REALTIME, 0, {tv_sec=0, tv_nsec=0},  <unfinished ...>
2683  <... clock_nanosleep resumed>0x7fc9efc46c40) = 0
2675  <... rt_sigprocmask resumed>[], 8) = 0
2689  clock_nanosleep(CLOCK_REALTIME, 0, {tv_sec=0, tv_nsec=0},  <unfinished ...>
2688  clock_nanosleep(CLOCK_REALTIME, 0, {tv_sec=0, tv_nsec=0},  <unfinished ...>
2687  clock_nanosleep(CLOCK_REALTIME, 0, {tv_sec=0, tv_nsec=0},  <unfinished ...>
2686  clock_nanosleep(CLOCK_REALTIME, 0, {tv_sec=0, tv_nsec=0},  <unfinished ...>
2685  clock_nanosleep(CLOCK_REALTIME, 0, {tv_sec=0, tv_nsec=0},  <unfinished ...>
2684  <... clock_nanosleep resumed>0x7fc9ef445c40) = 0
2683  clock_nanosleep(CLOCK_REALTIME, 0, {tv_sec=0, tv_nsec=0},  <unfinished ...>
2682  <... clock_nanosleep resumed>0x7fc9f0447c70) = 0
2689  <... clock_nanosleep resumed>0x7fc9ecc40c40) = 0
2688  <... clock_nanosleep resumed>0x7fc9ed441c40) = 0
2687  <... clock_nanosleep resumed>0x7fc9edc42c40) = 0
2686  <... clock_nanosleep resumed>0x7fc9ee443c40) = 0
2685  <... clock_nanosleep resumed>0x7fc9eec44c40) = 0
2684  clock_nanosleep(CLOCK_REALTIME, 0, {tv_sec=0, tv_nsec=0},  <unfinished ...>
2683  <... clock_nanosleep resumed>0x7fc9efc46c40) = 0
2675  clone3({flags=CLONE_VM|CLONE_FS|CLONE_FILES|CLONE_SIGHAND|CLONE_THREAD|CLONE_SYSVSEM|CLONE_SETTLS|CLONE_PARENT_SETTID|CLONE_CHILD_CLEARTID, child_tid=0x7fc9ec440910, parent_tid=0x7fc9ec440910, exit_signal=0, stack=0x7fc9ebc40000, stack_size=0x7ffe80, tls=0x7fc9ec440640} <unfinished ...>
2689  clock_nanosleep(CLOCK_REALTIME, 0, {tv_sec=0, tv_nsec=0},  <unfinished ...>
2688  clock_nanosleep(CLOCK_REALTIME, 0, {tv_sec=0, tv_nsec=0},  <unfinished ...>
2687  clock_nanosleep(CLOCK_REALTIME, 0, {tv_sec=0, tv_nsec=0},  <unfinished ...>
2686  clock_nanosleep(CLOCK_REALTIME, 0, {tv_sec=0, tv_nsec=0},  <unfinished ...>
2685  clock_nanosleep(CLOCK_REALTIME, 0, {tv_sec=0, tv_nsec=0},  <unfinished ...>
2684  <... clock_nanosleep resumed>0x7fc9ef445c40) = 0
2683  clock_nanosleep(CLOCK_REALTIME, 0, {tv_sec=0, tv_nsec=0},  <unfinished ...>
2682  clock_nanosleep(CLOCK_REALTIME, 0, {tv_sec=0, tv_nsec=1000000},  <unfinished ...>
2689  <... clock_nanosleep resumed>0x7fc9ecc40c40) = 0
2688  <... clock_nanosleep resumed>0x7fc9ed441c40) = 0
2687  <... clock_nanosleep resumed>0x7fc9edc42c40) = 0
2686  <... clock_nanosleep resumed>0x7fc9ee443c40) = 0
2685  <... clock_nanosleep resumed>0x7fc9eec44c40) = 0
2684  clock_nanosleep(CLOCK_REALTIME, 0, {tv_sec=0, tv_nsec=0},  <unfinished ...>
2683  <... clock_nanosleep resumed>0x7fc9efc46c40) = 0
2675  <... clone3 resumed>, 88)         = -1 ENOSYS (Function not implemented)
2689  clock_nanosleep(CLOCK_REALTIME, 0, {tv_sec=0, tv_nsec=0},  <unfinished ...>
2688  clock_nanosleep(CLOCK_REALTIME, 0, {tv_sec=0, tv_nsec=0},  <unfinished ...>
2687  clock_nanosleep(CLOCK_REALTIME, 0, {tv_sec=0, tv_nsec=0},  <unfinished ...>
2686  clock_nanosleep(CLOCK_REALTIME, 0, {tv_sec=0, tv_nsec=0},  <unfinished ...>
2685  clock_nanosleep(CLOCK_REALTIME, 0, {tv_sec=0, tv_nsec=0},  <unfinished ...>
2684  <... clock_nanosleep resumed>0x7fc9ef445c40) = 0
2683  clock_nanosleep(CLOCK_REALTIME, 0, {tv_sec=0, tv_nsec=0},  <unfinished ...>
2682  <... clock_nanosleep resumed>0x7fc9f0447c70) = 0
2689  <... clock_nanosleep resumed>0x7fc9ecc40c40) = 0
2688  <... clock_nanosleep resumed>0x7fc9ed441c40) = 0
2687  <... clock_nanosleep resumed>0x7fc9edc42c40) = 0
2686  <... clock_nanosleep resumed>0x7fc9ee443c40) = 0
2685  <... clock_nanosleep resumed>0x7fc9eec44c40) = 0
2684  clock_nanosleep(CLOCK_REALTIME, 0, {tv_sec=0, tv_nsec=0},  <unfinished ...>
2683  <... clock_nanosleep resumed>0x7fc9efc46c40) = 0
2675  clone(child_stack=0x7fc9ec43fe70, flags=CLONE_VM|CLONE_FS|CLONE_FILES|CLONE_SIGHAND|CLONE_THREAD|CLONE_SYSVSEM|CLONE_SETTLS|CLONE_PARENT_SETTID|CLONE_CHILD_CLEARTID <unfinished ...>
2689  clock_nanosleep(CLOCK_REALTIME, 0, {tv_sec=0, tv_nsec=0},  <unfinished ...>
2688  clock_nanosleep(CLOCK_REALTIME, 0, {tv_sec=0, tv_nsec=0},  <unfinished ...>
2687  clock_nanosleep(CLOCK_REALTIME, 0, {tv_sec=0, tv_nsec=0},  <unfinished ...>
2686  clock_nanosleep(CLOCK_REALTIME, 0, {tv_sec=0, tv_nsec=0},  <unfinished ...>
2685  clock_nanosleep(CLOCK_REALTIME, 0, {tv_sec=0, tv_nsec=0},  <unfinished ...>
2684  <... clock_nanosleep resumed>0x7fc9ef445c40) = 0
2683  clock_nanosleep(CLOCK_REALTIME, 0, {tv_sec=0, tv_nsec=0},  <unfinished ...>
2682  clock_nanosleep(CLOCK_REALTIME, 0, {tv_sec=0, tv_nsec=1000000},  <unfinished ...>
2689  <... clock_nanosleep resumed>0x7fc9ecc40c40) = 0
2688  <... clock_nanosleep resumed>0x7fc9ed441c40) = 0
2687  <... clock_nanosleep resumed>0x7fc9edc42c40) = 0
2686  <... clock_nanosleep resumed>0x7fc9ee443c40) = 0
2685  <... clock_nanosleep resumed>0x7fc9eec44c40) = 0
2684  clock_nanosleep(CLOCK_REALTIME, 0, {tv_sec=0, tv_nsec=0},  <unfinished ...>
2683  <... clock_nanosleep resumed>0x7fc9efc46c40) = 0
2690  rseq(0x7fc9ec440fe0, 0x20, 0, 0x53053053 <unfinished ...>
2689  clock_nanosleep(CLOCK_REALTIME, 0, {tv_sec=0, tv_nsec=0},  <unfinished ...>
2688  clock_nanosleep(CLOCK_REALTIME, 0, {tv_sec=0, tv_nsec=0},  <unfinished ...>
2687  clock_nanosleep(CLOCK_REALTIME, 0, {tv_sec=0, tv_nsec=0},  <unfinished ...>
2686  clock_nanosleep(CLOCK_REALTIME, 0, {tv_sec=0, tv_nsec=0},  <unfinished ...>
2685  clock_nanosleep(CLOCK_REALTIME, 0, {tv_sec=0, tv_nsec=0},  <unfinished ...>
2684  <... clock_nanosleep resumed>0x7fc9ef445c40) = 0
2683  clock_nanosleep(CLOCK_REALTIME, 0, {tv_sec=0, tv_nsec=0},  <unfinished ...>
2682  <... clock_nanosleep resumed>0x7fc9f0447c70) = 0
2690  <... rseq resumed>)               = 0
2689  <... clock_nanosleep resumed>0x7fc9ecc40c40) = 0
2688  <... clock_nanosleep resumed>0x7fc9ed441c40) = 0
2687  <... clock_nanosleep resumed>0x7fc9edc42c40) = 0
2686  <... clock_nanosleep resumed>0x7fc9ee443c40) = 0
2685  <... clock_nanosleep resumed>0x7fc9eec44c40) = 0
2684  clock_nanosleep(CLOCK_REALTIME, 0, {tv_sec=0, tv_nsec=0},  <unfinished ...>
2683  <... clock_nanosleep resumed>0x7fc9efc46c40) = 0
2675  <... clone resumed>, parent_tid=[2690], tls=0x7fc9ec440640, child_tidptr=0x7fc9ec440910) = 2690
2690  set_robust_list(0x7fc9ec440920, 24 <unfinished ...>
2689  clock_nanosleep(CLOCK_REALTIME, 0, {tv_sec=0, tv_nsec=0},  <unfinished ...>
2688  clock_nanosleep(CLOCK_REALTIME, 0, {tv_sec=0, tv_nsec=0},  <unfinished ...>
2687  clock_nanosleep(CLOCK_REALTIME, 0, {tv_sec=0, tv_nsec=0},  <unfinished ...>
2686  clock_nanosleep(CLOCK_REALTIME, 0, {tv_sec=0, tv_nsec=0},  <unfinished ...>
2685  clock_nanosleep(CLOCK_REALTIME, 0, {tv_sec=0, tv_nsec=0},  <unfinished ...>
2684  <... clock_nanosleep resumed>0x7fc9ef445c40) = 0
2683  clock_nanosleep(CLOCK_REALTIME, 0, {tv_sec=0, tv_nsec=0},  <unfinished ...>
2682  clock_nanosleep(CLOCK_REALTIME, 0, {tv_sec=0, tv_nsec=1000000},  <unfinished ...>
2690  <... set_robust_list resumed>)    = 0
2689  <... clock_nanosleep resumed>0x7fc9ecc40c40) = 0
2688  <... clock_nanosleep resumed>0x7fc9ed441c40) = 0
2687  <... clock_nanosleep resumed>0x7fc9edc42c40) = 0
2686  <... clock_nanosleep resumed>0x7fc9ee443c40) = 0
2685  <... clock_nanosleep resumed>0x7fc9eec44c40) = 0
2684  clock_nanosleep(CLOCK_REALTIME, 0, {tv_sec=0, tv_nsec=0},  <unfinished ...>
2683  <... clock_nanosleep resumed>0x7fc9efc46c40) = 0
2675  rt_sigprocmask(SIG_SETMASK, [],  <unfinished ...>
2690  rt_sigprocmask(SIG_SETMASK, [],  <unfinished ...>
2689  clock_nanosleep(CLOCK_REALTIME, 0, {tv_sec=0, tv_nsec=0},  <unfinished ...>
2688  clock_nanosleep(CLOCK_REALTIME, 0, {tv_sec=0, tv_nsec=0},  <unfinished ...>
2687  clock_nanosleep(CLOCK_REALTIME, 0, {tv_sec=0, tv_nsec=0},  <unfinished ...>
2686  clock_nanosleep(CLOCK_REALTIME, 0, {tv_sec=0, tv_nsec=0},  <unfinished ...>
2685  clock_nanosleep(CLOCK_REALTIME, 0, {tv_sec=0, tv_nsec=0},  <unfinished ...>
2684  <... clock_nanosleep resumed>0x7fc9ef445c40) = 0
2683  clock_nanosleep(CLOCK_REALTIME, 0, {tv_sec=0, tv_nsec=0},  <unfinished ...>
2682  <... clock_nanosleep resumed>0x7fc9f0447c70) = 0
2690  <... rt_sigprocmask resumed>NULL, 8) = 0
2689  <... clock_nanosleep resumed>0x7fc9ecc40c40) = 0
2688  <... clock_nanosleep resumed>0x7fc9ed441c40) = 0
2687  <... clock_nanosleep resumed>0x7fc9edc42c40) = 0
2686  <... clock_nanosleep resumed>0x7fc9ee443c40) = 0
2685  <... clock_nanosleep resumed>0x7fc9eec44c40) = 0
2684  clock_nanosleep(CLOCK_REALTIME, 0, {tv_sec=0, tv_nsec=0},  <unfinished ...>
2683  <... clock_nanosleep resumed>0x7fc9efc46c40) = 0
2675  <... rt_sigprocmask resumed>NULL, 8) = 0
2690  prctl(PR_SET_NAME, "FIFOWriter3" <unfinished ...>
2689  clock_nanosleep(CLOCK_REALTIME, 0, {tv_sec=0, tv_nsec=0},  <unfinished ...>
2688  clock_nanosleep(CLOCK_REALTIME, 0, {tv_sec=0, tv_nsec=0},  <unfinished ...>
2687  clock_nanosleep(CLOCK_REALTIME, 0, {tv_sec=0, tv_nsec=0},  <unfinished ...>
2686  clock_nanosleep(CLOCK_REALTIME, 0, {tv_sec=0, tv_nsec=0},  <unfinished ...>
2685  clock_nanosleep(CLOCK_REALTIME, 0, {tv_sec=0, tv_nsec=0},  <unfinished ...>
2684  <... clock_nanosleep resumed>0x7fc9ef445c40) = 0
2683  clock_nanosleep(CLOCK_REALTIME, 0, {tv_sec=0, tv_nsec=0},  <unfinished ...>
2682  clock_nanosleep(CLOCK_REALTIME, 0, {tv_sec=0, tv_nsec=1000000},  <unfinished ...>
2690  <... prctl resumed>)              = 0
2689  <... clock_nanosleep resumed>0x7fc9ecc40c40) = 0
2688  <... clock_nanosleep resumed>0x7fc9ed441c40) = 0
2687  <... clock_nanosleep resumed>0x7fc9edc42c40) = 0
2686  <... clock_nanosleep resumed>0x7fc9ee443c40) = 0
2685  <... clock_nanosleep resumed>0x7fc9eec44c40) = 0
2684  clock_nanosleep(CLOCK_REALTIME, 0, {tv_sec=0, tv_nsec=0},  <unfinished ...>
2683  <... clock_nanosleep resumed>0x7fc9efc46c40) = 0
2675  futex(0x55ccd58e83d0, FUTEX_WAIT_BITSET_PRIVATE|FUTEX_CLOCK_REALTIME, 0, NULL, FUTEX_BITSET_MATCH_ANY <unfinished ...>
2690  rt_sigprocmask(SIG_BLOCK, [HUP INT QUIT PIPE ALRM TERM CHLD VTALRM PROF WINCH],  <unfinished ...>
2689  clock_nanosleep(CLOCK_REALTIME, 0, {tv_sec=0, tv_nsec=0},  <unfinished ...>
2688  clock_nanosleep(CLOCK_REALTIME, 0, {tv_sec=0, tv_nsec=0},  <unfinished ...>
2687  clock_nanosleep(CLOCK_REALTIME, 0, {tv_sec=0, tv_nsec=0},  <unfinished ...>
2686  clock_nanosleep(CLOCK_REALTIME, 0, {tv_sec=0, tv_nsec=0},  <unfinished ...>
2685  clock_nanosleep(CLOCK_REALTIME, 0, {tv_sec=0, tv_nsec=0},  <unfinished ...>
2684  <... clock_nanosleep resumed>0x7fc9ef445c40) = 0
2683  clock_nanosleep(CLOCK_REALTIME, 0, {tv_sec=0, tv_nsec=0},  <unfinished ...>
2682  <... clock_nanosleep resumed>0x7fc9f0447c70) = 0
2690  <... rt_sigprocmask resumed>NULL, 8) = 0
2689  <... clock_nanosleep resumed>0x7fc9ecc40c40) = 0
2688  <... clock_nanosleep resumed>0x7fc9ed441c40) = 0
2687  <... clock_nanosleep resumed>0x7fc9edc42c40) = 0
2686  <... clock_nanosleep resumed>0x7fc9ee443c40) = 0
2685  <... clock_nanosleep resumed>0x7fc9eec44c40) = 0
2684  clock_nanosleep(CLOCK_REALTIME, 0, {tv_sec=0, tv_nsec=0},  <unfinished ...>
2683  <... clock_nanosleep resumed>0x7fc9efc46c40) = 0
2690  clock_nanosleep(CLOCK_REALTIME, 0, {tv_sec=0, tv_nsec=0},  <unfinished ...>
2689  clock_nanosleep(CLOCK_REALTIME, 0, {tv_sec=0, tv_nsec=0},  <unfinished ...>
2688  clock_nanosleep(CLOCK_REALTIME, 0, {tv_sec=0, tv_nsec=0},  <unfinished ...>
2687  clock_nanosleep(CLOCK_REALTIME, 0, {tv_sec=0, tv_nsec=0},  <unfinished ...>
2686  clock_nanosleep(CLOCK_REALTIME, 0, {tv_sec=0, tv_nsec=0},  <unfinished ...>
2685  clock_nanosleep(CLOCK_REALTIME, 0, {tv_sec=0, tv_nsec=0},  <unfinished ...>
2684  <... clock_nanosleep resumed>0x7fc9ef445c40) = 0
2682  clock_nanosleep(CLOCK_REALTIME, 0, {tv_sec=0, tv_nsec=1000000},  <unfinished ...>
2690  <... clock_nanosleep resumed>0x7fc9ec43fc40) = 0
2689  <... clock_nanosleep resumed>0x7fc9ecc40c40) = 0
2688  <... clock_nanosleep resumed>0x7fc9ed441c40) = 0
2687  <... clock_nanosleep resumed>0x7fc9edc42c40) = 0
2686  <... clock_nanosleep resumed>0x7fc9ee443c40) = 0
2685  <... clock_nanosleep resumed>0x7fc9eec44c40) = 0
2684  clock_nanosleep(CLOCK_REALTIME, 0, {tv_sec=0, tv_nsec=0},  <unfinished ...>
2683  clock_nanosleep(CLOCK_REALTIME, 0, {tv_sec=0, tv_nsec=0},  <unfinished ...>
2690  clock_nanosleep(CLOCK_REALTIME, 0, {tv_sec=0, tv_nsec=0},  <unfinished ...>
2689  clock_nanosleep(CLOCK_REALTIME, 0, {tv_sec=0, tv_nsec=0},  <unfinished ...>
2688  clock_nanosleep(CLOCK_REALTIME, 0, {tv_sec=0, tv_nsec=0},  <unfinished ...>
2687  clock_nanosleep(CLOCK_REALTIME, 0, {tv_sec=0, tv_nsec=0},  <unfinished ...>
2686  clock_nanosleep(CLOCK_REALTIME, 0, {tv_sec=0, tv_nsec=0},  <unfinished ...>
2685  clock_nanosleep(CLOCK_REALTIME, 0, {tv_sec=0, tv_nsec=0},  <unfinished ...>
2684  <... clock_nanosleep resumed>0x7fc9ef445c40) = 0
2682  <... clock_nanosleep resumed>0x7fc9f0447c70) = 0
2690  <... clock_nanosleep resumed>0x7fc9ec43fc40) = 0
2689  <... clock_nanosleep resumed>0x7fc9ecc40c40) = 0
2688  <... clock_nanosleep resumed>0x7fc9ed441c40) = 0
2687  <... clock_nanosleep resumed>0x7fc9edc42c40) = 0
2686  <... clock_nanosleep resumed>0x7fc9ee443c40) = 0
2685  <... clock_nanosleep resumed>0x7fc9eec44c40) = 0
2684  clock_nanosleep(CLOCK_REALTIME, 0, {tv_sec=0, tv_nsec=0},  <unfinished ...>
2683  <... clock_nanosleep resumed>0x7fc9efc46c40) = 0
2690  clock_nanosleep(CLOCK_REALTIME, 0, {tv_sec=0, tv_nsec=0},  <unfinished ...>
2689  clock_nanosleep(CLOCK_REALTIME, 0, {tv_sec=0, tv_nsec=0},  <unfinished ...>
2688  clock_nanosleep(CLOCK_REALTIME, 0, {tv_sec=0, tv_nsec=0},  <unfinished ...>
2687  clock_nanosleep(CLOCK_REALTIME, 0, {tv_sec=0, tv_nsec=0},  <unfinished ...>
2686  clock_nanosleep(CLOCK_REALTIME, 0, {tv_sec=0, tv_nsec=0},  <unfinished ...>
2685  clock_nanosleep(CLOCK_REALTIME, 0, {tv_sec=0, tv_nsec=0},  <unfinished ...>
2684  <... clock_nanosleep resumed>0x7fc9ef445c40) = 0
2682  clock_nanosleep(CLOCK_REALTIME, 0, {tv_sec=0, tv_nsec=1000000},  <unfinished ...>
2690  <... clock_nanosleep resumed>0x7fc9ec43fc40) = 0
2689  <... clock_nanosleep resumed>0x7fc9ecc40c40) = 0
2688  <... clock_nanosleep resumed>0x7fc9ed441c40) = 0
2687  <... clock_nanosleep resumed>0x7fc9edc42c40) = 0
2686  <... clock_nanosleep resumed>0x7fc9ee443c40) = 0
2685  <... clock_nanosleep resumed>0x7fc9eec44c40) = 0
2684  clock_nanosleep(CLOCK_REALTIME, 0, {tv_sec=0, tv_nsec=0},  <unfinished ...>
2683  clock_nanosleep(CLOCK_REALTIME, 0, {tv_sec=0, tv_nsec=0},  <unfinished ...>
2690  clock_nanosleep(CLOCK_REALTIME, 0, {tv_sec=0, tv_nsec=0},  <unfinished ...>
2689  clock_nanosleep(CLOCK_REALTIME, 0, {tv_sec=0, tv_nsec=0},  <unfinished ...>
2688  clock_nanosleep(CLOCK_REALTIME, 0, {tv_sec=0, tv_nsec=0},  <unfinished ...>
2687  clock_nanosleep(CLOCK_REALTIME, 0, {tv_sec=0, tv_nsec=0},  <unfinished ...>
2686  clock_nanosleep(CLOCK_REALTIME, 0, {tv_sec=0, tv_nsec=0},  <unfinished ...>
2685  clock_nanosleep(CLOCK_REALTIME, 0, {tv_sec=0, tv_nsec=0},  <unfinished ...>
2684  <... clock_nanosleep resumed>0x7fc9ef445c40) = 0
2682  <... clock_nanosleep resumed>0x7fc9f0447c70) = 0
2690  <... clock_nanosleep resumed>0x7fc9ec43fc40) = 0
2689  <... clock_nanosleep resumed>0x7fc9ecc40c40) = 0
2688  <... clock_nanosleep resumed>0x7fc9ed441c40) = 0
2687  <... clock_nanosleep resumed>0x7fc9edc42c40) = 0
2686  <... clock_nanosleep resumed>0x7fc9ee443c40) = 0
2685  <... clock_nanosleep resumed>0x7fc9eec44c40) = 0
2684  clock_nanosleep(CLOCK_REALTIME, 0, {tv_sec=0, tv_nsec=0},  <unfinished ...>
2683  <... clock_nanosleep resumed>0x7fc9efc46c40) = 0
2690  clock_nanosleep(CLOCK_REALTIME, 0, {tv_sec=0, tv_nsec=0},  <unfinished ...>
2689  clock_nanosleep(CLOCK_REALTIME, 0, {tv_sec=0, tv_nsec=0},  <unfinished ...>
2688  clock_nanosleep(CLOCK_REALTIME, 0, {tv_sec=0, tv_nsec=0},  <unfinished ...>
2687  clock_nanosleep(CLOCK_REALTIME, 0, {tv_sec=0, tv_nsec=0},  <unfinished ...>
2686  clock_nanosleep(CLOCK_REALTIME, 0, {tv_sec=0, tv_nsec=0},  <unfinished ...>
2685  clock_nanosleep(CLOCK_REALTIME, 0, {tv_sec=0, tv_nsec=0},  <unfinished ...>
2684  <... clock_nanosleep resumed>0x7fc9ef445c40) = 0
2682  clock_nanosleep(CLOCK_REALTIME, 0, {tv_sec=0, tv_nsec=1000000},  <unfinished ...>
2690  <... clock_nanosleep resumed>0x7fc9ec43fc40) = 0
2689  <... clock_nanosleep resumed>0x7fc9ecc40c40) = 0
2688  <... clock_nanosleep resumed>0x7fc9ed441c40) = 0
2687  <... clock_nanosleep resumed>0x7fc9edc42c40) = 0
2686  <... clock_nanosleep resumed>0x7fc9ee443c40) = 0
2685  <... clock_nanosleep resumed>0x7fc9eec44c40) = 0
2684  clock_nanosleep(CLOCK_REALTIME, 0, {tv_sec=0, tv_nsec=0},  <unfinished ...>
2683  clock_nanosleep(CLOCK_REALTIME, 0, {tv_sec=0, tv_nsec=0},  <unfinished ...>
2690  clock_nanosleep(CLOCK_REALTIME, 0, {tv_sec=0, tv_nsec=0},  <unfinished ...>
2689  clock_nanosleep(CLOCK_REALTIME, 0, {tv_sec=0, tv_nsec=0},  <unfinished ...>
2688  clock_nanosleep(CLOCK_REALTIME, 0, {tv_sec=0, tv_nsec=0},  <unfinished ...>
2687  clock_nanosleep(CLOCK_REALTIME, 0, {tv_sec=0, tv_nsec=0},  <unfinished ...>
2686  clock_nanosleep(CLOCK_REALTIME, 0, {tv_sec=0, tv_nsec=0},  <unfinished ...>
2685  clock_nanosleep(CLOCK_REALTIME, 0, {tv_sec=0, tv_nsec=0},  <unfinished ...>
2684  <... clock_nanosleep resumed>0x7fc9ef445c40) = 0
2682  <... clock_nanosleep resumed>0x7fc9f0447c70) = 0
2690  <... clock_nanosleep resumed>0x7fc9ec43fc40) = 0
2689  <... clock_nanosleep resumed>0x7fc9ecc40c40) = 0
2688  <... clock_nanosleep resumed>0x7fc9ed441c40) = 0
2687  <... clock_nanosleep resumed>0x7fc9edc42c40) = 0
2686  <... clock_nanosleep resumed>0x7fc9ee443c40) = 0
2685  <... clock_nanosleep resumed>0x7fc9eec44c40) = 0
2684  clock_nanosleep(CLOCK_REALTIME, 0, {tv_sec=0, tv_nsec=0},  <unfinished ...>
2683  <... clock_nanosleep resumed>0x7fc9efc46c40) = 0
2690  clock_nanosleep(CLOCK_REALTIME, 0, {tv_sec=0, tv_nsec=0},  <unfinished ...>
2689  clock_nanosleep(CLOCK_REALTIME, 0, {tv_sec=0, tv_nsec=0},  <unfinished ...>
2688  clock_nanosleep(CLOCK_REALTIME, 0, {tv_sec=0, tv_nsec=0},  <unfinished ...>
2687  clock_nanosleep(CLOCK_REALTIME, 0, {tv_sec=0, tv_nsec=0},  <unfinished ...>
2686  clock_nanosleep(CLOCK_REALTIME, 0, {tv_sec=0, tv_nsec=0},  <unfinished ...>
2685  clock_nanosleep(CLOCK_REALTIME, 0, {tv_sec=0, tv_nsec=0},  <unfinished ...>
2684  <... clock_nanosleep resumed>0x7fc9ef445c40) = 0
2682  clock_nanosleep(CLOCK_REALTIME, 0, {tv_sec=0, tv_nsec=1000000},  <unfinished ...>
2690  <... clock_nanosleep resumed>0x7fc9ec43fc40) = 0
2689  <... clock_nanosleep resumed>0x7fc9ecc40c40) = 0
2688  <... clock_nanosleep resumed>0x7fc9ed441c40) = 0
2687  <... clock_nanosleep resumed>0x7fc9edc42c40) = 0
2686  <... clock_nanosleep resumed>0x7fc9ee443c40) = 0
2685  <... clock_nanosleep resumed>0x7fc9eec44c40) = 0
2684  clock_nanosleep(CLOCK_REALTIME, 0, {tv_sec=0, tv_nsec=0},  <unfinished ...>
2683  clock_nanosleep(CLOCK_REALTIME, 0, {tv_sec=0, tv_nsec=0},  <unfinished ...>
2690  clock_nanosleep(CLOCK_REALTIME, 0, {tv_sec=0, tv_nsec=0},  <unfinished ...>
2689  clock_nanosleep(CLOCK_REALTIME, 0, {tv_sec=0, tv_nsec=0},  <unfinished ...>
2688  clock_nanosleep(CLOCK_REALTIME, 0, {tv_sec=0, tv_nsec=0},  <unfinished ...>
2687  clock_nanosleep(CLOCK_REALTIME, 0, {tv_sec=0, tv_nsec=0},  <unfinished ...>
2686  clock_nanosleep(CLOCK_REALTIME, 0, {tv_sec=0, tv_nsec=0},  <unfinished ...>
2685  clock_nanosleep(CLOCK_REALTIME, 0, {tv_sec=0, tv_nsec=0},  <unfinished ...>
2684  <... clock_nanosleep resumed>0x7fc9ef445c40) = 0
2682  <... clock_nanosleep resumed>0x7fc9f0447c70) = 0
2690  <... clock_nanosleep resumed>0x7fc9ec43fc40) = 0
2689  <... clock_nanosleep resumed>0x7fc9ecc40c40) = 0
2688  <... clock_nanosleep resumed>0x7fc9ed441c40) = 0
2687  <... clock_nanosleep resumed>0x7fc9edc42c40) = 0
2686  <... clock_nanosleep resumed>0x7fc9ee443c40) = 0
2685  <... clock_nanosleep resumed>0x7fc9eec44c40) = 0
2684  clock_nanosleep(CLOCK_REALTIME, 0, {tv_sec=0, tv_nsec=0},  <unfinished ...>
2683  <... clock_nanosleep resumed>0x7fc9efc46c40) = 0
2690  clock_nanosleep(CLOCK_REALTIME, 0, {tv_sec=0, tv_nsec=0},  <unfinished ...>
2689  clock_nanosleep(CLOCK_REALTIME, 0, {tv_sec=0, tv_nsec=0},  <unfinished ...>
2688  clock_nanosleep(CLOCK_REALTIME, 0, {tv_sec=0, tv_nsec=0},  <unfinished ...>
2687  clock_nanosleep(CLOCK_REALTIME, 0, {tv_sec=0, tv_nsec=0},  <unfinished ...>
2686  clock_nanosleep(CLOCK_REALTIME, 0, {tv_sec=0, tv_nsec=0},  <unfinished ...>
2685  clock_nanosleep(CLOCK_REALTIME, 0, {tv_sec=0, tv_nsec=0},  <unfinished ...>
2684  <... clock_nanosleep resumed>0x7fc9ef445c40) = 0
2682  clock_nanosleep(CLOCK_REALTIME, 0, {tv_sec=0, tv_nsec=1000000},  <unfinished ...>
2690  <... clock_nanosleep resumed>0x7fc9ec43fc40) = 0
2689  <... clock_nanosleep resumed>0x7fc9ecc40c40) = 0
2688  <... clock_nanosleep resumed>0x7fc9ed441c40) = 0
2687  <... clock_nanosleep resumed>0x7fc9edc42c40) = 0
2686  <... clock_nanosleep resumed>0x7fc9ee443c40) = 0
2685  <... clock_nanosleep resumed>0x7fc9eec44c40) = 0
2684  clock_nanosleep(CLOCK_REALTIME, 0, {tv_sec=0, tv_nsec=0},  <unfinished ...>
2683  clock_nanosleep(CLOCK_REALTIME, 0, {tv_sec=0, tv_nsec=0},  <unfinished ...>
2690  clock_nanosleep(CLOCK_REALTIME, 0, {tv_sec=0, tv_nsec=0},  <unfinished ...>
2689  clock_nanosleep(CLOCK_REALTIME, 0, {tv_sec=0, tv_nsec=0},  <unfinished ...>
2688  clock_nanosleep(CLOCK_REALTIME, 0, {tv_sec=0, tv_nsec=0},  <unfinished ...>
2687  clock_nanosleep(CLOCK_REALTIME, 0, {tv_sec=0, tv_nsec=0},  <unfinished ...>
2686  clock_nanosleep(CLOCK_REALTIME, 0, {tv_sec=0, tv_nsec=0},  <unfinished ...>
2685  clock_nanosleep(CLOCK_REALTIME, 0, {tv_sec=0, tv_nsec=0},  <unfinished ...>
2684  <... clock_nanosleep resumed>0x7fc9ef445c40) = 0
2682  <... clock_nanosleep resumed>0x7fc9f0447c70) = 0
2690  <... clock_nanosleep resumed>0x7fc9ec43fc40) = 0
2689  <... clock_nanosleep resumed>0x7fc9ecc40c40) = 0
2688  <... clock_nanosleep resumed>0x7fc9ed441c40) = 0
2687  <... clock_nanosleep resumed>0x7fc9edc42c40) = 0
2686  <... clock_nanosleep resumed>0x7fc9ee443c40) = 0
2685  <... clock_nanosleep resumed>0x7fc9eec44c40) = 0
2684  clock_nanosleep(CLOCK_REALTIME, 0, {tv_sec=0, tv_nsec=0},  <unfinished ...>
2683  <... clock_nanosleep resumed>0x7fc9efc46c40) = 0
2690  clock_nanosleep(CLOCK_REALTIME, 0, {tv_sec=0, tv_nsec=0},  <unfinished ...>
2689  clock_nanosleep(CLOCK_REALTIME, 0, {tv_sec=0, tv_nsec=0},  <unfinished ...>
2688  clock_nanosleep(CLOCK_REALTIME, 0, {tv_sec=0, tv_nsec=0},  <unfinished ...>
2687  clock_nanosleep(CLOCK_REALTIME, 0, {tv_sec=0, tv_nsec=0},  <unfinished ...>
2686  clock_nanosleep(CLOCK_REALTIME, 0, {tv_sec=0, tv_nsec=0},  <unfinished ...>
2685  clock_nanosleep(CLOCK_REALTIME, 0, {tv_sec=0, tv_nsec=0},  <unfinished ...>
2684  <... clock_nanosleep resumed>0x7fc9ef445c40) = 0
2682  clock_nanosleep(CLOCK_REALTIME, 0, {tv_sec=0, tv_nsec=1000000},  <unfinished ...>
2690  <... clock_nanosleep resumed>0x7fc9ec43fc40) = 0
2689  <... clock_nanosleep resumed>0x7fc9ecc40c40) = 0
2688  <... clock_nanosleep resumed>0x7fc9ed441c40) = 0
2687  <... clock_nanosleep resumed>0x7fc9edc42c40) = 0
2686  <... clock_nanosleep resumed>0x7fc9ee443c40) = 0
2685  <... clock_nanosleep resumed>0x7fc9eec44c40) = 0
2684  clock_nanosleep(CLOCK_REALTIME, 0, {tv_sec=0, tv_nsec=0},  <unfinished ...>
2683  clock_nanosleep(CLOCK_REALTIME, 0, {tv_sec=0, tv_nsec=0},  <unfinished ...>
