2538  <... recvmsg resumed>{msg_name=NULL, msg_namelen=0, msg_iov=[{iov_base="l\1\0\1\30\0\0\0\30\0\0\0\245\0\0\0", iov_len=16}], msg_iovlen=1, msg_controllen=0, msg_flags=MSG_CMSG_CLOEXEC}, MSG_CMSG_CLOEXEC) = 16
2538  poll([{fd=5, events=POLLIN}], 1, 0) = 1 ([{fd=5, revents=POLLIN}])
2538  recvmsg(5, {msg_name=NULL, msg_namelen=0, msg_iov=[{iov_base="\1\1o\0,\0\0\0/org/freedesktop/impl/portal/PermissionStore\0\0\0\0\2\1s\0+\0\0\0org.freedesktop.impl.portal.PermissionStore\0\0\0\0\0\6\1s\0\4\0\0\0:1.1\0\0\0\0"..., iov_len=192}], msg_iovlen=1, msg_controllen=0, msg_flags=MSG_CMSG_CLOEXEC}, MSG_CMSG_CLOEXEC) = 192
2538  write(6, "\1\0\0\0\0\0\0\0", 8)   = 8
2538  write(6, "\1\0\0\0\0\0\0\0", 8)   = 8
2538  poll([{fd=6, events=POLLIN}], 1, 0) = 1 ([{fd=6, revents=POLLIN}])
2538  read(6, "\3\0\0\0\0\0\0\0", 16)   = 8
2538  write(3, "\1\0\0\0\0\0\0\0", 8)   = 8
2535  <... poll resumed>)               = 1 ([{fd=3, revents=POLLIN}])
2538  poll([{fd=5, events=POLLIN}], 1, 0 <unfinished ...>
2535  read(3,  <unfinished ...>
2538  <... poll resumed>)               = 0 (Timeout)
2535  <... read resumed>"\1\0\0\0\0\0\0\0", 16) = 8
2538  write(6, "\1\0\0\0\0\0\0\0", 8 <unfinished ...>
2535  futex(0x7f047400eab0, FUTEX_WAIT_PRIVATE, 2, NULL <unfinished ...>
2538  <... write resumed>)              = 8
2538  futex(0x7f047400eab0, FUTEX_WAKE_PRIVATE, 1) = 1
2535  <... futex resumed>)              = 0
2538  futex(0x7f047400e840, FUTEX_WAIT_PRIVATE, 2, NULL <unfinished ...>
2535  write(6, "\1\0\0\0\0\0\0\0", 8)   = 8
2535  futex(0x7f047400eab0, FUTEX_WAKE_PRIVATE, 1) = 0
2535  futex(0x7f047400e840, FUTEX_WAKE_PRIVATE, 1 <unfinished ...>
2538  <... futex resumed>)              = 0
2535  <... futex resumed>)              = 1
2538  futex(0x7f047400e840, FUTEX_WAKE_PRIVATE, 1 <unfinished ...>
2535  poll([{fd=3, events=POLLIN}], 1, -1 <unfinished ...>
2538  <... futex resumed>)              = 0
2538  poll([{fd=5, events=POLLIN}, {fd=6, events=POLLIN}], 2, 0) = 1 ([{fd=6, revents=POLLIN}])
2538  read(6, "\2\0\0\0\0\0\0\0", 16)   = 8
2538  sendmsg(5, {msg_name=NULL, msg_namelen=0, msg_iov=[{iov_base="l\2\1\0010\0\0\0\37\0\0\0(\0\0\0\6\1s\0\4\0\0\0:1.0\0\0\0\0\10\1g\0\7a{sas}v\0\0\0\0\5\1u\0\30\0\0\0$\0\0\0\0\0\0\0\1\0\0\0b\0\0\0\30\0\0\0\6\0\0\0logout\0\0\7\0\0\0suspend\0\1y\0\0", iov_len=104}], msg_iovlen=1, msg_controllen=0, msg_flags=0}, MSG_NOSIGNAL) = 104
2530  <... epoll_wait resumed>[{events=EPOLLIN, data={u32=9, u64=9}}], 64, -1) = 1
2538  poll([{fd=5, events=POLLIN}, {fd=6, events=POLLIN}], 2, 0 <unfinished ...>
2530  recvmsg(9,  <unfinished ...>
2538  <... poll resumed>)               = 0 (Timeout)
2530  <... recvmsg resumed>{msg_name=NULL, msg_namelen=0, msg_iov=[{iov_base="l\2\1\0010\0\0\0\37\0\0\0(\0\0\0\6\1s\0\4\0\0\0:1.0\0\0\0\0\10\1g\0\7a{sas}v\0\0\0\0\5\1u\0\30\0\0\0$\0\0\0\0\0\0\0\1\0\0\0b\0\0\0\30\0\0\0\6\0\0\0logout\0\0\7\0\0\0suspend\0\1y\0\0", iov_len=2048}], msg_iovlen=1, msg_controllen=0, msg_flags=MSG_CMSG_CLOEXEC}, MSG_CMSG_CLOEXEC) = 104
2538  poll([{fd=5, events=POLLIN}, {fd=6, events=POLLIN}], 2, -1 <unfinished ...>
2530  recvmsg(9, {msg_namelen=0}, MSG_CMSG_CLOEXEC) = -1 EAGAIN (Resource temporarily unavailable)
2530  sendmsg(8, {msg_name=NULL, msg_namelen=0, msg_iov=[{iov_base="l\2\1\0010\0\0\0\37\0\0\0005\0\0\0\6\1s\0\4\0\0\0:1.0\0\0\0\0\10\1g\0\7a{sas}v\0\0\0\0\5\1u\0\30\0\0\0\7\1s\0\4\0\0\0:1.1\0\0\0\0", iov_len=72}, {iov_base="$\0\0\0\0\0\0\0\1\0\0\0b\0\0\0\30\0\0\0\6\0\0\0logout\0\0\7\0\0\0suspend\0\1y\0\0", iov_len=48}], msg_iovlen=2, msg_controllen=0, msg_flags=0}, MSG_NOSIGNAL <unfinished ...>
2533  <... poll resumed>)               = 1 ([{fd=5, revents=POLLIN}])
2530  <... sendmsg resumed>)            = 120
2533  write(7, "\1\0\0\0\0\0\0\0", 8 <unfinished ...>
2530  epoll_wait(3,  <unfinished ...>
2533  <... write resumed>)              = 8
2533  recvmsg(5, {msg_name=NULL, msg_namelen=0, msg_iov=[{iov_base="l\2\1\0010\0\0\0\37\0\0\0005\0\0\0", iov_len=16}], msg_iovlen=1, msg_controllen=0, msg_flags=MSG_CMSG_CLOEXEC}, MSG_CMSG_CLOEXEC) = 16
2533  poll([{fd=5, events=POLLIN}], 1, 0) = 1 ([{fd=5, revents=POLLIN}])
2533  recvmsg(5, {msg_name=NULL, msg_namelen=0, msg_iov=[{iov_base="\6\1s\0\4\0\0\0:1.0\0\0\0\0\10\1g\0\7a{sas}v\0\0\0\0\5\1u\0\30\0\0\0\7\1s\0\4\0\0\0:1.1\0\0\0\0$\0\0\0\0\0\0\0\1\0\0\0b\0\0\0\30\0\0\0\6\0\0\0logout\0\0\7\0\0\0suspend\0\1y\0\0", iov_len=104}], msg_iovlen=1, msg_controllen=0, msg_flags=MSG_CMSG_CLOEXEC}, MSG_CMSG_CLOEXEC) = 104
2533  write(7, "\1\0\0\0\0\0\0\0", 8)   = 8
2533  write(7, "\1\0\0\0\0\0\0\0", 8)   = 8
2533  poll([{fd=7, events=POLLIN}], 1, 0) = 1 ([{fd=7, revents=POLLIN}])
2533  read(7, "\3\0\0\0\0\0\0\0", 16)   = 8
2533  write(8, "\1\0\0\0\0\0\0\0", 8)   = 8
2525  <... poll resumed>)               = 1 ([{fd=8, revents=POLLIN}])
2533  poll([{fd=5, events=POLLIN}], 1, 0 <unfinished ...>
2525  read(8,  <unfinished ...>
2533  <... poll resumed>)               = 0 (Timeout)
2525  <... read resumed>"\1\0\0\0\0\0\0\0", 16) = 8
2533  write(7, "\1\0\0\0\0\0\0\0", 8 <unfinished ...>
2525  write(8, "\1\0\0\0\0\0\0\0", 8 <unfinished ...>
2533  <... write resumed>)              = 8
2525  <... write resumed>)              = 8
2533  poll([{fd=5, events=POLLIN}, {fd=7, events=POLLIN}], 2, -1 <unfinished ...>
2525  futex(0x55f683004010, FUTEX_WAKE_PRIVATE, 2147483647 <unfinished ...>
2533  <... poll resumed>)               = 1 ([{fd=7, revents=POLLIN}])
2525  <... futex resumed>)              = 0
2533  read(7,  <unfinished ...>
2525  close(8 <unfinished ...>
2533  <... read resumed>"\1\0\0\0\0\0\0\0", 16) = 8
2525  <... close resumed>)              = 0
2533  poll([{fd=5, events=POLLIN}, {fd=7, events=POLLIN}], 2, -1 <unfinished ...>
2525  write(1, "ok 7 /permissions/delete4", 25) = 25
2525  write(1, "\n", 1)                 = 1
2525  write(7, "\1\0\0\0\0\0\0\0", 8 <unfinished ...>
2533  <... poll resumed>)               = 1 ([{fd=7, revents=POLLIN}])
2525  <... write resumed>)              = 8
2533  futex(0x55f682ff8d50, FUTEX_WAIT_PRIVATE, 2, NULL <unfinished ...>
2525  futex(0x55f682ff8d50, FUTEX_WAKE_PRIVATE, 1 <unfinished ...>
2533  <... futex resumed>)              = -1 EAGAIN (Resource temporarily unavailable)
2525  <... futex resumed>)              = 0
2533  read(7,  <unfinished ...>
2525  futex(0x55f682ff8d50, FUTEX_WAIT_PRIVATE, 2, NULL <unfinished ...>
2533  <... read resumed>"\1\0\0\0\0\0\0\0", 16) = 8
2533  futex(0x55f682ff8d50, FUTEX_WAKE_PRIVATE, 1) = 1
2525  <... futex resumed>)              = 0
2533  futex(0x55f682ff8a00, FUTEX_WAIT_PRIVATE, 2, NULL <unfinished ...>
2525  futex(0x55f682ff8d50, FUTEX_WAKE_PRIVATE, 1) = 0
2525  futex(0x55f682ff8a00, FUTEX_WAKE_PRIVATE, 1 <unfinished ...>
2533  <... futex resumed>)              = 0
2525  <... futex resumed>)              = 1
2533  futex(0x55f682ff8a00, FUTEX_WAKE_PRIVATE, 1 <unfinished ...>
2525  poll([{fd=4, events=POLLIN}], 1, 25000 <unfinished ...>
2533  <... futex resumed>)              = 0
2525  <... poll resumed>)               = 1 ([{fd=4, revents=POLLIN}])
2533  sendmsg(5, {msg_name=NULL, msg_namelen=0, msg_iov=[{iov_base="l\1\0\1@\0\0\0\31\0\0\0\246\0\0\0\1\1o\0,\0\0\0/org/freedesktop/impl/portal/PermissionStore\0\0\0\0\2\1s\0+\0\0\0org.freedesktop.impl.portal.PermissionStore\0\0\0\0\0"..., iov_len=248}], msg_iovlen=1, msg_controllen=0, msg_flags=0}, MSG_NOSIGNAL <unfinished ...>
2525  read(4,  <unfinished ...>
2533  <... sendmsg resumed>)            = 248
2530  <... epoll_wait resumed>[{events=EPOLLIN, data={u32=8, u64=8}}], 64, -1) = 1
2533  poll([{fd=5, events=POLLIN}, {fd=7, events=POLLIN}], 2, 0 <unfinished ...>
2525  <... read resumed>"\1\0\0\0\0\0\0\0", 16) = 8
2533  <... poll resumed>)               = 0 (Timeout)
2530  recvmsg(8,  <unfinished ...>
2533  sendmsg(5, {msg_name=NULL, msg_namelen=0, msg_iov=[{iov_base="l\1\0\1.\0\0\0\32\0\0\0\251\0\0\0\1\1o\0,\0\0\0/org/freedesktop/impl/portal/PermissionStore\0\0\0\0\2\1s\0+\0\0\0org.freedesktop.impl.portal.PermissionStore\0\0\0\0\0"..., iov_len=238}], msg_iovlen=1, msg_controllen=0, msg_flags=0}, MSG_NOSIGNAL <unfinished ...>
2525  poll([{fd=4, events=POLLIN}], 1, 24999 <unfinished ...>
2533  <... sendmsg resumed>)            = 238
2530  <... recvmsg resumed>{msg_name=NULL, msg_namelen=0, msg_iov=[{iov_base="l\1\0\1@\0\0\0\31\0\0\0\246\0\0\0\1\1o\0,\0\0\0/org/freedesktop/impl/portal/PermissionStore\0\0\0\0\2\1s\0+\0\0\0org.freedesktop.impl.portal.PermissionStore\0\0\0\0\0"..., iov_len=2048}], msg_iovlen=1, msg_controllen=0, msg_flags=MSG_CMSG_CLOEXEC}, MSG_CMSG_CLOEXEC) = 248
2533  poll([{fd=5, events=POLLIN}, {fd=7, events=POLLIN}], 2, 0 <unfinished ...>
2530  recvmsg(8,  <unfinished ...>
2533  <... poll resumed>)               = 0 (Timeout)
2530  <... recvmsg resumed>{msg_name=NULL, msg_namelen=0, msg_iov=[{iov_base="l\1\0\1.\0\0\0\32\0\0\0\251\0\0\0\1\1o\0,\0\0\0/org/freedesktop/impl/portal/PermissionStore\0\0\0\0\2\1s\0+\0\0\0org.freedesktop.impl.portal.PermissionStore\0\0\0\0\0"..., iov_len=2048}], msg_iovlen=1, msg_controllen=0, msg_flags=MSG_CMSG_CLOEXEC}, MSG_CMSG_CLOEXEC) = 238
2533  poll([{fd=5, events=POLLIN}, {fd=7, events=POLLIN}], 2, -1 <unfinished ...>
2530  recvmsg(8, {msg_namelen=0}, MSG_CMSG_CLOEXEC) = -1 EAGAIN (Resource temporarily unavailable)
2530  sendmsg(9, {msg_name=NULL, msg_namelen=0, msg_iov=[{iov_base="l\1\0\1@\0\0\0\31\0\0\0\265\0\0\0\1\1o\0,\0\0\0/org/freedesktop/impl/portal/PermissionStore\0\0\0\0\2\1s\0+\0\0\0org.freedesktop.impl.portal.PermissionStore\0\0\0\0\0"..., iov_len=200}, {iov_base="\r\0\0\0notifications\0\0\0\1\0\0\0\f\0\0\0notification\0\0\0\0\1\0\0\0a\0\0\0\10\0\0\0\3\0\0\0yes\0", iov_len=64}], msg_iovlen=2, msg_controllen=0, msg_flags=0}, MSG_NOSIGNAL <unfinished ...>
2538  <... poll resumed>)               = 1 ([{fd=5, revents=POLLIN}])
2530  <... sendmsg resumed>)            = 264
2538  write(6, "\1\0\0\0\0\0\0\0", 8 <unfinished ...>
2530  sendmsg(9, {msg_name=NULL, msg_namelen=0, msg_iov=[{iov_base="l\1\0\1.\0\0\0\32\0\0\0\275\0\0\0\1\1o\0,\0\0\0/org/freedesktop/impl/portal/PermissionStore\0\0\0\0\2\1s\0+\0\0\0org.freedesktop.impl.portal.PermissionStore\0\0\0\0\0"..., iov_len=208}, {iov_base="\r\0\0\0notifications\0\0\0\f\0\0\0notification\0\0\0\0\1\0\0\0a\0", iov_len=46}], msg_iovlen=2, msg_controllen=0, msg_flags=0}, MSG_NOSIGNAL <unfinished ...>
2538  <... write resumed>)              = 8
2530  <... sendmsg resumed>)            = 254
2538  recvmsg(5,  <unfinished ...>
2530  epoll_wait(3,  <unfinished ...>
2538  <... recvmsg resumed>{msg_name=NULL, msg_namelen=0, msg_iov=[{iov_base="l\1\0\1@\0\0\0\31\0\0\0\265\0\0\0", iov_len=16}], msg_iovlen=1, msg_controllen=0, msg_flags=MSG_CMSG_CLOEXEC}, MSG_CMSG_CLOEXEC) = 16
2530  <... epoll_wait resumed>[], 64, 0) = 0
2538  poll([{fd=5, events=POLLIN}], 1, 0 <unfinished ...>
2530  epoll_wait(3,  <unfinished ...>
2538  <... poll resumed>)               = 1 ([{fd=5, revents=POLLIN}])
2538  recvmsg(5, {msg_name=NULL, msg_namelen=0, msg_iov=[{iov_base="\1\1o\0,\0\0\0/org/freedesktop/impl/portal/PermissionStore\0\0\0\0\2\1s\0+\0\0\0org.freedesktop.impl.portal.PermissionStore\0\0\0\0\0\6\1s\0\4\0\0\0:1.1\0\0\0\0"..., iov_len=248}], msg_iovlen=1, msg_controllen=0, msg_flags=MSG_CMSG_CLOEXEC}, MSG_CMSG_CLOEXEC) = 248
2538  write(6, "\1\0\0\0\0\0\0\0", 8)   = 8
2538  write(6, "\1\0\0\0\0\0\0\0", 8)   = 8
2538  poll([{fd=6, events=POLLIN}], 1, 0) = 1 ([{fd=6, revents=POLLIN}])
2538  read(6, "\3\0\0\0\0\0\0\0", 16)   = 8
2538  write(3, "\1\0\0\0\0\0\0\0", 8)   = 8
2535  <... poll resumed>)               = 1 ([{fd=3, revents=POLLIN}])
2538  poll([{fd=5, events=POLLIN}], 1, 0 <unfinished ...>
2535  read(3,  <unfinished ...>
2538  <... poll resumed>)               = 1 ([{fd=5, revents=POLLIN}])
2535  <... read resumed>"\1\0\0\0\0\0\0\0", 16) = 8
2538  recvmsg(5,  <unfinished ...>
2535  mkdir("/tmp/xdp-test-5BAGP1/flatpak/db", 0755 <unfinished ...>
2538  <... recvmsg resumed>{msg_name=NULL, msg_namelen=0, msg_iov=[{iov_base="l\1\0\1.\0\0\0\32\0\0\0\275\0\0\0", iov_len=16}], msg_iovlen=1, msg_controllen=0, msg_flags=MSG_CMSG_CLOEXEC}, MSG_CMSG_CLOEXEC) = 16
2535  <... mkdir resumed>)              = -1 EEXIST (File exists)
2538  poll([{fd=6, events=POLLIN}], 1, 0 <unfinished ...>
2535  newfstatat(AT_FDCWD, "/tmp/xdp-test-5BAGP1/flatpak/db",  <unfinished ...>
2538  <... poll resumed>)               = 0 (Timeout)
2535  <... newfstatat resumed>{st_mode=S_IFDIR|0755, st_size=4096, ...}, 0) = 0
2538  poll([{fd=5, events=POLLIN}], 1, 0 <unfinished ...>
2535  statfs("/tmp/xdp-test-5BAGP1/flatpak/db",  <unfinished ...>
2538  <... poll resumed>)               = 1 ([{fd=5, revents=POLLIN}])
2535  <... statfs resumed>{f_type=OVERLAYFS_SUPER_MAGIC, f_bsize=4096, f_blocks=65793553, f_bfree=63363304, f_bavail=60003765, f_files=16777216, f_ffree=16527141, f_fsid={val=[0xfedc9aa3, 0xbd65bc57]}, f_namelen=255, f_frsize=4096, f_flags=ST_VALID|ST_RELATIME}) = 0
2538  recvmsg(5,  <unfinished ...>
2535  openat(AT_FDCWD, "/tmp/xdp-test-5BAGP1/flatpak/db/notifications", O_RDONLY <unfinished ...>
2538  <... recvmsg resumed>{msg_name=NULL, msg_namelen=0, msg_iov=[{iov_base="\1\1o\0,\0\0\0/org/freedesktop/impl/portal/PermissionStore\0\0\0\0\2\1s\0+\0\0\0org.freedesktop.impl.portal.PermissionStore\0\0\0\0\0\6\1s\0\4\0\0\0:1.1\0\0\0\0"..., iov_len=238}], msg_iovlen=1, msg_controllen=0, msg_flags=MSG_CMSG_CLOEXEC}, MSG_CMSG_CLOEXEC) = 238
2535  <... openat resumed>)             = -1 ENOENT (No such file or directory)
2538  poll([{fd=6, events=POLLIN}], 1, 0 <unfinished ...>
2535  write(6, "\1\0\0\0\0\0\0\0", 8 <unfinished ...>
2538  <... poll resumed>)               = 0 (Timeout)
2535  <... write resumed>)              = 8
2538  futex(0x7f047400eab0, FUTEX_WAIT_PRIVATE, 2, NULL <unfinished ...>
2535  futex(0x7f047400eab0, FUTEX_WAKE_PRIVATE, 1 <unfinished ...>
2538  <... futex resumed>)              = -1 EAGAIN (Resource temporarily unavailable)
2535  <... futex resumed>)              = 0
2538  futex(0x7f047400eab0, FUTEX_WAKE_PRIVATE, 1 <unfinished ...>
2535  futex(0x55cdb42ecce0, FUTEX_WAKE_PRIVATE, 1 <unfinished ...>
2538  <... futex resumed>)              = 0
2537  <... futex resumed>)              = 0
2535  <... futex resumed>)              = 1
2538  write(3, "\1\0\0\0\0\0\0\0", 8 <unfinished ...>
2537  futex(0x55cdb42eccd0, FUTEX_WAIT_PRIVATE, 2, NULL <unfinished ...>
2538  <... write resumed>)              = 8
2535  futex(0x55cdb42eccd0, FUTEX_WAKE_PRIVATE, 1 <unfinished ...>
2538  poll([{fd=5, events=POLLIN}], 1, 0 <unfinished ...>
2537  <... futex resumed>)              = -1 EAGAIN (Resource temporarily unavailable)
2538  <... poll resumed>)               = 0 (Timeout)
2535  <... futex resumed>)              = 0
2538  write(6, "\1\0\0\0\0\0\0\0", 8 <unfinished ...>
2537  futex(0x55cdb42eccd0, FUTEX_WAKE_PRIVATE, 1 <unfinished ...>
2538  <... write resumed>)              = 8
2535  poll([{fd=3, events=POLLIN}], 1, 0 <unfinished ...>
2538  sendmsg(5, {msg_name=NULL, msg_namelen=0, msg_iov=[{iov_base="l\4\1\1L\0\0\0 \0\0\0\220\0\0\0\1\1o\0,\0\0\0/org/freedesktop/impl/portal/PermissionStore\0\0\0\0\2\1s\0+\0\0\0org.freedesktop.impl.portal.PermissionStore\0\0\0\0\0"..., iov_len=236}], msg_iovlen=1, msg_controllen=0, msg_flags=0}, MSG_NOSIGNAL <unfinished ...>
2537  <... futex resumed>)              = 0
2538  <... sendmsg resumed>)            = 236
2535  <... poll resumed>)               = 1 ([{fd=3, revents=POLLIN}])
2530  <... epoll_wait resumed>[{events=EPOLLIN, data={u32=9, u64=9}}], 64, -1) = 1
2538  poll([{fd=5, events=POLLIN}, {fd=6, events=POLLIN}], 2, 0 <unfinished ...>
2537  openat(AT_FDCWD, "/tmp/xdp-test-5BAGP1/flatpak/db/notifications", O_WRONLY|O_CREAT|O_EXCL|O_CLOEXEC, 0666 <unfinished ...>
2535  read(3,  <unfinished ...>
2538  <... poll resumed>)               = 1 ([{fd=6, revents=POLLIN}])
2537  <... openat resumed>)             = 7
2530  recvmsg(9,  <unfinished ...>
2538  read(6,  <unfinished ...>
2537  futex(0x55cdb42f4010, FUTEX_WAIT_PRIVATE, 2, NULL <unfinished ...>
2535  <... read resumed>"\1\0\0\0\0\0\0\0", 16) = 8
2538  <... read resumed>"\2\0\0\0\0\0\0\0", 16) = 8
2530  <... recvmsg resumed>{msg_name=NULL, msg_namelen=0, msg_iov=[{iov_base="l\4\1\1L\0\0\0 \0\0\0\220\0\0\0\1\1o\0,\0\0\0/org/freedesktop/impl/portal/PermissionStore\0\0\0\0\2\1s\0+\0\0\0org.freedesktop.impl.portal.PermissionStore\0\0\0\0\0"..., iov_len=2048}], msg_iovlen=1, msg_controllen=0, msg_flags=MSG_CMSG_CLOEXEC}, MSG_CMSG_CLOEXEC) = 236
2538  poll([{fd=5, events=POLLIN}, {fd=6, events=POLLIN}], 2, -1 <unfinished ...>
2535  futex(0x55cdb42f4010, FUTEX_WAKE_PRIVATE, 1 <unfinished ...>
2530  recvmsg(9,  <unfinished ...>
2537  <... futex resumed>)              = 0
2535  <... futex resumed>)              = 1
2537  write(3, "\1\0\0\0\0\0\0\0", 8 <unfinished ...>
2530  <... recvmsg resumed>{msg_namelen=0}, MSG_CMSG_CLOEXEC) = -1 EAGAIN (Resource temporarily unavailable)
2537  <... write resumed>)              = 8
2535  futex(0x55cdb42f4010, FUTEX_WAIT_PRIVATE, 2, NULL <unfinished ...>
2537  futex(0x55cdb42f4010, FUTEX_WAKE_PRIVATE, 1 <unfinished ...>
2530  sendmsg(8, {msg_name=NULL, msg_namelen=0, msg_iov=[{iov_base="l\4\1\1L\0\0\0 \0\0\0\235\0\0\0\1\1o\0,\0\0\0/org/freedesktop/impl/portal/PermissionStore\0\0\0\0\2\1s\0+\0\0\0org.freedesktop.impl.portal.PermissionStore\0\0\0\0\0"..., iov_len=176}, {iov_base="\r\0\0\0notifications\0\0\0\f\0\0\0notification\0\0\0\0\0\0\0\0\1y\0\0\24\0\0\0\0\0\0\0\1\0\0\0a\0\0\0\10\0\0\0\3\0\0\0yes\0", iov_len=76}], msg_iovlen=2, msg_controllen=0, msg_flags=0}, MSG_NOSIGNAL <unfinished ...>
2537  <... futex resumed>)              = 0
2535  <... futex resumed>)              = -1 EAGAIN (Resource temporarily unavailable)
2537  futex(0x55cdb42ecce0, FUTEX_WAIT_PRIVATE, 31, {tv_sec=0, tv_nsec=499999200} <unfinished ...>
2533  <... poll resumed>)               = 1 ([{fd=5, revents=POLLIN}])
2530  <... sendmsg resumed>)            = 252
2535  futex(0x55cdb42f4010, FUTEX_WAKE_PRIVATE, 1 <unfinished ...>
2533  write(7, "\1\0\0\0\0\0\0\0", 8 <unfinished ...>
2535  <... futex resumed>)              = 0
2530  epoll_wait(3,  <unfinished ...>
2535  getpeername(2,  <unfinished ...>
2533  <... write resumed>)              = 8
2535  <... getpeername resumed>0x7ffe97998cd0, [128]) = -1 ENOTSOCK (Socket operation on non-socket)
2533  recvmsg(5,  <unfinished ...>
2535  futex(0x7f048388e0a8, FUTEX_WAKE_PRIVATE, 2147483647 <unfinished ...>
2533  <... recvmsg resumed>{msg_name=NULL, msg_namelen=0, msg_iov=[{iov_base="l\4\1\1L\0\0\0 \0\0\0\235\0\0\0", iov_len=16}], msg_iovlen=1, msg_controllen=0, msg_flags=MSG_CMSG_CLOEXEC}, MSG_CMSG_CLOEXEC) = 16
2535  <... futex resumed>)              = 0
2533  poll([{fd=5, events=POLLIN}], 1, 0 <unfinished ...>
2535  ioctl(2, TCGETS <unfinished ...>
2533  <... poll resumed>)               = 1 ([{fd=5, revents=POLLIN}])
2535  <... ioctl resumed>, 0x7ffe97998ca0) = -1 ENOTTY (Inappropriate ioctl for device)
2533  recvmsg(5,  <unfinished ...>
2535  getpid( <unfinished ...>
2533  <... recvmsg resumed>{msg_name=NULL, msg_namelen=0, msg_iov=[{iov_base="\1\1o\0,\0\0\0/org/freedesktop/impl/portal/PermissionStore\0\0\0\0\2\1s\0+\0\0\0org.freedesktop.impl.portal.PermissionStore\0\0\0\0\0\10\1g\0\nssbva{sas}\0"..., iov_len=236}], msg_iovlen=1, msg_controllen=0, msg_flags=MSG_CMSG_CLOEXEC}, MSG_CMSG_CLOEXEC) = 236
2535  <... getpid resumed>)             = 2535
2533  write(7, "\1\0\0\0\0\0\0\0", 8 <unfinished ...>
2535  openat(AT_FDCWD, "/usr/share/zoneinfo/America/Los_Angeles", O_RDONLY|O_CLOEXEC <unfinished ...>
2533  <... write resumed>)              = 8
2535  <... openat resumed>)             = 8
2533  write(7, "\1\0\0\0\0\0\0\0", 8 <unfinished ...>
2535  newfstatat(8, "",  <unfinished ...>
2533  <... write resumed>)              = 8
2535  <... newfstatat resumed>{st_mode=S_IFREG|0644, st_size=2836, ...}, AT_EMPTY_PATH) = 0
2533  poll([{fd=7, events=POLLIN}], 1, 0 <unfinished ...>
2535  newfstatat(8, "",  <unfinished ...>
2533  <... poll resumed>)               = 1 ([{fd=7, revents=POLLIN}])
2535  <... newfstatat resumed>{st_mode=S_IFREG|0644, st_size=2836, ...}, AT_EMPTY_PATH) = 0
2533  read(7,  <unfinished ...>
2535  read(8,  <unfinished ...>
2533  <... read resumed>"\3\0\0\0\0\0\0\0", 16) = 8
2535  <... read resumed>"TZif2\0\0\0\0\0\0\0\0\0\0\0\0\0\0\0\0\0\0\5\0\0\0\5\0\0\0\0\0\0\0\272\0\0\0\5\0\0\0\24\200\0\0\0\236\246H\240\237\273\25\220\240\206*\240\241\232\367\220\313\211\32\240\322#\364p\322a&\20\326\376t\\\330\200\255\220\332\376\303\220\333\300\220\20\334\336\245\220\335\251\254\220\336\276\207\220\337\211\216\220\340\236i\220\341ip\220\342~K\220\343IR\220\344^-\220"..., 4096) = 2836
2533  write(4, "\1\0\0\0\0\0\0\0", 8 <unfinished ...>
2535  lseek(8, -1802, SEEK_CUR <unfinished ...>
2533  <... write resumed>)              = 8
2525  <... poll resumed>)               = 1 ([{fd=4, revents=POLLIN}])
2535  <... lseek resumed>)              = 1034
2533  poll([{fd=5, events=POLLIN}], 1, 0 <unfinished ...>
2535  read(8,  <unfinished ...>
2525  read(4,  <unfinished ...>
2535  <... read resumed>"TZif2\0\0\0\0\0\0\0\0\0\0\0\0\0\0\0\0\0\0\5\0\0\0\5\0\0\0\0\0\0\0\272\0\0\0\5\0\0\0\24\377\377\377\377^\4\32\300\377\377\377\377\236\246H\240\377\377\377\377\237\273\25\220\377\377\377\377\240\206*\240\377\377\377\377\241\232\367\220\377\377\377\377\313\211\32\240\377\377\377\377\322#\364p\377\377\377\377\322a&\20\377\377\377\377\326\376t\\\377\377\377\377\330\200\255\220\377\377\377\377"..., 4096) = 1802
2533  <... poll resumed>)               = 0 (Timeout)
2535  close(8 <unfinished ...>
2525  <... read resumed>"\1\0\0\0\0\0\0\0", 16) = 8
2535  <... close resumed>)              = 0
2533  write(7, "\1\0\0\0\0\0\0\0", 8 <unfinished ...>
2535  brk(0x55cdb434c000 <unfinished ...>
2525  poll([{fd=4, events=POLLIN}], 1, 24960 <unfinished ...>
2535  <... brk resumed>)                = 0x55cdb434c000
2533  <... write resumed>)              = 8
2535  brk(0x55cdb4344000 <unfinished ...>
2533  poll([{fd=5, events=POLLIN}, {fd=7, events=POLLIN}], 2, -1 <unfinished ...>
2535  <... brk resumed>)                = 0x55cdb4344000
2533  <... poll resumed>)               = 1 ([{fd=7, revents=POLLIN}])
2535  write(2, "\n(/usr/libexec/xdg-permission-store:2535): GLib-CRITICAL **: 21:23:12.803: g_variant_builder_end: assertion '!GVSB(builder)->uni"..., 245 <unfinished ...>
2533  read(7, "\1\0\0\0\0\0\0\0", 16)   = 8
2533  poll([{fd=5, events=POLLIN}, {fd=7, events=POLLIN}], 2, -1 <unfinished ...>
2535  <... write resumed>)              = 245
2535  write(6, "\1\0\0\0\0\0\0\0", 8 <unfinished ...>
2538  <... poll resumed>)               = 1 ([{fd=6, revents=POLLIN}])
2535  <... write resumed>)              = 8
2538  futex(0x7f047400eab0, FUTEX_WAIT_PRIVATE, 2, NULL <unfinished ...>
2535  futex(0x7f047400eab0, FUTEX_WAKE_PRIVATE, 1 <unfinished ...>
2538  <... futex resumed>)              = -1 EAGAIN (Resource temporarily unavailable)
2535  <... futex resumed>)              = 0
2538  read(6,  <unfinished ...>
2535  futex(0x7f047400eab0, FUTEX_WAIT_PRIVATE, 2, NULL <unfinished ...>
2538  <... read resumed>"\1\0\0\0\0\0\0\0", 16) = 8
2538  futex(0x7f047400eab0, FUTEX_WAKE_PRIVATE, 1) = 1
2535  <... futex resumed>)              = 0
2538  futex(0x7f047400e840, FUTEX_WAIT_PRIVATE, 2, NULL <unfinished ...>
2535  futex(0x7f047400eab0, FUTEX_WAKE_PRIVATE, 1) = 0
2535  futex(0x7f047400e840, FUTEX_WAKE_PRIVATE, 1 <unfinished ...>
2538  <... futex resumed>)              = 0
2535  <... futex resumed>)              = 1
2538  futex(0x7f047400e840, FUTEX_WAKE_PRIVATE, 1 <unfinished ...>
2535  poll([{fd=3, events=POLLIN}], 1, 0 <unfinished ...>
2538  <... futex resumed>)              = 0
2535  <... poll resumed>)               = 1 ([{fd=3, revents=POLLIN}])
2538  sendmsg(5, {msg_name=NULL, msg_namelen=0, msg_iov=[{iov_base="l\4\1\18\0\0\0!\0\0\0\220\0\0\0\1\1o\0,\0\0\0/org/freedesktop/impl/portal/PermissionStore\0\0\0\0\2\1s\0+\0\0\0org.freedesktop.impl.portal.PermissionStore\0\0\0\0\0"..., iov_len=216}], msg_iovlen=1, msg_controllen=0, msg_flags=0}, MSG_NOSIGNAL <unfinished ...>
2535  read(3,  <unfinished ...>
2538  <... sendmsg resumed>)            = 216
2530  <... epoll_wait resumed>[{events=EPOLLIN, data={u32=9, u64=9}}], 64, -1) = 1
2538  poll([{fd=5, events=POLLIN}, {fd=6, events=POLLIN}], 2, 0 <unfinished ...>
2535  <... read resumed>"\1\0\0\0\0\0\0\0", 16) = 8
2538  <... poll resumed>)               = 0 (Timeout)
2530  recvmsg(9,  <unfinished ...>
2538  poll([{fd=5, events=POLLIN}, {fd=6, events=POLLIN}], 2, -1 <unfinished ...>
2535  futex(0x55cdb42ecce0, FUTEX_WAKE_PRIVATE, 1 <unfinished ...>
2530  <... recvmsg resumed>{msg_name=NULL, msg_namelen=0, msg_iov=[{iov_base="l\4\1\18\0\0\0!\0\0\0\220\0\0\0\1\1o\0,\0\0\0/org/freedesktop/impl/portal/PermissionStore\0\0\0\0\2\1s\0+\0\0\0org.freedesktop.impl.portal.PermissionStore\0\0\0\0\0"..., iov_len=2048}], msg_iovlen=1, msg_controllen=0, msg_flags=MSG_CMSG_CLOEXEC}, MSG_CMSG_CLOEXEC) = 216
2537  <... futex resumed>)              = 0
2535  <... futex resumed>)              = 1
2537  futex(0x55cdb42eccd0, FUTEX_WAIT_PRIVATE, 2, NULL <unfinished ...>
2530  recvmsg(9,  <unfinished ...>
2537  <... futex resumed>)              = -1 EAGAIN (Resource temporarily unavailable)
2535  futex(0x55cdb42eccd0, FUTEX_WAKE_PRIVATE, 1 <unfinished ...>
2537  futex(0x55cdb42eccd0, FUTEX_WAKE_PRIVATE, 1 <unfinished ...>
2530  <... recvmsg resumed>{msg_namelen=0}, MSG_CMSG_CLOEXEC) = -1 EAGAIN (Resource temporarily unavailable)
2537  <... futex resumed>)              = 0
2535  <... futex resumed>)              = 0
2537  write(7, "GVariant\0\0\0\0\0\0\0\0\30\0\0\0X\0\0\0\0\0\0(\2\0\0\0\0\0\0\0\1\0\0\0j\177\232|\377\377\377\377X\0\0\0\4\0H\0\\\0\0\0\200\0\0\0\231+\224|\377\377\377\377\247\0\0\0\4\0H\0\254\0\0\0\320\0\0\0main\0\0\0(\1\0\0\0\0\0\0\0\f\275$s\377\377\377\377\200\0\0\0\f\0v\0\220\0\0\0\247\0\0\0"..., 233 <unfinished ...>
2530  sendmsg(8, {msg_name=NULL, msg_namelen=0, msg_iov=[{iov_base="l\4\1\18\0\0\0!\0\0\0\235\0\0\0\1\1o\0,\0\0\0/org/freedesktop/impl/portal/PermissionStore\0\0\0\0\2\1s\0+\0\0\0org.freedesktop.impl.portal.PermissionStore\0\0\0\0\0"..., iov_len=176}, {iov_base="\r\0\0\0notifications\0\0\0\f\0\0\0notification\0\0\0\0\0\0\0\0\1y\0\0\0\0\0\0\0\0\0\0", iov_len=56}], msg_iovlen=2, msg_controllen=0, msg_flags=0}, MSG_NOSIGNAL <unfinished ...>
2537  <... write resumed>)              = 233
2535  poll([{fd=3, events=POLLIN}], 1, -1 <unfinished ...>
2537  write(3, "\1\0\0\0\0\0\0\0", 8 <unfinished ...>
2533  <... poll resumed>)               = 1 ([{fd=5, revents=POLLIN}])
2530  <... sendmsg resumed>)            = 232
2537  <... write resumed>)              = 8
2535  <... poll resumed>)               = 1 ([{fd=3, revents=POLLIN}])
2533  write(7, "\1\0\0\0\0\0\0\0", 8 <unfinished ...>
2537  futex(0x55cdb42ecce0, FUTEX_WAIT_PRIVATE, 32, {tv_sec=0, tv_nsec=499998612} <unfinished ...>
2535  read(3,  <unfinished ...>
2530  epoll_wait(3,  <unfinished ...>
2535  <... read resumed>"\1\0\0\0\0\0\0\0", 16) = 8
2533  <... write resumed>)              = 8
2535  futex(0x55cdb42ecce0, FUTEX_WAKE_PRIVATE, 1 <unfinished ...>
2533  recvmsg(5,  <unfinished ...>
2537  <... futex resumed>)              = 0
2535  <... futex resumed>)              = 1
2537  futex(0x55cdb42eccd0, FUTEX_WAIT_PRIVATE, 2, NULL <unfinished ...>
2533  <... recvmsg resumed>{msg_name=NULL, msg_namelen=0, msg_iov=[{iov_base="l\4\1\18\0\0\0!\0\0\0\235\0\0\0", iov_len=16}], msg_iovlen=1, msg_controllen=0, msg_flags=MSG_CMSG_CLOEXEC}, MSG_CMSG_CLOEXEC) = 16
2537  <... futex resumed>)              = -1 EAGAIN (Resource temporarily unavailable)
2535  futex(0x55cdb42eccd0, FUTEX_WAKE_PRIVATE, 1 <unfinished ...>
2537  futex(0x55cdb42eccd0, FUTEX_WAKE_PRIVATE, 1 <unfinished ...>
2533  poll([{fd=5, events=POLLIN}], 1, 0 <unfinished ...>
2537  <... futex resumed>)              = 0
2535  <... futex resumed>)              = 0
2537  statx(7, "", AT_STATX_SYNC_AS_STAT|AT_EMPTY_PATH, STATX_MTIME,  <unfinished ...>
2533  <... poll resumed>)               = 1 ([{fd=5, revents=POLLIN}])
2537  <... statx resumed>{stx_mask=STATX_BASIC_STATS|STATX_MNT_ID, stx_attributes=0, stx_mode=S_IFREG|0644, stx_size=233, ...}) = 0
2535  poll([{fd=3, events=POLLIN}], 1, -1 <unfinished ...>
2537  close(7 <unfinished ...>
2533  recvmsg(5,  <unfinished ...>
2537  <... close resumed>)              = 0
2533  <... recvmsg resumed>{msg_name=NULL, msg_namelen=0, msg_iov=[{iov_base="\1\1o\0,\0\0\0/org/freedesktop/impl/portal/PermissionStore\0\0\0\0\2\1s\0+\0\0\0org.freedesktop.impl.portal.PermissionStore\0\0\0\0\0\10\1g\0\nssbva{sas}\0"..., iov_len=216}], msg_iovlen=1, msg_controllen=0, msg_flags=MSG_CMSG_CLOEXEC}, MSG_CMSG_CLOEXEC) = 216
2537  write(3, "\1\0\0\0\0\0\0\0", 8 <unfinished ...>
2533  write(7, "\1\0\0\0\0\0\0\0", 8 <unfinished ...>
2537  <... write resumed>)              = 8
2535  <... poll resumed>)               = 1 ([{fd=3, revents=POLLIN}])
2537  futex(0x55cdb42ecce0, FUTEX_WAIT_PRIVATE, 33, {tv_sec=0, tv_nsec=499998924} <unfinished ...>
2533  <... write resumed>)              = 8
2535  read(3,  <unfinished ...>
2533  write(7, "\1\0\0\0\0\0\0\0", 8 <unfinished ...>
2535  <... read resumed>"\1\0\0\0\0\0\0\0", 16) = 8
2533  <... write resumed>)              = 8
2535  write(6, "\1\0\0\0\0\0\0\0", 8 <unfinished ...>
2533  poll([{fd=7, events=POLLIN}], 1, 0 <unfinished ...>
2538  <... poll resumed>)               = 1 ([{fd=6, revents=POLLIN}])
2535  <... write resumed>)              = 8
2538  futex(0x7f047400eab0, FUTEX_WAIT_PRIVATE, 2, NULL <unfinished ...>
2533  <... poll resumed>)               = 1 ([{fd=7, revents=POLLIN}])
2538  <... futex resumed>)              = -1 EAGAIN (Resource temporarily unavailable)
2535  futex(0x7f047400eab0, FUTEX_WAKE_PRIVATE, 1 <unfinished ...>
2538  read(6,  <unfinished ...>
2533  read(7,  <unfinished ...>
2538  <... read resumed>"\1\0\0\0\0\0\0\0", 16) = 8
2535  <... futex resumed>)              = 0
2538  futex(0x7f047400eab0, FUTEX_WAKE_PRIVATE, 1 <unfinished ...>
2533  <... read resumed>"\3\0\0\0\0\0\0\0", 16) = 8
2538  <... futex resumed>)              = 0
2535  futex(0x55cdb42ecce0, FUTEX_WAKE_PRIVATE, 1 <unfinished ...>
2538  sendmsg(5, {msg_name=NULL, msg_namelen=0, msg_iov=[{iov_base="l\2\1\1\0\0\0\0\"\0\0\0 \0\0\0\6\1s\0\4\0\0\0:1.0\0\0\0\0\10\1g\0\0\0\0\0\5\1u\0\31\0\0\0", iov_len=48}], msg_iovlen=1, msg_controllen=0, msg_flags=0}, MSG_NOSIGNAL <unfinished ...>
2533  write(4, "\1\0\0\0\0\0\0\0", 8 <unfinished ...>
2538  <... sendmsg resumed>)            = 48
2537  <... futex resumed>)              = 0
2535  <... futex resumed>)              = 1
2530  <... epoll_wait resumed>[{events=EPOLLIN, data={u32=9, u64=9}}], 64, -1) = 1
2538  poll([{fd=5, events=POLLIN}, {fd=6, events=POLLIN}], 2, 0 <unfinished ...>
2537  futex(0x55cdb42eccd0, FUTEX_WAIT_PRIVATE, 2, NULL <unfinished ...>
2535  futex(0x55cdb42eccd0, FUTEX_WAKE_PRIVATE, 1 <unfinished ...>
2533  <... write resumed>)              = 8
2525  <... poll resumed>)               = 1 ([{fd=4, revents=POLLIN}])
2538  <... poll resumed>)               = 0 (Timeout)
2537  <... futex resumed>)              = -1 EAGAIN (Resource temporarily unavailable)
2535  <... futex resumed>)              = 0
2533  poll([{fd=5, events=POLLIN}], 1, 0 <unfinished ...>
2530  recvmsg(9,  <unfinished ...>
2538  poll([{fd=5, events=POLLIN}, {fd=6, events=POLLIN}], 2, -1 <unfinished ...>
2537  futex(0x55cdb42eccd0, FUTEX_WAKE_PRIVATE, 1 <unfinished ...>
2535  poll([{fd=3, events=POLLIN}], 1, -1 <unfinished ...>
2533  <... poll resumed>)               = 0 (Timeout)
2525  read(4,  <unfinished ...>
2537  <... futex resumed>)              = 0
2533  write(7, "\1\0\0\0\0\0\0\0", 8 <unfinished ...>
2530  <... recvmsg resumed>{msg_name=NULL, msg_namelen=0, msg_iov=[{iov_base="l\2\1\1\0\0\0\0\"\0\0\0 \0\0\0\6\1s\0\4\0\0\0:1.0\0\0\0\0\10\1g\0\0\0\0\0\5\1u\0\31\0\0\0", iov_len=2048}], msg_iovlen=1, msg_controllen=0, msg_flags=MSG_CMSG_CLOEXEC}, MSG_CMSG_CLOEXEC) = 48
2537  openat(AT_FDCWD, "/tmp/xdp-test-5BAGP1/flatpak/db/notifications", O_WRONLY|O_CREAT|O_EXCL|O_CLOEXEC, 0666 <unfinished ...>
2533  <... write resumed>)              = 8
2525  <... read resumed>"\1\0\0\0\0\0\0\0", 16) = 8
2537  <... openat resumed>)             = -1 EEXIST (File exists)
2533  poll([{fd=5, events=POLLIN}, {fd=7, events=POLLIN}], 2, -1 <unfinished ...>
2530  recvmsg(9,  <unfinished ...>
2537  openat(AT_FDCWD, "/tmp/xdp-test-5BAGP1/flatpak/db/notifications", O_WRONLY|O_CREAT|O_NOFOLLOW, 0666 <unfinished ...>
2533  <... poll resumed>)               = 1 ([{fd=7, revents=POLLIN}])
2525  poll([{fd=4, events=POLLIN}], 1, 24917 <unfinished ...>
2537  <... openat resumed>)             = 7
2533  read(7,  <unfinished ...>
2530  <... recvmsg resumed>{msg_namelen=0}, MSG_CMSG_CLOEXEC) = -1 EAGAIN (Resource temporarily unavailable)
2537  statx(7, "", AT_STATX_SYNC_AS_STAT|AT_EMPTY_PATH, STATX_TYPE|STATX_MODE|STATX_NLINK|STATX_UID|STATX_GID|STATX_MTIME,  <unfinished ...>
2533  <... read resumed>"\1\0\0\0\0\0\0\0", 16) = 8
2537  <... statx resumed>{stx_mask=STATX_BASIC_STATS|STATX_MNT_ID, stx_attributes=0, stx_mode=S_IFREG|0644, stx_size=233, ...}) = 0
2530  sendmsg(8, {msg_name=NULL, msg_namelen=0, msg_iov=[{iov_base="l\2\1\1\0\0\0\0\"\0\0\0-\0\0\0\6\1s\0\4\0\0\0:1.0\0\0\0\0\10\1g\0\0\0\0\0\5\1u\0\31\0\0\0\7\1s\0\4\0\0\0:1.1\0\0\0\0", iov_len=64}, {iov_base="", iov_len=0}], msg_iovlen=2, msg_controllen=0, msg_flags=0}, MSG_NOSIGNAL <unfinished ...>
2537  openat(AT_FDCWD, "/tmp/xdp-test-5BAGP1/flatpak/db/.goutputstream-8QGQP1", O_WRONLY|O_CREAT|O_EXCL, 0666 <unfinished ...>
2533  poll([{fd=5, events=POLLIN}, {fd=7, events=POLLIN}], 2, -1 <unfinished ...>
2537  <... openat resumed>)             = 8
2530  <... sendmsg resumed>)            = 64
2537  fchown(8, 0, 0 <unfinished ...>
2533  <... poll resumed>)               = 1 ([{fd=5, revents=POLLIN}])
2537  <... fchown resumed>)             = 0
2530  epoll_wait(3,  <unfinished ...>
2537  fchmod(8, 0644 <unfinished ...>
2533  write(7, "\1\0\0\0\0\0\0\0", 8 <unfinished ...>
2537  <... fchmod resumed>)             = 0
2533  <... write resumed>)              = 8
2537  close(7 <unfinished ...>
2533  recvmsg(5,  <unfinished ...>
2537  <... close resumed>)              = 0
2533  <... recvmsg resumed>{msg_name=NULL, msg_namelen=0, msg_iov=[{iov_base="l\2\1\1\0\0\0\0\"\0\0\0-\0\0\0", iov_len=16}], msg_iovlen=1, msg_controllen=0, msg_flags=MSG_CMSG_CLOEXEC}, MSG_CMSG_CLOEXEC) = 16
2537  write(3, "\1\0\0\0\0\0\0\0", 8 <unfinished ...>
2533  poll([{fd=5, events=POLLIN}], 1, 0 <unfinished ...>
2537  <... write resumed>)              = 8
2535  <... poll resumed>)               = 1 ([{fd=3, revents=POLLIN}])
2537  futex(0x55cdb42ecce0, FUTEX_WAIT_PRIVATE, 34, {tv_sec=0, tv_nsec=499998759} <unfinished ...>
2533  <... poll resumed>)               = 1 ([{fd=5, revents=POLLIN}])
2535  read(3,  <unfinished ...>
2533  recvmsg(5,  <unfinished ...>
2535  <... read resumed>"\1\0\0\0\0\0\0\0", 16) = 8
2533  <... recvmsg resumed>{msg_name=NULL, msg_namelen=0, msg_iov=[{iov_base="\6\1s\0\4\0\0\0:1.0\0\0\0\0\10\1g\0\0\0\0\0\5\1u\0\31\0\0\0\7\1s\0\4\0\0\0:1.1\0\0\0\0", iov_len=48}], msg_iovlen=1, msg_controllen=0, msg_flags=MSG_CMSG_CLOEXEC}, MSG_CMSG_CLOEXEC) = 48
2535  futex(0x55cdb42ecce0, FUTEX_WAKE_PRIVATE, 1 <unfinished ...>
2533  write(7, "\1\0\0\0\0\0\0\0", 8 <unfinished ...>
2537  <... futex resumed>)              = 0
2535  <... futex resumed>)              = 1
2537  futex(0x55cdb42eccd0, FUTEX_WAIT_PRIVATE, 2, NULL <unfinished ...>
2533  <... write resumed>)              = 8
2537  <... futex resumed>)              = -1 EAGAIN (Resource temporarily unavailable)
2535  futex(0x55cdb42eccd0, FUTEX_WAKE_PRIVATE, 1 <unfinished ...>
2537  futex(0x55cdb42eccd0, FUTEX_WAKE_PRIVATE, 1 <unfinished ...>
2533  write(7, "\1\0\0\0\0\0\0\0", 8 <unfinished ...>
2537  <... futex resumed>)              = 0
2535  <... futex resumed>)              = 0
2537  write(8, "GVariant\0\0\0\0\0\0\0\0\30\0\0\0X\0\0\0\0\0\0(\2\0\0\0\0\0\0\0\1\0\0\0j\177\232|\377\377\377\377X\0\0\0\4\0H\0\\\0\0\0\200\0\0\0\231+\224|\377\377\377\377\236\0\0\0\4\0H\0\244\0\0\0\254\0\0\0main\0\0\0(\1\0\0\0\0\0\0\0\f\275$s\377\377\377\377\200\0\0\0\f\0v\0\220\0\0\0\236\0\0\0"..., 172 <unfinished ...>
2533  <... write resumed>)              = 8
2537  <... write resumed>)              = 172
2535  poll([{fd=3, events=POLLIN}], 1, -1 <unfinished ...>
2537  write(3, "\1\0\0\0\0\0\0\0", 8 <unfinished ...>
2533  poll([{fd=7, events=POLLIN}], 1, 0 <unfinished ...>
2537  <... write resumed>)              = 8
2535  <... poll resumed>)               = 1 ([{fd=3, revents=POLLIN}])
2537  futex(0x55cdb42ecce0, FUTEX_WAIT_PRIVATE, 35, {tv_sec=0, tv_nsec=499999387} <unfinished ...>
2533  <... poll resumed>)               = 1 ([{fd=7, revents=POLLIN}])
2535  read(3,  <unfinished ...>
2533  read(7,  <unfinished ...>
2535  <... read resumed>"\1\0\0\0\0\0\0\0", 16) = 8
2533  <... read resumed>"\3\0\0\0\0\0\0\0", 16) = 8
2535  futex(0x55cdb42ecce0, FUTEX_WAKE_PRIVATE, 1 <unfinished ...>
2533  write(4, "\1\0\0\0\0\0\0\0", 8 <unfinished ...>
2537  <... futex resumed>)              = 0
2535  <... futex resumed>)              = 1
2537  futex(0x55cdb42eccd0, FUTEX_WAIT_PRIVATE, 2, NULL <unfinished ...>
2533  <... write resumed>)              = 8
2525  <... poll resumed>)               = 1 ([{fd=4, revents=POLLIN}])
2537  <... futex resumed>)              = -1 EAGAIN (Resource temporarily unavailable)
2535  futex(0x55cdb42eccd0, FUTEX_WAKE_PRIVATE, 1 <unfinished ...>
2533  poll([{fd=5, events=POLLIN}], 1, 0 <unfinished ...>
2537  futex(0x55cdb42eccd0, FUTEX_WAKE_PRIVATE, 1 <unfinished ...>
2535  <... futex resumed>)              = 0
2525  read(4,  <unfinished ...>
2537  <... futex resumed>)              = 0
2535  poll([{fd=3, events=POLLIN}], 1, -1 <unfinished ...>
2533  <... poll resumed>)               = 0 (Timeout)
2537  fsync(8 <unfinished ...>
2525  <... read resumed>"\1\0\0\0\0\0\0\0", 16) = 8
2533  write(7, "\1\0\0\0\0\0\0\0", 8 <unfinished ...>
2525  write(4, "\1\0\0\0\0\0\0\0", 8 <unfinished ...>
2533  <... write resumed>)              = 8
2525  <... write resumed>)              = 8
2533  poll([{fd=5, events=POLLIN}, {fd=7, events=POLLIN}], 2, -1 <unfinished ...>
2525  poll([{fd=4, events=POLLIN}], 1, 24898 <unfinished ...>
2533  <... poll resumed>)               = 1 ([{fd=7, revents=POLLIN}])
2525  <... poll resumed>)               = 1 ([{fd=4, revents=POLLIN}])
2533  read(7,  <unfinished ...>
2525  read(4,  <unfinished ...>
2533  <... read resumed>"\1\0\0\0\0\0\0\0", 16) = 8
2525  <... read resumed>"\1\0\0\0\0\0\0\0", 16) = 8
2533  poll([{fd=5, events=POLLIN}, {fd=7, events=POLLIN}], 2, -1 <unfinished ...>
2525  poll([{fd=4, events=POLLIN}], 1, 24897 <unfinished ...>
2537  <... fsync resumed>)              = 0
2537  rename("/tmp/xdp-test-5BAGP1/flatpak/db/.goutputstream-8QGQP1", "/tmp/xdp-test-5BAGP1/flatpak/db/notifications") = 0
2537  statx(8, "", AT_STATX_SYNC_AS_STAT|AT_EMPTY_PATH, STATX_MTIME, {stx_mask=STATX_BASIC_STATS|STATX_MNT_ID, stx_attributes=0, stx_mode=S_IFREG|0644, stx_size=172, ...}) = 0
2537  close(8)                          = 0
2537  write(3, "\1\0\0\0\0\0\0\0", 8)   = 8
2535  <... poll resumed>)               = 1 ([{fd=3, revents=POLLIN}])
2537  futex(0x55cdb42ecce0, FUTEX_WAIT_PRIVATE, 36, {tv_sec=0, tv_nsec=499998948} <unfinished ...>
2535  read(3, "\1\0\0\0\0\0\0\0", 16)   = 8
2535  write(6, "\1\0\0\0\0\0\0\0", 8 <unfinished ...>
2538  <... poll resumed>)               = 1 ([{fd=6, revents=POLLIN}])
2535  <... write resumed>)              = 8
2538  futex(0x7f047400eab0, FUTEX_WAIT_PRIVATE, 2, NULL <unfinished ...>
2535  futex(0x7f047400eab0, FUTEX_WAKE_PRIVATE, 1 <unfinished ...>
2538  <... futex resumed>)              = -1 EAGAIN (Resource temporarily unavailable)
2535  <... futex resumed>)              = 0
2538  read(6,  <unfinished ...>
2535  futex(0x7f047400eab0, FUTEX_WAIT_PRIVATE, 2, NULL <unfinished ...>
2538  <... read resumed>"\1\0\0\0\0\0\0\0", 16) = 8
2538  futex(0x7f047400eab0, FUTEX_WAKE_PRIVATE, 1) = 1
2535  <... futex resumed>)              = 0
2538  futex(0x7f047400e840, FUTEX_WAIT_PRIVATE, 2, NULL <unfinished ...>
2535  futex(0x7f047400eab0, FUTEX_WAKE_PRIVATE, 1) = 0
2535  futex(0x7f047400e840, FUTEX_WAKE_PRIVATE, 1 <unfinished ...>
2538  <... futex resumed>)              = 0
2535  <... futex resumed>)              = 1
2538  futex(0x7f047400e840, FUTEX_WAKE_PRIVATE, 1 <unfinished ...>
2535  poll([{fd=3, events=POLLIN}], 1, -1 <unfinished ...>
2538  <... futex resumed>)              = 0
2538  sendmsg(5, {msg_name=NULL, msg_namelen=0, msg_iov=[{iov_base="l\2\1\1\0\0\0\0#\0\0\0 \0\0\0\6\1s\0\4\0\0\0:1.0\0\0\0\0\10\1g\0\0\0\0\0\5\1u\0\32\0\0\0", iov_len=48}], msg_iovlen=1, msg_controllen=0, msg_flags=0}, MSG_NOSIGNAL) = 48
2530  <... epoll_wait resumed>[{events=EPOLLIN, data={u32=9, u64=9}}], 64, -1) = 1
2538  poll([{fd=5, events=POLLIN}, {fd=6, events=POLLIN}], 2, 0 <unfinished ...>
2530  recvmsg(9,  <unfinished ...>
2538  <... poll resumed>)               = 0 (Timeout)
2530  <... recvmsg resumed>{msg_name=NULL, msg_namelen=0, msg_iov=[{iov_base="l\2\1\1\0\0\0\0#\0\0\0 \0\0\0\6\1s\0\4\0\0\0:1.0\0\0\0\0\10\1g\0\0\0\0\0\5\1u\0\32\0\0\0", iov_len=2048}], msg_iovlen=1, msg_controllen=0, msg_flags=MSG_CMSG_CLOEXEC}, MSG_CMSG_CLOEXEC) = 48
2538  poll([{fd=5, events=POLLIN}, {fd=6, events=POLLIN}], 2, -1 <unfinished ...>
2530  recvmsg(9, {msg_namelen=0}, MSG_CMSG_CLOEXEC) = -1 EAGAIN (Resource temporarily unavailable)
2530  sendmsg(8, {msg_name=NULL, msg_namelen=0, msg_iov=[{iov_base="l\2\1\1\0\0\0\0#\0\0\0-\0\0\0\6\1s\0\4\0\0\0:1.0\0\0\0\0\10\1g\0\0\0\0\0\5\1u\0\32\0\0\0\7\1s\0\4\0\0\0:1.1\0\0\0\0", iov_len=64}, {iov_base="", iov_len=0}], msg_iovlen=2, msg_controllen=0, msg_flags=0}, MSG_NOSIGNAL <unfinished ...>
2533  <... poll resumed>)               = 1 ([{fd=5, revents=POLLIN}])
2530  <... sendmsg resumed>)            = 64
2533  write(7, "\1\0\0\0\0\0\0\0", 8 <unfinished ...>
2530  epoll_wait(3,  <unfinished ...>
2533  <... write resumed>)              = 8
2533  recvmsg(5, {msg_name=NULL, msg_namelen=0, msg_iov=[{iov_base="l\2\1\1\0\0\0\0#\0\0\0-\0\0\0", iov_len=16}], msg_iovlen=1, msg_controllen=0, msg_flags=MSG_CMSG_CLOEXEC}, MSG_CMSG_CLOEXEC) = 16
2533  poll([{fd=5, events=POLLIN}], 1, 0) = 1 ([{fd=5, revents=POLLIN}])
2533  recvmsg(5, {msg_name=NULL, msg_namelen=0, msg_iov=[{iov_base="\6\1s\0\4\0\0\0:1.0\0\0\0\0\10\1g\0\0\0\0\0\5\1u\0\32\0\0\0\7\1s\0\4\0\0\0:1.1\0\0\0\0", iov_len=48}], msg_iovlen=1, msg_controllen=0, msg_flags=MSG_CMSG_CLOEXEC}, MSG_CMSG_CLOEXEC) = 48
2533  write(7, "\1\0\0\0\0\0\0\0", 8)   = 8
2533  write(7, "\1\0\0\0\0\0\0\0", 8)   = 8
2533  poll([{fd=7, events=POLLIN}], 1, 0) = 1 ([{fd=7, revents=POLLIN}])
2533  read(7, "\3\0\0\0\0\0\0\0", 16)   = 8
2533  write(4, "\1\0\0\0\0\0\0\0", 8)   = 8
2525  <... poll resumed>)               = 1 ([{fd=4, revents=POLLIN}])
2533  poll([{fd=5, events=POLLIN}], 1, 0 <unfinished ...>
2525  read(4,  <unfinished ...>
2533  <... poll resumed>)               = 0 (Timeout)
2525  <... read resumed>"\1\0\0\0\0\0\0\0", 16) = 8
2533  write(7, "\1\0\0\0\0\0\0\0", 8 <unfinished ...>
2525  write(4, "\1\0\0\0\0\0\0\0", 8 <unfinished ...>
2533  <... write resumed>)              = 8
2525  <... write resumed>)              = 8
2533  poll([{fd=5, events=POLLIN}, {fd=7, events=POLLIN}], 2, -1 <unfinished ...>
2525  eventfd2(0, EFD_CLOEXEC|EFD_NONBLOCK <unfinished ...>
2533  <... poll resumed>)               = 1 ([{fd=7, revents=POLLIN}])
2525  <... eventfd2 resumed>)           = 8
2533  read(7,  <unfinished ...>
2525  write(8, "\1\0\0\0\0\0\0\0", 8 <unfinished ...>
2533  <... read resumed>"\1\0\0\0\0\0\0\0", 16) = 8
2525  <... write resumed>)              = 8
2533  poll([{fd=5, events=POLLIN}, {fd=7, events=POLLIN}], 2, -1 <unfinished ...>
2525  write(7, "\1\0\0\0\0\0\0\0", 8 <unfinished ...>
2533  <... poll resumed>)               = 1 ([{fd=7, revents=POLLIN}])
2525  <... write resumed>)              = 8
2533  futex(0x55f682ff8d50, FUTEX_WAIT_PRIVATE, 2, NULL <unfinished ...>
2525  futex(0x55f682ff8d50, FUTEX_WAKE_PRIVATE, 1 <unfinished ...>
2533  <... futex resumed>)              = -1 EAGAIN (Resource temporarily unavailable)
2525  <... futex resumed>)              = 0
2533  read(7,  <unfinished ...>
2525  futex(0x55f682ff8d50, FUTEX_WAIT_PRIVATE, 2, NULL <unfinished ...>
2533  <... read resumed>"\1\0\0\0\0\0\0\0", 16) = 8
2533  futex(0x55f682ff8d50, FUTEX_WAKE_PRIVATE, 1) = 1
2525  <... futex resumed>)              = 0
2533  futex(0x55f682ff8a00, FUTEX_WAIT_PRIVATE, 2, NULL <unfinished ...>
2525  futex(0x55f682ff8d50, FUTEX_WAKE_PRIVATE, 1) = 0
2525  futex(0x55f682ff8a00, FUTEX_WAKE_PRIVATE, 1 <unfinished ...>
2533  <... futex resumed>)              = 0
2525  <... futex resumed>)              = 1
2533  futex(0x55f682ff8a00, FUTEX_WAKE_PRIVATE, 1 <unfinished ...>
2525  poll([{fd=8, events=POLLIN}], 1, 25000 <unfinished ...>
2533  <... futex resumed>)              = 0
2525  <... poll resumed>)               = 1 ([{fd=8, revents=POLLIN}])
2533  sendmsg(5, {msg_name=NULL, msg_namelen=0, msg_iov=[{iov_base="l\1\0\1%\0\0\0\33\0\0\0\227\0\0\0\1\1o\0,\0\0\0/org/freedesktop/impl/portal/PermissionStore\0\0\0\0\2\1s\0+\0\0\0org.freedesktop.impl.portal.PermissionStore\0\0\0\0\0"..., iov_len=205}], msg_iovlen=1, msg_controllen=0, msg_flags=0}, MSG_NOSIGNAL <unfinished ...>
2525  read(8,  <unfinished ...>
2533  <... sendmsg resumed>)            = 205
2530  <... epoll_wait resumed>[{events=EPOLLIN, data={u32=8, u64=8}}], 64, -1) = 1
2533  poll([{fd=5, events=POLLIN}, {fd=7, events=POLLIN}], 2, 0 <unfinished ...>
2525  <... read resumed>"\1\0\0\0\0\0\0\0", 16) = 8
2533  <... poll resumed>)               = 0 (Timeout)
2530  recvmsg(8,  <unfinished ...>
2533  poll([{fd=5, events=POLLIN}, {fd=7, events=POLLIN}], 2, -1 <unfinished ...>
2525  poll([{fd=8, events=POLLIN}], 1, 24998 <unfinished ...>
2530  <... recvmsg resumed>{msg_name=NULL, msg_namelen=0, msg_iov=[{iov_base="l\1\0\1%\0\0\0\33\0\0\0\227\0\0\0\1\1o\0,\0\0\0/org/freedesktop/impl/portal/PermissionStore\0\0\0\0\2\1s\0+\0\0\0org.freedesktop.impl.portal.PermissionStore\0\0\0\0\0"..., iov_len=2048}], msg_iovlen=1, msg_controllen=0, msg_flags=MSG_CMSG_CLOEXEC}, MSG_CMSG_CLOEXEC) = 205
2530  recvmsg(8, {msg_namelen=0}, MSG_CMSG_CLOEXEC) = -1 EAGAIN (Resource temporarily unavailable)
2530  sendmsg(9, {msg_name=NULL, msg_namelen=0, msg_iov=[{iov_base="l\1\0\1%\0\0\0\33\0\0\0\245\0\0\0\1\1o\0,\0\0\0/org/freedesktop/impl/portal/PermissionStore\0\0\0\0\2\1s\0+\0\0\0org.freedesktop.impl.portal.PermissionStore\0\0\0\0\0"..., iov_len=184}, {iov_base="\r\0\0\0notifications\0\0\0\f\0\0\0notification\0", iov_len=37}], msg_iovlen=2, msg_controllen=0, msg_flags=0}, MSG_NOSIGNAL) = 221
2538  <... poll resumed>)               = 1 ([{fd=5, revents=POLLIN}])
2530  epoll_wait(3,  <unfinished ...>
2538  write(6, "\1\0\0\0\0\0\0\0", 8 <unfinished ...>
2530  <... epoll_wait resumed>[], 64, 0) = 0
2538  <... write resumed>)              = 8
2530  epoll_wait(3,  <unfinished ...>
2538  recvmsg(5, {msg_name=NULL, msg_namelen=0, msg_iov=[{iov_base="l\1\0\1%\0\0\0\33\0\0\0\245\0\0\0", iov_len=16}], msg_iovlen=1, msg_controllen=0, msg_flags=MSG_CMSG_CLOEXEC}, MSG_CMSG_CLOEXEC) = 16
2538  poll([{fd=5, events=POLLIN}], 1, 0) = 1 ([{fd=5, revents=POLLIN}])
2538  recvmsg(5, {msg_name=NULL, msg_namelen=0, msg_iov=[{iov_base="\1\1o\0,\0\0\0/org/freedesktop/impl/portal/PermissionStore\0\0\0\0\2\1s\0+\0\0\0org.freedesktop.impl.portal.PermissionStore\0\0\0\0\0\6\1s\0\4\0\0\0:1.1\0\0\0\0"..., iov_len=205}], msg_iovlen=1, msg_controllen=0, msg_flags=MSG_CMSG_CLOEXEC}, MSG_CMSG_CLOEXEC) = 205
2538  write(6, "\1\0\0\0\0\0\0\0", 8)   = 8
2538  write(6, "\1\0\0\0\0\0\0\0", 8)   = 8
2538  poll([{fd=6, events=POLLIN}], 1, 0) = 1 ([{fd=6, revents=POLLIN}])
2538  read(6, "\3\0\0\0\0\0\0\0", 16)   = 8
2538  write(3, "\1\0\0\0\0\0\0\0", 8)   = 8
2535  <... poll resumed>)               = 1 ([{fd=3, revents=POLLIN}])
2538  poll([{fd=5, events=POLLIN}], 1, 0 <unfinished ...>
2535  read(3,  <unfinished ...>
2538  <... poll resumed>)               = 0 (Timeout)
2535  <... read resumed>"\1\0\0\0\0\0\0\0", 16) = 8
2538  write(6, "\1\0\0\0\0\0\0\0", 8 <unfinished ...>
2535  futex(0x7f047400eab0, FUTEX_WAIT_PRIVATE, 2, NULL <unfinished ...>
2538  <... write resumed>)              = 8
2538  futex(0x7f047400eab0, FUTEX_WAKE_PRIVATE, 1) = 1
2535  <... futex resumed>)              = 0
2538  futex(0x7f047400e840, FUTEX_WAIT_PRIVATE, 2, NULL <unfinished ...>
2535  write(6, "\1\0\0\0\0\0\0\0", 8)   = 8
2535  futex(0x7f047400eab0, FUTEX_WAKE_PRIVATE, 1) = 0
2535  futex(0x7f047400e840, FUTEX_WAKE_PRIVATE, 1 <unfinished ...>
2538  <... futex resumed>)              = 0
2535  <... futex resumed>)              = 1
2538  futex(0x7f047400e840, FUTEX_WAKE_PRIVATE, 1 <unfinished ...>
2535  poll([{fd=3, events=POLLIN}], 1, -1 <unfinished ...>
2538  <... futex resumed>)              = 0
2538  poll([{fd=5, events=POLLIN}, {fd=6, events=POLLIN}], 2, 0) = 1 ([{fd=6, revents=POLLIN}])
2538  read(6, "\2\0\0\0\0\0\0\0", 16)   = 8
2538  sendmsg(5, {msg_name=NULL, msg_namelen=0, msg_iov=[{iov_base="l\2\1\1\f\0\0\0$\0\0\0(\0\0\0\6\1s\0\4\0\0\0:1.0\0\0\0\0\10\1g\0\7a{sas}v\0\0\0\0\5\1u\0\33\0\0\0\0\0\0\0\0\0\0\0\1y\0\0", iov_len=68}], msg_iovlen=1, msg_controllen=0, msg_flags=0}, MSG_NOSIGNAL) = 68
2530  <... epoll_wait resumed>[{events=EPOLLIN, data={u32=9, u64=9}}], 64, -1) = 1
2538  poll([{fd=5, events=POLLIN}, {fd=6, events=POLLIN}], 2, 0 <unfinished ...>
2530  recvmsg(9,  <unfinished ...>
2538  <... poll resumed>)               = 0 (Timeout)
2530  <... recvmsg resumed>{msg_name=NULL, msg_namelen=0, msg_iov=[{iov_base="l\2\1\1\f\0\0\0$\0\0\0(\0\0\0\6\1s\0\4\0\0\0:1.0\0\0\0\0\10\1g\0\7a{sas}v\0\0\0\0\5\1u\0\33\0\0\0\0\0\0\0\0\0\0\0\1y\0\0", iov_len=2048}], msg_iovlen=1, msg_controllen=0, msg_flags=MSG_CMSG_CLOEXEC}, MSG_CMSG_CLOEXEC) = 68
2538  poll([{fd=5, events=POLLIN}, {fd=6, events=POLLIN}], 2, -1 <unfinished ...>
2530  recvmsg(9, {msg_namelen=0}, MSG_CMSG_CLOEXEC) = -1 EAGAIN (Resource temporarily unavailable)
