2567  futex(0x7f46e072e0a8, FUTEX_WAKE_PRIVATE, 2147483647) = 0
2567  futex(0x7f46e072e0a8, FUTEX_WAKE_PRIVATE, 2147483647) = 0
2567  futex(0x7f46e072e0a8, FUTEX_WAKE_PRIVATE, 2147483647) = 0
2567  futex(0x7f46e072e0a8, FUTEX_WAKE_PRIVATE, 2147483647) = 0
2567  futex(0x7f46e072e0a8, FUTEX_WAKE_PRIVATE, 2147483647) = 0
2567  futex(0x7f46e072e0a8, FUTEX_WAKE_PRIVATE, 2147483647) = 0
2567  futex(0x7f46e072e0a8, FUTEX_WAKE_PRIVATE, 2147483647) = 0
2567  futex(0x7f46e072e0a8, FUTEX_WAKE_PRIVATE, 2147483647) = 0
2567  getpid()                          = 2565
2567  geteuid()                         = 0
2567  getegid()                         = 0
2567  getpid()                          = 2565
2567  geteuid()                         = 0
2567  getegid()                         = 0
2567  futex(0x7f46e072e0a8, FUTEX_WAKE_PRIVATE, 2147483647) = 0
2567  futex(0x7f46e072e0a8, FUTEX_WAKE_PRIVATE, 2147483647) = 0
2567  sendmsg(5, {msg_name=NULL, msg_namelen=0, msg_iov=[{iov_base="\0", iov_len=1}], msg_iovlen=1, msg_control=[{cmsg_len=28, cmsg_level=SOL_SOCKET, cmsg_type=SCM_CREDENTIALS, cmsg_data={pid=2565, uid=0, gid=0}}], msg_controllen=32, msg_flags=0}, MSG_NOSIGNAL) = 1
2548  <... epoll_wait resumed>[{events=EPOLLIN, data={u32=12, u64=12}}], 64, 24597) = 1
2567  sendto(5, "AUTH\r\n", 6, MSG_NOSIGNAL, NULL, 0 <unfinished ...>
2548  recvmsg(12,  <unfinished ...>
2567  <... sendto resumed>)             = 6
2548  <... recvmsg resumed>{msg_name=NULL, msg_namelen=0, msg_iov=[{iov_base="\0", iov_len=1}], msg_iovlen=1, msg_controllen=0, msg_flags=0}, 0) = 1
2567  recvfrom(5,  <unfinished ...>
2548  getsockopt(12, SOL_SOCKET, SO_PEERCRED,  <unfinished ...>
2567  <... recvfrom resumed>0x7f46d000e770, 4096, 0, NULL, NULL) = -1 EAGAIN (Resource temporarily unavailable)
2548  <... getsockopt resumed>{pid=2565, uid=0, gid=0}, [12]) = 0
2567  poll([{fd=5, events=POLLIN}], 1, -1 <unfinished ...>
2548  getsockopt(12, SOL_SOCKET, SO_PEERSEC, 0x557191185530, [1024]) = -1 ENOPROTOOPT (Protocol not available)
2548  read(12, "AUTH\r\n", 2048)        = 6
2548  epoll_ctl(3, EPOLL_CTL_MOD, 12, {events=EPOLLET, data={u32=12, u64=12}}) = 0
2548  epoll_ctl(3, EPOLL_CTL_MOD, 12, {events=EPOLLOUT, data={u32=12, u64=12}}) = 0
2548  epoll_wait(3, [{events=EPOLLOUT, data={u32=12, u64=12}}], 64, 24585) = 1
2548  sendto(12, "REJECTED EXTERNAL DBUS_COOKIE_SHA1 ANONYMOUS\r\n", 46, MSG_NOSIGNAL, NULL, 0 <unfinished ...>
2567  <... poll resumed>)               = 1 ([{fd=5, revents=POLLIN}])
2548  <... sendto resumed>)             = 46
2567  recvfrom(5,  <unfinished ...>
2548  epoll_ctl(3, EPOLL_CTL_MOD, 12, {events=EPOLLIN|EPOLLOUT, data={u32=12, u64=12}} <unfinished ...>
2567  <... recvfrom resumed>"REJECTED EXTERNAL DBUS_COOKIE_SHA1 ANONYMOUS\r\n", 4096, 0, NULL, NULL) = 46
2548  <... epoll_ctl resumed>)          = 0
2567  sendto(5, "AUTH EXTERNAL 30\r\n", 18, MSG_NOSIGNAL, NULL, 0 <unfinished ...>
2548  epoll_ctl(3, EPOLL_CTL_MOD, 12, {events=EPOLLIN, data={u32=12, u64=12}} <unfinished ...>
2567  <... sendto resumed>)             = 18
2548  <... epoll_ctl resumed>)          = 0
2567  recvfrom(5,  <unfinished ...>
2548  epoll_wait(3,  <unfinished ...>
2567  <... recvfrom resumed>0x7f46d000e770, 4096, 0, NULL, NULL) = -1 EAGAIN (Resource temporarily unavailable)
2548  <... epoll_wait resumed>[{events=EPOLLIN, data={u32=12, u64=12}}], 64, 24582) = 1
2567  poll([{fd=5, events=POLLIN}], 1, -1 <unfinished ...>
2548  read(12, "AUTH EXTERNAL 30\r\n", 2048) = 18
2548  epoll_ctl(3, EPOLL_CTL_MOD, 12, {events=EPOLLET, data={u32=12, u64=12}}) = 0
2548  epoll_ctl(3, EPOLL_CTL_MOD, 12, {events=EPOLLOUT, data={u32=12, u64=12}}) = 0
2548  epoll_wait(3, [{events=EPOLLOUT, data={u32=12, u64=12}}], 64, 24580) = 1
2548  sendto(12, "OK d0417788ec8a18c76ee6935b62d631b1\r\n", 37, MSG_NOSIGNAL, NULL, 0 <unfinished ...>
2567  <... poll resumed>)               = 1 ([{fd=5, revents=POLLIN}])
2548  <... sendto resumed>)             = 37
2567  recvfrom(5,  <unfinished ...>
2548  epoll_ctl(3, EPOLL_CTL_MOD, 12, {events=EPOLLIN|EPOLLOUT, data={u32=12, u64=12}} <unfinished ...>
2567  <... recvfrom resumed>"OK d0417788ec8a18c76ee6935b62d631b1\r\n", 4096, 0, NULL, NULL) = 37
2548  <... epoll_ctl resumed>)          = 0
2567  sendto(5, "NEGOTIATE_UNIX_FD\r\n", 19, MSG_NOSIGNAL, NULL, 0 <unfinished ...>
2548  epoll_ctl(3, EPOLL_CTL_MOD, 12, {events=EPOLLIN, data={u32=12, u64=12}} <unfinished ...>
2567  <... sendto resumed>)             = 19
2548  <... epoll_ctl resumed>)          = 0
2567  recvfrom(5,  <unfinished ...>
2548  epoll_wait(3,  <unfinished ...>
2567  <... recvfrom resumed>0x7f46d000e770, 4096, 0, NULL, NULL) = -1 EAGAIN (Resource temporarily unavailable)
2548  <... epoll_wait resumed>[{events=EPOLLIN, data={u32=12, u64=12}}], 64, 24578) = 1
2567  poll([{fd=5, events=POLLIN}], 1, -1 <unfinished ...>
2548  read(12, "NEGOTIATE_UNIX_FD\r\n", 2048) = 19
2548  epoll_ctl(3, EPOLL_CTL_MOD, 12, {events=EPOLLET, data={u32=12, u64=12}}) = 0
2548  epoll_ctl(3, EPOLL_CTL_MOD, 12, {events=EPOLLOUT, data={u32=12, u64=12}}) = 0
2548  epoll_wait(3, [{events=EPOLLOUT, data={u32=12, u64=12}}], 64, 24576) = 1
2548  sendto(12, "AGREE_UNIX_FD\r\n", 15, MSG_NOSIGNAL, NULL, 0 <unfinished ...>
2567  <... poll resumed>)               = 1 ([{fd=5, revents=POLLIN}])
2548  <... sendto resumed>)             = 15
2567  recvfrom(5,  <unfinished ...>
2548  epoll_ctl(3, EPOLL_CTL_MOD, 12, {events=EPOLLIN|EPOLLOUT, data={u32=12, u64=12}} <unfinished ...>
2567  <... recvfrom resumed>"AGREE_UNIX_FD\r\n", 4096, 0, NULL, NULL) = 15
2548  <... epoll_ctl resumed>)          = 0
2567  sendto(5, "BEGIN\r\n", 7, MSG_NOSIGNAL, NULL, 0 <unfinished ...>
2548  epoll_ctl(3, EPOLL_CTL_MOD, 12, {events=EPOLLIN, data={u32=12, u64=12}} <unfinished ...>
2567  <... sendto resumed>)             = 7
2548  <... epoll_ctl resumed>)          = 0
2567  futex(0x7f46e072e0a8, FUTEX_WAKE_PRIVATE, 2147483647 <unfinished ...>
2548  epoll_wait(3,  <unfinished ...>
2567  <... futex resumed>)              = 0
2548  <... epoll_wait resumed>[{events=EPOLLIN, data={u32=12, u64=12}}], 64, 24573) = 1
2567  eventfd2(0, EFD_CLOEXEC|EFD_NONBLOCK <unfinished ...>
2548  read(12,  <unfinished ...>
2567  <... eventfd2 resumed>)           = 6
2548  <... read resumed>"BEGIN\r\n", 2048) = 7
2567  write(6, "\1\0\0\0\0\0\0\0", 8 <unfinished ...>
2548  geteuid( <unfinished ...>
2567  <... write resumed>)              = 8
2548  <... geteuid resumed>)            = 0
2567  mmap(NULL, 8392704, PROT_NONE, MAP_PRIVATE|MAP_ANONYMOUS|MAP_STACK, -1, 0 <unfinished ...>
2548  epoll_wait(3,  <unfinished ...>
2567  <... mmap resumed>)               = 0x7f46de8f9000
2567  mprotect(0x7f46de8fa000, 8388608, PROT_READ|PROT_WRITE) = 0
2567  rt_sigprocmask(SIG_BLOCK, ~[], [], 8) = 0
2567  clone3({flags=CLONE_VM|CLONE_FS|CLONE_FILES|CLONE_SIGHAND|CLONE_THREAD|CLONE_SYSVSEM|CLONE_SETTLS|CLONE_PARENT_SETTID|CLONE_CHILD_CLEARTID, child_tid=0x7f46df0f9910, parent_tid=0x7f46df0f9910, exit_signal=0, stack=0x7f46de8f9000, stack_size=0x7ffe40, tls=0x7f46df0f9640}, 88) = -1 ENOSYS (Function not implemented)
2567  clone(child_stack=0x7f46df0f8e30, flags=CLONE_VM|CLONE_FS|CLONE_FILES|CLONE_SIGHAND|CLONE_THREAD|CLONE_SYSVSEM|CLONE_SETTLS|CLONE_PARENT_SETTID|CLONE_CHILD_CLEARTID <unfinished ...>
2568  rseq(0x7f46df0f9fe0, 0x20, 0, 0x53053053 <unfinished ...>
2567  <... clone resumed>, parent_tid=[2568], tls=0x7f46df0f9640, child_tidptr=0x7f46df0f9910) = 2568
2568  <... rseq resumed>)               = 0
2567  rt_sigprocmask(SIG_SETMASK, [],  <unfinished ...>
2568  set_robust_list(0x7f46df0f9920, 24 <unfinished ...>
2567  <... rt_sigprocmask resumed>NULL, 8) = 0
2568  <... set_robust_list resumed>)    = 0
2567  futex(0x7f46e072e0a8, FUTEX_WAKE_PRIVATE, 2147483647 <unfinished ...>
2568  rt_sigprocmask(SIG_SETMASK, [],  <unfinished ...>
2567  <... futex resumed>)              = 0
2568  <... rt_sigprocmask resumed>NULL, 8) = 0
2567  futex(0x7f46e072e0a8, FUTEX_WAKE_PRIVATE, 2147483647 <unfinished ...>
2568  prctl(PR_SET_NAME, "gdbus" <unfinished ...>
2567  <... futex resumed>)              = 0
2568  <... prctl resumed>)              = 0
2567  eventfd2(0, EFD_CLOEXEC|EFD_NONBLOCK <unfinished ...>
2568  mmap(0x7f46d4000000, 67108864, PROT_NONE, MAP_PRIVATE|MAP_ANONYMOUS|MAP_NORESERVE, -1, 0 <unfinished ...>
2567  <... eventfd2 resumed>)           = 7
2568  <... mmap resumed>)               = 0x7f46d4000000
2567  write(7, "\1\0\0\0\0\0\0\0", 8 <unfinished ...>
2568  mprotect(0x7f46d4000000, 135168, PROT_READ|PROT_WRITE <unfinished ...>
2567  <... write resumed>)              = 8
2568  <... mprotect resumed>)           = 0
2567  poll([{fd=7, events=POLLIN}], 1, 25000 <unfinished ...>
2568  poll([{fd=6, events=POLLIN}], 1, 0 <unfinished ...>
2567  <... poll resumed>)               = 1 ([{fd=7, revents=POLLIN}])
2568  <... poll resumed>)               = 1 ([{fd=6, revents=POLLIN}])
2567  read(7,  <unfinished ...>
2568  read(6,  <unfinished ...>
2567  <... read resumed>"\1\0\0\0\0\0\0\0", 16) = 8
2568  <... read resumed>"\1\0\0\0\0\0\0\0", 16) = 8
2567  poll([{fd=7, events=POLLIN}], 1, 24999 <unfinished ...>
2568  poll([{fd=5, events=POLLIN}], 1, 0) = 0 (Timeout)
2568  write(6, "\1\0\0\0\0\0\0\0", 8)   = 8
2568  sendmsg(5, {msg_name=NULL, msg_namelen=0, msg_iov=[{iov_base="l\1\0\1\0\0\0\0\1\0\0\0n\0\0\0\1\1o\0\25\0\0\0/org/freedesktop/DBus\0\0\0\2\1s\0\24\0\0\0org.freedesktop.DBus\0\0\0\0\6\1s\0\24\0\0\0org.freedesktop.DBus\0\0\0\0\3\1s\0\5\0\0\0Hello\0\0\0", iov_len=128}], msg_iovlen=1, msg_controllen=0, msg_flags=0}, MSG_NOSIGNAL) = 128
2548  <... epoll_wait resumed>[{events=EPOLLIN, data={u32=12, u64=12}}], 64, 24571) = 1
2568  poll([{fd=5, events=POLLIN}, {fd=6, events=POLLIN}], 2, 0 <unfinished ...>
2548  recvmsg(12,  <unfinished ...>
2568  <... poll resumed>)               = 1 ([{fd=6, revents=POLLIN}])
2548  <... recvmsg resumed>{msg_name=NULL, msg_namelen=0, msg_iov=[{iov_base="l\1\0\1\0\0\0\0\1\0\0\0n\0\0\0\1\1o\0\25\0\0\0/org/freedesktop/DBus\0\0\0\2\1s\0\24\0\0\0org.freedesktop.DBus\0\0\0\0\6\1s\0\24\0\0\0org.freedesktop.DBus\0\0\0\0\3\1s\0\5\0\0\0Hello\0\0\0", iov_len=2048}], msg_iovlen=1, msg_controllen=0, msg_flags=MSG_CMSG_CLOEXEC}, MSG_CMSG_CLOEXEC) = 128
2568  read(6,  <unfinished ...>
2548  recvmsg(12,  <unfinished ...>
2568  <... read resumed>"\1\0\0\0\0\0\0\0", 16) = 8
2548  <... recvmsg resumed>{msg_namelen=0}, MSG_CMSG_CLOEXEC) = -1 EAGAIN (Resource temporarily unavailable)
2568  poll([{fd=5, events=POLLIN}, {fd=6, events=POLLIN}], 2, -1 <unfinished ...>
2548  access("/run/systemd/seats/", F_OK) = 0
2548  openat(AT_FDCWD, "/run/systemd/users/0", O_RDONLY|O_CLOEXEC) = -1 ENOENT (No such file or directory)
2548  openat(AT_FDCWD, "/proc/2565/cmdline", O_RDONLY) = 14
2548  read(14, "/usr/libexec/xdg-permission-store\0", 50) = 34
2548  close(14)                         = 0
2548  sendmsg(10, {msg_name=NULL, msg_namelen=0, msg_iov=[{iov_base="l\4\1\1\35\0\0\0\10\0\0\0\211\0\0\0\1\1o\0\25\0\0\0/org/freedesktop/DBus\0\0\0\2\1s\0\24\0\0\0org.freedesktop.DBus\0\0\0\0\3\1s\0\20\0\0\0NameOwnerChanged\0\0\0\0\0\0\0\0\7\1s\0\24\0\0\0org.free"..., iov_len=160}, {iov_base="\4\0\0\0:1.4\0\0\0\0\0\0\0\0\0\0\0\0\4\0\0\0:1.4\0", iov_len=29}], msg_iovlen=2, msg_controllen=0, msg_flags=0}, MSG_NOSIGNAL <unfinished ...>
2558  <... poll resumed>)               = 1 ([{fd=5, revents=POLLIN}])
2548  <... sendmsg resumed>)            = 189
2558  write(6, "\1\0\0\0\0\0\0\0", 8 <unfinished ...>
2548  sendmsg(12, {msg_name=NULL, msg_namelen=0, msg_iov=[{iov_base="l\2\1\1\t\0\0\0\1\0\0\0=\0\0\0\6\1s\0\4\0\0\0:1.4\0\0\0\0\5\1u\0\1\0\0\0\10\1g\0\1s\0\0\7\1s\0\24\0\0\0org.freedesktop.DBus\0\0\0\0", iov_len=80}, {iov_base="\4\0\0\0:1.4\0", iov_len=9}], msg_iovlen=2, msg_controllen=0, msg_flags=0}, MSG_NOSIGNAL <unfinished ...>
2558  <... write resumed>)              = 8
2568  <... poll resumed>)               = 1 ([{fd=5, revents=POLLIN}])
2548  <... sendmsg resumed>)            = 89
2568  write(6, "\1\0\0\0\0\0\0\0", 8 <unfinished ...>
2558  recvmsg(5,  <unfinished ...>
2568  <... write resumed>)              = 8
2548  sendmsg(12, {msg_name=NULL, msg_namelen=0, msg_iov=[{iov_base="l\4\1\1\t\0\0\0\2\0\0\0\215\0\0\0\1\1o\0\25\0\0\0/org/freedesktop/DBus\0\0\0\2\1s\0\24\0\0\0org.freedesktop.DBus\0\0\0\0\3\1s\0\f\0\0\0NameAcquired\0\0\0\0\6\1s\0\4\0\0\0:1.4\0\0\0\0\10\1g\0\1s\0\0"..., iov_len=160}, {iov_base="\4\0\0\0:1.4\0", iov_len=9}], msg_iovlen=2, msg_controllen=0, msg_flags=0}, MSG_NOSIGNAL <unfinished ...>
2568  recvmsg(5,  <unfinished ...>
2558  <... recvmsg resumed>{msg_name=NULL, msg_namelen=0, msg_iov=[{iov_base="l\4\1\1\35\0\0\0\10\0\0\0\211\0\0\0", iov_len=16}], msg_iovlen=1, msg_controllen=0, msg_flags=MSG_CMSG_CLOEXEC}, MSG_CMSG_CLOEXEC) = 16
2568  <... recvmsg resumed>{msg_name=NULL, msg_namelen=0, msg_iov=[{iov_base="l\2\1\1\t\0\0\0\1\0\0\0=\0\0\0", iov_len=16}], msg_iovlen=1, msg_controllen=0, msg_flags=MSG_CMSG_CLOEXEC}, MSG_CMSG_CLOEXEC) = 16
2548  <... sendmsg resumed>)            = 169
2568  poll([{fd=5, events=POLLIN}], 1, 0 <unfinished ...>
2558  poll([{fd=5, events=POLLIN}], 1, 0 <unfinished ...>
2568  <... poll resumed>)               = 1 ([{fd=5, revents=POLLIN}])
2548  epoll_wait(3,  <unfinished ...>
2568  recvmsg(5,  <unfinished ...>
2558  <... poll resumed>)               = 1 ([{fd=5, revents=POLLIN}])
2568  <... recvmsg resumed>{msg_name=NULL, msg_namelen=0, msg_iov=[{iov_base="\6\1s\0\4\0\0\0:1.4\0\0\0\0\5\1u\0\1\0\0\0\10\1g\0\1s\0\0\7\1s\0\24\0\0\0org.freedesktop.DBus\0\0\0\0\4\0\0\0:1.4\0", iov_len=73}], msg_iovlen=1, msg_controllen=0, msg_flags=MSG_CMSG_CLOEXEC}, MSG_CMSG_CLOEXEC) = 73
2558  recvmsg(5,  <unfinished ...>
2568  write(6, "\1\0\0\0\0\0\0\0", 8 <unfinished ...>
2558  <... recvmsg resumed>{msg_name=NULL, msg_namelen=0, msg_iov=[{iov_base="\1\1o\0\25\0\0\0/org/freedesktop/DBus\0\0\0\2\1s\0\24\0\0\0org.freedesktop.DBus\0\0\0\0\3\1s\0\20\0\0\0NameOwnerChanged\0\0\0\0\0\0\0\0\7\1s\0\24\0\0\0org.freedesktop.DBus\0\0\0\0"..., iov_len=173}], msg_iovlen=1, msg_controllen=0, msg_flags=MSG_CMSG_CLOEXEC}, MSG_CMSG_CLOEXEC) = 173
2568  <... write resumed>)              = 8
2558  write(6, "\1\0\0\0\0\0\0\0", 8 <unfinished ...>
2568  write(6, "\1\0\0\0\0\0\0\0", 8 <unfinished ...>
2558  <... write resumed>)              = 8
2568  <... write resumed>)              = 8
2558  write(6, "\1\0\0\0\0\0\0\0", 8 <unfinished ...>
2568  poll([{fd=6, events=POLLIN}], 1, 0 <unfinished ...>
2558  <... write resumed>)              = 8
2568  <... poll resumed>)               = 1 ([{fd=6, revents=POLLIN}])
2558  poll([{fd=6, events=POLLIN}], 1, 0 <unfinished ...>
2568  read(6,  <unfinished ...>
2558  <... poll resumed>)               = 1 ([{fd=6, revents=POLLIN}])
2568  <... read resumed>"\3\0\0\0\0\0\0\0", 16) = 8
2558  read(6,  <unfinished ...>
2568  write(7, "\1\0\0\0\0\0\0\0", 8 <unfinished ...>
2558  <... read resumed>"\3\0\0\0\0\0\0\0", 16) = 8
2568  <... write resumed>)              = 8
2567  <... poll resumed>)               = 1 ([{fd=7, revents=POLLIN}])
2568  poll([{fd=5, events=POLLIN}], 1, 0 <unfinished ...>
2558  write(3, "\1\0\0\0\0\0\0\0", 8 <unfinished ...>
2568  <... poll resumed>)               = 1 ([{fd=5, revents=POLLIN}])
2567  read(7,  <unfinished ...>
2568  recvmsg(5,  <unfinished ...>
2558  <... write resumed>)              = 8
2568  <... recvmsg resumed>{msg_name=NULL, msg_namelen=0, msg_iov=[{iov_base="l\4\1\1\t\0\0\0\2\0\0\0\215\0\0\0", iov_len=16}], msg_iovlen=1, msg_controllen=0, msg_flags=MSG_CMSG_CLOEXEC}, MSG_CMSG_CLOEXEC) = 16
2567  <... read resumed>"\1\0\0\0\0\0\0\0", 16) = 8
2568  poll([{fd=6, events=POLLIN}], 1, 0 <unfinished ...>
2558  poll([{fd=5, events=POLLIN}], 1, 0 <unfinished ...>
2568  <... poll resumed>)               = 0 (Timeout)
2567  write(7, "\1\0\0\0\0\0\0\0", 8 <unfinished ...>
2568  poll([{fd=5, events=POLLIN}], 1, 0 <unfinished ...>
2558  <... poll resumed>)               = 0 (Timeout)
2568  <... poll resumed>)               = 1 ([{fd=5, revents=POLLIN}])
2567  <... write resumed>)              = 8
2568  recvmsg(5,  <unfinished ...>
2558  write(6, "\1\0\0\0\0\0\0\0", 8 <unfinished ...>
2568  <... recvmsg resumed>{msg_name=NULL, msg_namelen=0, msg_iov=[{iov_base="\1\1o\0\25\0\0\0/org/freedesktop/DBus\0\0\0\2\1s\0\24\0\0\0org.freedesktop.DBus\0\0\0\0\3\1s\0\f\0\0\0NameAcquired\0\0\0\0\6\1s\0\4\0\0\0:1.4\0\0\0\0\10\1g\0\1s\0\0\7\1s\0\24\0\0\0org.free"..., iov_len=153}], msg_iovlen=1, msg_controllen=0, msg_flags=MSG_CMSG_CLOEXEC}, MSG_CMSG_CLOEXEC) = 153
2567  futex(0x7f46d000ef60, FUTEX_WAKE_PRIVATE, 2147483647 <unfinished ...>
2568  poll([{fd=6, events=POLLIN}], 1, 0 <unfinished ...>
2558  <... write resumed>)              = 8
2568  <... poll resumed>)               = 0 (Timeout)
2567  <... futex resumed>)              = 0
2568  poll([{fd=5, events=POLLIN}], 1, 0 <unfinished ...>
2558  poll([{fd=5, events=POLLIN}, {fd=6, events=POLLIN}], 2, -1 <unfinished ...>
2568  <... poll resumed>)               = 0 (Timeout)
2567  close(7 <unfinished ...>
2568  write(6, "\1\0\0\0\0\0\0\0", 8 <unfinished ...>
2558  <... poll resumed>)               = 1 ([{fd=6, revents=POLLIN}])
2568  <... write resumed>)              = 8
2567  <... close resumed>)              = 0
2568  poll([{fd=5, events=POLLIN}, {fd=6, events=POLLIN}], 2, -1 <unfinished ...>
2558  read(6,  <unfinished ...>
2568  <... poll resumed>)               = 1 ([{fd=6, revents=POLLIN}])
2567  write(3, "\1\0\0\0\0\0\0\0", 8 <unfinished ...>
2568  read(6,  <unfinished ...>
2558  <... read resumed>"\1\0\0\0\0\0\0\0", 16) = 8
2568  <... read resumed>"\1\0\0\0\0\0\0\0", 16) = 8
2567  <... write resumed>)              = 8
2565  <... poll resumed>)               = 1 ([{fd=3, revents=POLLIN}])
2568  poll([{fd=5, events=POLLIN}, {fd=6, events=POLLIN}], 2, -1 <unfinished ...>
2567  futex(0x55e40e10bce0, FUTEX_WAIT_PRIVATE, 0, {tv_sec=0, tv_nsec=499999328} <unfinished ...>
2558  poll([{fd=5, events=POLLIN}, {fd=6, events=POLLIN}], 2, -1 <unfinished ...>
2565  read(3, "\1\0\0\0\0\0\0\0", 16)   = 8
2565  futex(0x7f46e072e0a8, FUTEX_WAKE_PRIVATE, 2147483647) = 0
2565  futex(0x7f46e072e0a8, FUTEX_WAKE_PRIVATE, 2147483647) = 0
2565  futex(0x7f46e072e0a8, FUTEX_WAKE_PRIVATE, 2147483647) = 0
2565  futex(0x7f46e072e0a8, FUTEX_WAKE_PRIVATE, 2147483647) = 0
2565  futex(0x7f46e072e0a8, FUTEX_WAKE_PRIVATE, 2147483647) = 0
2565  futex(0x7f46e072e0a8, FUTEX_WAKE_PRIVATE, 2147483647) = 0
2565  brk(0x55e40e147000)               = 0x55e40e147000
2565  write(6, "\1\0\0\0\0\0\0\0", 8 <unfinished ...>
2568  <... poll resumed>)               = 1 ([{fd=6, revents=POLLIN}])
2565  <... write resumed>)              = 8
2568  futex(0x7f46d000eab0, FUTEX_WAIT_PRIVATE, 2, NULL <unfinished ...>
2565  futex(0x7f46d000eab0, FUTEX_WAKE_PRIVATE, 1 <unfinished ...>
2568  <... futex resumed>)              = -1 EAGAIN (Resource temporarily unavailable)
2565  <... futex resumed>)              = 0
2568  read(6,  <unfinished ...>
2565  futex(0x7f46d000eab0, FUTEX_WAIT_PRIVATE, 2, NULL <unfinished ...>
2568  <... read resumed>"\1\0\0\0\0\0\0\0", 16) = 8
2568  futex(0x7f46d000eab0, FUTEX_WAKE_PRIVATE, 1) = 1
2565  <... futex resumed>)              = 0
2568  futex(0x7f46d000e840, FUTEX_WAIT_PRIVATE, 2, NULL <unfinished ...>
2565  futex(0x7f46d000eab0, FUTEX_WAKE_PRIVATE, 1) = 0
2565  futex(0x7f46d000e840, FUTEX_WAKE_PRIVATE, 1 <unfinished ...>
2568  <... futex resumed>)              = 0
2565  <... futex resumed>)              = 1
2568  futex(0x7f46d000e840, FUTEX_WAKE_PRIVATE, 1 <unfinished ...>
2565  poll([{fd=3, events=POLLIN}], 1, 25000 <unfinished ...>
2568  <... futex resumed>)              = 0
2568  sendmsg(5, {msg_name=NULL, msg_namelen=0, msg_iov=[{iov_base="l\1\0\0014\0\0\0\2\0\0\0|\0\0\0\1\1o\0\25\0\0\0/org/freedesktop/DBus\0\0\0\2\1s\0\24\0\0\0org.freedesktop.DBus\0\0\0\0\6\1s\0\24\0\0\0org.freedesktop.DBus\0\0\0\0\10\1g\0\2su\0\3\1s\0\v\0\0\0"..., iov_len=196}], msg_iovlen=1, msg_controllen=0, msg_flags=0}, MSG_NOSIGNAL) = 196
2548  <... epoll_wait resumed>[{events=EPOLLIN, data={u32=12, u64=12}}], 64, 24556) = 1
2568  poll([{fd=5, events=POLLIN}, {fd=6, events=POLLIN}], 2, 0 <unfinished ...>
2548  recvmsg(12,  <unfinished ...>
2568  <... poll resumed>)               = 0 (Timeout)
2559  <... futex resumed>)              = -1 ETIMEDOUT (Connection timed out)
2568  poll([{fd=5, events=POLLIN}, {fd=6, events=POLLIN}], 2, -1 <unfinished ...>
2548  <... recvmsg resumed>{msg_name=NULL, msg_namelen=0, msg_iov=[{iov_base="l\1\0\0014\0\0\0\2\0\0\0|\0\0\0\1\1o\0\25\0\0\0/org/freedesktop/DBus\0\0\0\2\1s\0\24\0\0\0org.freedesktop.DBus\0\0\0\0\6\1s\0\24\0\0\0org.freedesktop.DBus\0\0\0\0\10\1g\0\2su\0\3\1s\0\v\0\0\0"..., iov_len=2048}], msg_iovlen=1, msg_controllen=0, msg_flags=MSG_CMSG_CLOEXEC}, MSG_CMSG_CLOEXEC) = 196
2559  futex(0x55f4cad13620, FUTEX_WAIT_PRIVATE, 0, {tv_sec=14, tv_nsec=999999153} <unfinished ...>
2548  recvmsg(12, {msg_namelen=0}, MSG_CMSG_CLOEXEC) = -1 EAGAIN (Resource temporarily unavailable)
2548  getpid()                          = 2548
2548  write(2, "dbus-daemon[2548]: ", 19) = 19
2548  write(2, "[session uid=0 pid=2548] Successfully activated service 'org.freedesktop.impl.portal.PermissionStore'", 101) = 101
2548  write(2, "\n", 1)                 = 1
2548  sendmsg(12, {msg_name=NULL, msg_namelen=0, msg_iov=[{iov_base="l\4\1\0010\0\0\0\3\0\0\0\215\0\0\0\1\1o\0\25\0\0\0/org/freedesktop/DBus\0\0\0\2\1s\0\24\0\0\0org.freedesktop.DBus\0\0\0\0\3\1s\0\f\0\0\0NameAcquired\0\0\0\0\6\1s\0\4\0\0\0:1.4\0\0\0\0\10\1g\0\1s\0\0"..., iov_len=160}, {iov_base="+\0\0\0org.freedesktop.impl.portal.PermissionStore\0", iov_len=48}], msg_iovlen=2, msg_controllen=0, msg_flags=0}, MSG_NOSIGNAL <unfinished ...>
2568  <... poll resumed>)               = 1 ([{fd=5, revents=POLLIN}])
2548  <... sendmsg resumed>)            = 208
2568  write(6, "\1\0\0\0\0\0\0\0", 8 <unfinished ...>
2548  sendmsg(12, {msg_name=NULL, msg_namelen=0, msg_iov=[{iov_base="l\2\1\1\4\0\0\0\4\0\0\0=\0\0\0\6\1s\0\4\0\0\0:1.4\0\0\0\0\5\1u\0\2\0\0\0\10\1g\0\1u\0\0\7\1s\0\24\0\0\0org.freedesktop.DBus\0\0\0\0", iov_len=80}, {iov_base="\1\0\0\0", iov_len=4}], msg_iovlen=2, msg_controllen=0, msg_flags=0}, MSG_NOSIGNAL <unfinished ...>
2568  <... write resumed>)              = 8
2548  <... sendmsg resumed>)            = 84
2568  recvmsg(5,  <unfinished ...>
2548  sendmsg(11, {msg_name=NULL, msg_namelen=0, msg_iov=[{iov_base="l\4\1\1A\0\0\0\6\0\0\0\211\0\0\0\1\1o\0\25\0\0\0/org/freedesktop/DBus\0\0\0\2\1s\0\24\0\0\0org.freedesktop.DBus\0\0\0\0\3\1s\0\20\0\0\0NameOwnerChanged\0\0\0\0\0\0\0\0\7\1s\0\24\0\0\0org.free"..., iov_len=160}, {iov_base="+\0\0\0org.freedesktop.impl.portal.PermissionStore\0\0\0\0\0\0\0\0\0\4\0\0\0:1.4\0", iov_len=65}], msg_iovlen=2, msg_controllen=0, msg_flags=0}, MSG_NOSIGNAL <unfinished ...>
2568  <... recvmsg resumed>{msg_name=NULL, msg_namelen=0, msg_iov=[{iov_base="l\4\1\0010\0\0\0\3\0\0\0\215\0\0\0", iov_len=16}], msg_iovlen=1, msg_controllen=0, msg_flags=MSG_CMSG_CLOEXEC}, MSG_CMSG_CLOEXEC) = 16
2563  <... poll resumed>)               = 1 ([{fd=5, revents=POLLIN}])
2548  <... sendmsg resumed>)            = 225
2568  poll([{fd=5, events=POLLIN}], 1, 0 <unfinished ...>
2563  write(6, "\1\0\0\0\0\0\0\0", 8 <unfinished ...>
2568  <... poll resumed>)               = 1 ([{fd=5, revents=POLLIN}])
2548  sendmsg(11, {msg_name=NULL, msg_namelen=0, msg_iov=[{iov_base="l\2\1\1\4\0\0\0\7\0\0\0=\0\0\0\6\1s\0\4\0\0\0:1.3\0\0\0\0\5\1u\0\5\0\0\0\10\1g\0\1u\0\0\7\1s\0\24\0\0\0org.freedesktop.DBus\0\0\0\0", iov_len=80}, {iov_base="\1\0\0\0", iov_len=4}], msg_iovlen=2, msg_controllen=0, msg_flags=0}, MSG_NOSIGNAL <unfinished ...>
2568  recvmsg(5,  <unfinished ...>
2563  <... write resumed>)              = 8
2568  <... recvmsg resumed>{msg_name=NULL, msg_namelen=0, msg_iov=[{iov_base="\1\1o\0\25\0\0\0/org/freedesktop/DBus\0\0\0\2\1s\0\24\0\0\0org.freedesktop.DBus\0\0\0\0\3\1s\0\f\0\0\0NameAcquired\0\0\0\0\6\1s\0\4\0\0\0:1.4\0\0\0\0\10\1g\0\1s\0\0\7\1s\0\24\0\0\0org.free"..., iov_len=192}], msg_iovlen=1, msg_controllen=0, msg_flags=MSG_CMSG_CLOEXEC}, MSG_CMSG_CLOEXEC) = 192
2548  <... sendmsg resumed>)            = 84
2568  write(6, "\1\0\0\0\0\0\0\0", 8 <unfinished ...>
2563  recvmsg(5,  <unfinished ...>
2568  <... write resumed>)              = 8
2548  sendmsg(10, {msg_name=NULL, msg_namelen=0, msg_iov=[{iov_base="l\4\1\1A\0\0\0\6\0\0\0\211\0\0\0\1\1o\0\25\0\0\0/org/freedesktop/DBus\0\0\0\2\1s\0\24\0\0\0org.freedesktop.DBus\0\0\0\0\3\1s\0\20\0\0\0NameOwnerChanged\0\0\0\0\0\0\0\0\7\1s\0\24\0\0\0org.free"..., iov_len=160}, {iov_base="+\0\0\0org.freedesktop.impl.portal.PermissionStore\0\0\0\0\0\0\0\0\0\4\0\0\0:1.4\0", iov_len=65}], msg_iovlen=2, msg_controllen=0, msg_flags=0}, MSG_NOSIGNAL <unfinished ...>
2568  write(6, "\1\0\0\0\0\0\0\0", 8 <unfinished ...>
2563  <... recvmsg resumed>{msg_name=NULL, msg_namelen=0, msg_iov=[{iov_base="l\4\1\1A\0\0\0\6\0\0\0\211\0\0\0", iov_len=16}], msg_iovlen=1, msg_controllen=0, msg_flags=MSG_CMSG_CLOEXEC}, MSG_CMSG_CLOEXEC) = 16
2568  <... write resumed>)              = 8
2558  <... poll resumed>)               = 1 ([{fd=5, revents=POLLIN}])
2548  <... sendmsg resumed>)            = 225
2568  poll([{fd=6, events=POLLIN}], 1, 0 <unfinished ...>
2563  poll([{fd=5, events=POLLIN}], 1, 0 <unfinished ...>
2558  write(6, "\1\0\0\0\0\0\0\0", 8 <unfinished ...>
2568  <... poll resumed>)               = 1 ([{fd=6, revents=POLLIN}])
2563  <... poll resumed>)               = 1 ([{fd=5, revents=POLLIN}])
2548  epoll_ctl(3, EPOLL_CTL_DEL, 15, 0x7ffda09aa2ac <unfinished ...>
2568  read(6,  <unfinished ...>
2563  recvmsg(5,  <unfinished ...>
2558  <... write resumed>)              = 8
2568  <... read resumed>"\3\0\0\0\0\0\0\0", 16) = 8
2563  <... recvmsg resumed>{msg_name=NULL, msg_namelen=0, msg_iov=[{iov_base="\1\1o\0\25\0\0\0/org/freedesktop/DBus\0\0\0\2\1s\0\24\0\0\0org.freedesktop.DBus\0\0\0\0\3\1s\0\20\0\0\0NameOwnerChanged\0\0\0\0\0\0\0\0\7\1s\0\24\0\0\0org.freedesktop.DBus\0\0\0\0"..., iov_len=209}], msg_iovlen=1, msg_controllen=0, msg_flags=MSG_CMSG_CLOEXEC}, MSG_CMSG_CLOEXEC) = 209
2548  <... epoll_ctl resumed>)          = 0
2568  write(3, "\1\0\0\0\0\0\0\0", 8 <unfinished ...>
2563  write(6, "\1\0\0\0\0\0\0\0", 8 <unfinished ...>
2558  recvmsg(5,  <unfinished ...>
2568  <... write resumed>)              = 8
2565  <... poll resumed>)               = 1 ([{fd=3, revents=POLLIN}])
2563  <... write resumed>)              = 8
2548  close(15 <unfinished ...>
2568  poll([{fd=5, events=POLLIN}], 1, 0 <unfinished ...>
2565  read(3,  <unfinished ...>
2563  write(6, "\1\0\0\0\0\0\0\0", 8 <unfinished ...>
2558  <... recvmsg resumed>{msg_name=NULL, msg_namelen=0, msg_iov=[{iov_base="l\4\1\1A\0\0\0\6\0\0\0\211\0\0\0", iov_len=16}], msg_iovlen=1, msg_controllen=0, msg_flags=MSG_CMSG_CLOEXEC}, MSG_CMSG_CLOEXEC) = 16
2568  <... poll resumed>)               = 1 ([{fd=5, revents=POLLIN}])
2565  <... read resumed>"\1\0\0\0\0\0\0\0", 16) = 8
2564  <... poll resumed>)               = 1 ([{fd=16, revents=POLLIN|POLLHUP}])
2563  <... write resumed>)              = 8
2548  <... close resumed>)              = 0
2568  recvmsg(5,  <unfinished ...>
2565  poll([{fd=3, events=POLLIN}], 1, 24985 <unfinished ...>
2564  wait4(2565,  <unfinished ...>
2563  poll([{fd=6, events=POLLIN}], 1, 0 <unfinished ...>
2558  poll([{fd=5, events=POLLIN}], 1, 0 <unfinished ...>
2568  <... recvmsg resumed>{msg_name=NULL, msg_namelen=0, msg_iov=[{iov_base="l\2\1\1\4\0\0\0\4\0\0\0=\0\0\0", iov_len=16}], msg_iovlen=1, msg_controllen=0, msg_flags=MSG_CMSG_CLOEXEC}, MSG_CMSG_CLOEXEC) = 16
2564  <... wait4 resumed>0x7ffda09aa1ec, WNOHANG, NULL) = 0
2563  <... poll resumed>)               = 1 ([{fd=6, revents=POLLIN}])
2548  wait4(2564,  <unfinished ...>
2568  poll([{fd=6, events=POLLIN}], 1, 0 <unfinished ...>
2564  exit_group(0 <unfinished ...>
2563  read(6,  <unfinished ...>
2558  <... poll resumed>)               = 1 ([{fd=5, revents=POLLIN}])
2568  <... poll resumed>)               = 0 (Timeout)
2564  <... exit_group resumed>)         = ?
2563  <... read resumed>"\3\0\0\0\0\0\0\0", 16) = 8
2548  <... wait4 resumed>0x7ffda09aa304, WNOHANG, NULL) = 0
2568  poll([{fd=5, events=POLLIN}], 1, 0 <unfinished ...>
2564  +++ exited with 0 +++
2563  poll([{fd=5, events=POLLIN}], 1, 0 <unfinished ...>
2558  recvmsg(5,  <unfinished ...>
2568  <... poll resumed>)               = 1 ([{fd=5, revents=POLLIN}])
2563  <... poll resumed>)               = 1 ([{fd=5, revents=POLLIN}])
2548  --- SIGCHLD {si_signo=SIGCHLD, si_code=CLD_EXITED, si_pid=2564, si_uid=0, si_status=0, si_utime=0, si_stime=0} ---
2568  recvmsg(5,  <unfinished ...>
2563  recvmsg(5,  <unfinished ...>
2558  <... recvmsg resumed>{msg_name=NULL, msg_namelen=0, msg_iov=[{iov_base="\1\1o\0\25\0\0\0/org/freedesktop/DBus\0\0\0\2\1s\0\24\0\0\0org.freedesktop.DBus\0\0\0\0\3\1s\0\20\0\0\0NameOwnerChanged\0\0\0\0\0\0\0\0\7\1s\0\24\0\0\0org.freedesktop.DBus\0\0\0\0"..., iov_len=209}], msg_iovlen=1, msg_controllen=0, msg_flags=MSG_CMSG_CLOEXEC}, MSG_CMSG_CLOEXEC) = 209
2568  <... recvmsg resumed>{msg_name=NULL, msg_namelen=0, msg_iov=[{iov_base="\6\1s\0\4\0\0\0:1.4\0\0\0\0\5\1u\0\2\0\0\0\10\1g\0\1u\0\0\7\1s\0\24\0\0\0org.freedesktop.DBus\0\0\0\0\1\0\0\0", iov_len=68}], msg_iovlen=1, msg_controllen=0, msg_flags=MSG_CMSG_CLOEXEC}, MSG_CMSG_CLOEXEC) = 68
2563  <... recvmsg resumed>{msg_name=NULL, msg_namelen=0, msg_iov=[{iov_base="l\2\1\1\4\0\0\0\7\0\0\0=\0\0\0", iov_len=16}], msg_iovlen=1, msg_controllen=0, msg_flags=MSG_CMSG_CLOEXEC}, MSG_CMSG_CLOEXEC) = 16
2548  kill(2564, SIGKILL <unfinished ...>
2568  poll([{fd=6, events=POLLIN}], 1, 0 <unfinished ...>
2563  poll([{fd=6, events=POLLIN}], 1, 0 <unfinished ...>
2558  write(6, "\1\0\0\0\0\0\0\0", 8 <unfinished ...>
2568  <... poll resumed>)               = 0 (Timeout)
2563  <... poll resumed>)               = 0 (Timeout)
2548  <... kill resumed>)               = 0
2568  write(3, "\1\0\0\0\0\0\0\0", 8 <unfinished ...>
2563  poll([{fd=5, events=POLLIN}], 1, 0 <unfinished ...>
2558  <... write resumed>)              = 8
2568  <... write resumed>)              = 8
2565  <... poll resumed>)               = 1 ([{fd=3, revents=POLLIN}])
2563  <... poll resumed>)               = 1 ([{fd=5, revents=POLLIN}])
2548  wait4(2564,  <unfinished ...>
2568  poll([{fd=5, events=POLLIN}], 1, 0 <unfinished ...>
2565  read(3,  <unfinished ...>
2563  recvmsg(5,  <unfinished ...>
2558  write(6, "\1\0\0\0\0\0\0\0", 8 <unfinished ...>
2568  <... poll resumed>)               = 0 (Timeout)
2565  <... read resumed>"\1\0\0\0\0\0\0\0", 16) = 8
2563  <... recvmsg resumed>{msg_name=NULL, msg_namelen=0, msg_iov=[{iov_base="\6\1s\0\4\0\0\0:1.3\0\0\0\0\5\1u\0\5\0\0\0\10\1g\0\1u\0\0\7\1s\0\24\0\0\0org.freedesktop.DBus\0\0\0\0\1\0\0\0", iov_len=68}], msg_iovlen=1, msg_controllen=0, msg_flags=MSG_CMSG_CLOEXEC}, MSG_CMSG_CLOEXEC) = 68
2548  <... wait4 resumed>[{WIFEXITED(s) && WEXITSTATUS(s) == 0}], 0, NULL) = 2564
2568  write(6, "\1\0\0\0\0\0\0\0", 8 <unfinished ...>
2565  poll([{fd=3, events=POLLIN}], 1, -1 <unfinished ...>
2563  poll([{fd=6, events=POLLIN}], 1, 0 <unfinished ...>
2558  <... write resumed>)              = 8
2568  <... write resumed>)              = 8
2563  <... poll resumed>)               = 0 (Timeout)
2548  epoll_wait(3,  <unfinished ...>
2568  poll([{fd=5, events=POLLIN}, {fd=6, events=POLLIN}], 2, -1 <unfinished ...>
2563  write(7, "\1\0\0\0\0\0\0\0", 8 <unfinished ...>
2558  poll([{fd=6, events=POLLIN}], 1, 0 <unfinished ...>
2568  <... poll resumed>)               = 1 ([{fd=6, revents=POLLIN}])
2563  <... write resumed>)              = 8
2561  <... poll resumed>)               = 1 ([{fd=7, revents=POLLIN}])
2568  read(6,  <unfinished ...>
2563  poll([{fd=5, events=POLLIN}], 1, 0 <unfinished ...>
2558  <... poll resumed>)               = 1 ([{fd=6, revents=POLLIN}])
2568  <... read resumed>"\1\0\0\0\0\0\0\0", 16) = 8
2563  <... poll resumed>)               = 0 (Timeout)
2561  read(7,  <unfinished ...>
2568  poll([{fd=5, events=POLLIN}, {fd=6, events=POLLIN}], 2, -1 <unfinished ...>
2563  write(6, "\1\0\0\0\0\0\0\0", 8 <unfinished ...>
2558  read(6,  <unfinished ...>
2563  <... write resumed>)              = 8
2561  <... read resumed>"\1\0\0\0\0\0\0\0", 16) = 8
2563  poll([{fd=5, events=POLLIN}, {fd=6, events=POLLIN}], 2, -1 <unfinished ...>
2558  <... read resumed>"\3\0\0\0\0\0\0\0", 16) = 8
2563  <... poll resumed>)               = 1 ([{fd=6, revents=POLLIN}])
2561  write(6, "\1\0\0\0\0\0\0\0", 8 <unfinished ...>
2563  futex(0x56372d700e60, FUTEX_WAIT_PRIVATE, 2, NULL <unfinished ...>
2558  write(3, "\1\0\0\0\0\0\0\0", 8 <unfinished ...>
2561  <... write resumed>)              = 8
2558  <... write resumed>)              = 8
2561  futex(0x56372d700e60, FUTEX_WAKE_PRIVATE, 1 <unfinished ...>
2558  poll([{fd=5, events=POLLIN}], 1, 0 <unfinished ...>
2563  <... futex resumed>)              = 0
2561  <... futex resumed>)              = 1
2563  read(6,  <unfinished ...>
2558  <... poll resumed>)               = 0 (Timeout)
2563  <... read resumed>"\2\0\0\0\0\0\0\0", 16) = 8
2561  futex(0x56372d700e60, FUTEX_WAIT_PRIVATE, 2, NULL <unfinished ...>
2563  futex(0x56372d700e60, FUTEX_WAKE_PRIVATE, 1 <unfinished ...>
2558  write(6, "\1\0\0\0\0\0\0\0", 8 <unfinished ...>
2563  <... futex resumed>)              = 0
2561  <... futex resumed>)              = -1 EAGAIN (Resource temporarily unavailable)
2563  futex(0x56372d700b10, FUTEX_WAIT_PRIVATE, 2, NULL <unfinished ...>
2558  <... write resumed>)              = 8
2561  futex(0x56372d700e60, FUTEX_WAKE_PRIVATE, 1 <unfinished ...>
2558  poll([{fd=5, events=POLLIN}, {fd=6, events=POLLIN}], 2, -1 <unfinished ...>
2561  <... futex resumed>)              = 0
2558  <... poll resumed>)               = 1 ([{fd=6, revents=POLLIN}])
2561  futex(0x56372d700b10, FUTEX_WAKE_PRIVATE, 1 <unfinished ...>
2558  read(6,  <unfinished ...>
2563  <... futex resumed>)              = 0
2561  <... futex resumed>)              = 1
2563  futex(0x56372d700b10, FUTEX_WAKE_PRIVATE, 1 <unfinished ...>
2558  <... read resumed>"\1\0\0\0\0\0\0\0", 16) = 8
2563  <... futex resumed>)              = 0
2561  poll([{fd=7, events=POLLIN}], 1, 25000 <unfinished ...>
2563  sendmsg(5, {msg_name=NULL, msg_namelen=0, msg_iov=[{iov_base="l\1\0\0010\0\0\0\6\0\0\0}\0\0\0\1\1o\0\25\0\0\0/org/freedesktop/DBus\0\0\0\2\1s\0\24\0\0\0org.freedesktop.DBus\0\0\0\0\6\1s\0\24\0\0\0org.freedesktop.DBus\0\0\0\0\10\1g\0\1s\0\0\3\1s\0\f\0\0\0"..., iov_len=192}], msg_iovlen=1, msg_controllen=0, msg_flags=0}, MSG_NOSIGNAL <unfinished ...>
2558  poll([{fd=5, events=POLLIN}, {fd=6, events=POLLIN}], 2, -1 <unfinished ...>
2563  <... sendmsg resumed>)            = 192
2548  <... epoll_wait resumed>[{events=EPOLLIN, data={u32=11, u64=11}}], 64, 24510) = 1
2563  poll([{fd=5, events=POLLIN}, {fd=6, events=POLLIN}], 2, 0 <unfinished ...>
2548  recvmsg(11,  <unfinished ...>
2563  <... poll resumed>)               = 0 (Timeout)
2548  <... recvmsg resumed>{msg_name=NULL, msg_namelen=0, msg_iov=[{iov_base="l\1\0\0010\0\0\0\6\0\0\0}\0\0\0\1\1o\0\25\0\0\0/org/freedesktop/DBus\0\0\0\2\1s\0\24\0\0\0org.freedesktop.DBus\0\0\0\0\6\1s\0\24\0\0\0org.freedesktop.DBus\0\0\0\0\10\1g\0\1s\0\0\3\1s\0\f\0\0\0"..., iov_len=2048}], msg_iovlen=1, msg_controllen=0, msg_flags=MSG_CMSG_CLOEXEC}, MSG_CMSG_CLOEXEC) = 192
2563  poll([{fd=5, events=POLLIN}, {fd=6, events=POLLIN}], 2, -1 <unfinished ...>
2548  recvmsg(11, {msg_namelen=0}, MSG_CMSG_CLOEXEC) = -1 EAGAIN (Resource temporarily unavailable)
2548  sendmsg(11, {msg_name=NULL, msg_namelen=0, msg_iov=[{iov_base="l\2\1\1\t\0\0\0\10\0\0\0=\0\0\0\6\1s\0\4\0\0\0:1.3\0\0\0\0\5\1u\0\6\0\0\0\10\1g\0\1s\0\0\7\1s\0\24\0\0\0org.freedesktop.DBus\0\0\0\0", iov_len=80}, {iov_base="\4\0\0\0:1.4\0", iov_len=9}], msg_iovlen=2, msg_controllen=0, msg_flags=0}, MSG_NOSIGNAL <unfinished ...>
2563  <... poll resumed>)               = 1 ([{fd=5, revents=POLLIN}])
2548  <... sendmsg resumed>)            = 89
2563  write(6, "\1\0\0\0\0\0\0\0", 8 <unfinished ...>
2548  epoll_wait(3,  <unfinished ...>
2563  <... write resumed>)              = 8
2563  recvmsg(5, {msg_name=NULL, msg_namelen=0, msg_iov=[{iov_base="l\2\1\1\t\0\0\0\10\0\0\0=\0\0\0", iov_len=16}], msg_iovlen=1, msg_controllen=0, msg_flags=MSG_CMSG_CLOEXEC}, MSG_CMSG_CLOEXEC) = 16
2563  poll([{fd=5, events=POLLIN}], 1, 0) = 1 ([{fd=5, revents=POLLIN}])
2563  recvmsg(5, {msg_name=NULL, msg_namelen=0, msg_iov=[{iov_base="\6\1s\0\4\0\0\0:1.3\0\0\0\0\5\1u\0\6\0\0\0\10\1g\0\1s\0\0\7\1s\0\24\0\0\0org.freedesktop.DBus\0\0\0\0\4\0\0\0:1.4\0", iov_len=73}], msg_iovlen=1, msg_controllen=0, msg_flags=MSG_CMSG_CLOEXEC}, MSG_CMSG_CLOEXEC) = 73
2563  write(6, "\1\0\0\0\0\0\0\0", 8)   = 8
2563  write(6, "\1\0\0\0\0\0\0\0", 8)   = 8
2563  poll([{fd=6, events=POLLIN}], 1, 0) = 1 ([{fd=6, revents=POLLIN}])
2563  read(6, "\3\0\0\0\0\0\0\0", 16)   = 8
2563  write(7, "\1\0\0\0\0\0\0\0", 8)   = 8
2561  <... poll resumed>)               = 1 ([{fd=7, revents=POLLIN}])
2563  poll([{fd=5, events=POLLIN}], 1, 0 <unfinished ...>
2561  read(7,  <unfinished ...>
2563  <... poll resumed>)               = 0 (Timeout)
2561  <... read resumed>"\1\0\0\0\0\0\0\0", 16) = 8
2563  write(6, "\1\0\0\0\0\0\0\0", 8 <unfinished ...>
2561  futex(0x56372d700e60, FUTEX_WAIT_PRIVATE, 2, NULL <unfinished ...>
2563  <... write resumed>)              = 8
2563  futex(0x56372d700e60, FUTEX_WAKE_PRIVATE, 1) = 1
2561  <... futex resumed>)              = 0
2563  futex(0x56372d700b10, FUTEX_WAIT_PRIVATE, 2, NULL <unfinished ...>
2561  write(6, "\1\0\0\0\0\0\0\0", 8)   = 8
2561  futex(0x56372d700e60, FUTEX_WAKE_PRIVATE, 1) = 0
2561  futex(0x56372d700b10, FUTEX_WAKE_PRIVATE, 1 <unfinished ...>
2563  <... futex resumed>)              = 0
2561  <... futex resumed>)              = 1
2563  futex(0x56372d700b10, FUTEX_WAKE_PRIVATE, 1 <unfinished ...>
2561  poll([{fd=7, events=POLLIN}], 1, 25000 <unfinished ...>
2563  <... futex resumed>)              = 0
2563  poll([{fd=5, events=POLLIN}, {fd=6, events=POLLIN}], 2, 0) = 1 ([{fd=6, revents=POLLIN}])
2563  read(6, "\2\0\0\0\0\0\0\0", 16)   = 8
2563  sendmsg(5, {msg_name=NULL, msg_namelen=0, msg_iov=[{iov_base="l\1\0\0010\0\0\0\7\0\0\0\207\0\0\0\1\1o\0,\0\0\0/org/freedesktop/impl/portal/PermissionStore\0\0\0\0\2\1s\0\37\0\0\0org.freedesktop.DBus.Properties\0\6\1s\0\4\0\0\0:1.4\0\0\0\0"..., iov_len=200}], msg_iovlen=1, msg_controllen=0, msg_flags=0}, MSG_NOSIGNAL) = 200
2548  <... epoll_wait resumed>[{events=EPOLLIN, data={u32=11, u64=11}}], 64, 24497) = 1
2563  poll([{fd=5, events=POLLIN}, {fd=6, events=POLLIN}], 2, 0 <unfinished ...>
2548  recvmsg(11,  <unfinished ...>
2563  <... poll resumed>)               = 0 (Timeout)
2548  <... recvmsg resumed>{msg_name=NULL, msg_namelen=0, msg_iov=[{iov_base="l\1\0\0010\0\0\0\7\0\0\0\207\0\0\0\1\1o\0,\0\0\0/org/freedesktop/impl/portal/PermissionStore\0\0\0\0\2\1s\0\37\0\0\0org.freedesktop.DBus.Properties\0\6\1s\0\4\0\0\0:1.4\0\0\0\0"..., iov_len=2048}], msg_iovlen=1, msg_controllen=0, msg_flags=MSG_CMSG_CLOEXEC}, MSG_CMSG_CLOEXEC) = 200
2563  poll([{fd=5, events=POLLIN}, {fd=6, events=POLLIN}], 2, -1 <unfinished ...>
2548  recvmsg(11, {msg_namelen=0}, MSG_CMSG_CLOEXEC) = -1 EAGAIN (Resource temporarily unavailable)
2548  sendmsg(12, {msg_name=NULL, msg_namelen=0, msg_iov=[{iov_base="l\1\0\0010\0\0\0\7\0\0\0\225\0\0\0\1\1o\0,\0\0\0/org/freedesktop/impl/portal/PermissionStore\0\0\0\0\2\1s\0\37\0\0\0org.freedesktop.DBus.Properties\0\6\1s\0\4\0\0\0:1.4\0\0\0\0"..., iov_len=168}, {iov_base="+\0\0\0org.freedesktop.impl.portal.PermissionStore\0", iov_len=48}], msg_iovlen=2, msg_controllen=0, msg_flags=0}, MSG_NOSIGNAL <unfinished ...>
2568  <... poll resumed>)               = 1 ([{fd=5, revents=POLLIN}])
2548  <... sendmsg resumed>)            = 216
2568  write(6, "\1\0\0\0\0\0\0\0", 8 <unfinished ...>
2548  epoll_wait(3,  <unfinished ...>
2568  <... write resumed>)              = 8
2548  <... epoll_wait resumed>[], 64, 0) = 0
2568  recvmsg(5,  <unfinished ...>
2548  epoll_wait(3,  <unfinished ...>
2568  <... recvmsg resumed>{msg_name=NULL, msg_namelen=0, msg_iov=[{iov_base="l\1\0\0010\0\0\0\7\0\0\0\225\0\0\0", iov_len=16}], msg_iovlen=1, msg_controllen=0, msg_flags=MSG_CMSG_CLOEXEC}, MSG_CMSG_CLOEXEC) = 16
2568  poll([{fd=5, events=POLLIN}], 1, 0) = 1 ([{fd=5, revents=POLLIN}])
2568  recvmsg(5, {msg_name=NULL, msg_namelen=0, msg_iov=[{iov_base="\1\1o\0,\0\0\0/org/freedesktop/impl/portal/PermissionStore\0\0\0\0\2\1s\0\37\0\0\0org.freedesktop.DBus.Properties\0\6\1s\0\4\0\0\0:1.4\0\0\0\0\10\1g\0\1s\0\0\3\1s\0\6\0\0\0"..., iov_len=200}], msg_iovlen=1, msg_controllen=0, msg_flags=MSG_CMSG_CLOEXEC}, MSG_CMSG_CLOEXEC) = 200
2568  write(6, "\1\0\0\0\0\0\0\0", 8)   = 8
2568  write(6, "\1\0\0\0\0\0\0\0", 8)   = 8
2568  poll([{fd=6, events=POLLIN}], 1, 0) = 1 ([{fd=6, revents=POLLIN}])
2568  read(6, "\3\0\0\0\0\0\0\0", 16)   = 8
2568  write(3, "\1\0\0\0\0\0\0\0", 8)   = 8
2565  <... poll resumed>)               = 1 ([{fd=3, revents=POLLIN}])
2568  poll([{fd=5, events=POLLIN}], 1, 0 <unfinished ...>
2565  read(3,  <unfinished ...>
2568  <... poll resumed>)               = 0 (Timeout)
2565  <... read resumed>"\1\0\0\0\0\0\0\0", 16) = 8
2568  write(6, "\1\0\0\0\0\0\0\0", 8 <unfinished ...>
2565  futex(0x7f46d000eab0, FUTEX_WAIT_PRIVATE, 2, NULL <unfinished ...>
2568  <... write resumed>)              = 8
2568  futex(0x7f46d000eab0, FUTEX_WAKE_PRIVATE, 1) = 1
2565  <... futex resumed>)              = 0
2568  futex(0x7f46d000e840, FUTEX_WAIT_PRIVATE, 2, NULL <unfinished ...>
2565  write(6, "\1\0\0\0\0\0\0\0", 8)   = 8
2565  futex(0x7f46d000eab0, FUTEX_WAKE_PRIVATE, 1) = 0
2565  futex(0x7f46d000e840, FUTEX_WAKE_PRIVATE, 1 <unfinished ...>
2568  <... futex resumed>)              = 0
2565  <... futex resumed>)              = 1
2568  futex(0x7f46d000e840, FUTEX_WAKE_PRIVATE, 1 <unfinished ...>
2565  poll([{fd=3, events=POLLIN}], 1, -1 <unfinished ...>
2568  <... futex resumed>)              = 0
2568  poll([{fd=5, events=POLLIN}, {fd=6, events=POLLIN}], 2, 0) = 1 ([{fd=6, revents=POLLIN}])
2568  read(6, "\2\0\0\0\0\0\0\0", 16)   = 8
2568  sendmsg(5, {msg_name=NULL, msg_namelen=0, msg_iov=[{iov_base="l\2\1\1\34\0\0\0\3\0\0\0(\0\0\0\6\1s\0\4\0\0\0:1.3\0\0\0\0\10\1g\0\5a{sv}\0\0\0\0\0\0\5\1u\0\7\0\0\0\24\0\0\0\0\0\0\0\7\0\0\0version\0\1u\0\0\2\0\0\0", iov_len=84}], msg_iovlen=1, msg_controllen=0, msg_flags=0}, MSG_NOSIGNAL) = 84
2548  <... epoll_wait resumed>[{events=EPOLLIN, data={u32=12, u64=12}}], 64, 24483) = 1
2568  poll([{fd=5, events=POLLIN}, {fd=6, events=POLLIN}], 2, 0 <unfinished ...>
2548  recvmsg(12,  <unfinished ...>
2568  <... poll resumed>)               = 0 (Timeout)
2548  <... recvmsg resumed>{msg_name=NULL, msg_namelen=0, msg_iov=[{iov_base="l\2\1\1\34\0\0\0\3\0\0\0(\0\0\0\6\1s\0\4\0\0\0:1.3\0\0\0\0\10\1g\0\5a{sv}\0\0\0\0\0\0\5\1u\0\7\0\0\0\24\0\0\0\0\0\0\0\7\0\0\0version\0\1u\0\0\2\0\0\0", iov_len=2048}], msg_iovlen=1, msg_controllen=0, msg_flags=MSG_CMSG_CLOEXEC}, MSG_CMSG_CLOEXEC) = 84
2568  poll([{fd=5, events=POLLIN}, {fd=6, events=POLLIN}], 2, -1 <unfinished ...>
2548  recvmsg(12, {msg_namelen=0}, MSG_CMSG_CLOEXEC) = -1 EAGAIN (Resource temporarily unavailable)
2548  sendmsg(11, {msg_name=NULL, msg_namelen=0, msg_iov=[{iov_base="l\2\1\1\34\0\0\0\3\0\0\0005\0\0\0\6\1s\0\4\0\0\0:1.3\0\0\0\0\10\1g\0\5a{sv}\0\0\0\0\0\0\5\1u\0\7\0\0\0\7\1s\0\4\0\0\0:1.4\0\0\0\0", iov_len=72}, {iov_base="\24\0\0\0\0\0\0\0\7\0\0\0version\0\1u\0\0\2\0\0\0", iov_len=28}], msg_iovlen=2, msg_controllen=0, msg_flags=0}, MSG_NOSIGNAL <unfinished ...>
2563  <... poll resumed>)               = 1 ([{fd=5, revents=POLLIN}])
2548  <... sendmsg resumed>)            = 100
2563  write(6, "\1\0\0\0\0\0\0\0", 8 <unfinished ...>
2548  epoll_wait(3,  <unfinished ...>
2563  <... write resumed>)              = 8
2563  recvmsg(5, {msg_name=NULL, msg_namelen=0, msg_iov=[{iov_base="l\2\1\1\34\0\0\0\3\0\0\0005\0\0\0", iov_len=16}], msg_iovlen=1, msg_controllen=0, msg_flags=MSG_CMSG_CLOEXEC}, MSG_CMSG_CLOEXEC) = 16
2563  poll([{fd=5, events=POLLIN}], 1, 0) = 1 ([{fd=5, revents=POLLIN}])
2563  recvmsg(5, {msg_name=NULL, msg_namelen=0, msg_iov=[{iov_base="\6\1s\0\4\0\0\0:1.3\0\0\0\0\10\1g\0\5a{sv}\0\0\0\0\0\0\5\1u\0\7\0\0\0\7\1s\0\4\0\0\0:1.4\0\0\0\0\24\0\0\0\0\0\0\0\7\0\0\0version\0\1u\0\0\2\0\0\0", iov_len=84}], msg_iovlen=1, msg_controllen=0, msg_flags=MSG_CMSG_CLOEXEC}, MSG_CMSG_CLOEXEC) = 84
2563  write(6, "\1\0\0\0\0\0\0\0", 8)   = 8
2563  write(6, "\1\0\0\0\0\0\0\0", 8)   = 8
2563  poll([{fd=6, events=POLLIN}], 1, 0) = 1 ([{fd=6, revents=POLLIN}])
2563  read(6, "\3\0\0\0\0\0\0\0", 16)   = 8
2563  write(7, "\1\0\0\0\0\0\0\0", 8)   = 8
2561  <... poll resumed>)               = 1 ([{fd=7, revents=POLLIN}])
2563  poll([{fd=5, events=POLLIN}], 1, 0 <unfinished ...>
2561  read(7,  <unfinished ...>
2563  <... poll resumed>)               = 0 (Timeout)
2561  <... read resumed>"\1\0\0\0\0\0\0\0", 16) = 8
2563  write(6, "\1\0\0\0\0\0\0\0", 8 <unfinished ...>
2561  write(7, "\1\0\0\0\0\0\0\0", 8 <unfinished ...>
2563  <... write resumed>)              = 8
2561  <... write resumed>)              = 8
2563  poll([{fd=5, events=POLLIN}, {fd=6, events=POLLIN}], 2, -1 <unfinished ...>
2561  futex(0x56372d70a640, FUTEX_WAKE_PRIVATE, 2147483647 <unfinished ...>
2563  <... poll resumed>)               = 1 ([{fd=6, revents=POLLIN}])
2561  <... futex resumed>)              = 0
2563  read(6,  <unfinished ...>
2561  close(7 <unfinished ...>
2563  <... read resumed>"\1\0\0\0\0\0\0\0", 16) = 8
2561  <... close resumed>)              = 0
2563  poll([{fd=5, events=POLLIN}, {fd=6, events=POLLIN}], 2, -1 <unfinished ...>
2561  rt_sigaction(SIGHUP, NULL, {sa_handler=SIG_DFL, sa_mask=[], sa_flags=0}, 8) = 0
2561  rt_sigaction(SIGHUP, {sa_handler=0x56372c733f90, sa_mask=[], sa_flags=SA_RESTORER, sa_restorer=0x7f918386b520}, NULL, 8) = 0
2561  rt_sigaction(SIGINT, NULL, {sa_handler=SIG_DFL, sa_mask=[], sa_flags=0}, 8) = 0
2561  rt_sigaction(SIGINT, {sa_handler=0x56372c733f90, sa_mask=[], sa_flags=SA_RESTORER, sa_restorer=0x7f918386b520}, NULL, 8) = 0
2561  rt_sigaction(SIGTERM, NULL, {sa_handler=SIG_DFL, sa_mask=[], sa_flags=0}, 8) = 0
2561  rt_sigaction(SIGTERM, {sa_handler=0x56372c733f90, sa_mask=[], sa_flags=SA_RESTORER, sa_restorer=0x7f918386b520}, NULL, 8) = 0
2561  rt_sigaction(SIGPIPE, NULL, {sa_handler=SIG_IGN, sa_mask=[PIPE], sa_flags=SA_RESTORER|SA_RESTART, sa_restorer=0x7f918386b520}, 8) = 0
2561  mmap(NULL, 8392704, PROT_NONE, MAP_PRIVATE|MAP_ANONYMOUS|MAP_STACK, -1, 0) = 0x7f9181ac3000
2561  mprotect(0x7f9181ac4000, 8388608, PROT_READ|PROT_WRITE) = 0
2561  rt_sigprocmask(SIG_BLOCK, ~[], [], 8) = 0
2561  clone3({flags=CLONE_VM|CLONE_FS|CLONE_FILES|CLONE_SIGHAND|CLONE_THREAD|CLONE_SYSVSEM|CLONE_SETTLS|CLONE_PARENT_SETTID|CLONE_CHILD_CLEARTID, child_tid=0x7f91822c3910, parent_tid=0x7f91822c3910, exit_signal=0, stack=0x7f9181ac3000, stack_size=0x7ffdc0, tls=0x7f91822c3640}, 88) = -1 ENOSYS (Function not implemented)
2561  clone(child_stack=0x7f91822c2db0, flags=CLONE_VM|CLONE_FS|CLONE_FILES|CLONE_SIGHAND|CLONE_THREAD|CLONE_SYSVSEM|CLONE_SETTLS|CLONE_PARENT_SETTID|CLONE_CHILD_CLEARTID <unfinished ...>
2569  rseq(0x7f91822c3fe0, 0x20, 0, 0x53053053 <unfinished ...>
2561  <... clone resumed>, parent_tid=[2569], tls=0x7f91822c3640, child_tidptr=0x7f91822c3910) = 2569
2569  <... rseq resumed>)               = 0
2561  rt_sigprocmask(SIG_SETMASK, [],  <unfinished ...>
2569  set_robust_list(0x7f91822c3920, 24 <unfinished ...>
2561  <... rt_sigprocmask resumed>NULL, 8) = 0
2569  <... set_robust_list resumed>)    = 0
2561  poll([{fd=3, events=POLLIN}], 1, 0 <unfinished ...>
2569  rt_sigprocmask(SIG_SETMASK, [],  <unfinished ...>
2561  <... poll resumed>)               = 1 ([{fd=3, revents=POLLIN}])
2569  <... rt_sigprocmask resumed>NULL, 8) = 0
2561  read(3,  <unfinished ...>
2569  gettid( <unfinished ...>
2561  <... read resumed>"\1\0\0\0\0\0\0\0", 16) = 8
2569  <... gettid resumed>)             = 2569
2561  poll([{fd=3, events=POLLIN}], 1, -1 <unfinished ...>
2569  sched_setattr(2569, {size=56, sched_policy=SCHED_OTHER, sched_flags=0, sched_nice=0, sched_priority=0, sched_runtime=0, sched_deadline=0, sched_period=0, sched_util_min=0, sched_util_max=0}, 0) = 0
2569  prctl(PR_SET_NAME, "pool-/usr/libex"...) = 0
2569  mmap(0x7f9178000000, 67108864, PROT_NONE, MAP_PRIVATE|MAP_ANONYMOUS|MAP_NORESERVE, -1, 0) = 0x7f9178000000
2569  mprotect(0x7f9178000000, 135168, PROT_READ|PROT_WRITE) = 0
2569  write(3, "\1\0\0\0\0\0\0\0", 8)   = 8
2561  <... poll resumed>)               = 1 ([{fd=3, revents=POLLIN}])
2569  futex(0x56372d6ee200, FUTEX_WAIT_PRIVATE, 0, {tv_sec=0, tv_nsec=499999540} <unfinished ...>
2561  read(3, "\1\0\0\0\0\0\0\0", 16)   = 8
2561  futex(0x7f9183c920a8, FUTEX_WAKE_PRIVATE, 2147483647) = 0
2561  futex(0x7f9183c920a8, FUTEX_WAKE_PRIVATE, 2147483647) = 0
2561  futex(0x7f9183c920a8, FUTEX_WAKE_PRIVATE, 2147483647) = 0
2561  futex(0x7f9183c920a8, FUTEX_WAKE_PRIVATE, 2147483647) = 0
2561  futex(0x7f9183c920a8, FUTEX_WAKE_PRIVATE, 2147483647) = 0
2561  futex(0x7f9183c920a8, FUTEX_WAKE_PRIVATE, 2147483647) = 0
2561  futex(0x7f9183c920a8, FUTEX_WAKE_PRIVATE, 2147483647) = 0
2561  futex(0x7f9183c920a8, FUTEX_WAKE_PRIVATE, 2147483647) = 0
2561  write(6, "\1\0\0\0\0\0\0\0", 8)   = 8
2563  <... poll resumed>)               = 1 ([{fd=6, revents=POLLIN}])
2561  write(6, "\1\0\0\0\0\0\0\0", 8 <unfinished ...>
2563  futex(0x56372d700e60, FUTEX_WAIT_PRIVATE, 2, NULL <unfinished ...>
2561  <... write resumed>)              = 8
2561  futex(0x56372d700e60, FUTEX_WAKE_PRIVATE, 1) = 1
2563  <... futex resumed>)              = 0
2561  poll([{fd=3, events=POLLIN}], 1, 25000 <unfinished ...>
2563  read(6, "\2\0\0\0\0\0\0\0", 16)   = 8
2563  futex(0x56372d700e60, FUTEX_WAKE_PRIVATE, 1) = 0
2563  sendmsg(5, {msg_name=NULL, msg_namelen=0, msg_iov=[{iov_base="l\1\0\1\210\0\0\0\10\0\0\0y\0\0\0\1\1o\0\25\0\0\0/org/freedesktop/DBus\0\0\0\2\1s\0\24\0\0\0org.freedesktop.DBus\0\0\0\0\6\1s\0\24\0\0\0org.freedesktop.DBus\0\0\0\0\10\1g\0\1s\0\0\3\1s\0\10\0\0\0"..., iov_len=280}], msg_iovlen=1, msg_controllen=0, msg_flags=0}, MSG_NOSIGNAL) = 280
2548  <... epoll_wait resumed>[{events=EPOLLIN, data={u32=11, u64=11}}], 64, 24473) = 1
2563  poll([{fd=5, events=POLLIN}, {fd=6, events=POLLIN}], 2, 0 <unfinished ...>
