2530  sendmsg(9, {msg_name=NULL, msg_namelen=0, msg_iov=[{iov_base="l\1\0\0010\0\0\0\7\0\0\0\225\0\0\0\1\1o\0,\0\0\0/org/freedesktop/impl/portal/PermissionStore\0\0\0\0\2\1s\0\37\0\0\0org.freedesktop.DBus.Properties\0\6\1s\0\4\0\0\0:1.1\0\0\0\0"..., iov_len=168}, {iov_base="+\0\0\0org.freedesktop.impl.portal.PermissionStore\0", iov_len=48}], msg_iovlen=2, msg_controllen=0, msg_flags=0}, MSG_NOSIGNAL <unfinished ...>
2538  <... poll resumed>)               = 1 ([{fd=5, revents=POLLIN}])
2530  <... sendmsg resumed>)            = 216
2538  write(6, "\1\0\0\0\0\0\0\0", 8 <unfinished ...>
2530  epoll_wait(3,  <unfinished ...>
2538  <... write resumed>)              = 8
2530  <... epoll_wait resumed>[], 64, 0) = 0
2538  recvmsg(5,  <unfinished ...>
2530  epoll_wait(3,  <unfinished ...>
2538  <... recvmsg resumed>{msg_name=NULL, msg_namelen=0, msg_iov=[{iov_base="l\1\0\0010\0\0\0\7\0\0\0\225\0\0\0", iov_len=16}], msg_iovlen=1, msg_controllen=0, msg_flags=MSG_CMSG_CLOEXEC}, MSG_CMSG_CLOEXEC) = 16
2538  poll([{fd=5, events=POLLIN}], 1, 0) = 1 ([{fd=5, revents=POLLIN}])
2538  recvmsg(5, {msg_name=NULL, msg_namelen=0, msg_iov=[{iov_base="\1\1o\0,\0\0\0/org/freedesktop/impl/portal/PermissionStore\0\0\0\0\2\1s\0\37\0\0\0org.freedesktop.DBus.Properties\0\6\1s\0\4\0\0\0:1.1\0\0\0\0\10\1g\0\1s\0\0\3\1s\0\6\0\0\0"..., iov_len=200}], msg_iovlen=1, msg_controllen=0, msg_flags=MSG_CMSG_CLOEXEC}, MSG_CMSG_CLOEXEC) = 200
2538  write(6, "\1\0\0\0\0\0\0\0", 8)   = 8
2538  write(6, "\1\0\0\0\0\0\0\0", 8)   = 8
2538  poll([{fd=6, events=POLLIN}], 1, 0) = 1 ([{fd=6, revents=POLLIN}])
2538  read(6, "\3\0\0\0\0\0\0\0", 16)   = 8
2538  write(3, "\1\0\0\0\0\0\0\0", 8)   = 8
2535  <... poll resumed>)               = 1 ([{fd=3, revents=POLLIN}])
2538  poll([{fd=5, events=POLLIN}], 1, 0 <unfinished ...>
2535  read(3,  <unfinished ...>
2538  <... poll resumed>)               = 0 (Timeout)
2535  <... read resumed>"\1\0\0\0\0\0\0\0", 16) = 8
2538  write(6, "\1\0\0\0\0\0\0\0", 8 <unfinished ...>
2535  futex(0x7f047400eab0, FUTEX_WAIT_PRIVATE, 2, NULL <unfinished ...>
2538  <... write resumed>)              = 8
2538  futex(0x7f047400eab0, FUTEX_WAKE_PRIVATE, 1) = 1
2535  <... futex resumed>)              = 0
2538  futex(0x7f047400e840, FUTEX_WAIT_PRIVATE, 2, NULL <unfinished ...>
2535  write(6, "\1\0\0\0\0\0\0\0", 8)   = 8
2535  futex(0x7f047400eab0, FUTEX_WAKE_PRIVATE, 1) = 0
2535  futex(0x7f047400e840, FUTEX_WAKE_PRIVATE, 1 <unfinished ...>
2538  <... futex resumed>)              = 0
2535  <... futex resumed>)              = 1
2538  futex(0x7f047400e840, FUTEX_WAKE_PRIVATE, 1 <unfinished ...>
2535  poll([{fd=3, events=POLLIN}], 1, -1 <unfinished ...>
2538  <... futex resumed>)              = 0
2538  poll([{fd=5, events=POLLIN}, {fd=6, events=POLLIN}], 2, 0) = 1 ([{fd=6, revents=POLLIN}])
2538  read(6, "\2\0\0\0\0\0\0\0", 16)   = 8
2538  sendmsg(5, {msg_name=NULL, msg_namelen=0, msg_iov=[{iov_base="l\2\1\1\34\0\0\0\3\0\0\0(\0\0\0\6\1s\0\4\0\0\0:1.0\0\0\0\0\10\1g\0\5a{sv}\0\0\0\0\0\0\5\1u\0\7\0\0\0\24\0\0\0\0\0\0\0\7\0\0\0version\0\1u\0\0\2\0\0\0", iov_len=84}], msg_iovlen=1, msg_controllen=0, msg_flags=0}, MSG_NOSIGNAL) = 84
2530  <... epoll_wait resumed>[{events=EPOLLIN, data={u32=9, u64=9}}], 64, -1) = 1
2538  poll([{fd=5, events=POLLIN}, {fd=6, events=POLLIN}], 2, 0 <unfinished ...>
2530  recvmsg(9,  <unfinished ...>
2538  <... poll resumed>)               = 0 (Timeout)
2530  <... recvmsg resumed>{msg_name=NULL, msg_namelen=0, msg_iov=[{iov_base="l\2\1\1\34\0\0\0\3\0\0\0(\0\0\0\6\1s\0\4\0\0\0:1.0\0\0\0\0\10\1g\0\5a{sv}\0\0\0\0\0\0\5\1u\0\7\0\0\0\24\0\0\0\0\0\0\0\7\0\0\0version\0\1u\0\0\2\0\0\0", iov_len=2048}], msg_iovlen=1, msg_controllen=0, msg_flags=MSG_CMSG_CLOEXEC}, MSG_CMSG_CLOEXEC) = 84
2538  poll([{fd=5, events=POLLIN}, {fd=6, events=POLLIN}], 2, -1 <unfinished ...>
2530  recvmsg(9, {msg_namelen=0}, MSG_CMSG_CLOEXEC) = -1 EAGAIN (Resource temporarily unavailable)
2530  sendmsg(8, {msg_name=NULL, msg_namelen=0, msg_iov=[{iov_base="l\2\1\1\34\0\0\0\3\0\0\0005\0\0\0\6\1s\0\4\0\0\0:1.0\0\0\0\0\10\1g\0\5a{sv}\0\0\0\0\0\0\5\1u\0\7\0\0\0\7\1s\0\4\0\0\0:1.1\0\0\0\0", iov_len=72}, {iov_base="\24\0\0\0\0\0\0\0\7\0\0\0version\0\1u\0\0\2\0\0\0", iov_len=28}], msg_iovlen=2, msg_controllen=0, msg_flags=0}, MSG_NOSIGNAL <unfinished ...>
2533  <... poll resumed>)               = 1 ([{fd=5, revents=POLLIN}])
2530  <... sendmsg resumed>)            = 100
2533  write(7, "\1\0\0\0\0\0\0\0", 8 <unfinished ...>
2530  epoll_wait(3,  <unfinished ...>
2533  <... write resumed>)              = 8
2533  recvmsg(5, {msg_name=NULL, msg_namelen=0, msg_iov=[{iov_base="l\2\1\1\34\0\0\0\3\0\0\0005\0\0\0", iov_len=16}], msg_iovlen=1, msg_controllen=0, msg_flags=MSG_CMSG_CLOEXEC}, MSG_CMSG_CLOEXEC) = 16
2533  poll([{fd=5, events=POLLIN}], 1, 0) = 1 ([{fd=5, revents=POLLIN}])
2533  recvmsg(5, {msg_name=NULL, msg_namelen=0, msg_iov=[{iov_base="\6\1s\0\4\0\0\0:1.0\0\0\0\0\10\1g\0\5a{sv}\0\0\0\0\0\0\5\1u\0\7\0\0\0\7\1s\0\4\0\0\0:1.1\0\0\0\0\24\0\0\0\0\0\0\0\7\0\0\0version\0\1u\0\0\2\0\0\0", iov_len=84}], msg_iovlen=1, msg_controllen=0, msg_flags=MSG_CMSG_CLOEXEC}, MSG_CMSG_CLOEXEC) = 84
2533  write(7, "\1\0\0\0\0\0\0\0", 8)   = 8
2533  write(7, "\1\0\0\0\0\0\0\0", 8)   = 8
2533  poll([{fd=7, events=POLLIN}], 1, 0) = 1 ([{fd=7, revents=POLLIN}])
2533  read(7, "\3\0\0\0\0\0\0\0", 16)   = 8
2533  write(8, "\1\0\0\0\0\0\0\0", 8)   = 8
2525  <... poll resumed>)               = 1 ([{fd=8, revents=POLLIN}])
2533  poll([{fd=5, events=POLLIN}], 1, 0 <unfinished ...>
2525  read(8,  <unfinished ...>
2533  <... poll resumed>)               = 0 (Timeout)
2525  <... read resumed>"\1\0\0\0\0\0\0\0", 16) = 8
2533  write(7, "\1\0\0\0\0\0\0\0", 8 <unfinished ...>
2525  write(8, "\1\0\0\0\0\0\0\0", 8 <unfinished ...>
2533  <... write resumed>)              = 8
2525  <... write resumed>)              = 8
2533  poll([{fd=5, events=POLLIN}, {fd=7, events=POLLIN}], 2, -1 <unfinished ...>
2525  futex(0x55f683001610, FUTEX_WAKE_PRIVATE, 2147483647 <unfinished ...>
2533  <... poll resumed>)               = 1 ([{fd=7, revents=POLLIN}])
2525  <... futex resumed>)              = 0
2533  read(7,  <unfinished ...>
2525  close(8 <unfinished ...>
2533  <... read resumed>"\1\0\0\0\0\0\0\0", 16) = 8
2525  <... close resumed>)              = 0
2533  poll([{fd=5, events=POLLIN}, {fd=7, events=POLLIN}], 2, -1 <unfinished ...>
2525  write(1, "1..14\n", 6)            = 6
2525  write(1, "# Start of permissions tests\n", 29) = 29
2525  write(1, "ok 1 /permissions/version", 25) = 25
2525  write(1, "\n", 1)                 = 1
2525  eventfd2(0, EFD_CLOEXEC|EFD_NONBLOCK) = 8
2525  write(8, "\1\0\0\0\0\0\0\0", 8)   = 8
2525  write(7, "\1\0\0\0\0\0\0\0", 8 <unfinished ...>
2533  <... poll resumed>)               = 1 ([{fd=7, revents=POLLIN}])
2525  <... write resumed>)              = 8
2533  futex(0x55f682ff8d50, FUTEX_WAIT_PRIVATE, 2, NULL <unfinished ...>
2525  futex(0x55f682ff8d50, FUTEX_WAKE_PRIVATE, 1 <unfinished ...>
2533  <... futex resumed>)              = -1 EAGAIN (Resource temporarily unavailable)
2525  <... futex resumed>)              = 0
2533  read(7,  <unfinished ...>
2525  futex(0x55f682ff8d50, FUTEX_WAIT_PRIVATE, 2, NULL <unfinished ...>
2533  <... read resumed>"\1\0\0\0\0\0\0\0", 16) = 8
2533  futex(0x55f682ff8d50, FUTEX_WAKE_PRIVATE, 1) = 1
2525  <... futex resumed>)              = 0
2533  futex(0x55f682ff8a00, FUTEX_WAIT_PRIVATE, 2, NULL <unfinished ...>
2525  futex(0x55f682ff8d50, FUTEX_WAKE_PRIVATE, 1) = 0
2525  futex(0x55f682ff8a00, FUTEX_WAKE_PRIVATE, 1 <unfinished ...>
2533  <... futex resumed>)              = 0
2525  <... futex resumed>)              = 1
2533  futex(0x55f682ff8a00, FUTEX_WAKE_PRIVATE, 1 <unfinished ...>
2525  poll([{fd=8, events=POLLIN}], 1, 25000 <unfinished ...>
2533  <... futex resumed>)              = 0
2525  <... poll resumed>)               = 1 ([{fd=8, revents=POLLIN}])
2533  sendmsg(5, {msg_name=NULL, msg_namelen=0, msg_iov=[{iov_base="l\1\0\1L\0\0\0\10\0\0\0\246\0\0\0\1\1o\0,\0\0\0/org/freedesktop/impl/portal/PermissionStore\0\0\0\0\2\1s\0+\0\0\0org.freedesktop.impl.portal.PermissionStore\0\0\0\0\0"..., iov_len=260}], msg_iovlen=1, msg_controllen=0, msg_flags=0}, MSG_NOSIGNAL <unfinished ...>
2525  read(8,  <unfinished ...>
2533  <... sendmsg resumed>)            = 260
2530  <... epoll_wait resumed>[{events=EPOLLIN, data={u32=8, u64=8}}], 64, -1) = 1
2533  poll([{fd=5, events=POLLIN}, {fd=7, events=POLLIN}], 2, 0 <unfinished ...>
2525  <... read resumed>"\1\0\0\0\0\0\0\0", 16) = 8
2533  <... poll resumed>)               = 0 (Timeout)
2530  recvmsg(8,  <unfinished ...>
2533  poll([{fd=5, events=POLLIN}, {fd=7, events=POLLIN}], 2, -1 <unfinished ...>
2525  poll([{fd=8, events=POLLIN}], 1, 24999 <unfinished ...>
2530  <... recvmsg resumed>{msg_name=NULL, msg_namelen=0, msg_iov=[{iov_base="l\1\0\1L\0\0\0\10\0\0\0\246\0\0\0\1\1o\0,\0\0\0/org/freedesktop/impl/portal/PermissionStore\0\0\0\0\2\1s\0+\0\0\0org.freedesktop.impl.portal.PermissionStore\0\0\0\0\0"..., iov_len=2048}], msg_iovlen=1, msg_controllen=0, msg_flags=MSG_CMSG_CLOEXEC}, MSG_CMSG_CLOEXEC) = 260
2530  recvmsg(8, {msg_namelen=0}, MSG_CMSG_CLOEXEC) = -1 EAGAIN (Resource temporarily unavailable)
2530  sendmsg(9, {msg_name=NULL, msg_namelen=0, msg_iov=[{iov_base="l\1\0\1L\0\0\0\10\0\0\0\265\0\0\0\1\1o\0,\0\0\0/org/freedesktop/impl/portal/PermissionStore\0\0\0\0\2\1s\0+\0\0\0org.freedesktop.impl.portal.PermissionStore\0\0\0\0\0"..., iov_len=200}, {iov_base="\4\0\0\0TEST\0\0\0\0\1\0\0\0\r\0\0\0test-resource\0\0\0\r\0\0\0one.two.three\0\0\0\20\0\0\0\3\0\0\0one\0\3\0\0\0two\0", iov_len=76}], msg_iovlen=2, msg_controllen=0, msg_flags=0}, MSG_NOSIGNAL <unfinished ...>
2538  <... poll resumed>)               = 1 ([{fd=5, revents=POLLIN}])
2530  <... sendmsg resumed>)            = 276
2538  write(6, "\1\0\0\0\0\0\0\0", 8 <unfinished ...>
2530  epoll_wait(3,  <unfinished ...>
2538  <... write resumed>)              = 8
2530  <... epoll_wait resumed>[], 64, 0) = 0
2538  recvmsg(5,  <unfinished ...>
2530  epoll_wait(3,  <unfinished ...>
2538  <... recvmsg resumed>{msg_name=NULL, msg_namelen=0, msg_iov=[{iov_base="l\1\0\1L\0\0\0\10\0\0\0\265\0\0\0", iov_len=16}], msg_iovlen=1, msg_controllen=0, msg_flags=MSG_CMSG_CLOEXEC}, MSG_CMSG_CLOEXEC) = 16
2538  poll([{fd=5, events=POLLIN}], 1, 0) = 1 ([{fd=5, revents=POLLIN}])
2538  recvmsg(5, {msg_name=NULL, msg_namelen=0, msg_iov=[{iov_base="\1\1o\0,\0\0\0/org/freedesktop/impl/portal/PermissionStore\0\0\0\0\2\1s\0+\0\0\0org.freedesktop.impl.portal.PermissionStore\0\0\0\0\0\6\1s\0\4\0\0\0:1.1\0\0\0\0"..., iov_len=260}], msg_iovlen=1, msg_controllen=0, msg_flags=MSG_CMSG_CLOEXEC}, MSG_CMSG_CLOEXEC) = 260
2538  write(6, "\1\0\0\0\0\0\0\0", 8)   = 8
2538  write(6, "\1\0\0\0\0\0\0\0", 8)   = 8
2538  poll([{fd=6, events=POLLIN}], 1, 0) = 1 ([{fd=6, revents=POLLIN}])
2538  read(6, "\3\0\0\0\0\0\0\0", 16)   = 8
2538  write(3, "\1\0\0\0\0\0\0\0", 8)   = 8
2535  <... poll resumed>)               = 1 ([{fd=3, revents=POLLIN}])
2538  poll([{fd=5, events=POLLIN}], 1, 0 <unfinished ...>
2535  read(3,  <unfinished ...>
2538  <... poll resumed>)               = 0 (Timeout)
2535  <... read resumed>"\1\0\0\0\0\0\0\0", 16) = 8
2538  write(6, "\1\0\0\0\0\0\0\0", 8)   = 8
2535  mkdir("/tmp/xdp-test-5BAGP1/flatpak/db", 0755 <unfinished ...>
2538  poll([{fd=5, events=POLLIN}, {fd=6, events=POLLIN}], 2, -1 <unfinished ...>
2535  <... mkdir resumed>)              = -1 ENOENT (No such file or directory)
2538  <... poll resumed>)               = 1 ([{fd=6, revents=POLLIN}])
2535  access("/tmp", F_OK <unfinished ...>
2538  read(6,  <unfinished ...>
2535  <... access resumed>)             = 0
2538  <... read resumed>"\1\0\0\0\0\0\0\0", 16) = 8
2535  newfstatat(AT_FDCWD, "/tmp",  <unfinished ...>
2538  poll([{fd=5, events=POLLIN}, {fd=6, events=POLLIN}], 2, -1 <unfinished ...>
2535  <... newfstatat resumed>{st_mode=S_IFDIR|S_ISVTX|0777, st_size=4096, ...}, 0) = 0
2535  access("/tmp/xdp-test-5BAGP1", F_OK) = 0
2535  newfstatat(AT_FDCWD, "/tmp/xdp-test-5BAGP1", {st_mode=S_IFDIR|0700, st_size=4096, ...}, 0) = 0
2535  access("/tmp/xdp-test-5BAGP1/flatpak", F_OK) = -1 ENOENT (No such file or directory)
2535  mkdir("/tmp/xdp-test-5BAGP1/flatpak", 0755) = 0
2535  access("/tmp/xdp-test-5BAGP1/flatpak/db", F_OK) = -1 ENOENT (No such file or directory)
2535  mkdir("/tmp/xdp-test-5BAGP1/flatpak/db", 0755) = 0
2535  futex(0x7f048388e0a8, FUTEX_WAKE_PRIVATE, 2147483647) = 0
2535  statfs("/tmp/xdp-test-5BAGP1/flatpak/db", {f_type=OVERLAYFS_SUPER_MAGIC, f_bsize=4096, f_blocks=65793553, f_bfree=63363306, f_bavail=60003767, f_files=16777216, f_ffree=16527143, f_fsid={val=[0xfedc9aa3, 0xbd65bc57]}, f_namelen=255, f_frsize=4096, f_flags=ST_VALID|ST_RELATIME}) = 0
2535  openat(AT_FDCWD, "/tmp/xdp-test-5BAGP1/flatpak/db/TEST", O_RDONLY) = -1 ENOENT (No such file or directory)
2535  openat(AT_FDCWD, "/usr/lib/x86_64-linux-gnu/charset.alias", O_RDONLY) = -1 ENOENT (No such file or directory)
2535  openat(AT_FDCWD, "/usr/lib/x86_64-linux-gnu/gconv/gconv-modules.cache", O_RDONLY) = 7
2535  newfstatat(7, "", {st_mode=S_IFREG|0644, st_size=27002, ...}, AT_EMPTY_PATH) = 0
2535  mmap(NULL, 27002, PROT_READ, MAP_SHARED, 7, 0) = 0x7f0481a52000
2535  close(7)                          = 0
2535  futex(0x7f0483747a6c, FUTEX_WAKE_PRIVATE, 2147483647) = 0
2535  write(6, "\1\0\0\0\0\0\0\0", 8 <unfinished ...>
2538  <... poll resumed>)               = 1 ([{fd=6, revents=POLLIN}])
2535  <... write resumed>)              = 8
2538  futex(0x7f047400eab0, FUTEX_WAIT_PRIVATE, 2, NULL <unfinished ...>
2535  futex(0x7f047400eab0, FUTEX_WAKE_PRIVATE, 1 <unfinished ...>
2538  <... futex resumed>)              = -1 EAGAIN (Resource temporarily unavailable)
2535  <... futex resumed>)              = 0
2538  read(6,  <unfinished ...>
2535  futex(0x7f047400eab0, FUTEX_WAIT_PRIVATE, 2, NULL <unfinished ...>
2538  <... read resumed>"\1\0\0\0\0\0\0\0", 16) = 8
2538  futex(0x7f047400eab0, FUTEX_WAKE_PRIVATE, 1) = 1
2535  <... futex resumed>)              = 0
2538  futex(0x7f047400e840, FUTEX_WAIT_PRIVATE, 2, NULL <unfinished ...>
2535  futex(0x7f047400eab0, FUTEX_WAKE_PRIVATE, 1) = 0
2535  futex(0x7f047400e840, FUTEX_WAKE_PRIVATE, 1 <unfinished ...>
2538  <... futex resumed>)              = 0
2535  <... futex resumed>)              = 1
2538  futex(0x7f047400e840, FUTEX_WAKE_PRIVATE, 1) = 0
2535  futex(0x7f048388e0a8, FUTEX_WAKE_PRIVATE, 2147483647 <unfinished ...>
2538  sendmsg(5, {msg_name=NULL, msg_namelen=0, msg_iov=[{iov_base="l\4\1\1X\0\0\0\4\0\0\0\220\0\0\0\1\1o\0,\0\0\0/org/freedesktop/impl/portal/PermissionStore\0\0\0\0\2\1s\0+\0\0\0org.freedesktop.impl.portal.PermissionStore\0\0\0\0\0"..., iov_len=248}], msg_iovlen=1, msg_controllen=0, msg_flags=0}, MSG_NOSIGNAL <unfinished ...>
2535  <... futex resumed>)              = 0
2538  <... sendmsg resumed>)            = 248
2530  <... epoll_wait resumed>[{events=EPOLLIN, data={u32=9, u64=9}}], 64, -1) = 1
2538  poll([{fd=5, events=POLLIN}, {fd=6, events=POLLIN}], 2, 0 <unfinished ...>
2535  futex(0x7f048388e0a8, FUTEX_WAKE_PRIVATE, 2147483647 <unfinished ...>
2538  <... poll resumed>)               = 0 (Timeout)
2530  recvmsg(9,  <unfinished ...>
2538  poll([{fd=5, events=POLLIN}, {fd=6, events=POLLIN}], 2, -1 <unfinished ...>
2535  <... futex resumed>)              = 0
2530  <... recvmsg resumed>{msg_name=NULL, msg_namelen=0, msg_iov=[{iov_base="l\4\1\1X\0\0\0\4\0\0\0\220\0\0\0\1\1o\0,\0\0\0/org/freedesktop/impl/portal/PermissionStore\0\0\0\0\2\1s\0+\0\0\0org.freedesktop.impl.portal.PermissionStore\0\0\0\0\0"..., iov_len=2048}], msg_iovlen=1, msg_controllen=0, msg_flags=MSG_CMSG_CLOEXEC}, MSG_CMSG_CLOEXEC) = 248
2535  futex(0x7f048388e0a8, FUTEX_WAKE_PRIVATE, 2147483647 <unfinished ...>
2530  recvmsg(9,  <unfinished ...>
2535  <... futex resumed>)              = 0
2530  <... recvmsg resumed>{msg_namelen=0}, MSG_CMSG_CLOEXEC) = -1 EAGAIN (Resource temporarily unavailable)
2535  futex(0x7f048388e0a8, FUTEX_WAKE_PRIVATE, 2147483647 <unfinished ...>
2530  sendmsg(8, {msg_name=NULL, msg_namelen=0, msg_iov=[{iov_base="l\4\1\1X\0\0\0\4\0\0\0\235\0\0\0\1\1o\0,\0\0\0/org/freedesktop/impl/portal/PermissionStore\0\0\0\0\2\1s\0+\0\0\0org.freedesktop.impl.portal.PermissionStore\0\0\0\0\0"..., iov_len=176}, {iov_base="\4\0\0\0TEST\0\0\0\0\r\0\0\0test-resource\0\0\0\0\0\0\0\1y\0\0(\0\0\0\0\0\0\0\r\0\0\0one.two.three\0\0\0\20\0\0\0\3\0\0\0one\0\3\0\0\0two\0", iov_len=88}], msg_iovlen=2, msg_controllen=0, msg_flags=0}, MSG_NOSIGNAL <unfinished ...>
2535  <... futex resumed>)              = 0
2533  <... poll resumed>)               = 1 ([{fd=5, revents=POLLIN}])
2530  <... sendmsg resumed>)            = 264
2535  futex(0x7f048388e0a8, FUTEX_WAKE_PRIVATE, 2147483647 <unfinished ...>
2533  write(7, "\1\0\0\0\0\0\0\0", 8 <unfinished ...>
2535  <... futex resumed>)              = 0
2530  epoll_wait(3,  <unfinished ...>
2535  futex(0x7f048388e0a8, FUTEX_WAKE_PRIVATE, 2147483647 <unfinished ...>
2533  <... write resumed>)              = 8
2535  <... futex resumed>)              = 0
2533  recvmsg(5,  <unfinished ...>
2535  futex(0x7f048388e0a8, FUTEX_WAKE_PRIVATE, 2147483647 <unfinished ...>
2533  <... recvmsg resumed>{msg_name=NULL, msg_namelen=0, msg_iov=[{iov_base="l\4\1\1X\0\0\0\4\0\0\0\235\0\0\0", iov_len=16}], msg_iovlen=1, msg_controllen=0, msg_flags=MSG_CMSG_CLOEXEC}, MSG_CMSG_CLOEXEC) = 16
2535  <... futex resumed>)              = 0
2533  poll([{fd=5, events=POLLIN}], 1, 0 <unfinished ...>
2535  futex(0x7f048388e0a8, FUTEX_WAKE_PRIVATE, 2147483647 <unfinished ...>
2533  <... poll resumed>)               = 1 ([{fd=5, revents=POLLIN}])
2535  <... futex resumed>)              = 0
2533  recvmsg(5,  <unfinished ...>
2535  futex(0x7f048388e0a8, FUTEX_WAKE_PRIVATE, 2147483647 <unfinished ...>
2533  <... recvmsg resumed>{msg_name=NULL, msg_namelen=0, msg_iov=[{iov_base="\1\1o\0,\0\0\0/org/freedesktop/impl/portal/PermissionStore\0\0\0\0\2\1s\0+\0\0\0org.freedesktop.impl.portal.PermissionStore\0\0\0\0\0\10\1g\0\nssbva{sas}\0"..., iov_len=248}], msg_iovlen=1, msg_controllen=0, msg_flags=MSG_CMSG_CLOEXEC}, MSG_CMSG_CLOEXEC) = 248
2535  <... futex resumed>)              = 0
2533  write(7, "\1\0\0\0\0\0\0\0", 8 <unfinished ...>
2535  futex(0x7f048388e0a8, FUTEX_WAKE_PRIVATE, 2147483647 <unfinished ...>
2533  <... write resumed>)              = 8
2535  <... futex resumed>)              = 0
2533  write(7, "\1\0\0\0\0\0\0\0", 8 <unfinished ...>
2535  futex(0x7f048388e0a8, FUTEX_WAKE_PRIVATE, 2147483647 <unfinished ...>
2533  <... write resumed>)              = 8
2535  <... futex resumed>)              = 0
2533  poll([{fd=7, events=POLLIN}], 1, 0 <unfinished ...>
2535  futex(0x7f048388e0a8, FUTEX_WAKE_PRIVATE, 2147483647 <unfinished ...>
2533  <... poll resumed>)               = 1 ([{fd=7, revents=POLLIN}])
2535  <... futex resumed>)              = 0
2533  read(7,  <unfinished ...>
2535  futex(0x7f048388e0a8, FUTEX_WAKE_PRIVATE, 2147483647 <unfinished ...>
2533  <... read resumed>"\3\0\0\0\0\0\0\0", 16) = 8
2535  <... futex resumed>)              = 0
2533  poll([{fd=5, events=POLLIN}], 1, 0 <unfinished ...>
2535  openat(AT_FDCWD, "/usr/lib/x86_64-linux-gnu/gio/modules", O_RDONLY|O_NONBLOCK|O_CLOEXEC|O_DIRECTORY <unfinished ...>
2533  <... poll resumed>)               = 0 (Timeout)
2535  <... openat resumed>)             = 7
2533  write(7, "\1\0\0\0\0\0\0\0", 8 <unfinished ...>
2535  newfstatat(7, "",  <unfinished ...>
2533  <... write resumed>)              = 8
2535  <... newfstatat resumed>{st_mode=S_IFDIR|0755, st_size=4096, ...}, AT_EMPTY_PATH) = 0
2533  poll([{fd=5, events=POLLIN}, {fd=7, events=POLLIN}], 2, -1 <unfinished ...>
2535  newfstatat(AT_FDCWD, "/usr/lib/x86_64-linux-gnu/gio/modules/giomodule.cache",  <unfinished ...>
2533  <... poll resumed>)               = 1 ([{fd=7, revents=POLLIN}])
2535  <... newfstatat resumed>{st_mode=S_IFREG|0644, st_size=196, ...}, 0) = 0
2533  read(7,  <unfinished ...>
2535  openat(AT_FDCWD, "/usr/lib/x86_64-linux-gnu/gio/modules/giomodule.cache", O_RDONLY <unfinished ...>
2533  <... read resumed>"\1\0\0\0\0\0\0\0", 16) = 8
2535  <... openat resumed>)             = 8
2533  poll([{fd=5, events=POLLIN}, {fd=7, events=POLLIN}], 2, -1 <unfinished ...>
2535  newfstatat(8, "", {st_mode=S_IFREG|0644, st_size=196, ...}, AT_EMPTY_PATH) = 0
2535  read(8, "libdconfsettings.so: gsettings-backend\nlibgioenvironmentproxy.so: gio-proxy-resolver\nlibgiognomeproxy.so: gio-proxy-resolver\nlib"..., 196) = 196
2535  close(8)                          = 0
2535  getdents64(7, 0x55cdb4310480 /* 8 entries */, 32768) = 296
2535  futex(0x7f048388e0a8, FUTEX_WAKE_PRIVATE, 2147483647) = 0
2535  newfstatat(AT_FDCWD, "/usr/lib/x86_64-linux-gnu/gio/modules/libgiognutls.so", {st_mode=S_IFREG|0644, st_size=137504, ...}, 0) = 0
2535  newfstatat(AT_FDCWD, "/usr/lib/x86_64-linux-gnu/gio/modules/libgioenvironmentproxy.so", {st_mode=S_IFREG|0644, st_size=14488, ...}, 0) = 0
2535  newfstatat(AT_FDCWD, "/usr/lib/x86_64-linux-gnu/gio/modules/libdconfsettings.so", {st_mode=S_IFREG|0644, st_size=63552, ...}, 0) = 0
2535  newfstatat(AT_FDCWD, "/usr/lib/x86_64-linux-gnu/gio/modules/libgiolibproxy.so", {st_mode=S_IFREG|0644, st_size=18584, ...}, 0) = 0
2535  newfstatat(AT_FDCWD, "/usr/lib/x86_64-linux-gnu/gio/modules/libgiognomeproxy.so", {st_mode=S_IFREG|0644, st_size=22680, ...}, 0) = 0
2535  getdents64(7, 0x55cdb4310480 /* 0 entries */, 32768) = 0
2535  close(7)                          = 0
2535  futex(0x7f048388e0a8, FUTEX_WAKE_PRIVATE, 2147483647) = 0
2535  futex(0x7f048388e0a8, FUTEX_WAKE_PRIVATE, 2147483647) = 0
2535  futex(0x7f048388e0a8, FUTEX_WAKE_PRIVATE, 2147483647) = 0
2535  access("/.flatpak-info", F_OK)    = -1 ENOENT (No such file or directory)
2535  futex(0x7f048388e0a8, FUTEX_WAKE_PRIVATE, 2147483647) = 0
2535  futex(0x7f048388e0a8, FUTEX_WAKE_PRIVATE, 2147483647) = 0
2535  futex(0x7f048388e0a8, FUTEX_WAKE_PRIVATE, 2147483647) = 0
2535  futex(0x7f048388e0a8, FUTEX_WAKE_PRIVATE, 2147483647) = 0
2535  futex(0x7f048388e0a8, FUTEX_WAKE_PRIVATE, 2147483647) = 0
2535  futex(0x7f048388e0a8, FUTEX_WAKE_PRIVATE, 2147483647) = 0
2535  futex(0x7f048388e0a8, FUTEX_WAKE_PRIVATE, 2147483647) = 0
2535  futex(0x7f048388e0a8, FUTEX_WAKE_PRIVATE, 2147483647) = 0
2535  futex(0x7f048388e0a8, FUTEX_WAKE_PRIVATE, 2147483647) = 0
2535  futex(0x7f048388e0a8, FUTEX_WAKE_PRIVATE, 2147483647) = 0
2535  futex(0x7f048388e0a8, FUTEX_WAKE_PRIVATE, 2147483647) = 0
2535  futex(0x7f048388e0a8, FUTEX_WAKE_PRIVATE, 2147483647) = 0
2535  futex(0x7f048388e0a8, FUTEX_WAKE_PRIVATE, 2147483647) = 0
2535  futex(0x7f048388e0a8, FUTEX_WAKE_PRIVATE, 2147483647) = 0
2535  futex(0x7f048388e0a8, FUTEX_WAKE_PRIVATE, 2147483647) = 0
2535  futex(0x7f048388e0a8, FUTEX_WAKE_PRIVATE, 2147483647) = 0
2535  futex(0x7f048388e0a8, FUTEX_WAKE_PRIVATE, 2147483647) = 0
2535  futex(0x7f048388e0a8, FUTEX_WAKE_PRIVATE, 2147483647) = 0
2535  futex(0x7f048388e0a8, FUTEX_WAKE_PRIVATE, 2147483647) = 0
2535  futex(0x7f048388e0a8, FUTEX_WAKE_PRIVATE, 2147483647) = 0
2535  futex(0x7f048388e0a8, FUTEX_WAKE_PRIVATE, 2147483647) = 0
2535  futex(0x7f048388e0a8, FUTEX_WAKE_PRIVATE, 2147483647) = 0
2535  futex(0x7f048388e0a8, FUTEX_WAKE_PRIVATE, 2147483647) = 0
2535  futex(0x7f048388e0a8, FUTEX_WAKE_PRIVATE, 2147483647) = 0
2535  futex(0x7f048388e0a8, FUTEX_WAKE_PRIVATE, 2147483647) = 0
2535  futex(0x7f048388e0a8, FUTEX_WAKE_PRIVATE, 2147483647) = 0
2535  futex(0x7f048388e0a8, FUTEX_WAKE_PRIVATE, 2147483647) = 0
2535  futex(0x7f048388e0a8, FUTEX_WAKE_PRIVATE, 2147483647) = 0
2535  futex(0x55cdb42ecce0, FUTEX_WAKE_PRIVATE, 1 <unfinished ...>
2537  <... futex resumed>)              = 0
2535  <... futex resumed>)              = 1
2537  futex(0x55cdb42eccd0, FUTEX_WAIT_PRIVATE, 2, NULL <unfinished ...>
2535  futex(0x55cdb42eccd0, FUTEX_WAKE_PRIVATE, 1 <unfinished ...>
2537  <... futex resumed>)              = -1 EAGAIN (Resource temporarily unavailable)
2535  <... futex resumed>)              = 0
2537  futex(0x55cdb42eccd0, FUTEX_WAKE_PRIVATE, 1 <unfinished ...>
2535  poll([{fd=3, events=POLLIN}], 1, -1 <unfinished ...>
2537  <... futex resumed>)              = 0
2537  openat(AT_FDCWD, "/tmp/xdp-test-5BAGP1/flatpak/db/TEST", O_WRONLY|O_CREAT|O_EXCL|O_CLOEXEC, 0666) = 7
2537  futex(0x7f048388e0a8, FUTEX_WAKE_PRIVATE, 2147483647) = 0
2537  futex(0x7f048388e0a8, FUTEX_WAKE_PRIVATE, 2147483647) = 0
2537  write(3, "\1\0\0\0\0\0\0\0", 8)   = 8
2535  <... poll resumed>)               = 1 ([{fd=3, revents=POLLIN}])
2537  futex(0x55cdb42ecce0, FUTEX_WAIT_PRIVATE, 1, {tv_sec=0, tv_nsec=499999735} <unfinished ...>
2535  read(3, "\1\0\0\0\0\0\0\0", 16)   = 8
2535  futex(0x55cdb42ecce0, FUTEX_WAKE_PRIVATE, 1 <unfinished ...>
2537  <... futex resumed>)              = 0
2535  <... futex resumed>)              = 1
2537  futex(0x55cdb42eccd0, FUTEX_WAIT_PRIVATE, 2, NULL <unfinished ...>
2535  futex(0x55cdb42eccd0, FUTEX_WAKE_PRIVATE, 1 <unfinished ...>
2537  <... futex resumed>)              = -1 EAGAIN (Resource temporarily unavailable)
2535  <... futex resumed>)              = 0
2537  futex(0x55cdb42eccd0, FUTEX_WAKE_PRIVATE, 1 <unfinished ...>
2535  poll([{fd=3, events=POLLIN}], 1, -1 <unfinished ...>
2537  <... futex resumed>)              = 0
2537  write(7, "GVariant\0\0\0\0\0\0\0\0\30\0\0\0X\0\0\0\0\0\0(\2\0\0\0\0\0\0\0\1\0\0\0j\177\232|\377\377\377\377X\0\0\0\4\0H\0\\\0\0\0\200\0\0\0\231+\224|\377\377\377\377\270\0\0\0\4\0H\0\274\0\0\0\340\0\0\0main\0\0\0(\1\0\0\0\0\0\0\0:F\305\223\377\377\377\377\200\0\0\0\r\0v\0\220\0\0\0\270\0\0\0"..., 258) = 258
2537  write(3, "\1\0\0\0\0\0\0\0", 8)   = 8
2535  <... poll resumed>)               = 1 ([{fd=3, revents=POLLIN}])
2537  futex(0x55cdb42ecce0, FUTEX_WAIT_PRIVATE, 2, {tv_sec=0, tv_nsec=499999114} <unfinished ...>
2535  read(3, "\1\0\0\0\0\0\0\0", 16)   = 8
2535  futex(0x55cdb42ecce0, FUTEX_WAKE_PRIVATE, 1 <unfinished ...>
2537  <... futex resumed>)              = 0
2535  <... futex resumed>)              = 1
2537  futex(0x55cdb42eccd0, FUTEX_WAIT_PRIVATE, 2, NULL <unfinished ...>
2535  futex(0x55cdb42eccd0, FUTEX_WAKE_PRIVATE, 1 <unfinished ...>
2537  <... futex resumed>)              = -1 EAGAIN (Resource temporarily unavailable)
2535  <... futex resumed>)              = 0
2537  futex(0x55cdb42eccd0, FUTEX_WAKE_PRIVATE, 1 <unfinished ...>
2535  poll([{fd=3, events=POLLIN}], 1, -1 <unfinished ...>
2537  <... futex resumed>)              = 0
2537  statx(7, "", AT_STATX_SYNC_AS_STAT|AT_EMPTY_PATH, STATX_MTIME, {stx_mask=STATX_BASIC_STATS|STATX_MNT_ID, stx_attributes=0, stx_mode=S_IFREG|0644, stx_size=258, ...}) = 0
2537  close(7)                          = 0
2537  write(3, "\1\0\0\0\0\0\0\0", 8)   = 8
2535  <... poll resumed>)               = 1 ([{fd=3, revents=POLLIN}])
2537  futex(0x55cdb42ecce0, FUTEX_WAIT_PRIVATE, 3, {tv_sec=0, tv_nsec=499999691} <unfinished ...>
2535  read(3, "\1\0\0\0\0\0\0\0", 16)   = 8
2535  write(6, "\1\0\0\0\0\0\0\0", 8 <unfinished ...>
2538  <... poll resumed>)               = 1 ([{fd=6, revents=POLLIN}])
2535  <... write resumed>)              = 8
2538  futex(0x7f047400eab0, FUTEX_WAIT_PRIVATE, 2, NULL <unfinished ...>
2535  futex(0x7f047400eab0, FUTEX_WAKE_PRIVATE, 1 <unfinished ...>
2538  <... futex resumed>)              = -1 EAGAIN (Resource temporarily unavailable)
2535  <... futex resumed>)              = 0
2538  read(6,  <unfinished ...>
2535  futex(0x7f047400eab0, FUTEX_WAIT_PRIVATE, 2, NULL <unfinished ...>
2538  <... read resumed>"\1\0\0\0\0\0\0\0", 16) = 8
2538  futex(0x7f047400eab0, FUTEX_WAKE_PRIVATE, 1) = 1
2535  <... futex resumed>)              = 0
2538  futex(0x7f047400e840, FUTEX_WAIT_PRIVATE, 2, NULL <unfinished ...>
2535  futex(0x7f047400eab0, FUTEX_WAKE_PRIVATE, 1) = 0
2535  futex(0x7f047400e840, FUTEX_WAKE_PRIVATE, 1 <unfinished ...>
2538  <... futex resumed>)              = 0
2535  <... futex resumed>)              = 1
2538  futex(0x7f047400e840, FUTEX_WAKE_PRIVATE, 1 <unfinished ...>
2535  poll([{fd=3, events=POLLIN}], 1, -1 <unfinished ...>
2538  <... futex resumed>)              = 0
2538  sendmsg(5, {msg_name=NULL, msg_namelen=0, msg_iov=[{iov_base="l\2\1\1\0\0\0\0\5\0\0\0 \0\0\0\6\1s\0\4\0\0\0:1.0\0\0\0\0\10\1g\0\0\0\0\0\5\1u\0\10\0\0\0", iov_len=48}], msg_iovlen=1, msg_controllen=0, msg_flags=0}, MSG_NOSIGNAL) = 48
2530  <... epoll_wait resumed>[{events=EPOLLIN, data={u32=9, u64=9}}], 64, -1) = 1
2538  poll([{fd=5, events=POLLIN}, {fd=6, events=POLLIN}], 2, 0 <unfinished ...>
2530  recvmsg(9,  <unfinished ...>
2538  <... poll resumed>)               = 0 (Timeout)
2530  <... recvmsg resumed>{msg_name=NULL, msg_namelen=0, msg_iov=[{iov_base="l\2\1\1\0\0\0\0\5\0\0\0 \0\0\0\6\1s\0\4\0\0\0:1.0\0\0\0\0\10\1g\0\0\0\0\0\5\1u\0\10\0\0\0", iov_len=2048}], msg_iovlen=1, msg_controllen=0, msg_flags=MSG_CMSG_CLOEXEC}, MSG_CMSG_CLOEXEC) = 48
2538  poll([{fd=5, events=POLLIN}, {fd=6, events=POLLIN}], 2, -1 <unfinished ...>
2530  recvmsg(9, {msg_namelen=0}, MSG_CMSG_CLOEXEC) = -1 EAGAIN (Resource temporarily unavailable)
2530  sendmsg(8, {msg_name=NULL, msg_namelen=0, msg_iov=[{iov_base="l\2\1\1\0\0\0\0\5\0\0\0-\0\0\0\6\1s\0\4\0\0\0:1.0\0\0\0\0\10\1g\0\0\0\0\0\5\1u\0\10\0\0\0\7\1s\0\4\0\0\0:1.1\0\0\0\0", iov_len=64}, {iov_base="", iov_len=0}], msg_iovlen=2, msg_controllen=0, msg_flags=0}, MSG_NOSIGNAL) = 64
2533  <... poll resumed>)               = 1 ([{fd=5, revents=POLLIN}])
2530  epoll_wait(3,  <unfinished ...>
2533  write(7, "\1\0\0\0\0\0\0\0", 8)   = 8
2533  recvmsg(5, {msg_name=NULL, msg_namelen=0, msg_iov=[{iov_base="l\2\1\1\0\0\0\0\5\0\0\0-\0\0\0", iov_len=16}], msg_iovlen=1, msg_controllen=0, msg_flags=MSG_CMSG_CLOEXEC}, MSG_CMSG_CLOEXEC) = 16
2533  poll([{fd=5, events=POLLIN}], 1, 0) = 1 ([{fd=5, revents=POLLIN}])
2533  recvmsg(5, {msg_name=NULL, msg_namelen=0, msg_iov=[{iov_base="\6\1s\0\4\0\0\0:1.0\0\0\0\0\10\1g\0\0\0\0\0\5\1u\0\10\0\0\0\7\1s\0\4\0\0\0:1.1\0\0\0\0", iov_len=48}], msg_iovlen=1, msg_controllen=0, msg_flags=MSG_CMSG_CLOEXEC}, MSG_CMSG_CLOEXEC) = 48
2533  write(7, "\1\0\0\0\0\0\0\0", 8)   = 8
2533  write(7, "\1\0\0\0\0\0\0\0", 8)   = 8
2533  poll([{fd=7, events=POLLIN}], 1, 0) = 1 ([{fd=7, revents=POLLIN}])
2533  read(7, "\3\0\0\0\0\0\0\0", 16)   = 8
2533  write(8, "\1\0\0\0\0\0\0\0", 8)   = 8
2525  <... poll resumed>)               = 1 ([{fd=8, revents=POLLIN}])
2533  poll([{fd=5, events=POLLIN}], 1, 0 <unfinished ...>
2525  read(8,  <unfinished ...>
2533  <... poll resumed>)               = 0 (Timeout)
2525  <... read resumed>"\1\0\0\0\0\0\0\0", 16) = 8
2533  write(7, "\1\0\0\0\0\0\0\0", 8 <unfinished ...>
2525  write(8, "\1\0\0\0\0\0\0\0", 8 <unfinished ...>
2533  <... write resumed>)              = 8
2525  <... write resumed>)              = 8
2533  poll([{fd=5, events=POLLIN}, {fd=7, events=POLLIN}], 2, -1 <unfinished ...>
2525  futex(0x55f683001fa0, FUTEX_WAKE_PRIVATE, 2147483647 <unfinished ...>
2533  <... poll resumed>)               = 1 ([{fd=7, revents=POLLIN}])
2525  <... futex resumed>)              = 0
2533  read(7,  <unfinished ...>
2525  close(8 <unfinished ...>
2533  <... read resumed>"\1\0\0\0\0\0\0\0", 16) = 8
2525  <... close resumed>)              = 0
2533  poll([{fd=5, events=POLLIN}, {fd=7, events=POLLIN}], 2, -1 <unfinished ...>
2525  poll([{fd=4, events=POLLIN}], 1, 0) = 1 ([{fd=4, revents=POLLIN}])
2525  read(4, "\1\0\0\0\0\0\0\0", 16)   = 8
2525  eventfd2(0, EFD_CLOEXEC|EFD_NONBLOCK) = 8
2525  write(8, "\1\0\0\0\0\0\0\0", 8)   = 8
2525  write(7, "\1\0\0\0\0\0\0\0", 8)   = 8
2533  <... poll resumed>)               = 1 ([{fd=7, revents=POLLIN}])
2525  poll([{fd=8, events=POLLIN}], 1, 25000 <unfinished ...>
2533  read(7,  <unfinished ...>
2525  <... poll resumed>)               = 1 ([{fd=8, revents=POLLIN}])
2533  <... read resumed>"\1\0\0\0\0\0\0\0", 16) = 8
2525  read(8,  <unfinished ...>
2533  sendmsg(5, {msg_name=NULL, msg_namelen=0, msg_iov=[{iov_base="l\1\0\1\36\0\0\0\t\0\0\0\227\0\0\0\1\1o\0,\0\0\0/org/freedesktop/impl/portal/PermissionStore\0\0\0\0\2\1s\0+\0\0\0org.freedesktop.impl.portal.PermissionStore\0\0\0\0\0"..., iov_len=198}], msg_iovlen=1, msg_controllen=0, msg_flags=0}, MSG_NOSIGNAL <unfinished ...>
2525  <... read resumed>"\1\0\0\0\0\0\0\0", 16) = 8
2533  <... sendmsg resumed>)            = 198
2530  <... epoll_wait resumed>[{events=EPOLLIN, data={u32=8, u64=8}}], 64, -1) = 1
2533  poll([{fd=5, events=POLLIN}, {fd=7, events=POLLIN}], 2, 0 <unfinished ...>
2525  poll([{fd=8, events=POLLIN}], 1, 24999 <unfinished ...>
2533  <... poll resumed>)               = 0 (Timeout)
2530  recvmsg(8,  <unfinished ...>
2533  poll([{fd=5, events=POLLIN}, {fd=7, events=POLLIN}], 2, -1 <unfinished ...>
2530  <... recvmsg resumed>{msg_name=NULL, msg_namelen=0, msg_iov=[{iov_base="l\1\0\1\36\0\0\0\t\0\0\0\227\0\0\0\1\1o\0,\0\0\0/org/freedesktop/impl/portal/PermissionStore\0\0\0\0\2\1s\0+\0\0\0org.freedesktop.impl.portal.PermissionStore\0\0\0\0\0"..., iov_len=2048}], msg_iovlen=1, msg_controllen=0, msg_flags=MSG_CMSG_CLOEXEC}, MSG_CMSG_CLOEXEC) = 198
2530  recvmsg(8, {msg_namelen=0}, MSG_CMSG_CLOEXEC) = -1 EAGAIN (Resource temporarily unavailable)
2530  sendmsg(9, {msg_name=NULL, msg_namelen=0, msg_iov=[{iov_base="l\1\0\1\36\0\0\0\t\0\0\0\245\0\0\0\1\1o\0,\0\0\0/org/freedesktop/impl/portal/PermissionStore\0\0\0\0\2\1s\0+\0\0\0org.freedesktop.impl.portal.PermissionStore\0\0\0\0\0"..., iov_len=184}, {iov_base="\4\0\0\0TEST\0\0\0\0\r\0\0\0test-resource\0", iov_len=30}], msg_iovlen=2, msg_controllen=0, msg_flags=0}, MSG_NOSIGNAL <unfinished ...>
2538  <... poll resumed>)               = 1 ([{fd=5, revents=POLLIN}])
2530  <... sendmsg resumed>)            = 214
2538  write(6, "\1\0\0\0\0\0\0\0", 8 <unfinished ...>
2530  epoll_wait(3,  <unfinished ...>
2538  <... write resumed>)              = 8
2530  <... epoll_wait resumed>[], 64, 0) = 0
2538  recvmsg(5,  <unfinished ...>
2530  epoll_wait(3,  <unfinished ...>
2538  <... recvmsg resumed>{msg_name=NULL, msg_namelen=0, msg_iov=[{iov_base="l\1\0\1\36\0\0\0\t\0\0\0\245\0\0\0", iov_len=16}], msg_iovlen=1, msg_controllen=0, msg_flags=MSG_CMSG_CLOEXEC}, MSG_CMSG_CLOEXEC) = 16
2538  poll([{fd=5, events=POLLIN}], 1, 0) = 1 ([{fd=5, revents=POLLIN}])
2538  recvmsg(5, {msg_name=NULL, msg_namelen=0, msg_iov=[{iov_base="\1\1o\0,\0\0\0/org/freedesktop/impl/portal/PermissionStore\0\0\0\0\2\1s\0+\0\0\0org.freedesktop.impl.portal.PermissionStore\0\0\0\0\0\6\1s\0\4\0\0\0:1.1\0\0\0\0"..., iov_len=198}], msg_iovlen=1, msg_controllen=0, msg_flags=MSG_CMSG_CLOEXEC}, MSG_CMSG_CLOEXEC) = 198
2538  write(6, "\1\0\0\0\0\0\0\0", 8)   = 8
2538  write(6, "\1\0\0\0\0\0\0\0", 8)   = 8
2538  poll([{fd=6, events=POLLIN}], 1, 0) = 1 ([{fd=6, revents=POLLIN}])
2538  read(6, "\3\0\0\0\0\0\0\0", 16)   = 8
2538  write(3, "\1\0\0\0\0\0\0\0", 8)   = 8
2535  <... poll resumed>)               = 1 ([{fd=3, revents=POLLIN}])
2538  poll([{fd=5, events=POLLIN}], 1, 0 <unfinished ...>
2535  read(3,  <unfinished ...>
2538  <... poll resumed>)               = 0 (Timeout)
2535  <... read resumed>"\1\0\0\0\0\0\0\0", 16) = 8
2538  write(6, "\1\0\0\0\0\0\0\0", 8 <unfinished ...>
2535  futex(0x7f047400eab0, FUTEX_WAIT_PRIVATE, 2, NULL <unfinished ...>
2538  <... write resumed>)              = 8
2538  futex(0x7f047400eab0, FUTEX_WAKE_PRIVATE, 1) = 1
2535  <... futex resumed>)              = 0
2538  futex(0x7f047400e840, FUTEX_WAIT_PRIVATE, 2, NULL <unfinished ...>
2535  write(6, "\1\0\0\0\0\0\0\0", 8)   = 8
2535  futex(0x7f047400eab0, FUTEX_WAKE_PRIVATE, 1) = 0
2535  futex(0x7f047400e840, FUTEX_WAKE_PRIVATE, 1 <unfinished ...>
2538  <... futex resumed>)              = 0
2535  <... futex resumed>)              = 1
2538  futex(0x7f047400e840, FUTEX_WAKE_PRIVATE, 1 <unfinished ...>
2535  futex(0x55cdb42ecce0, FUTEX_WAKE_PRIVATE, 1 <unfinished ...>
2538  <... futex resumed>)              = 0
2537  <... futex resumed>)              = 0
2535  <... futex resumed>)              = 1
2538  poll([{fd=5, events=POLLIN}, {fd=6, events=POLLIN}], 2, 0 <unfinished ...>
2537  futex(0x55cdb42eccd0, FUTEX_WAIT_PRIVATE, 2, NULL <unfinished ...>
2538  <... poll resumed>)               = 1 ([{fd=6, revents=POLLIN}])
2535  futex(0x55cdb42eccd0, FUTEX_WAKE_PRIVATE, 1 <unfinished ...>
2538  read(6,  <unfinished ...>
2537  <... futex resumed>)              = -1 EAGAIN (Resource temporarily unavailable)
2538  <... read resumed>"\2\0\0\0\0\0\0\0", 16) = 8
2535  <... futex resumed>)              = 0
2538  sendmsg(5, {msg_name=NULL, msg_namelen=0, msg_iov=[{iov_base="l\4\1\0010\0\0\0\6\0\0\0\220\0\0\0\1\1o\0,\0\0\0/org/freedesktop/impl/portal/PermissionStore\0\0\0\0\2\1s\0+\0\0\0org.freedesktop.impl.portal.PermissionStore\0\0\0\0\0"..., iov_len=208}], msg_iovlen=1, msg_controllen=0, msg_flags=0}, MSG_NOSIGNAL <unfinished ...>
2537  futex(0x55cdb42eccd0, FUTEX_WAKE_PRIVATE, 1 <unfinished ...>
2538  <... sendmsg resumed>)            = 208
2535  poll([{fd=3, events=POLLIN}], 1, -1 <unfinished ...>
2530  <... epoll_wait resumed>[{events=EPOLLIN, data={u32=9, u64=9}}], 64, -1) = 1
2538  poll([{fd=5, events=POLLIN}, {fd=6, events=POLLIN}], 2, 0 <unfinished ...>
2537  <... futex resumed>)              = 0
2538  <... poll resumed>)               = 0 (Timeout)
2530  recvmsg(9,  <unfinished ...>
2538  poll([{fd=5, events=POLLIN}, {fd=6, events=POLLIN}], 2, -1 <unfinished ...>
2537  openat(AT_FDCWD, "/tmp/xdp-test-5BAGP1/flatpak/db/TEST", O_WRONLY|O_CREAT|O_EXCL|O_CLOEXEC, 0666 <unfinished ...>
2530  <... recvmsg resumed>{msg_name=NULL, msg_namelen=0, msg_iov=[{iov_base="l\4\1\0010\0\0\0\6\0\0\0\220\0\0\0\1\1o\0,\0\0\0/org/freedesktop/impl/portal/PermissionStore\0\0\0\0\2\1s\0+\0\0\0org.freedesktop.impl.portal.PermissionStore\0\0\0\0\0"..., iov_len=2048}], msg_iovlen=1, msg_controllen=0, msg_flags=MSG_CMSG_CLOEXEC}, MSG_CMSG_CLOEXEC) = 208
2537  <... openat resumed>)             = -1 EEXIST (File exists)
2530  recvmsg(9,  <unfinished ...>
2537  openat(AT_FDCWD, "/tmp/xdp-test-5BAGP1/flatpak/db/TEST", O_WRONLY|O_CREAT|O_NOFOLLOW, 0666 <unfinished ...>
2530  <... recvmsg resumed>{msg_namelen=0}, MSG_CMSG_CLOEXEC) = -1 EAGAIN (Resource temporarily unavailable)
2537  <... openat resumed>)             = 7
2530  sendmsg(8, {msg_name=NULL, msg_namelen=0, msg_iov=[{iov_base="l\4\1\0010\0\0\0\6\0\0\0\235\0\0\0\1\1o\0,\0\0\0/org/freedesktop/impl/portal/PermissionStore\0\0\0\0\2\1s\0+\0\0\0org.freedesktop.impl.portal.PermissionStore\0\0\0\0\0"..., iov_len=176}, {iov_base="\4\0\0\0TEST\0\0\0\0\r\0\0\0test-resource\0\0\0\1\0\0\0\1y\0\0\0\0\0\0\0\0\0\0", iov_len=48}], msg_iovlen=2, msg_controllen=0, msg_flags=0}, MSG_NOSIGNAL <unfinished ...>
2537  statx(7, "", AT_STATX_SYNC_AS_STAT|AT_EMPTY_PATH, STATX_TYPE|STATX_MODE|STATX_NLINK|STATX_UID|STATX_GID|STATX_MTIME,  <unfinished ...>
2533  <... poll resumed>)               = 1 ([{fd=5, revents=POLLIN}])
2530  <... sendmsg resumed>)            = 224
2537  <... statx resumed>{stx_mask=STATX_BASIC_STATS|STATX_MNT_ID, stx_attributes=0, stx_mode=S_IFREG|0644, stx_size=258, ...}) = 0
2533  write(7, "\1\0\0\0\0\0\0\0", 8 <unfinished ...>
2537  openat(AT_FDCWD, "/tmp/xdp-test-5BAGP1/flatpak/db/.goutputstream-KEDGP1", O_WRONLY|O_CREAT|O_EXCL, 0666 <unfinished ...>
2530  epoll_wait(3,  <unfinished ...>
2537  <... openat resumed>)             = 8
2533  <... write resumed>)              = 8
2537  fchown(8, 0, 0 <unfinished ...>
2533  recvmsg(5,  <unfinished ...>
2537  <... fchown resumed>)             = 0
2533  <... recvmsg resumed>{msg_name=NULL, msg_namelen=0, msg_iov=[{iov_base="l\4\1\0010\0\0\0\6\0\0\0\235\0\0\0", iov_len=16}], msg_iovlen=1, msg_controllen=0, msg_flags=MSG_CMSG_CLOEXEC}, MSG_CMSG_CLOEXEC) = 16
2537  fchmod(8, 0644 <unfinished ...>
2533  poll([{fd=5, events=POLLIN}], 1, 0 <unfinished ...>
2537  <... fchmod resumed>)             = 0
2533  <... poll resumed>)               = 1 ([{fd=5, revents=POLLIN}])
2537  close(7 <unfinished ...>
2533  recvmsg(5,  <unfinished ...>
2537  <... close resumed>)              = 0
2533  <... recvmsg resumed>{msg_name=NULL, msg_namelen=0, msg_iov=[{iov_base="\1\1o\0,\0\0\0/org/freedesktop/impl/portal/PermissionStore\0\0\0\0\2\1s\0+\0\0\0org.freedesktop.impl.portal.PermissionStore\0\0\0\0\0\10\1g\0\nssbva{sas}\0"..., iov_len=208}], msg_iovlen=1, msg_controllen=0, msg_flags=MSG_CMSG_CLOEXEC}, MSG_CMSG_CLOEXEC) = 208
2537  write(3, "\1\0\0\0\0\0\0\0", 8 <unfinished ...>
2533  write(7, "\1\0\0\0\0\0\0\0", 8 <unfinished ...>
2537  <... write resumed>)              = 8
2535  <... poll resumed>)               = 1 ([{fd=3, revents=POLLIN}])
2537  futex(0x55cdb42ecce0, FUTEX_WAIT_PRIVATE, 4, {tv_sec=0, tv_nsec=499999261} <unfinished ...>
2533  <... write resumed>)              = 8
2535  read(3,  <unfinished ...>
2533  write(7, "\1\0\0\0\0\0\0\0", 8 <unfinished ...>
2535  <... read resumed>"\1\0\0\0\0\0\0\0", 16) = 8
2533  <... write resumed>)              = 8
2535  futex(0x55cdb42ecce0, FUTEX_WAKE_PRIVATE, 1 <unfinished ...>
2533  poll([{fd=7, events=POLLIN}], 1, 0 <unfinished ...>
2537  <... futex resumed>)              = 0
2535  <... futex resumed>)              = 1
2537  futex(0x55cdb42eccd0, FUTEX_WAIT_PRIVATE, 2, NULL <unfinished ...>
2533  <... poll resumed>)               = 1 ([{fd=7, revents=POLLIN}])
2537  <... futex resumed>)              = -1 EAGAIN (Resource temporarily unavailable)
2535  futex(0x55cdb42eccd0, FUTEX_WAKE_PRIVATE, 1 <unfinished ...>
2537  futex(0x55cdb42eccd0, FUTEX_WAKE_PRIVATE, 1 <unfinished ...>
2533  read(7,  <unfinished ...>
2537  <... futex resumed>)              = 0
2535  <... futex resumed>)              = 0
2537  write(8, "GVariant\0\0\0\0\0\0\0\0\30\0\0\0X\0\0\0\0\0\0(\2\0\0\0\0\0\0\0\1\0\0\0j\177\232|\377\377\377\377X\0\0\0\4\0H\0\\\0\0\0d\0\0\0\231+\224|\377\377\377\377d\0\0\0\4\0H\0h\0\0\0p\0\0\0main\0\0\0(\0\0\0\0apps\0\0\0(\0\0\0\0", 112 <unfinished ...>
2533  <... read resumed>"\3\0\0\0\0\0\0\0", 16) = 8
2537  <... write resumed>)              = 112
2535  poll([{fd=3, events=POLLIN}], 1, -1 <unfinished ...>
2537  write(3, "\1\0\0\0\0\0\0\0", 8 <unfinished ...>
2533  poll([{fd=5, events=POLLIN}], 1, 0 <unfinished ...>
2537  <... write resumed>)              = 8
2535  <... poll resumed>)               = 1 ([{fd=3, revents=POLLIN}])
2537  futex(0x55cdb42ecce0, FUTEX_WAIT_PRIVATE, 5, {tv_sec=0, tv_nsec=499998917} <unfinished ...>
2533  <... poll resumed>)               = 0 (Timeout)
2535  read(3,  <unfinished ...>
2533  write(7, "\1\0\0\0\0\0\0\0", 8 <unfinished ...>
2535  <... read resumed>"\1\0\0\0\0\0\0\0", 16) = 8
2533  <... write resumed>)              = 8
2535  futex(0x55cdb42ecce0, FUTEX_WAKE_PRIVATE, 1 <unfinished ...>
2533  poll([{fd=5, events=POLLIN}, {fd=7, events=POLLIN}], 2, -1 <unfinished ...>
2537  <... futex resumed>)              = 0
2535  <... futex resumed>)              = 1
2537  futex(0x55cdb42eccd0, FUTEX_WAIT_PRIVATE, 2, NULL <unfinished ...>
2533  <... poll resumed>)               = 1 ([{fd=7, revents=POLLIN}])
2537  <... futex resumed>)              = -1 EAGAIN (Resource temporarily unavailable)
2535  futex(0x55cdb42eccd0, FUTEX_WAKE_PRIVATE, 1 <unfinished ...>
2537  futex(0x55cdb42eccd0, FUTEX_WAKE_PRIVATE, 1 <unfinished ...>
2533  read(7,  <unfinished ...>
2537  <... futex resumed>)              = 0
2535  <... futex resumed>)              = 0
2537  fsync(8 <unfinished ...>
2533  <... read resumed>"\1\0\0\0\0\0\0\0", 16) = 8
2535  poll([{fd=3, events=POLLIN}], 1, -1 <unfinished ...>
2533  poll([{fd=5, events=POLLIN}, {fd=7, events=POLLIN}], 2, -1 <unfinished ...>
2537  <... fsync resumed>)              = 0
2537  rename("/tmp/xdp-test-5BAGP1/flatpak/db/.goutputstream-KEDGP1", "/tmp/xdp-test-5BAGP1/flatpak/db/TEST") = 0
2537  statx(8, "", AT_STATX_SYNC_AS_STAT|AT_EMPTY_PATH, STATX_MTIME, {stx_mask=STATX_BASIC_STATS|STATX_MNT_ID, stx_attributes=0, stx_mode=S_IFREG|0644, stx_size=112, ...}) = 0
2537  close(8)                          = 0
2537  write(3, "\1\0\0\0\0\0\0\0", 8)   = 8
2535  <... poll resumed>)               = 1 ([{fd=3, revents=POLLIN}])
2537  futex(0x55cdb42ecce0, FUTEX_WAIT_PRIVATE, 6, {tv_sec=0, tv_nsec=499998738} <unfinished ...>
2535  read(3, "\1\0\0\0\0\0\0\0", 16)   = 8
2535  write(6, "\1\0\0\0\0\0\0\0", 8 <unfinished ...>
2538  <... poll resumed>)               = 1 ([{fd=6, revents=POLLIN}])
2535  <... write resumed>)              = 8
2538  futex(0x7f047400eab0, FUTEX_WAIT_PRIVATE, 2, NULL <unfinished ...>
2535  futex(0x7f047400eab0, FUTEX_WAKE_PRIVATE, 1 <unfinished ...>
2538  <... futex resumed>)              = -1 EAGAIN (Resource temporarily unavailable)
2535  <... futex resumed>)              = 0
2538  read(6,  <unfinished ...>
2535  futex(0x7f047400eab0, FUTEX_WAIT_PRIVATE, 2, NULL <unfinished ...>
2538  <... read resumed>"\1\0\0\0\0\0\0\0", 16) = 8
2538  futex(0x7f047400eab0, FUTEX_WAKE_PRIVATE, 1) = 1
2535  <... futex resumed>)              = 0
2538  futex(0x7f047400e840, FUTEX_WAIT_PRIVATE, 2, NULL <unfinished ...>
2535  futex(0x7f047400eab0, FUTEX_WAKE_PRIVATE, 1) = 0
2535  futex(0x7f047400e840, FUTEX_WAKE_PRIVATE, 1 <unfinished ...>
2538  <... futex resumed>)              = 0
2535  <... futex resumed>)              = 1
2538  futex(0x7f047400e840, FUTEX_WAKE_PRIVATE, 1 <unfinished ...>
2535  poll([{fd=3, events=POLLIN}], 1, -1 <unfinished ...>
2538  <... futex resumed>)              = 0
2538  sendmsg(5, {msg_name=NULL, msg_namelen=0, msg_iov=[{iov_base="l\2\1\1\0\0\0\0\7\0\0\0 \0\0\0\6\1s\0\4\0\0\0:1.0\0\0\0\0\10\1g\0\0\0\0\0\5\1u\0\t\0\0\0", iov_len=48}], msg_iovlen=1, msg_controllen=0, msg_flags=0}, MSG_NOSIGNAL) = 48
2530  <... epoll_wait resumed>[{events=EPOLLIN, data={u32=9, u64=9}}], 64, -1) = 1
2538  poll([{fd=5, events=POLLIN}, {fd=6, events=POLLIN}], 2, 0 <unfinished ...>
2530  recvmsg(9,  <unfinished ...>
2538  <... poll resumed>)               = 0 (Timeout)
2530  <... recvmsg resumed>{msg_name=NULL, msg_namelen=0, msg_iov=[{iov_base="l\2\1\1\0\0\0\0\7\0\0\0 \0\0\0\6\1s\0\4\0\0\0:1.0\0\0\0\0\10\1g\0\0\0\0\0\5\1u\0\t\0\0\0", iov_len=2048}], msg_iovlen=1, msg_controllen=0, msg_flags=MSG_CMSG_CLOEXEC}, MSG_CMSG_CLOEXEC) = 48
2538  poll([{fd=5, events=POLLIN}, {fd=6, events=POLLIN}], 2, -1 <unfinished ...>
2530  recvmsg(9, {msg_namelen=0}, MSG_CMSG_CLOEXEC) = -1 EAGAIN (Resource temporarily unavailable)
2530  sendmsg(8, {msg_name=NULL, msg_namelen=0, msg_iov=[{iov_base="l\2\1\1\0\0\0\0\7\0\0\0-\0\0\0\6\1s\0\4\0\0\0:1.0\0\0\0\0\10\1g\0\0\0\0\0\5\1u\0\t\0\0\0\7\1s\0\4\0\0\0:1.1\0\0\0\0", iov_len=64}, {iov_base="", iov_len=0}], msg_iovlen=2, msg_controllen=0, msg_flags=0}, MSG_NOSIGNAL <unfinished ...>
2533  <... poll resumed>)               = 1 ([{fd=5, revents=POLLIN}])
2530  <... sendmsg resumed>)            = 64
2533  write(7, "\1\0\0\0\0\0\0\0", 8 <unfinished ...>
2530  epoll_wait(3,  <unfinished ...>
2533  <... write resumed>)              = 8
2533  recvmsg(5, {msg_name=NULL, msg_namelen=0, msg_iov=[{iov_base="l\2\1\1\0\0\0\0\7\0\0\0-\0\0\0", iov_len=16}], msg_iovlen=1, msg_controllen=0, msg_flags=MSG_CMSG_CLOEXEC}, MSG_CMSG_CLOEXEC) = 16
2533  poll([{fd=5, events=POLLIN}], 1, 0) = 1 ([{fd=5, revents=POLLIN}])
2533  recvmsg(5, {msg_name=NULL, msg_namelen=0, msg_iov=[{iov_base="\6\1s\0\4\0\0\0:1.0\0\0\0\0\10\1g\0\0\0\0\0\5\1u\0\t\0\0\0\7\1s\0\4\0\0\0:1.1\0\0\0\0", iov_len=48}], msg_iovlen=1, msg_controllen=0, msg_flags=MSG_CMSG_CLOEXEC}, MSG_CMSG_CLOEXEC) = 48
2533  write(7, "\1\0\0\0\0\0\0\0", 8)   = 8
2533  write(7, "\1\0\0\0\0\0\0\0", 8)   = 8
2533  poll([{fd=7, events=POLLIN}], 1, 0) = 1 ([{fd=7, revents=POLLIN}])
2533  read(7, "\3\0\0\0\0\0\0\0", 16)   = 8
2533  write(8, "\1\0\0\0\0\0\0\0", 8)   = 8
2525  <... poll resumed>)               = 1 ([{fd=8, revents=POLLIN}])
2533  poll([{fd=5, events=POLLIN}], 1, 0 <unfinished ...>
2525  read(8,  <unfinished ...>
2533  <... poll resumed>)               = 0 (Timeout)
2525  <... read resumed>"\1\0\0\0\0\0\0\0", 16) = 8
2533  write(7, "\1\0\0\0\0\0\0\0", 8 <unfinished ...>
2525  write(8, "\1\0\0\0\0\0\0\0", 8 <unfinished ...>
2533  <... write resumed>)              = 8
2525  <... write resumed>)              = 8
2533  poll([{fd=5, events=POLLIN}, {fd=7, events=POLLIN}], 2, -1 <unfinished ...>
2525  futex(0x55f682ffefb0, FUTEX_WAKE_PRIVATE, 2147483647 <unfinished ...>
2533  <... poll resumed>)               = 1 ([{fd=7, revents=POLLIN}])
2525  <... futex resumed>)              = 0
2533  read(7,  <unfinished ...>
2525  close(8 <unfinished ...>
2533  <... read resumed>"\1\0\0\0\0\0\0\0", 16) = 8
2525  <... close resumed>)              = 0
2533  poll([{fd=5, events=POLLIN}, {fd=7, events=POLLIN}], 2, -1 <unfinished ...>
2525  poll([{fd=4, events=POLLIN}], 1, 0) = 0 (Timeout)
2525  write(1, "ok 2 /permissions/change", 24) = 24
2525  write(1, "\n", 1)                 = 1
2525  eventfd2(0, EFD_CLOEXEC|EFD_NONBLOCK) = 8
2525  write(8, "\1\0\0\0\0\0\0\0", 8)   = 8
2525  write(7, "\1\0\0\0\0\0\0\0", 8 <unfinished ...>
2533  <... poll resumed>)               = 1 ([{fd=7, revents=POLLIN}])
2525  <... write resumed>)              = 8
2533  futex(0x55f682ff8d50, FUTEX_WAIT_PRIVATE, 2, NULL <unfinished ...>
2525  futex(0x55f682ff8d50, FUTEX_WAKE_PRIVATE, 1 <unfinished ...>
2533  <... futex resumed>)              = -1 EAGAIN (Resource temporarily unavailable)
2525  <... futex resumed>)              = 0
2533  read(7,  <unfinished ...>
2525  futex(0x55f682ff8d50, FUTEX_WAIT_PRIVATE, 2, NULL <unfinished ...>
2533  <... read resumed>"\1\0\0\0\0\0\0\0", 16) = 8
2533  futex(0x55f682ff8d50, FUTEX_WAKE_PRIVATE, 1) = 1
2525  <... futex resumed>)              = 0
2533  futex(0x55f682ff8a00, FUTEX_WAIT_PRIVATE, 2, NULL <unfinished ...>
2525  futex(0x55f682ff8d50, FUTEX_WAKE_PRIVATE, 1) = 0
2525  futex(0x55f682ff8a00, FUTEX_WAKE_PRIVATE, 1 <unfinished ...>
2533  <... futex resumed>)              = 0
2525  <... futex resumed>)              = 1
2533  futex(0x55f682ff8a00, FUTEX_WAKE_PRIVATE, 1 <unfinished ...>
2525  poll([{fd=8, events=POLLIN}], 1, 25000 <unfinished ...>
2533  <... futex resumed>)              = 0
2525  <... poll resumed>)               = 1 ([{fd=8, revents=POLLIN}])
