2533  recvmsg(5, {msg_name=NULL, msg_namelen=0, msg_iov=[{iov_base="\4\1s\0%\0\0\0org.freedesktop.portal.Error.NotFound\0\0\0\6\1s\0\4\0\0\0:1.0\0\0\0\0\10\1g\0\1s\0\0\5\1u\0\24\0\0\0\7\1s\0\4\0\0\0:1.1\0\0\0\0\24\0\0\0No entry for inhibit\0", iov_len=121}], msg_iovlen=1, msg_controllen=0, msg_flags=MSG_CMSG_CLOEXEC}, MSG_CMSG_CLOEXEC) = 121
2533  write(7, "\1\0\0\0\0\0\0\0", 8)   = 8
2533  write(7, "\1\0\0\0\0\0\0\0", 8)   = 8
2533  poll([{fd=7, events=POLLIN}], 1, 0) = 1 ([{fd=7, revents=POLLIN}])
2533  read(7, "\3\0\0\0\0\0\0\0", 16)   = 8
2533  write(8, "\1\0\0\0\0\0\0\0", 8)   = 8
2525  <... poll resumed>)               = 1 ([{fd=8, revents=POLLIN}])
2533  poll([{fd=5, events=POLLIN}], 1, 0 <unfinished ...>
2525  read(8,  <unfinished ...>
2533  <... poll resumed>)               = 0 (Timeout)
2525  <... read resumed>"\1\0\0\0\0\0\0\0", 16) = 8
2533  write(7, "\1\0\0\0\0\0\0\0", 8 <unfinished ...>
2525  write(8, "\1\0\0\0\0\0\0\0", 8 <unfinished ...>
2533  <... write resumed>)              = 8
2525  <... write resumed>)              = 8
2533  poll([{fd=5, events=POLLIN}, {fd=7, events=POLLIN}], 2, -1 <unfinished ...>
2525  futex(0x55f683002cb0, FUTEX_WAKE_PRIVATE, 2147483647 <unfinished ...>
2533  <... poll resumed>)               = 1 ([{fd=7, revents=POLLIN}])
2525  <... futex resumed>)              = 0
2533  read(7,  <unfinished ...>
2525  close(8 <unfinished ...>
2533  <... read resumed>"\1\0\0\0\0\0\0\0", 16) = 8
2525  <... close resumed>)              = 0
2533  poll([{fd=5, events=POLLIN}, {fd=7, events=POLLIN}], 2, -1 <unfinished ...>
2525  write(1, "ok 6 /permissions/delete3", 25) = 25
2525  write(1, "\n", 1)                 = 1
2525  write(7, "\1\0\0\0\0\0\0\0", 8 <unfinished ...>
2533  <... poll resumed>)               = 1 ([{fd=7, revents=POLLIN}])
2525  <... write resumed>)              = 8
2533  futex(0x55f682ff8d50, FUTEX_WAIT_PRIVATE, 2, NULL <unfinished ...>
2525  futex(0x55f682ff8d50, FUTEX_WAKE_PRIVATE, 1 <unfinished ...>
2533  <... futex resumed>)              = -1 EAGAIN (Resource temporarily unavailable)
2525  <... futex resumed>)              = 0
2533  read(7,  <unfinished ...>
2525  futex(0x55f682ff8d50, FUTEX_WAIT_PRIVATE, 2, NULL <unfinished ...>
2533  <... read resumed>"\1\0\0\0\0\0\0\0", 16) = 8
2533  futex(0x55f682ff8d50, FUTEX_WAKE_PRIVATE, 1) = 1
2525  <... futex resumed>)              = 0
2533  futex(0x55f682ff8a00, FUTEX_WAIT_PRIVATE, 2, NULL <unfinished ...>
2525  futex(0x55f682ff8d50, FUTEX_WAKE_PRIVATE, 1) = 0
2525  futex(0x55f682ff8a00, FUTEX_WAKE_PRIVATE, 1 <unfinished ...>
2533  <... futex resumed>)              = 0
2525  <... futex resumed>)              = 1
2533  futex(0x55f682ff8a00, FUTEX_WAKE_PRIVATE, 1 <unfinished ...>
2525  poll([{fd=4, events=POLLIN}], 1, 25000 <unfinished ...>
2533  <... futex resumed>)              = 0
2525  <... poll resumed>)               = 1 ([{fd=4, revents=POLLIN}])
2533  sendmsg(5, {msg_name=NULL, msg_namelen=0, msg_iov=[{iov_base="l\1\0\1@\0\0\0\25\0\0\0\246\0\0\0\1\1o\0,\0\0\0/org/freedesktop/impl/portal/PermissionStore\0\0\0\0\2\1s\0+\0\0\0org.freedesktop.impl.portal.PermissionStore\0\0\0\0\0"..., iov_len=248}], msg_iovlen=1, msg_controllen=0, msg_flags=0}, MSG_NOSIGNAL <unfinished ...>
2525  read(4,  <unfinished ...>
2533  <... sendmsg resumed>)            = 248
2530  <... epoll_wait resumed>[{events=EPOLLIN, data={u32=8, u64=8}}], 64, -1) = 1
2533  poll([{fd=5, events=POLLIN}, {fd=7, events=POLLIN}], 2, 0 <unfinished ...>
2525  <... read resumed>"\1\0\0\0\0\0\0\0", 16) = 8
2533  <... poll resumed>)               = 0 (Timeout)
2530  recvmsg(8,  <unfinished ...>
2533  sendmsg(5, {msg_name=NULL, msg_namelen=0, msg_iov=[{iov_base="l\1\0\1@\0\0\0\26\0\0\0\246\0\0\0\1\1o\0,\0\0\0/org/freedesktop/impl/portal/PermissionStore\0\0\0\0\2\1s\0+\0\0\0org.freedesktop.impl.portal.PermissionStore\0\0\0\0\0"..., iov_len=248}], msg_iovlen=1, msg_controllen=0, msg_flags=0}, MSG_NOSIGNAL <unfinished ...>
2525  poll([{fd=4, events=POLLIN}], 1, 24999 <unfinished ...>
2533  <... sendmsg resumed>)            = 248
2530  <... recvmsg resumed>{msg_name=NULL, msg_namelen=0, msg_iov=[{iov_base="l\1\0\1@\0\0\0\25\0\0\0\246\0\0\0\1\1o\0,\0\0\0/org/freedesktop/impl/portal/PermissionStore\0\0\0\0\2\1s\0+\0\0\0org.freedesktop.impl.portal.PermissionStore\0\0\0\0\0"..., iov_len=2048}], msg_iovlen=1, msg_controllen=0, msg_flags=MSG_CMSG_CLOEXEC}, MSG_CMSG_CLOEXEC) = 248
2533  poll([{fd=5, events=POLLIN}, {fd=7, events=POLLIN}], 2, 0 <unfinished ...>
2530  recvmsg(8,  <unfinished ...>
2533  <... poll resumed>)               = 0 (Timeout)
2530  <... recvmsg resumed>{msg_name=NULL, msg_namelen=0, msg_iov=[{iov_base="l\1\0\1@\0\0\0\26\0\0\0\246\0\0\0\1\1o\0,\0\0\0/org/freedesktop/impl/portal/PermissionStore\0\0\0\0\2\1s\0+\0\0\0org.freedesktop.impl.portal.PermissionStore\0\0\0\0\0"..., iov_len=2048}], msg_iovlen=1, msg_controllen=0, msg_flags=MSG_CMSG_CLOEXEC}, MSG_CMSG_CLOEXEC) = 248
2533  sendmsg(5, {msg_name=NULL, msg_namelen=0, msg_iov=[{iov_base="l\1\0\1\36\0\0\0\27\0\0\0\251\0\0\0\1\1o\0,\0\0\0/org/freedesktop/impl/portal/PermissionStore\0\0\0\0\2\1s\0+\0\0\0org.freedesktop.impl.portal.PermissionStore\0\0\0\0\0"..., iov_len=222}], msg_iovlen=1, msg_controllen=0, msg_flags=0}, MSG_NOSIGNAL <unfinished ...>
2530  recvmsg(8,  <unfinished ...>
2533  <... sendmsg resumed>)            = 222
2530  <... recvmsg resumed>{msg_name=NULL, msg_namelen=0, msg_iov=[{iov_base="l\1\0\1\36\0\0\0\27\0\0\0\251\0\0\0\1\1o\0,\0\0\0/org/freedesktop/impl/portal/PermissionStore\0\0\0\0\2\1s\0+\0\0\0org.freedesktop.impl.portal.PermissionStore\0\0\0\0\0"..., iov_len=2048}], msg_iovlen=1, msg_controllen=0, msg_flags=MSG_CMSG_CLOEXEC}, MSG_CMSG_CLOEXEC) = 222
2533  poll([{fd=5, events=POLLIN}, {fd=7, events=POLLIN}], 2, 0 <unfinished ...>
2530  recvmsg(8,  <unfinished ...>
2533  <... poll resumed>)               = 0 (Timeout)
2530  <... recvmsg resumed>{msg_namelen=0}, MSG_CMSG_CLOEXEC) = -1 EAGAIN (Resource temporarily unavailable)
2533  poll([{fd=5, events=POLLIN}, {fd=7, events=POLLIN}], 2, -1 <unfinished ...>
2530  sendmsg(9, {msg_name=NULL, msg_namelen=0, msg_iov=[{iov_base="l\1\0\1@\0\0\0\25\0\0\0\265\0\0\0\1\1o\0,\0\0\0/org/freedesktop/impl/portal/PermissionStore\0\0\0\0\2\1s\0+\0\0\0org.freedesktop.impl.portal.PermissionStore\0\0\0\0\0"..., iov_len=200}, {iov_base="\7\0\0\0inhibit\0\1\0\0\0\7\0\0\0inhibit\0\1\0\0\0a\0\0\0\30\0\0\0\6\0\0\0logout\0\0\7\0\0\0suspend\0", iov_len=64}], msg_iovlen=2, msg_controllen=0, msg_flags=0}, MSG_NOSIGNAL <unfinished ...>
2538  <... poll resumed>)               = 1 ([{fd=5, revents=POLLIN}])
2530  <... sendmsg resumed>)            = 264
2538  write(6, "\1\0\0\0\0\0\0\0", 8 <unfinished ...>
2530  sendmsg(9, {msg_name=NULL, msg_namelen=0, msg_iov=[{iov_base="l\1\0\1@\0\0\0\26\0\0\0\265\0\0\0\1\1o\0,\0\0\0/org/freedesktop/impl/portal/PermissionStore\0\0\0\0\2\1s\0+\0\0\0org.freedesktop.impl.portal.PermissionStore\0\0\0\0\0"..., iov_len=200}, {iov_base="\7\0\0\0inhibit\0\1\0\0\0\7\0\0\0inhibit\0\1\0\0\0b\0\0\0\30\0\0\0\6\0\0\0logout\0\0\7\0\0\0suspend\0", iov_len=64}], msg_iovlen=2, msg_controllen=0, msg_flags=0}, MSG_NOSIGNAL <unfinished ...>
2538  <... write resumed>)              = 8
2530  <... sendmsg resumed>)            = 264
2538  recvmsg(5,  <unfinished ...>
2530  sendmsg(9, {msg_name=NULL, msg_namelen=0, msg_iov=[{iov_base="l\1\0\1\36\0\0\0\27\0\0\0\275\0\0\0\1\1o\0,\0\0\0/org/freedesktop/impl/portal/PermissionStore\0\0\0\0\2\1s\0+\0\0\0org.freedesktop.impl.portal.PermissionStore\0\0\0\0\0"..., iov_len=208}, {iov_base="\7\0\0\0inhibit\0\7\0\0\0inhibit\0\1\0\0\0a\0", iov_len=30}], msg_iovlen=2, msg_controllen=0, msg_flags=0}, MSG_NOSIGNAL <unfinished ...>
2538  <... recvmsg resumed>{msg_name=NULL, msg_namelen=0, msg_iov=[{iov_base="l\1\0\1@\0\0\0\25\0\0\0\265\0\0\0", iov_len=16}], msg_iovlen=1, msg_controllen=0, msg_flags=MSG_CMSG_CLOEXEC}, MSG_CMSG_CLOEXEC) = 16
2530  <... sendmsg resumed>)            = 238
2538  poll([{fd=5, events=POLLIN}], 1, 0 <unfinished ...>
2530  epoll_wait(3,  <unfinished ...>
2538  <... poll resumed>)               = 1 ([{fd=5, revents=POLLIN}])
2530  <... epoll_wait resumed>[], 64, 0) = 0
2538  recvmsg(5,  <unfinished ...>
2530  epoll_wait(3,  <unfinished ...>
2538  <... recvmsg resumed>{msg_name=NULL, msg_namelen=0, msg_iov=[{iov_base="\1\1o\0,\0\0\0/org/freedesktop/impl/portal/PermissionStore\0\0\0\0\2\1s\0+\0\0\0org.freedesktop.impl.portal.PermissionStore\0\0\0\0\0\6\1s\0\4\0\0\0:1.1\0\0\0\0"..., iov_len=248}], msg_iovlen=1, msg_controllen=0, msg_flags=MSG_CMSG_CLOEXEC}, MSG_CMSG_CLOEXEC) = 248
2538  write(6, "\1\0\0\0\0\0\0\0", 8)   = 8
2538  write(6, "\1\0\0\0\0\0\0\0", 8)   = 8
2538  poll([{fd=6, events=POLLIN}], 1, 0) = 1 ([{fd=6, revents=POLLIN}])
2538  read(6, "\3\0\0\0\0\0\0\0", 16)   = 8
2538  write(3, "\1\0\0\0\0\0\0\0", 8)   = 8
2535  <... poll resumed>)               = 1 ([{fd=3, revents=POLLIN}])
2538  poll([{fd=5, events=POLLIN}], 1, 0 <unfinished ...>
2535  read(3,  <unfinished ...>
2538  <... poll resumed>)               = 1 ([{fd=5, revents=POLLIN}])
2535  <... read resumed>"\1\0\0\0\0\0\0\0", 16) = 8
2538  recvmsg(5,  <unfinished ...>
2535  write(6, "\1\0\0\0\0\0\0\0", 8 <unfinished ...>
2538  <... recvmsg resumed>{msg_name=NULL, msg_namelen=0, msg_iov=[{iov_base="l\1\0\1@\0\0\0\26\0\0\0\265\0\0\0", iov_len=16}], msg_iovlen=1, msg_controllen=0, msg_flags=MSG_CMSG_CLOEXEC}, MSG_CMSG_CLOEXEC) = 16
2535  <... write resumed>)              = 8
2538  futex(0x7f047400eab0, FUTEX_WAIT_PRIVATE, 2, NULL <unfinished ...>
2535  futex(0x7f047400eab0, FUTEX_WAKE_PRIVATE, 1 <unfinished ...>
2538  <... futex resumed>)              = -1 EAGAIN (Resource temporarily unavailable)
2535  <... futex resumed>)              = 0
2538  futex(0x7f047400eab0, FUTEX_WAKE_PRIVATE, 1 <unfinished ...>
2535  futex(0x55cdb42ecce0, FUTEX_WAKE_PRIVATE, 1 <unfinished ...>
2538  <... futex resumed>)              = 0
2537  <... futex resumed>)              = 0
2535  <... futex resumed>)              = 1
2538  poll([{fd=6, events=POLLIN}], 1, 0 <unfinished ...>
2537  futex(0x55cdb42eccd0, FUTEX_WAIT_PRIVATE, 2, NULL <unfinished ...>
2538  <... poll resumed>)               = 1 ([{fd=6, revents=POLLIN}])
2535  futex(0x55cdb42eccd0, FUTEX_WAKE_PRIVATE, 1 <unfinished ...>
2538  read(6,  <unfinished ...>
2537  <... futex resumed>)              = -1 EAGAIN (Resource temporarily unavailable)
2538  <... read resumed>"\1\0\0\0\0\0\0\0", 16) = 8
2535  <... futex resumed>)              = 0
2538  sendmsg(5, {msg_name=NULL, msg_namelen=0, msg_iov=[{iov_base="l\4\1\1L\0\0\0\31\0\0\0\220\0\0\0\1\1o\0,\0\0\0/org/freedesktop/impl/portal/PermissionStore\0\0\0\0\2\1s\0+\0\0\0org.freedesktop.impl.portal.PermissionStore\0\0\0\0\0"..., iov_len=236}], msg_iovlen=1, msg_controllen=0, msg_flags=0}, MSG_NOSIGNAL <unfinished ...>
2537  futex(0x55cdb42eccd0, FUTEX_WAKE_PRIVATE, 1 <unfinished ...>
2538  <... sendmsg resumed>)            = 236
2535  poll([{fd=3, events=POLLIN}], 1, -1 <unfinished ...>
2530  <... epoll_wait resumed>[{events=EPOLLIN, data={u32=9, u64=9}}], 64, -1) = 1
2538  poll([{fd=5, events=POLLIN}], 1, 0 <unfinished ...>
2537  <... futex resumed>)              = 0
2538  <... poll resumed>)               = 1 ([{fd=5, revents=POLLIN}])
2530  recvmsg(9,  <unfinished ...>
2538  recvmsg(5,  <unfinished ...>
2537  openat(AT_FDCWD, "/tmp/xdp-test-5BAGP1/flatpak/db/inhibit", O_WRONLY|O_CREAT|O_EXCL|O_CLOEXEC, 0666 <unfinished ...>
2538  <... recvmsg resumed>{msg_name=NULL, msg_namelen=0, msg_iov=[{iov_base="\1\1o\0,\0\0\0/org/freedesktop/impl/portal/PermissionStore\0\0\0\0\2\1s\0+\0\0\0org.freedesktop.impl.portal.PermissionStore\0\0\0\0\0\6\1s\0\4\0\0\0:1.1\0\0\0\0"..., iov_len=248}], msg_iovlen=1, msg_controllen=0, msg_flags=MSG_CMSG_CLOEXEC}, MSG_CMSG_CLOEXEC) = 248
2530  <... recvmsg resumed>{msg_name=NULL, msg_namelen=0, msg_iov=[{iov_base="l\4\1\1L\0\0\0\31\0\0\0\220\0\0\0\1\1o\0,\0\0\0/org/freedesktop/impl/portal/PermissionStore\0\0\0\0\2\1s\0+\0\0\0org.freedesktop.impl.portal.PermissionStore\0\0\0\0\0"..., iov_len=2048}], msg_iovlen=1, msg_controllen=0, msg_flags=MSG_CMSG_CLOEXEC}, MSG_CMSG_CLOEXEC) = 236
2538  poll([{fd=6, events=POLLIN}], 1, 0 <unfinished ...>
2537  <... openat resumed>)             = -1 EEXIST (File exists)
2538  <... poll resumed>)               = 0 (Timeout)
2530  recvmsg(9,  <unfinished ...>
2538  write(3, "\1\0\0\0\0\0\0\0", 8 <unfinished ...>
2537  openat(AT_FDCWD, "/tmp/xdp-test-5BAGP1/flatpak/db/inhibit", O_WRONLY|O_CREAT|O_NOFOLLOW, 0666 <unfinished ...>
2538  <... write resumed>)              = 8
2535  <... poll resumed>)               = 1 ([{fd=3, revents=POLLIN}])
2530  <... recvmsg resumed>{msg_namelen=0}, MSG_CMSG_CLOEXEC) = -1 EAGAIN (Resource temporarily unavailable)
2538  poll([{fd=5, events=POLLIN}], 1, 0 <unfinished ...>
2537  <... openat resumed>)             = 7
2535  read(3,  <unfinished ...>
2538  <... poll resumed>)               = 1 ([{fd=5, revents=POLLIN}])
2537  statx(7, "", AT_STATX_SYNC_AS_STAT|AT_EMPTY_PATH, STATX_TYPE|STATX_MODE|STATX_NLINK|STATX_UID|STATX_GID|STATX_MTIME,  <unfinished ...>
2530  sendmsg(8, {msg_name=NULL, msg_namelen=0, msg_iov=[{iov_base="l\4\1\1L\0\0\0\31\0\0\0\235\0\0\0\1\1o\0,\0\0\0/org/freedesktop/impl/portal/PermissionStore\0\0\0\0\2\1s\0+\0\0\0org.freedesktop.impl.portal.PermissionStore\0\0\0\0\0"..., iov_len=176}, {iov_base="\7\0\0\0inhibit\0\7\0\0\0inhibit\0\0\0\0\0\1y\0\0$\0\0\0\0\0\0\0\1\0\0\0a\0\0\0\30\0\0\0\6\0\0\0logout\0\0\7\0\0\0suspend\0", iov_len=76}], msg_iovlen=2, msg_controllen=0, msg_flags=0}, MSG_NOSIGNAL <unfinished ...>
2538  recvmsg(5,  <unfinished ...>
2537  <... statx resumed>{stx_mask=STATX_BASIC_STATS|STATX_MNT_ID, stx_attributes=0, stx_mode=S_IFREG|0644, stx_size=112, ...}) = 0
2535  <... read resumed>"\1\0\0\0\0\0\0\0", 16) = 8
2538  <... recvmsg resumed>{msg_name=NULL, msg_namelen=0, msg_iov=[{iov_base="l\1\0\1\36\0\0\0\27\0\0\0\275\0\0\0", iov_len=16}], msg_iovlen=1, msg_controllen=0, msg_flags=MSG_CMSG_CLOEXEC}, MSG_CMSG_CLOEXEC) = 16
2537  openat(AT_FDCWD, "/tmp/xdp-test-5BAGP1/flatpak/db/.goutputstream-HG4WP1", O_WRONLY|O_CREAT|O_EXCL, 0666 <unfinished ...>
2533  <... poll resumed>)               = 1 ([{fd=5, revents=POLLIN}])
2530  <... sendmsg resumed>)            = 252
2538  futex(0x7f047400eab0, FUTEX_WAIT_PRIVATE, 2, NULL <unfinished ...>
2537  <... openat resumed>)             = 8
2535  write(6, "\1\0\0\0\0\0\0\0", 8 <unfinished ...>
2533  write(7, "\1\0\0\0\0\0\0\0", 8 <unfinished ...>
2537  fchown(8, 0, 0 <unfinished ...>
2535  <... write resumed>)              = 8
2530  epoll_wait(3,  <unfinished ...>
2537  <... fchown resumed>)             = 0
2535  futex(0x7f047400eab0, FUTEX_WAKE_PRIVATE, 1 <unfinished ...>
2533  <... write resumed>)              = 8
2538  <... futex resumed>)              = 0
2537  fchmod(8, 0644 <unfinished ...>
2535  <... futex resumed>)              = 1
2538  futex(0x7f047400eab0, FUTEX_WAKE_PRIVATE, 1 <unfinished ...>
2537  <... fchmod resumed>)             = 0
2533  recvmsg(5,  <unfinished ...>
2538  <... futex resumed>)              = 0
2537  close(7 <unfinished ...>
2535  poll([{fd=3, events=POLLIN}], 1, -1 <unfinished ...>
2538  poll([{fd=6, events=POLLIN}], 1, 0 <unfinished ...>
2537  <... close resumed>)              = 0
2533  <... recvmsg resumed>{msg_name=NULL, msg_namelen=0, msg_iov=[{iov_base="l\4\1\1L\0\0\0\31\0\0\0\235\0\0\0", iov_len=16}], msg_iovlen=1, msg_controllen=0, msg_flags=MSG_CMSG_CLOEXEC}, MSG_CMSG_CLOEXEC) = 16
2538  <... poll resumed>)               = 1 ([{fd=6, revents=POLLIN}])
2537  write(3, "\1\0\0\0\0\0\0\0", 8 <unfinished ...>
2538  read(6,  <unfinished ...>
2533  poll([{fd=5, events=POLLIN}], 1, 0 <unfinished ...>
2538  <... read resumed>"\1\0\0\0\0\0\0\0", 16) = 8
2537  <... write resumed>)              = 8
2535  <... poll resumed>)               = 1 ([{fd=3, revents=POLLIN}])
2538  sendmsg(5, {msg_name=NULL, msg_namelen=0, msg_iov=[{iov_base="l\4\1\1t\0\0\0\32\0\0\0\220\0\0\0\1\1o\0,\0\0\0/org/freedesktop/impl/portal/PermissionStore\0\0\0\0\2\1s\0+\0\0\0org.freedesktop.impl.portal.PermissionStore\0\0\0\0\0"..., iov_len=276}], msg_iovlen=1, msg_controllen=0, msg_flags=0}, MSG_NOSIGNAL <unfinished ...>
2537  futex(0x55cdb42ecce0, FUTEX_WAIT_PRIVATE, 25, {tv_sec=0, tv_nsec=499998716} <unfinished ...>
2533  <... poll resumed>)               = 1 ([{fd=5, revents=POLLIN}])
2538  <... sendmsg resumed>)            = 276
2535  read(3,  <unfinished ...>
2530  <... epoll_wait resumed>[{events=EPOLLIN, data={u32=9, u64=9}}], 64, -1) = 1
2538  poll([{fd=5, events=POLLIN}], 1, 0 <unfinished ...>
2535  <... read resumed>"\1\0\0\0\0\0\0\0", 16) = 8
2533  recvmsg(5,  <unfinished ...>
2538  <... poll resumed>)               = 1 ([{fd=5, revents=POLLIN}])
2535  futex(0x55cdb42ecce0, FUTEX_WAKE_PRIVATE, 1 <unfinished ...>
2530  recvmsg(9,  <unfinished ...>
2538  recvmsg(5,  <unfinished ...>
2537  <... futex resumed>)              = 0
2535  <... futex resumed>)              = 1
2533  <... recvmsg resumed>{msg_name=NULL, msg_namelen=0, msg_iov=[{iov_base="\1\1o\0,\0\0\0/org/freedesktop/impl/portal/PermissionStore\0\0\0\0\2\1s\0+\0\0\0org.freedesktop.impl.portal.PermissionStore\0\0\0\0\0\10\1g\0\nssbva{sas}\0"..., iov_len=236}], msg_iovlen=1, msg_controllen=0, msg_flags=MSG_CMSG_CLOEXEC}, MSG_CMSG_CLOEXEC) = 236
2538  <... recvmsg resumed>{msg_name=NULL, msg_namelen=0, msg_iov=[{iov_base="\1\1o\0,\0\0\0/org/freedesktop/impl/portal/PermissionStore\0\0\0\0\2\1s\0+\0\0\0org.freedesktop.impl.portal.PermissionStore\0\0\0\0\0\6\1s\0\4\0\0\0:1.1\0\0\0\0"..., iov_len=222}], msg_iovlen=1, msg_controllen=0, msg_flags=MSG_CMSG_CLOEXEC}, MSG_CMSG_CLOEXEC) = 222
2537  futex(0x55cdb42eccd0, FUTEX_WAIT_PRIVATE, 2, NULL <unfinished ...>
2535  futex(0x55cdb42eccd0, FUTEX_WAKE_PRIVATE, 1 <unfinished ...>
2530  <... recvmsg resumed>{msg_name=NULL, msg_namelen=0, msg_iov=[{iov_base="l\4\1\1t\0\0\0\32\0\0\0\220\0\0\0\1\1o\0,\0\0\0/org/freedesktop/impl/portal/PermissionStore\0\0\0\0\2\1s\0+\0\0\0org.freedesktop.impl.portal.PermissionStore\0\0\0\0\0"..., iov_len=2048}], msg_iovlen=1, msg_controllen=0, msg_flags=MSG_CMSG_CLOEXEC}, MSG_CMSG_CLOEXEC) = 276
2538  poll([{fd=6, events=POLLIN}], 1, 0 <unfinished ...>
2537  <... futex resumed>)              = -1 EAGAIN (Resource temporarily unavailable)
2535  <... futex resumed>)              = 0
2533  write(7, "\1\0\0\0\0\0\0\0", 8 <unfinished ...>
2538  <... poll resumed>)               = 0 (Timeout)
2537  futex(0x55cdb42eccd0, FUTEX_WAKE_PRIVATE, 1 <unfinished ...>
2535  poll([{fd=3, events=POLLIN}], 1, -1 <unfinished ...>
2530  recvmsg(9,  <unfinished ...>
2538  write(3, "\1\0\0\0\0\0\0\0", 8 <unfinished ...>
2537  <... futex resumed>)              = 0
2533  <... write resumed>)              = 8
2538  <... write resumed>)              = 8
2537  write(8, "GVariant\0\0\0\0\0\0\0\0\30\0\0\0X\0\0\0\0\0\0(\2\0\0\0\0\0\0\0\1\0\0\0j\177\232|\377\377\377\377X\0\0\0\4\0H\0\\\0\0\0\200\0\0\0\231+\224|\377\377\377\377\253\0\0\0\4\0H\0\260\0\0\0\324\0\0\0main\0\0\0(\1\0\0\0\0\0\0\0\3144\217\236\377\377\377\377\200\0\0\0\7\0v\0\210\0\0\0\253\0\0\0"..., 228 <unfinished ...>
2535  <... poll resumed>)               = 1 ([{fd=3, revents=POLLIN}])
2530  <... recvmsg resumed>{msg_namelen=0}, MSG_CMSG_CLOEXEC) = -1 EAGAIN (Resource temporarily unavailable)
2538  poll([{fd=5, events=POLLIN}], 1, 0 <unfinished ...>
2537  <... write resumed>)              = 228
2535  read(3,  <unfinished ...>
2533  write(7, "\1\0\0\0\0\0\0\0", 8 <unfinished ...>
2538  <... poll resumed>)               = 0 (Timeout)
2537  futex(0x55cdb42f4010, FUTEX_WAIT_PRIVATE, 2, NULL <unfinished ...>
2535  <... read resumed>"\1\0\0\0\0\0\0\0", 16) = 8
2530  sendmsg(8, {msg_name=NULL, msg_namelen=0, msg_iov=[{iov_base="l\4\1\1t\0\0\0\32\0\0\0\235\0\0\0\1\1o\0,\0\0\0/org/freedesktop/impl/portal/PermissionStore\0\0\0\0\2\1s\0+\0\0\0org.freedesktop.impl.portal.PermissionStore\0\0\0\0\0"..., iov_len=176}, {iov_base="\7\0\0\0inhibit\0\7\0\0\0inhibit\0\0\0\0\0\1y\0\0L\0\0\0\0\0\0\0\1\0\0\0a\0\0\0\30\0\0\0\6\0\0\0logout\0\0\7\0\0\0suspend\0\0\0\0\0\1\0\0\0b\0\0\0\30\0\0\0\6\0\0\0logout\0\0\7\0\0\0suspend\0", iov_len=116}], msg_iovlen=2, msg_controllen=0, msg_flags=0}, MSG_NOSIGNAL <unfinished ...>
2538  write(6, "\1\0\0\0\0\0\0\0", 8 <unfinished ...>
2535  futex(0x55cdb42f4010, FUTEX_WAKE_PRIVATE, 1 <unfinished ...>
2533  <... write resumed>)              = 8
2538  <... write resumed>)              = 8
2537  <... futex resumed>)              = 0
2535  <... futex resumed>)              = 1
2530  <... sendmsg resumed>)            = 292
2538  poll([{fd=5, events=POLLIN}, {fd=6, events=POLLIN}], 2, -1 <unfinished ...>
2537  write(3, "\1\0\0\0\0\0\0\0", 8 <unfinished ...>
2535  futex(0x55cdb42f4010, FUTEX_WAIT_PRIVATE, 2, NULL <unfinished ...>
2533  poll([{fd=7, events=POLLIN}], 1, 0 <unfinished ...>
2538  <... poll resumed>)               = 1 ([{fd=6, revents=POLLIN}])
2537  <... write resumed>)              = 8
2530  epoll_wait(3,  <unfinished ...>
2538  read(6,  <unfinished ...>
2537  futex(0x55cdb42f4010, FUTEX_WAKE_PRIVATE, 1 <unfinished ...>
2533  <... poll resumed>)               = 1 ([{fd=7, revents=POLLIN}])
2538  <... read resumed>"\1\0\0\0\0\0\0\0", 16) = 8
2537  <... futex resumed>)              = 1
2535  <... futex resumed>)              = 0
2538  poll([{fd=5, events=POLLIN}, {fd=6, events=POLLIN}], 2, -1 <unfinished ...>
2537  futex(0x55cdb42ecce0, FUTEX_WAIT_PRIVATE, 26, {tv_sec=0, tv_nsec=499998635} <unfinished ...>
2533  read(7,  <unfinished ...>
2535  futex(0x55cdb42f4010, FUTEX_WAKE_PRIVATE, 1 <unfinished ...>
2533  <... read resumed>"\3\0\0\0\0\0\0\0", 16) = 8
2535  <... futex resumed>)              = 0
2533  write(4, "\1\0\0\0\0\0\0\0", 8 <unfinished ...>
2535  write(6, "\1\0\0\0\0\0\0\0", 8 <unfinished ...>
2533  <... write resumed>)              = 8
2525  <... poll resumed>)               = 1 ([{fd=4, revents=POLLIN}])
2538  <... poll resumed>)               = 1 ([{fd=6, revents=POLLIN}])
2535  <... write resumed>)              = 8
2533  poll([{fd=5, events=POLLIN}], 1, 0 <unfinished ...>
2538  futex(0x7f047400eab0, FUTEX_WAIT_PRIVATE, 2, NULL <unfinished ...>
2535  futex(0x7f047400eab0, FUTEX_WAKE_PRIVATE, 1 <unfinished ...>
2525  read(4,  <unfinished ...>
2538  <... futex resumed>)              = -1 EAGAIN (Resource temporarily unavailable)
2535  <... futex resumed>)              = 0
2533  <... poll resumed>)               = 1 ([{fd=5, revents=POLLIN}])
2538  read(6,  <unfinished ...>
2535  futex(0x7f047400eab0, FUTEX_WAIT_PRIVATE, 2, NULL <unfinished ...>
2525  <... read resumed>"\1\0\0\0\0\0\0\0", 16) = 8
2538  <... read resumed>"\1\0\0\0\0\0\0\0", 16) = 8
2533  recvmsg(5,  <unfinished ...>
2538  futex(0x7f047400eab0, FUTEX_WAKE_PRIVATE, 1 <unfinished ...>
2525  poll([{fd=4, events=POLLIN}], 1, 24957 <unfinished ...>
2538  <... futex resumed>)              = 1
2535  <... futex resumed>)              = 0
2533  <... recvmsg resumed>{msg_name=NULL, msg_namelen=0, msg_iov=[{iov_base="l\4\1\1t\0\0\0\32\0\0\0\235\0\0\0", iov_len=16}], msg_iovlen=1, msg_controllen=0, msg_flags=MSG_CMSG_CLOEXEC}, MSG_CMSG_CLOEXEC) = 16
2538  futex(0x7f047400e840, FUTEX_WAIT_PRIVATE, 2, NULL <unfinished ...>
2535  futex(0x7f047400eab0, FUTEX_WAKE_PRIVATE, 1 <unfinished ...>
2533  poll([{fd=7, events=POLLIN}], 1, 0 <unfinished ...>
2535  <... futex resumed>)              = 0
2533  <... poll resumed>)               = 0 (Timeout)
2535  futex(0x7f047400e840, FUTEX_WAKE_PRIVATE, 1 <unfinished ...>
2533  poll([{fd=5, events=POLLIN}], 1, 0 <unfinished ...>
2538  <... futex resumed>)              = 0
2535  <... futex resumed>)              = 1
2538  futex(0x7f047400e840, FUTEX_WAKE_PRIVATE, 1 <unfinished ...>
2533  <... poll resumed>)               = 1 ([{fd=5, revents=POLLIN}])
2538  <... futex resumed>)              = 0
2535  futex(0x55cdb42ecce0, FUTEX_WAKE_PRIVATE, 1 <unfinished ...>
2538  sendmsg(5, {msg_name=NULL, msg_namelen=0, msg_iov=[{iov_base="l\4\1\1L\0\0\0\33\0\0\0\220\0\0\0\1\1o\0,\0\0\0/org/freedesktop/impl/portal/PermissionStore\0\0\0\0\2\1s\0+\0\0\0org.freedesktop.impl.portal.PermissionStore\0\0\0\0\0"..., iov_len=236}], msg_iovlen=1, msg_controllen=0, msg_flags=0}, MSG_NOSIGNAL <unfinished ...>
2533  recvmsg(5,  <unfinished ...>
2538  <... sendmsg resumed>)            = 236
2537  <... futex resumed>)              = 0
2535  <... futex resumed>)              = 1
2530  <... epoll_wait resumed>[{events=EPOLLIN, data={u32=9, u64=9}}], 64, -1) = 1
2538  poll([{fd=5, events=POLLIN}, {fd=6, events=POLLIN}], 2, 0 <unfinished ...>
2537  futex(0x55cdb42eccd0, FUTEX_WAIT_PRIVATE, 2, NULL <unfinished ...>
2535  futex(0x55cdb42eccd0, FUTEX_WAKE_PRIVATE, 1 <unfinished ...>
2533  <... recvmsg resumed>{msg_name=NULL, msg_namelen=0, msg_iov=[{iov_base="\1\1o\0,\0\0\0/org/freedesktop/impl/portal/PermissionStore\0\0\0\0\2\1s\0+\0\0\0org.freedesktop.impl.portal.PermissionStore\0\0\0\0\0\10\1g\0\nssbva{sas}\0"..., iov_len=276}], msg_iovlen=1, msg_controllen=0, msg_flags=MSG_CMSG_CLOEXEC}, MSG_CMSG_CLOEXEC) = 276
2538  <... poll resumed>)               = 0 (Timeout)
2537  <... futex resumed>)              = -1 EAGAIN (Resource temporarily unavailable)
2535  <... futex resumed>)              = 0
2530  recvmsg(9,  <unfinished ...>
2538  poll([{fd=5, events=POLLIN}, {fd=6, events=POLLIN}], 2, -1 <unfinished ...>
2537  futex(0x55cdb42eccd0, FUTEX_WAKE_PRIVATE, 1 <unfinished ...>
2535  poll([{fd=3, events=POLLIN}], 1, -1 <unfinished ...>
2533  poll([{fd=7, events=POLLIN}], 1, 0 <unfinished ...>
2537  <... futex resumed>)              = 0
2535  <... poll resumed>)               = 1 ([{fd=3, revents=POLLIN}])
2530  <... recvmsg resumed>{msg_name=NULL, msg_namelen=0, msg_iov=[{iov_base="l\4\1\1L\0\0\0\33\0\0\0\220\0\0\0\1\1o\0,\0\0\0/org/freedesktop/impl/portal/PermissionStore\0\0\0\0\2\1s\0+\0\0\0org.freedesktop.impl.portal.PermissionStore\0\0\0\0\0"..., iov_len=2048}], msg_iovlen=1, msg_controllen=0, msg_flags=MSG_CMSG_CLOEXEC}, MSG_CMSG_CLOEXEC) = 236
2537  fsync(8 <unfinished ...>
2535  read(3,  <unfinished ...>
2533  <... poll resumed>)               = 0 (Timeout)
2535  <... read resumed>"\1\0\0\0\0\0\0\0", 16) = 8
2530  recvmsg(9,  <unfinished ...>
2535  poll([{fd=3, events=POLLIN}], 1, -1 <unfinished ...>
2533  write(4, "\1\0\0\0\0\0\0\0", 8 <unfinished ...>
2530  <... recvmsg resumed>{msg_namelen=0}, MSG_CMSG_CLOEXEC) = -1 EAGAIN (Resource temporarily unavailable)
2533  <... write resumed>)              = 8
2525  <... poll resumed>)               = 1 ([{fd=4, revents=POLLIN}])
2533  poll([{fd=5, events=POLLIN}], 1, 0 <unfinished ...>
2530  sendmsg(8, {msg_name=NULL, msg_namelen=0, msg_iov=[{iov_base="l\4\1\1L\0\0\0\33\0\0\0\235\0\0\0\1\1o\0,\0\0\0/org/freedesktop/impl/portal/PermissionStore\0\0\0\0\2\1s\0+\0\0\0org.freedesktop.impl.portal.PermissionStore\0\0\0\0\0"..., iov_len=176}, {iov_base="\7\0\0\0inhibit\0\7\0\0\0inhibit\0\0\0\0\0\1y\0\0$\0\0\0\0\0\0\0\1\0\0\0b\0\0\0\30\0\0\0\6\0\0\0logout\0\0\7\0\0\0suspend\0", iov_len=76}], msg_iovlen=2, msg_controllen=0, msg_flags=0}, MSG_NOSIGNAL <unfinished ...>
2533  <... poll resumed>)               = 0 (Timeout)
2525  read(4,  <unfinished ...>
2533  write(7, "\1\0\0\0\0\0\0\0", 8 <unfinished ...>
2530  <... sendmsg resumed>)            = 252
2533  <... write resumed>)              = 8
2525  <... read resumed>"\1\0\0\0\0\0\0\0", 16) = 8
2533  poll([{fd=5, events=POLLIN}, {fd=7, events=POLLIN}], 2, -1 <unfinished ...>
2530  epoll_wait(3,  <unfinished ...>
2533  <... poll resumed>)               = 2 ([{fd=5, revents=POLLIN}, {fd=7, revents=POLLIN}])
2525  poll([{fd=4, events=POLLIN}], 1, 24946 <unfinished ...>
2533  read(7, "\1\0\0\0\0\0\0\0", 16)   = 8
2533  write(7, "\1\0\0\0\0\0\0\0", 8)   = 8
2537  <... fsync resumed>)              = 0
2533  recvmsg(5,  <unfinished ...>
2537  rename("/tmp/xdp-test-5BAGP1/flatpak/db/.goutputstream-HG4WP1", "/tmp/xdp-test-5BAGP1/flatpak/db/inhibit" <unfinished ...>
2533  <... recvmsg resumed>{msg_name=NULL, msg_namelen=0, msg_iov=[{iov_base="l\4\1\1L\0\0\0\33\0\0\0\235\0\0\0", iov_len=16}], msg_iovlen=1, msg_controllen=0, msg_flags=MSG_CMSG_CLOEXEC}, MSG_CMSG_CLOEXEC) = 16
2537  <... rename resumed>)             = 0
2533  poll([{fd=5, events=POLLIN}], 1, 0 <unfinished ...>
2537  statx(8, "", AT_STATX_SYNC_AS_STAT|AT_EMPTY_PATH, STATX_MTIME,  <unfinished ...>
2533  <... poll resumed>)               = 1 ([{fd=5, revents=POLLIN}])
2537  <... statx resumed>{stx_mask=STATX_BASIC_STATS|STATX_MNT_ID, stx_attributes=0, stx_mode=S_IFREG|0644, stx_size=228, ...}) = 0
2533  recvmsg(5,  <unfinished ...>
2537  close(8 <unfinished ...>
2533  <... recvmsg resumed>{msg_name=NULL, msg_namelen=0, msg_iov=[{iov_base="\1\1o\0,\0\0\0/org/freedesktop/impl/portal/PermissionStore\0\0\0\0\2\1s\0+\0\0\0org.freedesktop.impl.portal.PermissionStore\0\0\0\0\0\10\1g\0\nssbva{sas}\0"..., iov_len=236}], msg_iovlen=1, msg_controllen=0, msg_flags=MSG_CMSG_CLOEXEC}, MSG_CMSG_CLOEXEC) = 236
2537  <... close resumed>)              = 0
2533  write(7, "\1\0\0\0\0\0\0\0", 8 <unfinished ...>
2537  write(3, "\1\0\0\0\0\0\0\0", 8 <unfinished ...>
2533  <... write resumed>)              = 8
2537  <... write resumed>)              = 8
2535  <... poll resumed>)               = 1 ([{fd=3, revents=POLLIN}])
2537  futex(0x55cdb42ecce0, FUTEX_WAIT_PRIVATE, 27, {tv_sec=0, tv_nsec=499999105} <unfinished ...>
2533  write(7, "\1\0\0\0\0\0\0\0", 8 <unfinished ...>
2535  read(3,  <unfinished ...>
2533  <... write resumed>)              = 8
2535  <... read resumed>"\1\0\0\0\0\0\0\0", 16) = 8
2533  poll([{fd=7, events=POLLIN}], 1, 0 <unfinished ...>
2535  write(6, "\1\0\0\0\0\0\0\0", 8 <unfinished ...>
2533  <... poll resumed>)               = 1 ([{fd=7, revents=POLLIN}])
2538  <... poll resumed>)               = 1 ([{fd=6, revents=POLLIN}])
2535  <... write resumed>)              = 8
2538  futex(0x7f047400eab0, FUTEX_WAIT_PRIVATE, 2, NULL <unfinished ...>
2533  read(7,  <unfinished ...>
2538  <... futex resumed>)              = -1 EAGAIN (Resource temporarily unavailable)
2535  futex(0x7f047400eab0, FUTEX_WAKE_PRIVATE, 1 <unfinished ...>
2538  read(6,  <unfinished ...>
2533  <... read resumed>"\3\0\0\0\0\0\0\0", 16) = 8
2538  <... read resumed>"\1\0\0\0\0\0\0\0", 16) = 8
2535  <... futex resumed>)              = 0
2538  futex(0x7f047400eab0, FUTEX_WAKE_PRIVATE, 1 <unfinished ...>
2533  write(4, "\1\0\0\0\0\0\0\0", 8 <unfinished ...>
2538  <... futex resumed>)              = 0
2535  futex(0x55cdb42ecce0, FUTEX_WAKE_PRIVATE, 1 <unfinished ...>
2538  sendmsg(5, {msg_name=NULL, msg_namelen=0, msg_iov=[{iov_base="l\2\1\1\0\0\0\0\34\0\0\0 \0\0\0\6\1s\0\4\0\0\0:1.0\0\0\0\0\10\1g\0\0\0\0\0\5\1u\0\25\0\0\0", iov_len=48}], msg_iovlen=1, msg_controllen=0, msg_flags=0}, MSG_NOSIGNAL <unfinished ...>
2533  <... write resumed>)              = 8
2525  <... poll resumed>)               = 1 ([{fd=4, revents=POLLIN}])
2538  <... sendmsg resumed>)            = 48
2537  <... futex resumed>)              = 0
2535  <... futex resumed>)              = 1
2533  poll([{fd=5, events=POLLIN}], 1, 0 <unfinished ...>
2530  <... epoll_wait resumed>[{events=EPOLLIN, data={u32=9, u64=9}}], 64, -1) = 1
2538  poll([{fd=5, events=POLLIN}, {fd=6, events=POLLIN}], 2, 0 <unfinished ...>
2537  futex(0x55cdb42eccd0, FUTEX_WAIT_PRIVATE, 2, NULL <unfinished ...>
2535  futex(0x55cdb42eccd0, FUTEX_WAKE_PRIVATE, 1 <unfinished ...>
2533  <... poll resumed>)               = 0 (Timeout)
2525  read(4,  <unfinished ...>
2538  <... poll resumed>)               = 0 (Timeout)
2537  <... futex resumed>)              = -1 EAGAIN (Resource temporarily unavailable)
2535  <... futex resumed>)              = 0
2533  write(7, "\1\0\0\0\0\0\0\0", 8 <unfinished ...>
2530  recvmsg(9,  <unfinished ...>
2538  poll([{fd=5, events=POLLIN}, {fd=6, events=POLLIN}], 2, -1 <unfinished ...>
2537  futex(0x55cdb42eccd0, FUTEX_WAKE_PRIVATE, 1 <unfinished ...>
2535  poll([{fd=3, events=POLLIN}], 1, -1 <unfinished ...>
2533  <... write resumed>)              = 8
2525  <... read resumed>"\1\0\0\0\0\0\0\0", 16) = 8
2537  <... futex resumed>)              = 0
2533  poll([{fd=5, events=POLLIN}, {fd=7, events=POLLIN}], 2, -1 <unfinished ...>
2530  <... recvmsg resumed>{msg_name=NULL, msg_namelen=0, msg_iov=[{iov_base="l\2\1\1\0\0\0\0\34\0\0\0 \0\0\0\6\1s\0\4\0\0\0:1.0\0\0\0\0\10\1g\0\0\0\0\0\5\1u\0\25\0\0\0", iov_len=2048}], msg_iovlen=1, msg_controllen=0, msg_flags=MSG_CMSG_CLOEXEC}, MSG_CMSG_CLOEXEC) = 48
2537  openat(AT_FDCWD, "/tmp/xdp-test-5BAGP1/flatpak/db/inhibit", O_WRONLY|O_CREAT|O_EXCL|O_CLOEXEC, 0666 <unfinished ...>
2533  <... poll resumed>)               = 1 ([{fd=7, revents=POLLIN}])
2525  poll([{fd=4, events=POLLIN}], 1, 24932 <unfinished ...>
2537  <... openat resumed>)             = -1 EEXIST (File exists)
2533  read(7,  <unfinished ...>
2530  recvmsg(9,  <unfinished ...>
2537  openat(AT_FDCWD, "/tmp/xdp-test-5BAGP1/flatpak/db/inhibit", O_WRONLY|O_CREAT|O_NOFOLLOW, 0666 <unfinished ...>
2533  <... read resumed>"\1\0\0\0\0\0\0\0", 16) = 8
2537  <... openat resumed>)             = 7
2530  <... recvmsg resumed>{msg_namelen=0}, MSG_CMSG_CLOEXEC) = -1 EAGAIN (Resource temporarily unavailable)
2537  statx(7, "", AT_STATX_SYNC_AS_STAT|AT_EMPTY_PATH, STATX_TYPE|STATX_MODE|STATX_NLINK|STATX_UID|STATX_GID|STATX_MTIME,  <unfinished ...>
2533  poll([{fd=5, events=POLLIN}, {fd=7, events=POLLIN}], 2, -1 <unfinished ...>
2537  <... statx resumed>{stx_mask=STATX_BASIC_STATS|STATX_MNT_ID, stx_attributes=0, stx_mode=S_IFREG|0644, stx_size=228, ...}) = 0
2530  sendmsg(8, {msg_name=NULL, msg_namelen=0, msg_iov=[{iov_base="l\2\1\1\0\0\0\0\34\0\0\0-\0\0\0\6\1s\0\4\0\0\0:1.0\0\0\0\0\10\1g\0\0\0\0\0\5\1u\0\25\0\0\0\7\1s\0\4\0\0\0:1.1\0\0\0\0", iov_len=64}, {iov_base="", iov_len=0}], msg_iovlen=2, msg_controllen=0, msg_flags=0}, MSG_NOSIGNAL <unfinished ...>
2537  openat(AT_FDCWD, "/tmp/xdp-test-5BAGP1/flatpak/db/.goutputstream-FNESP1", O_WRONLY|O_CREAT|O_EXCL, 0666 <unfinished ...>
2533  <... poll resumed>)               = 1 ([{fd=5, revents=POLLIN}])
2530  <... sendmsg resumed>)            = 64
2537  <... openat resumed>)             = 8
2533  write(7, "\1\0\0\0\0\0\0\0", 8 <unfinished ...>
2537  fchown(8, 0, 0 <unfinished ...>
2530  epoll_wait(3,  <unfinished ...>
2537  <... fchown resumed>)             = 0
2533  <... write resumed>)              = 8
2537  fchmod(8, 0644 <unfinished ...>
2533  recvmsg(5,  <unfinished ...>
2537  <... fchmod resumed>)             = 0
2533  <... recvmsg resumed>{msg_name=NULL, msg_namelen=0, msg_iov=[{iov_base="l\2\1\1\0\0\0\0\34\0\0\0-\0\0\0", iov_len=16}], msg_iovlen=1, msg_controllen=0, msg_flags=MSG_CMSG_CLOEXEC}, MSG_CMSG_CLOEXEC) = 16
2537  close(7 <unfinished ...>
2533  poll([{fd=5, events=POLLIN}], 1, 0 <unfinished ...>
2537  <... close resumed>)              = 0
2533  <... poll resumed>)               = 1 ([{fd=5, revents=POLLIN}])
2537  write(3, "\1\0\0\0\0\0\0\0", 8 <unfinished ...>
2533  recvmsg(5,  <unfinished ...>
2537  <... write resumed>)              = 8
2535  <... poll resumed>)               = 1 ([{fd=3, revents=POLLIN}])
2537  futex(0x55cdb42ecce0, FUTEX_WAIT_PRIVATE, 28, {tv_sec=0, tv_nsec=499999271} <unfinished ...>
2533  <... recvmsg resumed>{msg_name=NULL, msg_namelen=0, msg_iov=[{iov_base="\6\1s\0\4\0\0\0:1.0\0\0\0\0\10\1g\0\0\0\0\0\5\1u\0\25\0\0\0\7\1s\0\4\0\0\0:1.1\0\0\0\0", iov_len=48}], msg_iovlen=1, msg_controllen=0, msg_flags=MSG_CMSG_CLOEXEC}, MSG_CMSG_CLOEXEC) = 48
2535  read(3,  <unfinished ...>
2533  write(7, "\1\0\0\0\0\0\0\0", 8 <unfinished ...>
2535  <... read resumed>"\1\0\0\0\0\0\0\0", 16) = 8
2533  <... write resumed>)              = 8
2535  futex(0x55cdb42ecce0, FUTEX_WAKE_PRIVATE, 1 <unfinished ...>
2533  write(7, "\1\0\0\0\0\0\0\0", 8 <unfinished ...>
2537  <... futex resumed>)              = 0
2535  <... futex resumed>)              = 1
2537  futex(0x55cdb42eccd0, FUTEX_WAIT_PRIVATE, 2, NULL <unfinished ...>
2533  <... write resumed>)              = 8
2537  <... futex resumed>)              = -1 EAGAIN (Resource temporarily unavailable)
2535  futex(0x55cdb42eccd0, FUTEX_WAKE_PRIVATE, 1 <unfinished ...>
2537  futex(0x55cdb42eccd0, FUTEX_WAKE_PRIVATE, 1 <unfinished ...>
2533  poll([{fd=7, events=POLLIN}], 1, 0 <unfinished ...>
2537  <... futex resumed>)              = 0
2535  <... futex resumed>)              = 0
2537  write(8, "GVariant\0\0\0\0\0\0\0\0\30\0\0\0X\0\0\0\0\0\0(\2\0\0\0\0\0\0\0\1\0\0\0j\177\232|\377\377\377\377X\0\0\0\4\0H\0\\\0\0\0\200\0\0\0\231+\224|\377\377\377\377\253\0\0\0\4\0H\0\260\0\0\0\324\0\0\0main\0\0\0(\1\0\0\0\0\0\0\0\3144\217\236\377\377\377\377\200\0\0\0\7\0v\0\210\0\0\0\253\0\0\0"..., 228 <unfinished ...>
2533  <... poll resumed>)               = 1 ([{fd=7, revents=POLLIN}])
2537  <... write resumed>)              = 228
2535  poll([{fd=3, events=POLLIN}], 1, -1 <unfinished ...>
2537  write(3, "\1\0\0\0\0\0\0\0", 8 <unfinished ...>
2533  read(7,  <unfinished ...>
2537  <... write resumed>)              = 8
2535  <... poll resumed>)               = 1 ([{fd=3, revents=POLLIN}])
2537  futex(0x55cdb42ecce0, FUTEX_WAIT_PRIVATE, 29, {tv_sec=0, tv_nsec=499999533} <unfinished ...>
2533  <... read resumed>"\3\0\0\0\0\0\0\0", 16) = 8
2535  read(3,  <unfinished ...>
2533  write(4, "\1\0\0\0\0\0\0\0", 8 <unfinished ...>
2535  <... read resumed>"\1\0\0\0\0\0\0\0", 16) = 8
2533  <... write resumed>)              = 8
2525  <... poll resumed>)               = 1 ([{fd=4, revents=POLLIN}])
2535  futex(0x55cdb42ecce0, FUTEX_WAKE_PRIVATE, 1 <unfinished ...>
2533  poll([{fd=5, events=POLLIN}], 1, 0 <unfinished ...>
2537  <... futex resumed>)              = 0
2535  <... futex resumed>)              = 1
2525  read(4,  <unfinished ...>
2537  futex(0x55cdb42eccd0, FUTEX_WAIT_PRIVATE, 2, NULL <unfinished ...>
2535  futex(0x55cdb42eccd0, FUTEX_WAKE_PRIVATE, 1 <unfinished ...>
2533  <... poll resumed>)               = 0 (Timeout)
2537  <... futex resumed>)              = -1 EAGAIN (Resource temporarily unavailable)
2535  <... futex resumed>)              = 0
2525  <... read resumed>"\1\0\0\0\0\0\0\0", 16) = 8
2537  futex(0x55cdb42eccd0, FUTEX_WAKE_PRIVATE, 1 <unfinished ...>
2535  poll([{fd=3, events=POLLIN}], 1, -1 <unfinished ...>
2533  write(7, "\1\0\0\0\0\0\0\0", 8 <unfinished ...>
2537  <... futex resumed>)              = 0
2525  write(4, "\1\0\0\0\0\0\0\0", 8 <unfinished ...>
2537  fsync(8 <unfinished ...>
2533  <... write resumed>)              = 8
2525  <... write resumed>)              = 8
2533  poll([{fd=5, events=POLLIN}, {fd=7, events=POLLIN}], 2, -1 <unfinished ...>
2525  poll([{fd=4, events=POLLIN}], 1, 24915 <unfinished ...>
2533  <... poll resumed>)               = 1 ([{fd=7, revents=POLLIN}])
2525  <... poll resumed>)               = 1 ([{fd=4, revents=POLLIN}])
2533  read(7,  <unfinished ...>
2525  read(4,  <unfinished ...>
2533  <... read resumed>"\1\0\0\0\0\0\0\0", 16) = 8
2525  <... read resumed>"\1\0\0\0\0\0\0\0", 16) = 8
2533  poll([{fd=5, events=POLLIN}, {fd=7, events=POLLIN}], 2, -1 <unfinished ...>
2525  poll([{fd=4, events=POLLIN}], 1, 24914 <unfinished ...>
2537  <... fsync resumed>)              = 0
2537  rename("/tmp/xdp-test-5BAGP1/flatpak/db/.goutputstream-FNESP1", "/tmp/xdp-test-5BAGP1/flatpak/db/inhibit") = 0
2537  statx(8, "", AT_STATX_SYNC_AS_STAT|AT_EMPTY_PATH, STATX_MTIME, {stx_mask=STATX_BASIC_STATS|STATX_MNT_ID, stx_attributes=0, stx_mode=S_IFREG|0644, stx_size=228, ...}) = 0
2537  close(8)                          = 0
2537  write(3, "\1\0\0\0\0\0\0\0", 8)   = 8
2535  <... poll resumed>)               = 1 ([{fd=3, revents=POLLIN}])
2537  futex(0x55cdb42ecce0, FUTEX_WAIT_PRIVATE, 30, {tv_sec=0, tv_nsec=499999391} <unfinished ...>
2535  read(3, "\1\0\0\0\0\0\0\0", 16)   = 8
2535  write(6, "\1\0\0\0\0\0\0\0", 8 <unfinished ...>
2538  <... poll resumed>)               = 1 ([{fd=6, revents=POLLIN}])
2535  <... write resumed>)              = 8
2538  futex(0x7f047400eab0, FUTEX_WAIT_PRIVATE, 2, NULL <unfinished ...>
2535  futex(0x7f047400eab0, FUTEX_WAKE_PRIVATE, 1 <unfinished ...>
2538  <... futex resumed>)              = -1 EAGAIN (Resource temporarily unavailable)
2535  <... futex resumed>)              = 0
2538  read(6,  <unfinished ...>
2535  futex(0x7f047400eab0, FUTEX_WAIT_PRIVATE, 2, NULL <unfinished ...>
2538  <... read resumed>"\1\0\0\0\0\0\0\0", 16) = 8
2538  futex(0x7f047400eab0, FUTEX_WAKE_PRIVATE, 1) = 1
2535  <... futex resumed>)              = 0
2538  futex(0x7f047400e840, FUTEX_WAIT_PRIVATE, 2, NULL <unfinished ...>
2535  futex(0x7f047400eab0, FUTEX_WAKE_PRIVATE, 1) = 0
2535  futex(0x7f047400e840, FUTEX_WAKE_PRIVATE, 1 <unfinished ...>
2538  <... futex resumed>)              = 0
2535  <... futex resumed>)              = 1
2538  futex(0x7f047400e840, FUTEX_WAKE_PRIVATE, 1 <unfinished ...>
2535  poll([{fd=3, events=POLLIN}], 1, -1 <unfinished ...>
2538  <... futex resumed>)              = 0
2538  sendmsg(5, {msg_name=NULL, msg_namelen=0, msg_iov=[{iov_base="l\2\1\1\0\0\0\0\35\0\0\0 \0\0\0\6\1s\0\4\0\0\0:1.0\0\0\0\0\10\1g\0\0\0\0\0\5\1u\0\27\0\0\0", iov_len=48}], msg_iovlen=1, msg_controllen=0, msg_flags=0}, MSG_NOSIGNAL) = 48
2530  <... epoll_wait resumed>[{events=EPOLLIN, data={u32=9, u64=9}}], 64, -1) = 1
2538  poll([{fd=5, events=POLLIN}, {fd=6, events=POLLIN}], 2, 0 <unfinished ...>
2530  recvmsg(9,  <unfinished ...>
2538  <... poll resumed>)               = 0 (Timeout)
2530  <... recvmsg resumed>{msg_name=NULL, msg_namelen=0, msg_iov=[{iov_base="l\2\1\1\0\0\0\0\35\0\0\0 \0\0\0\6\1s\0\4\0\0\0:1.0\0\0\0\0\10\1g\0\0\0\0\0\5\1u\0\27\0\0\0", iov_len=2048}], msg_iovlen=1, msg_controllen=0, msg_flags=MSG_CMSG_CLOEXEC}, MSG_CMSG_CLOEXEC) = 48
2538  sendmsg(5, {msg_name=NULL, msg_namelen=0, msg_iov=[{iov_base="l\2\1\1\0\0\0\0\36\0\0\0 \0\0\0\6\1s\0\4\0\0\0:1.0\0\0\0\0\10\1g\0\0\0\0\0\5\1u\0\26\0\0\0", iov_len=48}], msg_iovlen=1, msg_controllen=0, msg_flags=0}, MSG_NOSIGNAL <unfinished ...>
2530  recvmsg(9,  <unfinished ...>
2538  <... sendmsg resumed>)            = 48
2530  <... recvmsg resumed>{msg_name=NULL, msg_namelen=0, msg_iov=[{iov_base="l\2\1\1\0\0\0\0\36\0\0\0 \0\0\0\6\1s\0\4\0\0\0:1.0\0\0\0\0\10\1g\0\0\0\0\0\5\1u\0\26\0\0\0", iov_len=2048}], msg_iovlen=1, msg_controllen=0, msg_flags=MSG_CMSG_CLOEXEC}, MSG_CMSG_CLOEXEC) = 48
2538  poll([{fd=5, events=POLLIN}, {fd=6, events=POLLIN}], 2, 0 <unfinished ...>
2530  recvmsg(9,  <unfinished ...>
2538  <... poll resumed>)               = 0 (Timeout)
2530  <... recvmsg resumed>{msg_namelen=0}, MSG_CMSG_CLOEXEC) = -1 EAGAIN (Resource temporarily unavailable)
2538  poll([{fd=5, events=POLLIN}, {fd=6, events=POLLIN}], 2, -1 <unfinished ...>
2530  sendmsg(8, {msg_name=NULL, msg_namelen=0, msg_iov=[{iov_base="l\2\1\1\0\0\0\0\35\0\0\0-\0\0\0\6\1s\0\4\0\0\0:1.0\0\0\0\0\10\1g\0\0\0\0\0\5\1u\0\27\0\0\0\7\1s\0\4\0\0\0:1.1\0\0\0\0", iov_len=64}, {iov_base="", iov_len=0}], msg_iovlen=2, msg_controllen=0, msg_flags=0}, MSG_NOSIGNAL <unfinished ...>
2533  <... poll resumed>)               = 1 ([{fd=5, revents=POLLIN}])
2530  <... sendmsg resumed>)            = 64
2533  write(7, "\1\0\0\0\0\0\0\0", 8 <unfinished ...>
2530  sendmsg(8, {msg_name=NULL, msg_namelen=0, msg_iov=[{iov_base="l\2\1\1\0\0\0\0\36\0\0\0-\0\0\0\6\1s\0\4\0\0\0:1.0\0\0\0\0\10\1g\0\0\0\0\0\5\1u\0\26\0\0\0\7\1s\0\4\0\0\0:1.1\0\0\0\0", iov_len=64}, {iov_base="", iov_len=0}], msg_iovlen=2, msg_controllen=0, msg_flags=0}, MSG_NOSIGNAL <unfinished ...>
2533  <... write resumed>)              = 8
2530  <... sendmsg resumed>)            = 64
2533  recvmsg(5,  <unfinished ...>
2530  epoll_wait(3,  <unfinished ...>
2533  <... recvmsg resumed>{msg_name=NULL, msg_namelen=0, msg_iov=[{iov_base="l\2\1\1\0\0\0\0\35\0\0\0-\0\0\0", iov_len=16}], msg_iovlen=1, msg_controllen=0, msg_flags=MSG_CMSG_CLOEXEC}, MSG_CMSG_CLOEXEC) = 16
2533  poll([{fd=5, events=POLLIN}], 1, 0) = 1 ([{fd=5, revents=POLLIN}])
2533  recvmsg(5, {msg_name=NULL, msg_namelen=0, msg_iov=[{iov_base="\6\1s\0\4\0\0\0:1.0\0\0\0\0\10\1g\0\0\0\0\0\5\1u\0\27\0\0\0\7\1s\0\4\0\0\0:1.1\0\0\0\0", iov_len=48}], msg_iovlen=1, msg_controllen=0, msg_flags=MSG_CMSG_CLOEXEC}, MSG_CMSG_CLOEXEC) = 48
2533  write(7, "\1\0\0\0\0\0\0\0", 8)   = 8
2533  write(7, "\1\0\0\0\0\0\0\0", 8)   = 8
2533  poll([{fd=7, events=POLLIN}], 1, 0) = 1 ([{fd=7, revents=POLLIN}])
2533  read(7, "\3\0\0\0\0\0\0\0", 16)   = 8
2533  write(4, "\1\0\0\0\0\0\0\0", 8)   = 8
2525  <... poll resumed>)               = 1 ([{fd=4, revents=POLLIN}])
2533  poll([{fd=5, events=POLLIN}], 1, 0 <unfinished ...>
2525  read(4,  <unfinished ...>
2533  <... poll resumed>)               = 1 ([{fd=5, revents=POLLIN}])
2525  <... read resumed>"\1\0\0\0\0\0\0\0", 16) = 8
2533  recvmsg(5,  <unfinished ...>
2525  write(4, "\1\0\0\0\0\0\0\0", 8 <unfinished ...>
2533  <... recvmsg resumed>{msg_name=NULL, msg_namelen=0, msg_iov=[{iov_base="l\2\1\1\0\0\0\0\36\0\0\0-\0\0\0", iov_len=16}], msg_iovlen=1, msg_controllen=0, msg_flags=MSG_CMSG_CLOEXEC}, MSG_CMSG_CLOEXEC) = 16
2525  <... write resumed>)              = 8
2533  poll([{fd=7, events=POLLIN}], 1, 0 <unfinished ...>
2525  poll([{fd=4, events=POLLIN}], 1, 24893 <unfinished ...>
2533  <... poll resumed>)               = 0 (Timeout)
2525  <... poll resumed>)               = 1 ([{fd=4, revents=POLLIN}])
2533  poll([{fd=5, events=POLLIN}], 1, 0 <unfinished ...>
2525  read(4,  <unfinished ...>
2533  <... poll resumed>)               = 1 ([{fd=5, revents=POLLIN}])
2525  <... read resumed>"\1\0\0\0\0\0\0\0", 16) = 8
2533  recvmsg(5,  <unfinished ...>
2525  poll([{fd=4, events=POLLIN}], 1, 24891 <unfinished ...>
2533  <... recvmsg resumed>{msg_name=NULL, msg_namelen=0, msg_iov=[{iov_base="\6\1s\0\4\0\0\0:1.0\0\0\0\0\10\1g\0\0\0\0\0\5\1u\0\26\0\0\0\7\1s\0\4\0\0\0:1.1\0\0\0\0", iov_len=48}], msg_iovlen=1, msg_controllen=0, msg_flags=MSG_CMSG_CLOEXEC}, MSG_CMSG_CLOEXEC) = 48
2533  poll([{fd=7, events=POLLIN}], 1, 0) = 0 (Timeout)
2533  write(4, "\1\0\0\0\0\0\0\0", 8)   = 8
2525  <... poll resumed>)               = 1 ([{fd=4, revents=POLLIN}])
2533  poll([{fd=5, events=POLLIN}], 1, 0 <unfinished ...>
2525  read(4,  <unfinished ...>
2533  <... poll resumed>)               = 0 (Timeout)
2525  <... read resumed>"\1\0\0\0\0\0\0\0", 16) = 8
2533  write(7, "\1\0\0\0\0\0\0\0", 8 <unfinished ...>
2525  write(4, "\1\0\0\0\0\0\0\0", 8 <unfinished ...>
2533  <... write resumed>)              = 8
2525  <... write resumed>)              = 8
2533  poll([{fd=5, events=POLLIN}, {fd=7, events=POLLIN}], 2, -1 <unfinished ...>
2525  eventfd2(0, EFD_CLOEXEC|EFD_NONBLOCK <unfinished ...>
2533  <... poll resumed>)               = 1 ([{fd=7, revents=POLLIN}])
2525  <... eventfd2 resumed>)           = 8
2533  read(7,  <unfinished ...>
2525  write(8, "\1\0\0\0\0\0\0\0", 8 <unfinished ...>
2533  <... read resumed>"\1\0\0\0\0\0\0\0", 16) = 8
2525  <... write resumed>)              = 8
2533  poll([{fd=5, events=POLLIN}, {fd=7, events=POLLIN}], 2, -1 <unfinished ...>
2525  write(7, "\1\0\0\0\0\0\0\0", 8 <unfinished ...>
2533  <... poll resumed>)               = 1 ([{fd=7, revents=POLLIN}])
2525  <... write resumed>)              = 8
2533  futex(0x55f682ff8d50, FUTEX_WAIT_PRIVATE, 2, NULL <unfinished ...>
2525  futex(0x55f682ff8d50, FUTEX_WAKE_PRIVATE, 1 <unfinished ...>
2533  <... futex resumed>)              = -1 EAGAIN (Resource temporarily unavailable)
2525  <... futex resumed>)              = 0
2533  read(7,  <unfinished ...>
2525  futex(0x55f682ff8d50, FUTEX_WAIT_PRIVATE, 2, NULL <unfinished ...>
2533  <... read resumed>"\1\0\0\0\0\0\0\0", 16) = 8
2533  futex(0x55f682ff8d50, FUTEX_WAKE_PRIVATE, 1) = 1
2525  <... futex resumed>)              = 0
2533  futex(0x55f682ff8a00, FUTEX_WAIT_PRIVATE, 2, NULL <unfinished ...>
2525  futex(0x55f682ff8d50, FUTEX_WAKE_PRIVATE, 1) = 0
2525  futex(0x55f682ff8a00, FUTEX_WAKE_PRIVATE, 1 <unfinished ...>
2533  <... futex resumed>)              = 0
2525  <... futex resumed>)              = 1
2533  futex(0x55f682ff8a00, FUTEX_WAKE_PRIVATE, 1 <unfinished ...>
2525  poll([{fd=8, events=POLLIN}], 1, 25000 <unfinished ...>
2533  <... futex resumed>)              = 0
2525  <... poll resumed>)               = 1 ([{fd=8, revents=POLLIN}])
2533  sendmsg(5, {msg_name=NULL, msg_namelen=0, msg_iov=[{iov_base="l\1\0\1\30\0\0\0\30\0\0\0\227\0\0\0\1\1o\0,\0\0\0/org/freedesktop/impl/portal/PermissionStore\0\0\0\0\2\1s\0+\0\0\0org.freedesktop.impl.portal.PermissionStore\0\0\0\0\0"..., iov_len=192}], msg_iovlen=1, msg_controllen=0, msg_flags=0}, MSG_NOSIGNAL <unfinished ...>
2525  read(8,  <unfinished ...>
2533  <... sendmsg resumed>)            = 192
2530  <... epoll_wait resumed>[{events=EPOLLIN, data={u32=8, u64=8}}], 64, -1) = 1
2533  poll([{fd=5, events=POLLIN}, {fd=7, events=POLLIN}], 2, 0 <unfinished ...>
2525  <... read resumed>"\1\0\0\0\0\0\0\0", 16) = 8
2533  <... poll resumed>)               = 0 (Timeout)
2530  recvmsg(8,  <unfinished ...>
2533  poll([{fd=5, events=POLLIN}, {fd=7, events=POLLIN}], 2, -1 <unfinished ...>
2525  poll([{fd=8, events=POLLIN}], 1, 24999 <unfinished ...>
2530  <... recvmsg resumed>{msg_name=NULL, msg_namelen=0, msg_iov=[{iov_base="l\1\0\1\30\0\0\0\30\0\0\0\227\0\0\0\1\1o\0,\0\0\0/org/freedesktop/impl/portal/PermissionStore\0\0\0\0\2\1s\0+\0\0\0org.freedesktop.impl.portal.PermissionStore\0\0\0\0\0"..., iov_len=2048}], msg_iovlen=1, msg_controllen=0, msg_flags=MSG_CMSG_CLOEXEC}, MSG_CMSG_CLOEXEC) = 192
2530  recvmsg(8, {msg_namelen=0}, MSG_CMSG_CLOEXEC) = -1 EAGAIN (Resource temporarily unavailable)
2530  sendmsg(9, {msg_name=NULL, msg_namelen=0, msg_iov=[{iov_base="l\1\0\1\30\0\0\0\30\0\0\0\245\0\0\0\1\1o\0,\0\0\0/org/freedesktop/impl/portal/PermissionStore\0\0\0\0\2\1s\0+\0\0\0org.freedesktop.impl.portal.PermissionStore\0\0\0\0\0"..., iov_len=184}, {iov_base="\7\0\0\0inhibit\0\7\0\0\0inhibit\0", iov_len=24}], msg_iovlen=2, msg_controllen=0, msg_flags=0}, MSG_NOSIGNAL <unfinished ...>
2538  <... poll resumed>)               = 1 ([{fd=5, revents=POLLIN}])
2530  <... sendmsg resumed>)            = 208
2538  write(6, "\1\0\0\0\0\0\0\0", 8 <unfinished ...>
2530  epoll_wait(3,  <unfinished ...>
2538  <... write resumed>)              = 8
2530  <... epoll_wait resumed>[], 64, 0) = 0
2538  recvmsg(5,  <unfinished ...>
2530  epoll_wait(3,  <unfinished ...>
