2533  sendmsg(5, {msg_name=NULL, msg_namelen=0, msg_iov=[{iov_base="l\1\0\1\36\0\0\0\n\0\0\0\227\0\0\0\1\1o\0,\0\0\0/org/freedesktop/impl/portal/PermissionStore\0\0\0\0\2\1s\0+\0\0\0org.freedesktop.impl.portal.PermissionStore\0\0\0\0\0"..., iov_len=198}], msg_iovlen=1, msg_controllen=0, msg_flags=0}, MSG_NOSIGNAL <unfinished ...>
2525  read(8,  <unfinished ...>
2533  <... sendmsg resumed>)            = 198
2530  <... epoll_wait resumed>[{events=EPOLLIN, data={u32=8, u64=8}}], 64, -1) = 1
2533  poll([{fd=5, events=POLLIN}, {fd=7, events=POLLIN}], 2, 0 <unfinished ...>
2525  <... read resumed>"\1\0\0\0\0\0\0\0", 16) = 8
2533  <... poll resumed>)               = 0 (Timeout)
2530  recvmsg(8,  <unfinished ...>
2533  poll([{fd=5, events=POLLIN}, {fd=7, events=POLLIN}], 2, -1 <unfinished ...>
2525  poll([{fd=8, events=POLLIN}], 1, 24999 <unfinished ...>
2530  <... recvmsg resumed>{msg_name=NULL, msg_namelen=0, msg_iov=[{iov_base="l\1\0\1\36\0\0\0\n\0\0\0\227\0\0\0\1\1o\0,\0\0\0/org/freedesktop/impl/portal/PermissionStore\0\0\0\0\2\1s\0+\0\0\0org.freedesktop.impl.portal.PermissionStore\0\0\0\0\0"..., iov_len=2048}], msg_iovlen=1, msg_controllen=0, msg_flags=MSG_CMSG_CLOEXEC}, MSG_CMSG_CLOEXEC) = 198
2530  recvmsg(8, {msg_namelen=0}, MSG_CMSG_CLOEXEC) = -1 EAGAIN (Resource temporarily unavailable)
2530  sendmsg(9, {msg_name=NULL, msg_namelen=0, msg_iov=[{iov_base="l\1\0\1\36\0\0\0\n\0\0\0\245\0\0\0\1\1o\0,\0\0\0/org/freedesktop/impl/portal/PermissionStore\0\0\0\0\2\1s\0+\0\0\0org.freedesktop.impl.portal.PermissionStore\0\0\0\0\0"..., iov_len=184}, {iov_base="\4\0\0\0TEST\0\0\0\0\r\0\0\0test-resource\0", iov_len=30}], msg_iovlen=2, msg_controllen=0, msg_flags=0}, MSG_NOSIGNAL <unfinished ...>
2538  <... poll resumed>)               = 1 ([{fd=5, revents=POLLIN}])
2530  <... sendmsg resumed>)            = 214
2538  write(6, "\1\0\0\0\0\0\0\0", 8 <unfinished ...>
2530  epoll_wait(3,  <unfinished ...>
2538  <... write resumed>)              = 8
2530  <... epoll_wait resumed>[], 64, 0) = 0
2538  recvmsg(5,  <unfinished ...>
2530  epoll_wait(3,  <unfinished ...>
2538  <... recvmsg resumed>{msg_name=NULL, msg_namelen=0, msg_iov=[{iov_base="l\1\0\1\36\0\0\0\n\0\0\0\245\0\0\0", iov_len=16}], msg_iovlen=1, msg_controllen=0, msg_flags=MSG_CMSG_CLOEXEC}, MSG_CMSG_CLOEXEC) = 16
2538  poll([{fd=5, events=POLLIN}], 1, 0) = 1 ([{fd=5, revents=POLLIN}])
2538  recvmsg(5, {msg_name=NULL, msg_namelen=0, msg_iov=[{iov_base="\1\1o\0,\0\0\0/org/freedesktop/impl/portal/PermissionStore\0\0\0\0\2\1s\0+\0\0\0org.freedesktop.impl.portal.PermissionStore\0\0\0\0\0\6\1s\0\4\0\0\0:1.1\0\0\0\0"..., iov_len=198}], msg_iovlen=1, msg_controllen=0, msg_flags=MSG_CMSG_CLOEXEC}, MSG_CMSG_CLOEXEC) = 198
2538  write(6, "\1\0\0\0\0\0\0\0", 8)   = 8
2538  write(6, "\1\0\0\0\0\0\0\0", 8)   = 8
2538  poll([{fd=6, events=POLLIN}], 1, 0) = 1 ([{fd=6, revents=POLLIN}])
2538  read(6, "\3\0\0\0\0\0\0\0", 16)   = 8
2538  write(3, "\1\0\0\0\0\0\0\0", 8)   = 8
2535  <... poll resumed>)               = 1 ([{fd=3, revents=POLLIN}])
2538  poll([{fd=5, events=POLLIN}], 1, 0 <unfinished ...>
2535  read(3,  <unfinished ...>
2538  <... poll resumed>)               = 0 (Timeout)
2535  <... read resumed>"\1\0\0\0\0\0\0\0", 16) = 8
2538  write(6, "\1\0\0\0\0\0\0\0", 8 <unfinished ...>
2535  futex(0x7f048388e0a8, FUTEX_WAKE_PRIVATE, 2147483647 <unfinished ...>
2538  <... write resumed>)              = 8
2535  <... futex resumed>)              = 0
2538  poll([{fd=5, events=POLLIN}, {fd=6, events=POLLIN}], 2, -1 <unfinished ...>
2535  write(6, "\1\0\0\0\0\0\0\0", 8 <unfinished ...>
2538  <... poll resumed>)               = 1 ([{fd=6, revents=POLLIN}])
2535  <... write resumed>)              = 8
2538  futex(0x7f047400eab0, FUTEX_WAIT_PRIVATE, 2, NULL <unfinished ...>
2535  futex(0x7f047400eab0, FUTEX_WAKE_PRIVATE, 1 <unfinished ...>
2538  <... futex resumed>)              = -1 EAGAIN (Resource temporarily unavailable)
2535  <... futex resumed>)              = 0
2538  read(6,  <unfinished ...>
2535  futex(0x7f047400eab0, FUTEX_WAIT_PRIVATE, 2, NULL <unfinished ...>
2538  <... read resumed>"\2\0\0\0\0\0\0\0", 16) = 8
2538  futex(0x7f047400eab0, FUTEX_WAKE_PRIVATE, 1) = 1
2535  <... futex resumed>)              = 0
2538  futex(0x7f047400e840, FUTEX_WAIT_PRIVATE, 2, NULL <unfinished ...>
2535  futex(0x7f047400eab0, FUTEX_WAKE_PRIVATE, 1) = 0
2535  futex(0x7f047400e840, FUTEX_WAKE_PRIVATE, 1 <unfinished ...>
2538  <... futex resumed>)              = 0
2535  <... futex resumed>)              = 1
2538  futex(0x7f047400e840, FUTEX_WAKE_PRIVATE, 1 <unfinished ...>
2535  poll([{fd=3, events=POLLIN}], 1, -1 <unfinished ...>
2538  <... futex resumed>)              = 0
2538  sendmsg(5, {msg_name=NULL, msg_namelen=0, msg_iov=[{iov_base="l\3\1\1\37\0\0\0\10\0\0\0P\0\0\0\4\1s\0%\0\0\0org.freedesktop.portal.Error.NotFound\0\0\0\6\1s\0\4\0\0\0:1.0\0\0\0\0\10\1g\0\1s\0\0\5\1u\0\n\0\0\0\32\0\0\0No entry for test-resource\0", iov_len=127}], msg_iovlen=1, msg_controllen=0, msg_flags=0}, MSG_NOSIGNAL) = 127
2530  <... epoll_wait resumed>[{events=EPOLLIN, data={u32=9, u64=9}}], 64, -1) = 1
2538  poll([{fd=5, events=POLLIN}, {fd=6, events=POLLIN}], 2, 0 <unfinished ...>
2530  recvmsg(9,  <unfinished ...>
2538  <... poll resumed>)               = 0 (Timeout)
2530  <... recvmsg resumed>{msg_name=NULL, msg_namelen=0, msg_iov=[{iov_base="l\3\1\1\37\0\0\0\10\0\0\0P\0\0\0\4\1s\0%\0\0\0org.freedesktop.portal.Error.NotFound\0\0\0\6\1s\0\4\0\0\0:1.0\0\0\0\0\10\1g\0\1s\0\0\5\1u\0\n\0\0\0\32\0\0\0No entry for test-resource\0", iov_len=2048}], msg_iovlen=1, msg_controllen=0, msg_flags=MSG_CMSG_CLOEXEC}, MSG_CMSG_CLOEXEC) = 127
2538  poll([{fd=5, events=POLLIN}, {fd=6, events=POLLIN}], 2, -1 <unfinished ...>
2530  recvmsg(9, {msg_namelen=0}, MSG_CMSG_CLOEXEC) = -1 EAGAIN (Resource temporarily unavailable)
2530  sendmsg(8, {msg_name=NULL, msg_namelen=0, msg_iov=[{iov_base="l\3\1\1\37\0\0\0\10\0\0\0]\0\0\0\4\1s\0%\0\0\0org.freedesktop.portal.Error.NotFound\0\0\0\6\1s\0\4\0\0\0:1.0\0\0\0\0\10\1g\0\1s\0\0\5\1u\0\n\0\0\0\7\1s\0\4\0\0\0:1.1\0\0\0\0", iov_len=112}, {iov_base="\32\0\0\0No entry for test-resource\0", iov_len=31}], msg_iovlen=2, msg_controllen=0, msg_flags=0}, MSG_NOSIGNAL <unfinished ...>
2533  <... poll resumed>)               = 1 ([{fd=5, revents=POLLIN}])
2530  <... sendmsg resumed>)            = 143
2533  write(7, "\1\0\0\0\0\0\0\0", 8 <unfinished ...>
2530  epoll_wait(3,  <unfinished ...>
2533  <... write resumed>)              = 8
2533  recvmsg(5, {msg_name=NULL, msg_namelen=0, msg_iov=[{iov_base="l\3\1\1\37\0\0\0\10\0\0\0]\0\0\0", iov_len=16}], msg_iovlen=1, msg_controllen=0, msg_flags=MSG_CMSG_CLOEXEC}, MSG_CMSG_CLOEXEC) = 16
2533  poll([{fd=5, events=POLLIN}], 1, 0) = 1 ([{fd=5, revents=POLLIN}])
2533  recvmsg(5, {msg_name=NULL, msg_namelen=0, msg_iov=[{iov_base="\4\1s\0%\0\0\0org.freedesktop.portal.Error.NotFound\0\0\0\6\1s\0\4\0\0\0:1.0\0\0\0\0\10\1g\0\1s\0\0\5\1u\0\n\0\0\0\7\1s\0\4\0\0\0:1.1\0\0\0\0\32\0\0\0No entry for test-resource\0", iov_len=127}], msg_iovlen=1, msg_controllen=0, msg_flags=MSG_CMSG_CLOEXEC}, MSG_CMSG_CLOEXEC) = 127
2533  write(7, "\1\0\0\0\0\0\0\0", 8)   = 8
2533  write(7, "\1\0\0\0\0\0\0\0", 8)   = 8
2533  poll([{fd=7, events=POLLIN}], 1, 0) = 1 ([{fd=7, revents=POLLIN}])
2533  read(7, "\3\0\0\0\0\0\0\0", 16)   = 8
2533  write(8, "\1\0\0\0\0\0\0\0", 8)   = 8
2525  <... poll resumed>)               = 1 ([{fd=8, revents=POLLIN}])
2533  poll([{fd=5, events=POLLIN}], 1, 0 <unfinished ...>
2525  read(8,  <unfinished ...>
2533  <... poll resumed>)               = 0 (Timeout)
2525  <... read resumed>"\1\0\0\0\0\0\0\0", 16) = 8
2533  write(7, "\1\0\0\0\0\0\0\0", 8 <unfinished ...>
2525  write(8, "\1\0\0\0\0\0\0\0", 8 <unfinished ...>
2533  <... write resumed>)              = 8
2525  <... write resumed>)              = 8
2533  poll([{fd=5, events=POLLIN}, {fd=7, events=POLLIN}], 2, -1 <unfinished ...>
2525  futex(0x55f683001d40, FUTEX_WAKE_PRIVATE, 2147483647 <unfinished ...>
2533  <... poll resumed>)               = 1 ([{fd=7, revents=POLLIN}])
2525  <... futex resumed>)              = 0
2533  read(7,  <unfinished ...>
2525  close(8 <unfinished ...>
2533  <... read resumed>"\1\0\0\0\0\0\0\0", 16) = 8
2525  <... close resumed>)              = 0
2533  poll([{fd=5, events=POLLIN}, {fd=7, events=POLLIN}], 2, -1 <unfinished ...>
2525  eventfd2(0, EFD_CLOEXEC|EFD_NONBLOCK) = 8
2525  write(8, "\1\0\0\0\0\0\0\0", 8)   = 8
2525  write(7, "\1\0\0\0\0\0\0\0", 8 <unfinished ...>
2533  <... poll resumed>)               = 1 ([{fd=7, revents=POLLIN}])
2525  <... write resumed>)              = 8
2533  futex(0x55f682ff8d50, FUTEX_WAIT_PRIVATE, 2, NULL <unfinished ...>
2525  futex(0x55f682ff8d50, FUTEX_WAKE_PRIVATE, 1 <unfinished ...>
2533  <... futex resumed>)              = -1 EAGAIN (Resource temporarily unavailable)
2525  <... futex resumed>)              = 0
2533  read(7,  <unfinished ...>
2525  futex(0x55f682ff8d50, FUTEX_WAIT_PRIVATE, 2, NULL <unfinished ...>
2533  <... read resumed>"\1\0\0\0\0\0\0\0", 16) = 8
2533  futex(0x55f682ff8d50, FUTEX_WAKE_PRIVATE, 1) = 1
2525  <... futex resumed>)              = 0
2533  futex(0x55f682ff8a00, FUTEX_WAIT_PRIVATE, 2, NULL <unfinished ...>
2525  futex(0x55f682ff8d50, FUTEX_WAKE_PRIVATE, 1) = 0
2525  futex(0x55f682ff8a00, FUTEX_WAKE_PRIVATE, 1 <unfinished ...>
2533  <... futex resumed>)              = 0
2525  <... futex resumed>)              = 1
2533  futex(0x55f682ff8a00, FUTEX_WAKE_PRIVATE, 1 <unfinished ...>
2525  poll([{fd=8, events=POLLIN}], 1, 25000 <unfinished ...>
2533  <... futex resumed>)              = 0
2525  <... poll resumed>)               = 1 ([{fd=8, revents=POLLIN}])
2533  sendmsg(5, {msg_name=NULL, msg_namelen=0, msg_iov=[{iov_base="l\1\0\1X\0\0\0\v\0\0\0\234\0\0\0\1\1o\0,\0\0\0/org/freedesktop/impl/portal/PermissionStore\0\0\0\0\2\1s\0+\0\0\0org.freedesktop.impl.portal.PermissionStore\0\0\0\0\0"..., iov_len=264}], msg_iovlen=1, msg_controllen=0, msg_flags=0}, MSG_NOSIGNAL <unfinished ...>
2525  read(8,  <unfinished ...>
2533  <... sendmsg resumed>)            = 264
2530  <... epoll_wait resumed>[{events=EPOLLIN, data={u32=8, u64=8}}], 64, -1) = 1
2533  poll([{fd=5, events=POLLIN}, {fd=7, events=POLLIN}], 2, 0 <unfinished ...>
2525  <... read resumed>"\1\0\0\0\0\0\0\0", 16) = 8
2533  <... poll resumed>)               = 0 (Timeout)
2530  recvmsg(8,  <unfinished ...>
2533  poll([{fd=5, events=POLLIN}, {fd=7, events=POLLIN}], 2, -1 <unfinished ...>
2525  poll([{fd=8, events=POLLIN}], 1, 24999 <unfinished ...>
2530  <... recvmsg resumed>{msg_name=NULL, msg_namelen=0, msg_iov=[{iov_base="l\1\0\1X\0\0\0\v\0\0\0\234\0\0\0\1\1o\0,\0\0\0/org/freedesktop/impl/portal/PermissionStore\0\0\0\0\2\1s\0+\0\0\0org.freedesktop.impl.portal.PermissionStore\0\0\0\0\0"..., iov_len=2048}], msg_iovlen=1, msg_controllen=0, msg_flags=MSG_CMSG_CLOEXEC}, MSG_CMSG_CLOEXEC) = 264
2530  recvmsg(8, {msg_namelen=0}, MSG_CMSG_CLOEXEC) = -1 EAGAIN (Resource temporarily unavailable)
2530  sendmsg(9, {msg_name=NULL, msg_namelen=0, msg_iov=[{iov_base="l\1\0\1X\0\0\0\v\0\0\0\255\0\0\0\1\1o\0,\0\0\0/org/freedesktop/impl/portal/PermissionStore\0\0\0\0\2\1s\0+\0\0\0org.freedesktop.impl.portal.PermissionStore\0\0\0\0\0"..., iov_len=192}, {iov_base="\4\0\0\0TEST\0\0\0\0\1\0\0\0\r\0\0\0test-resource\0\0\0(\0\0\0\r\0\0\0one.two.three\0\0\0\20\0\0\0\3\0\0\0one\0\3\0\0\0two\0\1b\0\0\1\0\0\0", iov_len=88}], msg_iovlen=2, msg_controllen=0, msg_flags=0}, MSG_NOSIGNAL <unfinished ...>
2538  <... poll resumed>)               = 1 ([{fd=5, revents=POLLIN}])
2530  <... sendmsg resumed>)            = 280
2538  write(6, "\1\0\0\0\0\0\0\0", 8 <unfinished ...>
2530  epoll_wait(3,  <unfinished ...>
2538  <... write resumed>)              = 8
2530  <... epoll_wait resumed>[], 64, 0) = 0
2538  recvmsg(5,  <unfinished ...>
2530  epoll_wait(3,  <unfinished ...>
2538  <... recvmsg resumed>{msg_name=NULL, msg_namelen=0, msg_iov=[{iov_base="l\1\0\1X\0\0\0\v\0\0\0\255\0\0\0", iov_len=16}], msg_iovlen=1, msg_controllen=0, msg_flags=MSG_CMSG_CLOEXEC}, MSG_CMSG_CLOEXEC) = 16
2538  poll([{fd=5, events=POLLIN}], 1, 0) = 1 ([{fd=5, revents=POLLIN}])
2538  recvmsg(5, {msg_name=NULL, msg_namelen=0, msg_iov=[{iov_base="\1\1o\0,\0\0\0/org/freedesktop/impl/portal/PermissionStore\0\0\0\0\2\1s\0+\0\0\0org.freedesktop.impl.portal.PermissionStore\0\0\0\0\0\6\1s\0\4\0\0\0:1.1\0\0\0\0"..., iov_len=264}], msg_iovlen=1, msg_controllen=0, msg_flags=MSG_CMSG_CLOEXEC}, MSG_CMSG_CLOEXEC) = 264
2538  write(6, "\1\0\0\0\0\0\0\0", 8)   = 8
2538  write(6, "\1\0\0\0\0\0\0\0", 8)   = 8
2538  poll([{fd=6, events=POLLIN}], 1, 0) = 1 ([{fd=6, revents=POLLIN}])
2538  read(6, "\3\0\0\0\0\0\0\0", 16)   = 8
2538  write(3, "\1\0\0\0\0\0\0\0", 8)   = 8
2535  <... poll resumed>)               = 1 ([{fd=3, revents=POLLIN}])
2538  poll([{fd=5, events=POLLIN}], 1, 0 <unfinished ...>
2535  read(3,  <unfinished ...>
2538  <... poll resumed>)               = 0 (Timeout)
2535  <... read resumed>"\1\0\0\0\0\0\0\0", 16) = 8
2538  write(6, "\1\0\0\0\0\0\0\0", 8 <unfinished ...>
2535  futex(0x7f047400eab0, FUTEX_WAIT_PRIVATE, 2, NULL <unfinished ...>
2538  <... write resumed>)              = 8
2538  futex(0x7f047400eab0, FUTEX_WAKE_PRIVATE, 1) = 1
2535  <... futex resumed>)              = 0
2538  futex(0x7f047400e840, FUTEX_WAIT_PRIVATE, 2, NULL <unfinished ...>
2535  write(6, "\1\0\0\0\0\0\0\0", 8)   = 8
2535  futex(0x7f047400eab0, FUTEX_WAKE_PRIVATE, 1) = 0
2535  futex(0x7f047400e840, FUTEX_WAKE_PRIVATE, 1 <unfinished ...>
2538  <... futex resumed>)              = 0
2535  <... futex resumed>)              = 1
2538  futex(0x7f047400e840, FUTEX_WAKE_PRIVATE, 1 <unfinished ...>
2535  futex(0x55cdb42ecce0, FUTEX_WAKE_PRIVATE, 1 <unfinished ...>
2538  <... futex resumed>)              = 0
2537  <... futex resumed>)              = 0
2535  <... futex resumed>)              = 1
2538  poll([{fd=5, events=POLLIN}, {fd=6, events=POLLIN}], 2, 0 <unfinished ...>
2537  futex(0x55cdb42eccd0, FUTEX_WAIT_PRIVATE, 2, NULL <unfinished ...>
2538  <... poll resumed>)               = 1 ([{fd=6, revents=POLLIN}])
2535  futex(0x55cdb42eccd0, FUTEX_WAKE_PRIVATE, 1 <unfinished ...>
2538  read(6,  <unfinished ...>
2537  <... futex resumed>)              = -1 EAGAIN (Resource temporarily unavailable)
2538  <... read resumed>"\2\0\0\0\0\0\0\0", 16) = 8
2535  <... futex resumed>)              = 0
2538  sendmsg(5, {msg_name=NULL, msg_namelen=0, msg_iov=[{iov_base="l\4\1\1X\0\0\0\t\0\0\0\220\0\0\0\1\1o\0,\0\0\0/org/freedesktop/impl/portal/PermissionStore\0\0\0\0\2\1s\0+\0\0\0org.freedesktop.impl.portal.PermissionStore\0\0\0\0\0"..., iov_len=248}], msg_iovlen=1, msg_controllen=0, msg_flags=0}, MSG_NOSIGNAL <unfinished ...>
2537  futex(0x55cdb42eccd0, FUTEX_WAKE_PRIVATE, 1 <unfinished ...>
2538  <... sendmsg resumed>)            = 248
2535  poll([{fd=3, events=POLLIN}], 1, -1 <unfinished ...>
2530  <... epoll_wait resumed>[{events=EPOLLIN, data={u32=9, u64=9}}], 64, -1) = 1
2538  poll([{fd=5, events=POLLIN}, {fd=6, events=POLLIN}], 2, 0 <unfinished ...>
2537  <... futex resumed>)              = 0
2538  <... poll resumed>)               = 0 (Timeout)
2530  recvmsg(9,  <unfinished ...>
2538  poll([{fd=5, events=POLLIN}, {fd=6, events=POLLIN}], 2, -1 <unfinished ...>
2537  openat(AT_FDCWD, "/tmp/xdp-test-5BAGP1/flatpak/db/TEST", O_WRONLY|O_CREAT|O_EXCL|O_CLOEXEC, 0666 <unfinished ...>
2530  <... recvmsg resumed>{msg_name=NULL, msg_namelen=0, msg_iov=[{iov_base="l\4\1\1X\0\0\0\t\0\0\0\220\0\0\0\1\1o\0,\0\0\0/org/freedesktop/impl/portal/PermissionStore\0\0\0\0\2\1s\0+\0\0\0org.freedesktop.impl.portal.PermissionStore\0\0\0\0\0"..., iov_len=2048}], msg_iovlen=1, msg_controllen=0, msg_flags=MSG_CMSG_CLOEXEC}, MSG_CMSG_CLOEXEC) = 248
2537  <... openat resumed>)             = -1 EEXIST (File exists)
2530  recvmsg(9,  <unfinished ...>
2537  openat(AT_FDCWD, "/tmp/xdp-test-5BAGP1/flatpak/db/TEST", O_WRONLY|O_CREAT|O_NOFOLLOW, 0666 <unfinished ...>
2530  <... recvmsg resumed>{msg_namelen=0}, MSG_CMSG_CLOEXEC) = -1 EAGAIN (Resource temporarily unavailable)
2537  <... openat resumed>)             = 7
2530  sendmsg(8, {msg_name=NULL, msg_namelen=0, msg_iov=[{iov_base="l\4\1\1X\0\0\0\t\0\0\0\235\0\0\0\1\1o\0,\0\0\0/org/freedesktop/impl/portal/PermissionStore\0\0\0\0\2\1s\0+\0\0\0org.freedesktop.impl.portal.PermissionStore\0\0\0\0\0"..., iov_len=176}, {iov_base="\4\0\0\0TEST\0\0\0\0\r\0\0\0test-resource\0\0\0\0\0\0\0\1b\0\0\1\0\0\0(\0\0\0\r\0\0\0one.two.three\0\0\0\20\0\0\0\3\0\0\0one\0\3\0\0\0two\0", iov_len=88}], msg_iovlen=2, msg_controllen=0, msg_flags=0}, MSG_NOSIGNAL <unfinished ...>
2537  statx(7, "", AT_STATX_SYNC_AS_STAT|AT_EMPTY_PATH, STATX_TYPE|STATX_MODE|STATX_NLINK|STATX_UID|STATX_GID|STATX_MTIME,  <unfinished ...>
2533  <... poll resumed>)               = 1 ([{fd=5, revents=POLLIN}])
2530  <... sendmsg resumed>)            = 264
2537  <... statx resumed>{stx_mask=STATX_BASIC_STATS|STATX_MNT_ID, stx_attributes=0, stx_mode=S_IFREG|0644, stx_size=112, ...}) = 0
2533  write(7, "\1\0\0\0\0\0\0\0", 8 <unfinished ...>
2537  openat(AT_FDCWD, "/tmp/xdp-test-5BAGP1/flatpak/db/.goutputstream-ECHIP1", O_WRONLY|O_CREAT|O_EXCL, 0666 <unfinished ...>
2530  epoll_wait(3,  <unfinished ...>
2537  <... openat resumed>)             = 8
2533  <... write resumed>)              = 8
2537  fchown(8, 0, 0 <unfinished ...>
2533  recvmsg(5,  <unfinished ...>
2537  <... fchown resumed>)             = 0
2533  <... recvmsg resumed>{msg_name=NULL, msg_namelen=0, msg_iov=[{iov_base="l\4\1\1X\0\0\0\t\0\0\0\235\0\0\0", iov_len=16}], msg_iovlen=1, msg_controllen=0, msg_flags=MSG_CMSG_CLOEXEC}, MSG_CMSG_CLOEXEC) = 16
2537  fchmod(8, 0644 <unfinished ...>
2533  poll([{fd=5, events=POLLIN}], 1, 0 <unfinished ...>
2537  <... fchmod resumed>)             = 0
2533  <... poll resumed>)               = 1 ([{fd=5, revents=POLLIN}])
2537  close(7 <unfinished ...>
2533  recvmsg(5,  <unfinished ...>
2537  <... close resumed>)              = 0
2533  <... recvmsg resumed>{msg_name=NULL, msg_namelen=0, msg_iov=[{iov_base="\1\1o\0,\0\0\0/org/freedesktop/impl/portal/PermissionStore\0\0\0\0\2\1s\0+\0\0\0org.freedesktop.impl.portal.PermissionStore\0\0\0\0\0\10\1g\0\nssbva{sas}\0"..., iov_len=248}], msg_iovlen=1, msg_controllen=0, msg_flags=MSG_CMSG_CLOEXEC}, MSG_CMSG_CLOEXEC) = 248
2537  write(3, "\1\0\0\0\0\0\0\0", 8 <unfinished ...>
2533  write(7, "\1\0\0\0\0\0\0\0", 8 <unfinished ...>
2537  <... write resumed>)              = 8
2535  <... poll resumed>)               = 1 ([{fd=3, revents=POLLIN}])
2537  futex(0x55cdb42ecce0, FUTEX_WAIT_PRIVATE, 7, {tv_sec=0, tv_nsec=499998481} <unfinished ...>
2533  <... write resumed>)              = 8
2535  read(3,  <unfinished ...>
2533  write(7, "\1\0\0\0\0\0\0\0", 8 <unfinished ...>
2535  <... read resumed>"\1\0\0\0\0\0\0\0", 16) = 8
2533  <... write resumed>)              = 8
2535  futex(0x55cdb42ecce0, FUTEX_WAKE_PRIVATE, 1 <unfinished ...>
2533  poll([{fd=7, events=POLLIN}], 1, 0 <unfinished ...>
2537  <... futex resumed>)              = 0
2535  <... futex resumed>)              = 1
2537  futex(0x55cdb42eccd0, FUTEX_WAIT_PRIVATE, 2, NULL <unfinished ...>
2533  <... poll resumed>)               = 1 ([{fd=7, revents=POLLIN}])
2537  <... futex resumed>)              = -1 EAGAIN (Resource temporarily unavailable)
2535  futex(0x55cdb42eccd0, FUTEX_WAKE_PRIVATE, 1 <unfinished ...>
2537  futex(0x55cdb42eccd0, FUTEX_WAKE_PRIVATE, 1 <unfinished ...>
2533  read(7,  <unfinished ...>
2537  <... futex resumed>)              = 0
2535  <... futex resumed>)              = 0
2537  write(8, "GVariant\0\0\0\0\0\0\0\0\30\0\0\0X\0\0\0\0\0\0(\2\0\0\0\0\0\0\0\1\0\0\0j\177\232|\377\377\377\377X\0\0\0\4\0H\0\\\0\0\0\200\0\0\0\231+\224|\377\377\377\377\270\0\0\0\4\0H\0\274\0\0\0\340\0\0\0main\0\0\0(\1\0\0\0\0\0\0\0:F\305\223\377\377\377\377\200\0\0\0\r\0v\0\220\0\0\0\270\0\0\0"..., 258 <unfinished ...>
2533  <... read resumed>"\3\0\0\0\0\0\0\0", 16) = 8
2537  <... write resumed>)              = 258
2535  poll([{fd=3, events=POLLIN}], 1, -1 <unfinished ...>
2537  write(3, "\1\0\0\0\0\0\0\0", 8 <unfinished ...>
2533  poll([{fd=5, events=POLLIN}], 1, 0 <unfinished ...>
2537  <... write resumed>)              = 8
2535  <... poll resumed>)               = 1 ([{fd=3, revents=POLLIN}])
2537  futex(0x55cdb42ecce0, FUTEX_WAIT_PRIVATE, 8, {tv_sec=0, tv_nsec=499999618} <unfinished ...>
2533  <... poll resumed>)               = 0 (Timeout)
2535  read(3,  <unfinished ...>
2533  write(7, "\1\0\0\0\0\0\0\0", 8 <unfinished ...>
2535  <... read resumed>"\1\0\0\0\0\0\0\0", 16) = 8
2533  <... write resumed>)              = 8
2535  futex(0x55cdb42ecce0, FUTEX_WAKE_PRIVATE, 1 <unfinished ...>
2533  poll([{fd=5, events=POLLIN}, {fd=7, events=POLLIN}], 2, -1 <unfinished ...>
2537  <... futex resumed>)              = 0
2535  <... futex resumed>)              = 1
2537  futex(0x55cdb42eccd0, FUTEX_WAIT_PRIVATE, 2, NULL <unfinished ...>
2533  <... poll resumed>)               = 1 ([{fd=7, revents=POLLIN}])
2537  <... futex resumed>)              = -1 EAGAIN (Resource temporarily unavailable)
2535  futex(0x55cdb42eccd0, FUTEX_WAKE_PRIVATE, 1 <unfinished ...>
2537  futex(0x55cdb42eccd0, FUTEX_WAKE_PRIVATE, 1 <unfinished ...>
2533  read(7,  <unfinished ...>
2537  <... futex resumed>)              = 0
2535  <... futex resumed>)              = 0
2537  fsync(8 <unfinished ...>
2533  <... read resumed>"\1\0\0\0\0\0\0\0", 16) = 8
2535  poll([{fd=3, events=POLLIN}], 1, -1 <unfinished ...>
2533  poll([{fd=5, events=POLLIN}, {fd=7, events=POLLIN}], 2, -1 <unfinished ...>
2537  <... fsync resumed>)              = 0
2537  rename("/tmp/xdp-test-5BAGP1/flatpak/db/.goutputstream-ECHIP1", "/tmp/xdp-test-5BAGP1/flatpak/db/TEST") = 0
2537  statx(8, "", AT_STATX_SYNC_AS_STAT|AT_EMPTY_PATH, STATX_MTIME, {stx_mask=STATX_BASIC_STATS|STATX_MNT_ID, stx_attributes=0, stx_mode=S_IFREG|0644, stx_size=258, ...}) = 0
2537  close(8)                          = 0
2537  write(3, "\1\0\0\0\0\0\0\0", 8)   = 8
2535  <... poll resumed>)               = 1 ([{fd=3, revents=POLLIN}])
2537  futex(0x55cdb42ecce0, FUTEX_WAIT_PRIVATE, 9, {tv_sec=0, tv_nsec=499998686} <unfinished ...>
2535  read(3, "\1\0\0\0\0\0\0\0", 16)   = 8
2535  write(6, "\1\0\0\0\0\0\0\0", 8 <unfinished ...>
2538  <... poll resumed>)               = 1 ([{fd=6, revents=POLLIN}])
2535  <... write resumed>)              = 8
2538  futex(0x7f047400eab0, FUTEX_WAIT_PRIVATE, 2, NULL <unfinished ...>
2535  futex(0x7f047400eab0, FUTEX_WAKE_PRIVATE, 1 <unfinished ...>
2538  <... futex resumed>)              = -1 EAGAIN (Resource temporarily unavailable)
2535  <... futex resumed>)              = 0
2538  read(6,  <unfinished ...>
2535  futex(0x7f047400eab0, FUTEX_WAIT_PRIVATE, 2, NULL <unfinished ...>
2538  <... read resumed>"\1\0\0\0\0\0\0\0", 16) = 8
2538  futex(0x7f047400eab0, FUTEX_WAKE_PRIVATE, 1) = 1
2535  <... futex resumed>)              = 0
2538  futex(0x7f047400e840, FUTEX_WAIT_PRIVATE, 2, NULL <unfinished ...>
2535  futex(0x7f047400eab0, FUTEX_WAKE_PRIVATE, 1) = 0
2535  futex(0x7f047400e840, FUTEX_WAKE_PRIVATE, 1 <unfinished ...>
2538  <... futex resumed>)              = 0
2535  <... futex resumed>)              = 1
2538  futex(0x7f047400e840, FUTEX_WAKE_PRIVATE, 1 <unfinished ...>
2535  poll([{fd=3, events=POLLIN}], 1, -1 <unfinished ...>
2538  <... futex resumed>)              = 0
2538  sendmsg(5, {msg_name=NULL, msg_namelen=0, msg_iov=[{iov_base="l\2\1\1\0\0\0\0\n\0\0\0 \0\0\0\6\1s\0\4\0\0\0:1.0\0\0\0\0\10\1g\0\0\0\0\0\5\1u\0\v\0\0\0", iov_len=48}], msg_iovlen=1, msg_controllen=0, msg_flags=0}, MSG_NOSIGNAL) = 48
2530  <... epoll_wait resumed>[{events=EPOLLIN, data={u32=9, u64=9}}], 64, -1) = 1
2538  poll([{fd=5, events=POLLIN}, {fd=6, events=POLLIN}], 2, 0 <unfinished ...>
2530  recvmsg(9,  <unfinished ...>
2538  <... poll resumed>)               = 0 (Timeout)
2530  <... recvmsg resumed>{msg_name=NULL, msg_namelen=0, msg_iov=[{iov_base="l\2\1\1\0\0\0\0\n\0\0\0 \0\0\0\6\1s\0\4\0\0\0:1.0\0\0\0\0\10\1g\0\0\0\0\0\5\1u\0\v\0\0\0", iov_len=2048}], msg_iovlen=1, msg_controllen=0, msg_flags=MSG_CMSG_CLOEXEC}, MSG_CMSG_CLOEXEC) = 48
2538  poll([{fd=5, events=POLLIN}, {fd=6, events=POLLIN}], 2, -1 <unfinished ...>
2530  recvmsg(9, {msg_namelen=0}, MSG_CMSG_CLOEXEC) = -1 EAGAIN (Resource temporarily unavailable)
2530  sendmsg(8, {msg_name=NULL, msg_namelen=0, msg_iov=[{iov_base="l\2\1\1\0\0\0\0\n\0\0\0-\0\0\0\6\1s\0\4\0\0\0:1.0\0\0\0\0\10\1g\0\0\0\0\0\5\1u\0\v\0\0\0\7\1s\0\4\0\0\0:1.1\0\0\0\0", iov_len=64}, {iov_base="", iov_len=0}], msg_iovlen=2, msg_controllen=0, msg_flags=0}, MSG_NOSIGNAL <unfinished ...>
2533  <... poll resumed>)               = 1 ([{fd=5, revents=POLLIN}])
2530  <... sendmsg resumed>)            = 64
2533  write(7, "\1\0\0\0\0\0\0\0", 8 <unfinished ...>
2530  epoll_wait(3,  <unfinished ...>
2533  <... write resumed>)              = 8
2533  recvmsg(5, {msg_name=NULL, msg_namelen=0, msg_iov=[{iov_base="l\2\1\1\0\0\0\0\n\0\0\0-\0\0\0", iov_len=16}], msg_iovlen=1, msg_controllen=0, msg_flags=MSG_CMSG_CLOEXEC}, MSG_CMSG_CLOEXEC) = 16
2533  poll([{fd=5, events=POLLIN}], 1, 0) = 1 ([{fd=5, revents=POLLIN}])
2533  recvmsg(5, {msg_name=NULL, msg_namelen=0, msg_iov=[{iov_base="\6\1s\0\4\0\0\0:1.0\0\0\0\0\10\1g\0\0\0\0\0\5\1u\0\v\0\0\0\7\1s\0\4\0\0\0:1.1\0\0\0\0", iov_len=48}], msg_iovlen=1, msg_controllen=0, msg_flags=MSG_CMSG_CLOEXEC}, MSG_CMSG_CLOEXEC) = 48
2533  write(7, "\1\0\0\0\0\0\0\0", 8)   = 8
2533  write(7, "\1\0\0\0\0\0\0\0", 8)   = 8
2533  poll([{fd=7, events=POLLIN}], 1, 0) = 1 ([{fd=7, revents=POLLIN}])
2533  read(7, "\3\0\0\0\0\0\0\0", 16)   = 8
2533  write(8, "\1\0\0\0\0\0\0\0", 8)   = 8
2525  <... poll resumed>)               = 1 ([{fd=8, revents=POLLIN}])
2533  poll([{fd=5, events=POLLIN}], 1, 0 <unfinished ...>
2525  read(8,  <unfinished ...>
2533  <... poll resumed>)               = 0 (Timeout)
2525  <... read resumed>"\1\0\0\0\0\0\0\0", 16) = 8
2533  write(7, "\1\0\0\0\0\0\0\0", 8 <unfinished ...>
2525  write(8, "\1\0\0\0\0\0\0\0", 8 <unfinished ...>
2533  <... write resumed>)              = 8
2525  <... write resumed>)              = 8
2533  poll([{fd=5, events=POLLIN}, {fd=7, events=POLLIN}], 2, -1 <unfinished ...>
2525  futex(0x55f683002560, FUTEX_WAKE_PRIVATE, 2147483647 <unfinished ...>
2533  <... poll resumed>)               = 1 ([{fd=7, revents=POLLIN}])
2525  <... futex resumed>)              = 0
2533  read(7,  <unfinished ...>
2525  close(8 <unfinished ...>
2533  <... read resumed>"\1\0\0\0\0\0\0\0", 16) = 8
2525  <... close resumed>)              = 0
2533  poll([{fd=5, events=POLLIN}, {fd=7, events=POLLIN}], 2, -1 <unfinished ...>
2525  eventfd2(0, EFD_CLOEXEC|EFD_NONBLOCK) = 8
2525  write(8, "\1\0\0\0\0\0\0\0", 8)   = 8
2525  write(7, "\1\0\0\0\0\0\0\0", 8 <unfinished ...>
2533  <... poll resumed>)               = 1 ([{fd=7, revents=POLLIN}])
2525  <... write resumed>)              = 8
2533  futex(0x55f682ff8d50, FUTEX_WAIT_PRIVATE, 2, NULL <unfinished ...>
2525  futex(0x55f682ff8d50, FUTEX_WAKE_PRIVATE, 1 <unfinished ...>
2533  <... futex resumed>)              = -1 EAGAIN (Resource temporarily unavailable)
2525  <... futex resumed>)              = 0
2533  read(7,  <unfinished ...>
2525  futex(0x55f682ff8d50, FUTEX_WAIT_PRIVATE, 2, NULL <unfinished ...>
2533  <... read resumed>"\1\0\0\0\0\0\0\0", 16) = 8
2533  futex(0x55f682ff8d50, FUTEX_WAKE_PRIVATE, 1) = 1
2525  <... futex resumed>)              = 0
2533  futex(0x55f682ff8a00, FUTEX_WAIT_PRIVATE, 2, NULL <unfinished ...>
2525  futex(0x55f682ff8d50, FUTEX_WAKE_PRIVATE, 1) = 0
2525  futex(0x55f682ff8a00, FUTEX_WAKE_PRIVATE, 1 <unfinished ...>
2533  <... futex resumed>)              = 0
2525  <... futex resumed>)              = 1
2533  futex(0x55f682ff8a00, FUTEX_WAKE_PRIVATE, 1 <unfinished ...>
2525  poll([{fd=8, events=POLLIN}], 1, 25000 <unfinished ...>
2533  <... futex resumed>)              = 0
2525  <... poll resumed>)               = 1 ([{fd=8, revents=POLLIN}])
2533  sendmsg(5, {msg_name=NULL, msg_namelen=0, msg_iov=[{iov_base="l\1\0\1\36\0\0\0\f\0\0\0\227\0\0\0\1\1o\0,\0\0\0/org/freedesktop/impl/portal/PermissionStore\0\0\0\0\2\1s\0+\0\0\0org.freedesktop.impl.portal.PermissionStore\0\0\0\0\0"..., iov_len=198}], msg_iovlen=1, msg_controllen=0, msg_flags=0}, MSG_NOSIGNAL <unfinished ...>
2525  read(8,  <unfinished ...>
2533  <... sendmsg resumed>)            = 198
2530  <... epoll_wait resumed>[{events=EPOLLIN, data={u32=8, u64=8}}], 64, -1) = 1
2533  poll([{fd=5, events=POLLIN}, {fd=7, events=POLLIN}], 2, 0 <unfinished ...>
2525  <... read resumed>"\1\0\0\0\0\0\0\0", 16) = 8
2533  <... poll resumed>)               = 0 (Timeout)
2530  recvmsg(8,  <unfinished ...>
2533  poll([{fd=5, events=POLLIN}, {fd=7, events=POLLIN}], 2, -1 <unfinished ...>
2525  poll([{fd=8, events=POLLIN}], 1, 24999 <unfinished ...>
2530  <... recvmsg resumed>{msg_name=NULL, msg_namelen=0, msg_iov=[{iov_base="l\1\0\1\36\0\0\0\f\0\0\0\227\0\0\0\1\1o\0,\0\0\0/org/freedesktop/impl/portal/PermissionStore\0\0\0\0\2\1s\0+\0\0\0org.freedesktop.impl.portal.PermissionStore\0\0\0\0\0"..., iov_len=2048}], msg_iovlen=1, msg_controllen=0, msg_flags=MSG_CMSG_CLOEXEC}, MSG_CMSG_CLOEXEC) = 198
2530  recvmsg(8, {msg_namelen=0}, MSG_CMSG_CLOEXEC) = -1 EAGAIN (Resource temporarily unavailable)
2530  sendmsg(9, {msg_name=NULL, msg_namelen=0, msg_iov=[{iov_base="l\1\0\1\36\0\0\0\f\0\0\0\245\0\0\0\1\1o\0,\0\0\0/org/freedesktop/impl/portal/PermissionStore\0\0\0\0\2\1s\0+\0\0\0org.freedesktop.impl.portal.PermissionStore\0\0\0\0\0"..., iov_len=184}, {iov_base="\4\0\0\0TEST\0\0\0\0\r\0\0\0test-resource\0", iov_len=30}], msg_iovlen=2, msg_controllen=0, msg_flags=0}, MSG_NOSIGNAL <unfinished ...>
2538  <... poll resumed>)               = 1 ([{fd=5, revents=POLLIN}])
2530  <... sendmsg resumed>)            = 214
2538  write(6, "\1\0\0\0\0\0\0\0", 8 <unfinished ...>
2530  epoll_wait(3,  <unfinished ...>
2538  <... write resumed>)              = 8
2530  <... epoll_wait resumed>[], 64, 0) = 0
2538  recvmsg(5,  <unfinished ...>
2530  epoll_wait(3,  <unfinished ...>
2538  <... recvmsg resumed>{msg_name=NULL, msg_namelen=0, msg_iov=[{iov_base="l\1\0\1\36\0\0\0\f\0\0\0\245\0\0\0", iov_len=16}], msg_iovlen=1, msg_controllen=0, msg_flags=MSG_CMSG_CLOEXEC}, MSG_CMSG_CLOEXEC) = 16
2538  poll([{fd=5, events=POLLIN}], 1, 0) = 1 ([{fd=5, revents=POLLIN}])
2538  recvmsg(5, {msg_name=NULL, msg_namelen=0, msg_iov=[{iov_base="\1\1o\0,\0\0\0/org/freedesktop/impl/portal/PermissionStore\0\0\0\0\2\1s\0+\0\0\0org.freedesktop.impl.portal.PermissionStore\0\0\0\0\0\6\1s\0\4\0\0\0:1.1\0\0\0\0"..., iov_len=198}], msg_iovlen=1, msg_controllen=0, msg_flags=MSG_CMSG_CLOEXEC}, MSG_CMSG_CLOEXEC) = 198
2538  write(6, "\1\0\0\0\0\0\0\0", 8)   = 8
2538  write(6, "\1\0\0\0\0\0\0\0", 8)   = 8
2538  poll([{fd=6, events=POLLIN}], 1, 0) = 1 ([{fd=6, revents=POLLIN}])
2538  read(6, "\3\0\0\0\0\0\0\0", 16)   = 8
2538  write(3, "\1\0\0\0\0\0\0\0", 8)   = 8
2535  <... poll resumed>)               = 1 ([{fd=3, revents=POLLIN}])
2538  poll([{fd=5, events=POLLIN}], 1, 0 <unfinished ...>
2535  read(3,  <unfinished ...>
2538  <... poll resumed>)               = 0 (Timeout)
2535  <... read resumed>"\1\0\0\0\0\0\0\0", 16) = 8
2538  write(6, "\1\0\0\0\0\0\0\0", 8 <unfinished ...>
2535  futex(0x7f047400eab0, FUTEX_WAIT_PRIVATE, 2, NULL <unfinished ...>
2538  <... write resumed>)              = 8
2538  futex(0x7f047400eab0, FUTEX_WAKE_PRIVATE, 1) = 1
2535  <... futex resumed>)              = 0
2538  futex(0x7f047400e840, FUTEX_WAIT_PRIVATE, 2, NULL <unfinished ...>
2535  write(6, "\1\0\0\0\0\0\0\0", 8)   = 8
2535  futex(0x7f047400eab0, FUTEX_WAKE_PRIVATE, 1) = 0
2535  futex(0x7f047400e840, FUTEX_WAKE_PRIVATE, 1 <unfinished ...>
2538  <... futex resumed>)              = 0
2535  <... futex resumed>)              = 1
2538  futex(0x7f047400e840, FUTEX_WAKE_PRIVATE, 1 <unfinished ...>
2535  poll([{fd=3, events=POLLIN}], 1, -1 <unfinished ...>
2538  <... futex resumed>)              = 0
2538  poll([{fd=5, events=POLLIN}, {fd=6, events=POLLIN}], 2, 0) = 1 ([{fd=6, revents=POLLIN}])
2538  read(6, "\2\0\0\0\0\0\0\0", 16)   = 8
2538  sendmsg(5, {msg_name=NULL, msg_namelen=0, msg_iov=[{iov_base="l\2\1\18\0\0\0\v\0\0\0(\0\0\0\6\1s\0\4\0\0\0:1.0\0\0\0\0\10\1g\0\7a{sas}v\0\0\0\0\5\1u\0\f\0\0\0(\0\0\0\0\0\0\0\r\0\0\0one.two.three\0\0\0\20\0\0\0\3\0\0\0one\0\3\0\0\0two\0\1b\0\0\1\0\0\0", iov_len=112}], msg_iovlen=1, msg_controllen=0, msg_flags=0}, MSG_NOSIGNAL) = 112
2530  <... epoll_wait resumed>[{events=EPOLLIN, data={u32=9, u64=9}}], 64, -1) = 1
2538  poll([{fd=5, events=POLLIN}, {fd=6, events=POLLIN}], 2, 0 <unfinished ...>
2530  recvmsg(9,  <unfinished ...>
2538  <... poll resumed>)               = 0 (Timeout)
2530  <... recvmsg resumed>{msg_name=NULL, msg_namelen=0, msg_iov=[{iov_base="l\2\1\18\0\0\0\v\0\0\0(\0\0\0\6\1s\0\4\0\0\0:1.0\0\0\0\0\10\1g\0\7a{sas}v\0\0\0\0\5\1u\0\f\0\0\0(\0\0\0\0\0\0\0\r\0\0\0one.two.three\0\0\0\20\0\0\0\3\0\0\0one\0\3\0\0\0two\0\1b\0\0\1\0\0\0", iov_len=2048}], msg_iovlen=1, msg_controllen=0, msg_flags=MSG_CMSG_CLOEXEC}, MSG_CMSG_CLOEXEC) = 112
2538  poll([{fd=5, events=POLLIN}, {fd=6, events=POLLIN}], 2, -1 <unfinished ...>
2530  recvmsg(9, {msg_namelen=0}, MSG_CMSG_CLOEXEC) = -1 EAGAIN (Resource temporarily unavailable)
2530  sendmsg(8, {msg_name=NULL, msg_namelen=0, msg_iov=[{iov_base="l\2\1\18\0\0\0\v\0\0\0005\0\0\0\6\1s\0\4\0\0\0:1.0\0\0\0\0\10\1g\0\7a{sas}v\0\0\0\0\5\1u\0\f\0\0\0\7\1s\0\4\0\0\0:1.1\0\0\0\0", iov_len=72}, {iov_base="(\0\0\0\0\0\0\0\r\0\0\0one.two.three\0\0\0\20\0\0\0\3\0\0\0one\0\3\0\0\0two\0\1b\0\0\1\0\0\0", iov_len=56}], msg_iovlen=2, msg_controllen=0, msg_flags=0}, MSG_NOSIGNAL <unfinished ...>
2533  <... poll resumed>)               = 1 ([{fd=5, revents=POLLIN}])
2530  <... sendmsg resumed>)            = 128
2533  write(7, "\1\0\0\0\0\0\0\0", 8 <unfinished ...>
2530  epoll_wait(3,  <unfinished ...>
2533  <... write resumed>)              = 8
2533  recvmsg(5, {msg_name=NULL, msg_namelen=0, msg_iov=[{iov_base="l\2\1\18\0\0\0\v\0\0\0005\0\0\0", iov_len=16}], msg_iovlen=1, msg_controllen=0, msg_flags=MSG_CMSG_CLOEXEC}, MSG_CMSG_CLOEXEC) = 16
2533  poll([{fd=5, events=POLLIN}], 1, 0) = 1 ([{fd=5, revents=POLLIN}])
2533  recvmsg(5, {msg_name=NULL, msg_namelen=0, msg_iov=[{iov_base="\6\1s\0\4\0\0\0:1.0\0\0\0\0\10\1g\0\7a{sas}v\0\0\0\0\5\1u\0\f\0\0\0\7\1s\0\4\0\0\0:1.1\0\0\0\0(\0\0\0\0\0\0\0\r\0\0\0one.two.three\0\0\0\20\0\0\0\3\0\0\0one\0\3\0\0\0two\0\1b\0\0\1\0\0\0", iov_len=112}], msg_iovlen=1, msg_controllen=0, msg_flags=MSG_CMSG_CLOEXEC}, MSG_CMSG_CLOEXEC) = 112
2533  write(7, "\1\0\0\0\0\0\0\0", 8)   = 8
2533  write(7, "\1\0\0\0\0\0\0\0", 8)   = 8
2533  poll([{fd=7, events=POLLIN}], 1, 0) = 1 ([{fd=7, revents=POLLIN}])
2533  read(7, "\3\0\0\0\0\0\0\0", 16)   = 8
2533  write(8, "\1\0\0\0\0\0\0\0", 8)   = 8
2525  <... poll resumed>)               = 1 ([{fd=8, revents=POLLIN}])
2533  poll([{fd=5, events=POLLIN}], 1, 0 <unfinished ...>
2525  read(8,  <unfinished ...>
2533  <... poll resumed>)               = 0 (Timeout)
2525  <... read resumed>"\1\0\0\0\0\0\0\0", 16) = 8
2533  write(7, "\1\0\0\0\0\0\0\0", 8 <unfinished ...>
2525  write(8, "\1\0\0\0\0\0\0\0", 8 <unfinished ...>
2533  <... write resumed>)              = 8
2525  <... write resumed>)              = 8
2533  poll([{fd=5, events=POLLIN}, {fd=7, events=POLLIN}], 2, -1 <unfinished ...>
2525  futex(0x55f683002830, FUTEX_WAKE_PRIVATE, 2147483647 <unfinished ...>
2533  <... poll resumed>)               = 1 ([{fd=7, revents=POLLIN}])
2525  <... futex resumed>)              = 0
2533  read(7,  <unfinished ...>
2525  close(8 <unfinished ...>
2533  <... read resumed>"\1\0\0\0\0\0\0\0", 16) = 8
2525  <... close resumed>)              = 0
2533  poll([{fd=5, events=POLLIN}, {fd=7, events=POLLIN}], 2, -1 <unfinished ...>
2525  eventfd2(0, EFD_CLOEXEC|EFD_NONBLOCK) = 8
2525  write(8, "\1\0\0\0\0\0\0\0", 8)   = 8
2525  write(7, "\1\0\0\0\0\0\0\0", 8 <unfinished ...>
2533  <... poll resumed>)               = 1 ([{fd=7, revents=POLLIN}])
2525  <... write resumed>)              = 8
2533  futex(0x55f682ff8d50, FUTEX_WAIT_PRIVATE, 2, NULL <unfinished ...>
2525  futex(0x55f682ff8d50, FUTEX_WAKE_PRIVATE, 1 <unfinished ...>
2533  <... futex resumed>)              = -1 EAGAIN (Resource temporarily unavailable)
2525  <... futex resumed>)              = 0
2533  read(7,  <unfinished ...>
2525  futex(0x55f682ff8d50, FUTEX_WAIT_PRIVATE, 2, NULL <unfinished ...>
2533  <... read resumed>"\1\0\0\0\0\0\0\0", 16) = 8
2533  futex(0x55f682ff8d50, FUTEX_WAKE_PRIVATE, 1) = 1
2525  <... futex resumed>)              = 0
2533  futex(0x55f682ff8a00, FUTEX_WAIT_PRIVATE, 2, NULL <unfinished ...>
2525  futex(0x55f682ff8d50, FUTEX_WAKE_PRIVATE, 1) = 0
2525  futex(0x55f682ff8a00, FUTEX_WAKE_PRIVATE, 1 <unfinished ...>
2533  <... futex resumed>)              = 0
2525  <... futex resumed>)              = 1
2533  futex(0x55f682ff8a00, FUTEX_WAKE_PRIVATE, 1 <unfinished ...>
2525  poll([{fd=8, events=POLLIN}], 1, 25000 <unfinished ...>
2533  <... futex resumed>)              = 0
2525  <... poll resumed>)               = 1 ([{fd=8, revents=POLLIN}])
2533  sendmsg(5, {msg_name=NULL, msg_namelen=0, msg_iov=[{iov_base="l\1\0\1\36\0\0\0\r\0\0\0\227\0\0\0\1\1o\0,\0\0\0/org/freedesktop/impl/portal/PermissionStore\0\0\0\0\2\1s\0+\0\0\0org.freedesktop.impl.portal.PermissionStore\0\0\0\0\0"..., iov_len=198}], msg_iovlen=1, msg_controllen=0, msg_flags=0}, MSG_NOSIGNAL <unfinished ...>
2525  read(8,  <unfinished ...>
2533  <... sendmsg resumed>)            = 198
2530  <... epoll_wait resumed>[{events=EPOLLIN, data={u32=8, u64=8}}], 64, -1) = 1
2533  poll([{fd=5, events=POLLIN}, {fd=7, events=POLLIN}], 2, 0 <unfinished ...>
2525  <... read resumed>"\1\0\0\0\0\0\0\0", 16) = 8
2533  <... poll resumed>)               = 0 (Timeout)
2530  recvmsg(8,  <unfinished ...>
2533  poll([{fd=5, events=POLLIN}, {fd=7, events=POLLIN}], 2, -1 <unfinished ...>
2525  poll([{fd=8, events=POLLIN}], 1, 24999 <unfinished ...>
2530  <... recvmsg resumed>{msg_name=NULL, msg_namelen=0, msg_iov=[{iov_base="l\1\0\1\36\0\0\0\r\0\0\0\227\0\0\0\1\1o\0,\0\0\0/org/freedesktop/impl/portal/PermissionStore\0\0\0\0\2\1s\0+\0\0\0org.freedesktop.impl.portal.PermissionStore\0\0\0\0\0"..., iov_len=2048}], msg_iovlen=1, msg_controllen=0, msg_flags=MSG_CMSG_CLOEXEC}, MSG_CMSG_CLOEXEC) = 198
2530  recvmsg(8, {msg_namelen=0}, MSG_CMSG_CLOEXEC) = -1 EAGAIN (Resource temporarily unavailable)
2530  sendmsg(9, {msg_name=NULL, msg_namelen=0, msg_iov=[{iov_base="l\1\0\1\36\0\0\0\r\0\0\0\245\0\0\0\1\1o\0,\0\0\0/org/freedesktop/impl/portal/PermissionStore\0\0\0\0\2\1s\0+\0\0\0org.freedesktop.impl.portal.PermissionStore\0\0\0\0\0"..., iov_len=184}, {iov_base="\4\0\0\0TEST\0\0\0\0\r\0\0\0test-resource\0", iov_len=30}], msg_iovlen=2, msg_controllen=0, msg_flags=0}, MSG_NOSIGNAL <unfinished ...>
2538  <... poll resumed>)               = 1 ([{fd=5, revents=POLLIN}])
2530  <... sendmsg resumed>)            = 214
2538  write(6, "\1\0\0\0\0\0\0\0", 8 <unfinished ...>
2530  epoll_wait(3,  <unfinished ...>
2538  <... write resumed>)              = 8
2530  <... epoll_wait resumed>[], 64, 0) = 0
2538  recvmsg(5,  <unfinished ...>
2530  epoll_wait(3,  <unfinished ...>
2538  <... recvmsg resumed>{msg_name=NULL, msg_namelen=0, msg_iov=[{iov_base="l\1\0\1\36\0\0\0\r\0\0\0\245\0\0\0", iov_len=16}], msg_iovlen=1, msg_controllen=0, msg_flags=MSG_CMSG_CLOEXEC}, MSG_CMSG_CLOEXEC) = 16
2538  poll([{fd=5, events=POLLIN}], 1, 0) = 1 ([{fd=5, revents=POLLIN}])
2538  recvmsg(5, {msg_name=NULL, msg_namelen=0, msg_iov=[{iov_base="\1\1o\0,\0\0\0/org/freedesktop/impl/portal/PermissionStore\0\0\0\0\2\1s\0+\0\0\0org.freedesktop.impl.portal.PermissionStore\0\0\0\0\0\6\1s\0\4\0\0\0:1.1\0\0\0\0"..., iov_len=198}], msg_iovlen=1, msg_controllen=0, msg_flags=MSG_CMSG_CLOEXEC}, MSG_CMSG_CLOEXEC) = 198
2538  write(6, "\1\0\0\0\0\0\0\0", 8)   = 8
2538  write(6, "\1\0\0\0\0\0\0\0", 8)   = 8
2538  poll([{fd=6, events=POLLIN}], 1, 0) = 1 ([{fd=6, revents=POLLIN}])
2538  read(6, "\3\0\0\0\0\0\0\0", 16)   = 8
2538  write(3, "\1\0\0\0\0\0\0\0", 8)   = 8
2535  <... poll resumed>)               = 1 ([{fd=3, revents=POLLIN}])
2538  poll([{fd=5, events=POLLIN}], 1, 0 <unfinished ...>
2535  read(3,  <unfinished ...>
2538  <... poll resumed>)               = 0 (Timeout)
2535  <... read resumed>"\1\0\0\0\0\0\0\0", 16) = 8
2538  write(6, "\1\0\0\0\0\0\0\0", 8 <unfinished ...>
2535  futex(0x7f047400eab0, FUTEX_WAIT_PRIVATE, 2, NULL <unfinished ...>
2538  <... write resumed>)              = 8
2538  futex(0x7f047400eab0, FUTEX_WAKE_PRIVATE, 1) = 1
2535  <... futex resumed>)              = 0
2538  futex(0x7f047400e840, FUTEX_WAIT_PRIVATE, 2, NULL <unfinished ...>
2535  write(6, "\1\0\0\0\0\0\0\0", 8)   = 8
2535  futex(0x7f047400eab0, FUTEX_WAKE_PRIVATE, 1) = 0
2535  futex(0x7f047400e840, FUTEX_WAKE_PRIVATE, 1 <unfinished ...>
2538  <... futex resumed>)              = 0
2535  <... futex resumed>)              = 1
2538  futex(0x7f047400e840, FUTEX_WAKE_PRIVATE, 1 <unfinished ...>
2535  futex(0x55cdb42ecce0, FUTEX_WAKE_PRIVATE, 1 <unfinished ...>
2538  <... futex resumed>)              = 0
2537  <... futex resumed>)              = 0
2535  <... futex resumed>)              = 1
2538  poll([{fd=5, events=POLLIN}, {fd=6, events=POLLIN}], 2, 0 <unfinished ...>
2537  futex(0x55cdb42eccd0, FUTEX_WAIT_PRIVATE, 2, NULL <unfinished ...>
2538  <... poll resumed>)               = 1 ([{fd=6, revents=POLLIN}])
2535  futex(0x55cdb42eccd0, FUTEX_WAKE_PRIVATE, 1 <unfinished ...>
2538  read(6,  <unfinished ...>
2537  <... futex resumed>)              = -1 EAGAIN (Resource temporarily unavailable)
2538  <... read resumed>"\2\0\0\0\0\0\0\0", 16) = 8
2535  <... futex resumed>)              = 0
2538  sendmsg(5, {msg_name=NULL, msg_namelen=0, msg_iov=[{iov_base="l\4\1\0010\0\0\0\f\0\0\0\220\0\0\0\1\1o\0,\0\0\0/org/freedesktop/impl/portal/PermissionStore\0\0\0\0\2\1s\0+\0\0\0org.freedesktop.impl.portal.PermissionStore\0\0\0\0\0"..., iov_len=208}], msg_iovlen=1, msg_controllen=0, msg_flags=0}, MSG_NOSIGNAL <unfinished ...>
2537  futex(0x55cdb42eccd0, FUTEX_WAKE_PRIVATE, 1 <unfinished ...>
2538  <... sendmsg resumed>)            = 208
2535  poll([{fd=3, events=POLLIN}], 1, -1 <unfinished ...>
2530  <... epoll_wait resumed>[{events=EPOLLIN, data={u32=9, u64=9}}], 64, -1) = 1
2538  poll([{fd=5, events=POLLIN}, {fd=6, events=POLLIN}], 2, 0 <unfinished ...>
2537  <... futex resumed>)              = 0
2538  <... poll resumed>)               = 0 (Timeout)
2530  recvmsg(9,  <unfinished ...>
2538  poll([{fd=5, events=POLLIN}, {fd=6, events=POLLIN}], 2, -1 <unfinished ...>
2537  openat(AT_FDCWD, "/tmp/xdp-test-5BAGP1/flatpak/db/TEST", O_WRONLY|O_CREAT|O_EXCL|O_CLOEXEC, 0666 <unfinished ...>
2530  <... recvmsg resumed>{msg_name=NULL, msg_namelen=0, msg_iov=[{iov_base="l\4\1\0010\0\0\0\f\0\0\0\220\0\0\0\1\1o\0,\0\0\0/org/freedesktop/impl/portal/PermissionStore\0\0\0\0\2\1s\0+\0\0\0org.freedesktop.impl.portal.PermissionStore\0\0\0\0\0"..., iov_len=2048}], msg_iovlen=1, msg_controllen=0, msg_flags=MSG_CMSG_CLOEXEC}, MSG_CMSG_CLOEXEC) = 208
2537  <... openat resumed>)             = -1 EEXIST (File exists)
2530  recvmsg(9,  <unfinished ...>
2537  openat(AT_FDCWD, "/tmp/xdp-test-5BAGP1/flatpak/db/TEST", O_WRONLY|O_CREAT|O_NOFOLLOW, 0666 <unfinished ...>
2530  <... recvmsg resumed>{msg_namelen=0}, MSG_CMSG_CLOEXEC) = -1 EAGAIN (Resource temporarily unavailable)
2537  <... openat resumed>)             = 7
2530  sendmsg(8, {msg_name=NULL, msg_namelen=0, msg_iov=[{iov_base="l\4\1\0010\0\0\0\f\0\0\0\235\0\0\0\1\1o\0,\0\0\0/org/freedesktop/impl/portal/PermissionStore\0\0\0\0\2\1s\0+\0\0\0org.freedesktop.impl.portal.PermissionStore\0\0\0\0\0"..., iov_len=176}, {iov_base="\4\0\0\0TEST\0\0\0\0\r\0\0\0test-resource\0\0\0\1\0\0\0\1b\0\0\1\0\0\0\0\0\0\0", iov_len=48}], msg_iovlen=2, msg_controllen=0, msg_flags=0}, MSG_NOSIGNAL <unfinished ...>
2537  statx(7, "", AT_STATX_SYNC_AS_STAT|AT_EMPTY_PATH, STATX_TYPE|STATX_MODE|STATX_NLINK|STATX_UID|STATX_GID|STATX_MTIME,  <unfinished ...>
2533  <... poll resumed>)               = 1 ([{fd=5, revents=POLLIN}])
2530  <... sendmsg resumed>)            = 224
2537  <... statx resumed>{stx_mask=STATX_BASIC_STATS|STATX_MNT_ID, stx_attributes=0, stx_mode=S_IFREG|0644, stx_size=258, ...}) = 0
2533  write(7, "\1\0\0\0\0\0\0\0", 8 <unfinished ...>
2537  openat(AT_FDCWD, "/tmp/xdp-test-5BAGP1/flatpak/db/.goutputstream-1JUEP1", O_WRONLY|O_CREAT|O_EXCL, 0666 <unfinished ...>
2530  epoll_wait(3,  <unfinished ...>
2537  <... openat resumed>)             = 8
2533  <... write resumed>)              = 8
2537  fchown(8, 0, 0 <unfinished ...>
2533  recvmsg(5,  <unfinished ...>
2537  <... fchown resumed>)             = 0
2533  <... recvmsg resumed>{msg_name=NULL, msg_namelen=0, msg_iov=[{iov_base="l\4\1\0010\0\0\0\f\0\0\0\235\0\0\0", iov_len=16}], msg_iovlen=1, msg_controllen=0, msg_flags=MSG_CMSG_CLOEXEC}, MSG_CMSG_CLOEXEC) = 16
2537  fchmod(8, 0644 <unfinished ...>
2533  poll([{fd=5, events=POLLIN}], 1, 0 <unfinished ...>
2537  <... fchmod resumed>)             = 0
2533  <... poll resumed>)               = 1 ([{fd=5, revents=POLLIN}])
2537  close(7 <unfinished ...>
2533  recvmsg(5,  <unfinished ...>
2537  <... close resumed>)              = 0
2533  <... recvmsg resumed>{msg_name=NULL, msg_namelen=0, msg_iov=[{iov_base="\1\1o\0,\0\0\0/org/freedesktop/impl/portal/PermissionStore\0\0\0\0\2\1s\0+\0\0\0org.freedesktop.impl.portal.PermissionStore\0\0\0\0\0\10\1g\0\nssbva{sas}\0"..., iov_len=208}], msg_iovlen=1, msg_controllen=0, msg_flags=MSG_CMSG_CLOEXEC}, MSG_CMSG_CLOEXEC) = 208
2537  write(3, "\1\0\0\0\0\0\0\0", 8 <unfinished ...>
2533  write(7, "\1\0\0\0\0\0\0\0", 8 <unfinished ...>
2537  <... write resumed>)              = 8
2535  <... poll resumed>)               = 1 ([{fd=3, revents=POLLIN}])
2537  futex(0x55cdb42ecce0, FUTEX_WAIT_PRIVATE, 10, {tv_sec=0, tv_nsec=499999299} <unfinished ...>
2533  <... write resumed>)              = 8
2535  read(3,  <unfinished ...>
2533  write(7, "\1\0\0\0\0\0\0\0", 8 <unfinished ...>
2535  <... read resumed>"\1\0\0\0\0\0\0\0", 16) = 8
2533  <... write resumed>)              = 8
2535  futex(0x55cdb42ecce0, FUTEX_WAKE_PRIVATE, 1 <unfinished ...>
2533  poll([{fd=7, events=POLLIN}], 1, 0 <unfinished ...>
2537  <... futex resumed>)              = 0
2535  <... futex resumed>)              = 1
2537  futex(0x55cdb42eccd0, FUTEX_WAIT_PRIVATE, 2, NULL <unfinished ...>
2533  <... poll resumed>)               = 1 ([{fd=7, revents=POLLIN}])
2537  <... futex resumed>)              = -1 EAGAIN (Resource temporarily unavailable)
2535  futex(0x55cdb42eccd0, FUTEX_WAKE_PRIVATE, 1 <unfinished ...>
2537  futex(0x55cdb42eccd0, FUTEX_WAKE_PRIVATE, 1 <unfinished ...>
2533  read(7,  <unfinished ...>
2537  <... futex resumed>)              = 0
2535  <... futex resumed>)              = 0
2537  write(8, "GVariant\0\0\0\0\0\0\0\0\30\0\0\0X\0\0\0\0\0\0(\2\0\0\0\0\0\0\0\1\0\0\0j\177\232|\377\377\377\377X\0\0\0\4\0H\0\\\0\0\0d\0\0\0\231+\224|\377\377\377\377d\0\0\0\4\0H\0h\0\0\0p\0\0\0main\0\0\0(\0\0\0\0apps\0\0\0(\0\0\0\0", 112 <unfinished ...>
2533  <... read resumed>"\3\0\0\0\0\0\0\0", 16) = 8
2537  <... write resumed>)              = 112
2535  poll([{fd=3, events=POLLIN}], 1, -1 <unfinished ...>
2537  write(3, "\1\0\0\0\0\0\0\0", 8 <unfinished ...>
2533  poll([{fd=5, events=POLLIN}], 1, 0 <unfinished ...>
2537  <... write resumed>)              = 8
2535  <... poll resumed>)               = 1 ([{fd=3, revents=POLLIN}])
2537  futex(0x55cdb42ecce0, FUTEX_WAIT_PRIVATE, 11, {tv_sec=0, tv_nsec=499998972} <unfinished ...>
2533  <... poll resumed>)               = 0 (Timeout)
2535  read(3,  <unfinished ...>
2533  write(7, "\1\0\0\0\0\0\0\0", 8 <unfinished ...>
2535  <... read resumed>"\1\0\0\0\0\0\0\0", 16) = 8
2533  <... write resumed>)              = 8
2535  futex(0x55cdb42ecce0, FUTEX_WAKE_PRIVATE, 1 <unfinished ...>
2533  poll([{fd=5, events=POLLIN}, {fd=7, events=POLLIN}], 2, -1 <unfinished ...>
2537  <... futex resumed>)              = 0
2535  <... futex resumed>)              = 1
2537  futex(0x55cdb42eccd0, FUTEX_WAIT_PRIVATE, 2, NULL <unfinished ...>
2533  <... poll resumed>)               = 1 ([{fd=7, revents=POLLIN}])
2537  <... futex resumed>)              = -1 EAGAIN (Resource temporarily unavailable)
2535  futex(0x55cdb42eccd0, FUTEX_WAKE_PRIVATE, 1 <unfinished ...>
2537  futex(0x55cdb42eccd0, FUTEX_WAKE_PRIVATE, 1 <unfinished ...>
2533  read(7,  <unfinished ...>
2537  <... futex resumed>)              = 0
2535  <... futex resumed>)              = 0
2537  fsync(8 <unfinished ...>
2533  <... read resumed>"\1\0\0\0\0\0\0\0", 16) = 8
2535  poll([{fd=3, events=POLLIN}], 1, -1 <unfinished ...>
2533  poll([{fd=5, events=POLLIN}, {fd=7, events=POLLIN}], 2, -1 <unfinished ...>
2537  <... fsync resumed>)              = 0
2537  rename("/tmp/xdp-test-5BAGP1/flatpak/db/.goutputstream-1JUEP1", "/tmp/xdp-test-5BAGP1/flatpak/db/TEST") = 0
2537  statx(8, "", AT_STATX_SYNC_AS_STAT|AT_EMPTY_PATH, STATX_MTIME, {stx_mask=STATX_BASIC_STATS|STATX_MNT_ID, stx_attributes=0, stx_mode=S_IFREG|0644, stx_size=112, ...}) = 0
2537  close(8)                          = 0
2537  write(3, "\1\0\0\0\0\0\0\0", 8)   = 8
2535  <... poll resumed>)               = 1 ([{fd=3, revents=POLLIN}])
2537  futex(0x55cdb42ecce0, FUTEX_WAIT_PRIVATE, 12, {tv_sec=0, tv_nsec=499999264} <unfinished ...>
2535  read(3, "\1\0\0\0\0\0\0\0", 16)   = 8
2535  write(6, "\1\0\0\0\0\0\0\0", 8 <unfinished ...>
2538  <... poll resumed>)               = 1 ([{fd=6, revents=POLLIN}])
2535  <... write resumed>)              = 8
2538  futex(0x7f047400eab0, FUTEX_WAIT_PRIVATE, 2, NULL <unfinished ...>
2535  futex(0x7f047400eab0, FUTEX_WAKE_PRIVATE, 1 <unfinished ...>
2538  <... futex resumed>)              = -1 EAGAIN (Resource temporarily unavailable)
2535  <... futex resumed>)              = 0
2538  read(6,  <unfinished ...>
2535  futex(0x7f047400eab0, FUTEX_WAIT_PRIVATE, 2, NULL <unfinished ...>
2538  <... read resumed>"\1\0\0\0\0\0\0\0", 16) = 8
2538  futex(0x7f047400eab0, FUTEX_WAKE_PRIVATE, 1) = 1
2535  <... futex resumed>)              = 0
2538  futex(0x7f047400e840, FUTEX_WAIT_PRIVATE, 2, NULL <unfinished ...>
2535  futex(0x7f047400eab0, FUTEX_WAKE_PRIVATE, 1) = 0
