1019  openat(AT_FDCWD, "/usr/lib/x86_64-linux-gnu/frr/libc.so.6", O_RDONLY|O_CLOEXEC <unfinished ...>
1018  newfstatat(AT_FDCWD, "/usr/lib/x86_64-linux-gnu/frr/haswell",  <unfinished ...>
1019  <... openat resumed>)             = -1 ENOENT (No such file or directory)
1013  <... newfstatat resumed>{st_mode=S_IFREG|0644, st_size=507, ...}, AT_EMPTY_PATH) = 0
1019  openat(AT_FDCWD, "/lib/x86_64-linux-gnu/libc.so.6", O_RDONLY|O_CLOEXEC <unfinished ...>
1018  <... newfstatat resumed>0x7ffee6ed78b0, 0) = -1 ENOENT (No such file or directory)
1019  <... openat resumed>)             = 5
1013  lseek(4, 0, SEEK_SET <unfinished ...>
1019  read(5,  <unfinished ...>
1018  openat(AT_FDCWD, "/usr/lib/x86_64-linux-gnu/frr/avx512_1/x86_64/libfrr.so.0", O_RDONLY|O_CLOEXEC <unfinished ...>
1019  <... read resumed>"\177ELF\2\1\1\3\0\0\0\0\0\0\0\0\3\0>\0\1\0\0\0P\237\2\0\0\0\0\0@\0\0\0\0\0\0\0\360\300!\0\0\0\0\0\0\0\0\0@\08\0\16\0@\0B\0A\0\6\0\0\0\4\0\0\0@\0\0\0\0\0\0\0@\0\0\0\0\0\0\0@\0\0\0\0\0\0\0\20\3\0\0\0\0\0\0\20\3\0\0\0\0\0\0\10\0\0\0\0\0\0\0\3\0\0\0\4\0\0\0"..., 832) = 832
1013  <... lseek resumed>)              = 0
1019  pread64(5,  <unfinished ...>
1018  <... openat resumed>)             = -1 ENOENT (No such file or directory)
1019  <... pread64 resumed>"\6\0\0\0\4\0\0\0@\0\0\0\0\0\0\0@\0\0\0\0\0\0\0@\0\0\0\0\0\0\0\20\3\0\0\0\0\0\0\20\3\0\0\0\0\0\0\10\0\0\0\0\0\0\0\3\0\0\0\4\0\0\0000>\36\0\0\0\0\0000>\36\0\0\0\0\0000>\36\0\0\0\0\0\34\0\0\0\0\0\0\0\34\0\0\0\0\0\0\0\20\0\0\0\0\0\0\0\1\0\0\0\4\0\0\0\0\0\0\0\0\0\0\0"..., 784, 64) = 784
1013  read(4,  <unfinished ...>
1019  pread64(5,  <unfinished ...>
1018  newfstatat(AT_FDCWD, "/usr/lib/x86_64-linux-gnu/frr/avx512_1/x86_64",  <unfinished ...>
1019  <... pread64 resumed>"\4\0\0\0 \0\0\0\5\0\0\0GNU\0\2\0\0\300\4\0\0\0\3\0\0\0\0\0\0\0\2\200\0\300\4\0\0\0\1\0\0\0\0\0\0\0", 48, 848) = 48
1013  <... read resumed>"root:x:0:\ndaemon:x:1:\nbin:x:2:\nsys:x:3:\nadm:x:4:\ntty:x:5:\ndisk:x:6:\nlp:x:7:\nmail:x:8:\nnews:x:9:\nuucp:x:10:\nman:x:12:\nproxy:x:13:"..., 4096) = 507
1019  pread64(5,  <unfinished ...>
1018  <... newfstatat resumed>0x7ffee6ed78b0, 0) = -1 ENOENT (No such file or directory)
1019  <... pread64 resumed>"\4\0\0\0\24\0\0\0\3\0\0\0GNU\0\211\303\313\205\371\345PFwdq\376\320^\304AX\35\31i\4\0\0\0\20\0\0\0\1\0\0\0GNU\0\0\0\0\0\3\0\0\0\2\0\0\0\0\0\0\0", 68, 896) = 68
1013  close(4 <unfinished ...>
1019  newfstatat(5, "",  <unfinished ...>
1018  openat(AT_FDCWD, "/usr/lib/x86_64-linux-gnu/frr/avx512_1/libfrr.so.0", O_RDONLY|O_CLOEXEC <unfinished ...>
1019  <... newfstatat resumed>{st_mode=S_IFREG|0644, st_size=2216304, ...}, AT_EMPTY_PATH) = 0
1013  <... close resumed>)              = 0
1019  pread64(5,  <unfinished ...>
1018  <... openat resumed>)             = -1 ENOENT (No such file or directory)
1019  <... pread64 resumed>"\6\0\0\0\4\0\0\0@\0\0\0\0\0\0\0@\0\0\0\0\0\0\0@\0\0\0\0\0\0\0\20\3\0\0\0\0\0\0\20\3\0\0\0\0\0\0\10\0\0\0\0\0\0\0\3\0\0\0\4\0\0\0000>\36\0\0\0\0\0000>\36\0\0\0\0\0000>\36\0\0\0\0\0\34\0\0\0\0\0\0\0\34\0\0\0\0\0\0\0\20\0\0\0\0\0\0\0\1\0\0\0\4\0\0\0\0\0\0\0\0\0\0\0"..., 784, 64) = 784
1013  getuid( <unfinished ...>
1019  mmap(NULL, 2260560, PROT_READ, MAP_PRIVATE|MAP_DENYWRITE, 5, 0 <unfinished ...>
1018  newfstatat(AT_FDCWD, "/usr/lib/x86_64-linux-gnu/frr/avx512_1",  <unfinished ...>
1019  <... mmap resumed>)               = 0x7f765d3cb000
1013  <... getuid resumed>)             = 0
1019  mmap(0x7f765d3f3000, 1658880, PROT_READ|PROT_EXEC, MAP_PRIVATE|MAP_FIXED|MAP_DENYWRITE, 5, 0x28000 <unfinished ...>
1018  <... newfstatat resumed>0x7ffee6ed78b0, 0) = -1 ENOENT (No such file or directory)
1019  <... mmap resumed>)               = 0x7f765d3f3000
1013  getpid( <unfinished ...>
1019  mmap(0x7f765d588000, 360448, PROT_READ, MAP_PRIVATE|MAP_FIXED|MAP_DENYWRITE, 5, 0x1bd000 <unfinished ...>
1018  openat(AT_FDCWD, "/usr/lib/x86_64-linux-gnu/frr/x86_64/libfrr.so.0", O_RDONLY|O_CLOEXEC <unfinished ...>
1019  <... mmap resumed>)               = 0x7f765d588000
1013  <... getpid resumed>)             = 1013
1019  mmap(0x7f765d5e0000, 24576, PROT_READ|PROT_WRITE, MAP_PRIVATE|MAP_FIXED|MAP_DENYWRITE, 5, 0x214000 <unfinished ...>
1018  <... openat resumed>)             = -1 ENOENT (No such file or directory)
1019  <... mmap resumed>)               = 0x7f765d5e0000
1013  mkdir("/var/tmp/frr", 0700 <unfinished ...>
1019  mmap(0x7f765d5e6000, 52816, PROT_READ|PROT_WRITE, MAP_PRIVATE|MAP_FIXED|MAP_ANONYMOUS, -1, 0 <unfinished ...>
1018  newfstatat(AT_FDCWD, "/usr/lib/x86_64-linux-gnu/frr/x86_64",  <unfinished ...>
1019  <... mmap resumed>)               = 0x7f765d5e6000
1013  <... mkdir resumed>)              = -1 EEXIST (File exists)
1019  close(5 <unfinished ...>
1018  <... newfstatat resumed>0x7ffee6ed78b0, 0) = -1 ENOENT (No such file or directory)
1019  <... close resumed>)              = 0
1013  chown("/var/tmp/frr", 102, 104 <unfinished ...>
1019  openat(AT_FDCWD, "/lib/x86_64-linux-gnu/libcap.so.2", O_RDONLY|O_CLOEXEC <unfinished ...>
1018  openat(AT_FDCWD, "/usr/lib/x86_64-linux-gnu/frr/libfrr.so.0", O_RDONLY|O_CLOEXEC <unfinished ...>
1019  <... openat resumed>)             = 5
1013  <... chown resumed>)              = 0
1019  read(5,  <unfinished ...>
1018  <... openat resumed>)             = 5
1019  <... read resumed>"\177ELF\2\1\1\0\0\0\0\0\0\0\0\0\3\0>\0\1\0\0\0\0\0\0\0\0\0\0\0@\0\0\0\0\0\0\0p\221\0\0\0\0\0\0\0\0\0\0@\08\0\v\0@\0\34\0\33\0\1\0\0\0\4\0\0\0\0\0\0\0\0\0\0\0\0\0\0\0\0\0\0\0\0\0\0\0\0\0\0\0\10!\0\0\0\0\0\0\10!\0\0\0\0\0\0\0\20\0\0\0\0\0\0\1\0\0\0\5\0\0\0"..., 832) = 832
1013  mkdir("/var/tmp/frr/ldpd.1013", 0700 <unfinished ...>
1019  newfstatat(5, "",  <unfinished ...>
1018  read(5,  <unfinished ...>
1019  <... newfstatat resumed>{st_mode=S_IFREG|0644, st_size=39024, ...}, AT_EMPTY_PATH) = 0
1013  <... mkdir resumed>)              = 0
1019  mmap(NULL, 41016, PROT_READ, MAP_PRIVATE|MAP_DENYWRITE, 5, 0 <unfinished ...>
1018  <... read resumed>"\177ELF\2\1\1\0\0\0\0\0\0\0\0\0\3\0>\0\1\0\0\0\260u\10\0\0\0\0\0@\0\0\0\0\0\0\0\300\342\30\0\0\0\0\0\0\0\0\0@\08\0\16\0@\0!\0 \0\6\0\0\0\4\0\0\0@\0\0\0\0\0\0\0@\0\0\0\0\0\0\0@\0\0\0\0\0\0\0\20\3\0\0\0\0\0\0\20\3\0\0\0\0\0\0\10\0\0\0\0\0\0\0\3\0\0\0\4\0\0\0"..., 832) = 832
1019  <... mmap resumed>)               = 0x7f765d3c0000
1013  openat(AT_FDCWD, "/var/tmp/frr/ldpd.1013", O_RDONLY|O_CLOEXEC|O_PATH <unfinished ...>
1019  mmap(0x7f765d3c3000, 16384, PROT_READ|PROT_EXEC, MAP_PRIVATE|MAP_FIXED|MAP_DENYWRITE, 5, 0x3000 <unfinished ...>
1018  pread64(5,  <unfinished ...>
1019  <... mmap resumed>)               = 0x7f765d3c3000
1013  <... openat resumed>)             = 4
1019  mmap(0x7f765d3c7000, 8192, PROT_READ, MAP_PRIVATE|MAP_FIXED|MAP_DENYWRITE, 5, 0x7000 <unfinished ...>
1018  <... pread64 resumed>"\6\0\0\0\4\0\0\0@\0\0\0\0\0\0\0@\0\0\0\0\0\0\0@\0\0\0\0\0\0\0\20\3\0\0\0\0\0\0\20\3\0\0\0\0\0\0\10\0\0\0\0\0\0\0\3\0\0\0\4\0\0\0\20\335\23\0\0\0\0\0\20\335\23\0\0\0\0\0\20\335\23\0\0\0\0\0\34\0\0\0\0\0\0\0\34\0\0\0\0\0\0\0\20\0\0\0\0\0\0\0\1\0\0\0\4\0\0\0\0\0\0\0\0\0\0\0"..., 784, 64) = 784
1019  <... mmap resumed>)               = 0x7f765d3c7000
1013  fchownat(4, "", 102, 104, AT_EMPTY_PATH <unfinished ...>
1019  mmap(0x7f765d3c9000, 8192, PROT_READ|PROT_WRITE, MAP_PRIVATE|MAP_FIXED|MAP_DENYWRITE, 5, 0x8000 <unfinished ...>
1018  pread64(5,  <unfinished ...>
1019  <... mmap resumed>)               = 0x7f765d3c9000
1013  <... fchownat resumed>)           = 0
1019  close(5 <unfinished ...>
1018  <... pread64 resumed>"\4\0\0\0\20\0\0\0\5\0\0\0GNU\0\2\0\0\300\4\0\0\0\3\0\0\0\0\0\0\0", 32, 848) = 32
1019  <... close resumed>)              = 0
1013  socket(AF_UNIX, SOCK_DGRAM|SOCK_CLOEXEC, 0 <unfinished ...>
1019  openat(AT_FDCWD, "/lib/x86_64-linux-gnu/libyang.so.2", O_RDONLY|O_CLOEXEC <unfinished ...>
1018  pread64(5,  <unfinished ...>
1019  <... openat resumed>)             = 5
1013  <... socket resumed>)             = 6
1019  read(5,  <unfinished ...>
1018  <... pread64 resumed>"\4\0\0\0\24\0\0\0\3\0\0\0GNU\0\255\263\200\36\230\246\304\242\321\320\245\24d\360\265\301\242W\336\320\t\0\0\0\20\0\0\0XREFFRRouting\0\0\0\344\265\30\0\0\0\0\0\244\355\30\0\0\0\0\0", 76, 880) = 76
1019  <... read resumed>"\177ELF\2\1\1\0\0\0\0\0\0\0\0\0\3\0>\0\1\0\0\0\0\0\0\0\0\0\0\0@\0\0\0\0\0\0\0h\212\20\0\0\0\0\0\0\0\0\0@\08\0\f\0@\0\35\0\34\0\1\0\0\0\4\0\0\0\0\0\0\0\0\0\0\0\0\0\0\0\0\0\0\0\0\0\0\0\0\0\0\0\330\234\0\0\0\0\0\0\330\234\0\0\0\0\0\0\0\20\0\0\0\0\0\0\1\0\0\0\5\0\0\0"..., 832) = 832
1013  connect(6, {sa_family=AF_UNIX, sun_path="/dev/log"}, 110 <unfinished ...>
1019  newfstatat(5, "",  <unfinished ...>
1018  newfstatat(5, "",  <unfinished ...>
1019  <... newfstatat resumed>{st_mode=S_IFREG|0644, st_size=1085864, ...}, AT_EMPTY_PATH) = 0
1013  <... connect resumed>)            = -1 ENOENT (No such file or directory)
1019  mmap(NULL, 1087952, PROT_READ, MAP_PRIVATE|MAP_DENYWRITE, 5, 0 <unfinished ...>
1018  <... newfstatat resumed>{st_mode=S_IFREG|0644, st_size=1633024, ...}, AT_EMPTY_PATH) = 0
1019  <... mmap resumed>)               = 0x7f765d2b6000
1013  close(6 <unfinished ...>
1019  mmap(0x7f765d2c0000, 798720, PROT_READ|PROT_EXEC, MAP_PRIVATE|MAP_FIXED|MAP_DENYWRITE, 5, 0xa000 <unfinished ...>
1018  pread64(5,  <unfinished ...>
1019  <... mmap resumed>)               = 0x7f765d2c0000
1013  <... close resumed>)              = 0
1019  mmap(0x7f765d383000, 176128, PROT_READ, MAP_PRIVATE|MAP_FIXED|MAP_DENYWRITE, 5, 0xcd000 <unfinished ...>
1018  <... pread64 resumed>"\6\0\0\0\4\0\0\0@\0\0\0\0\0\0\0@\0\0\0\0\0\0\0@\0\0\0\0\0\0\0\20\3\0\0\0\0\0\0\20\3\0\0\0\0\0\0\10\0\0\0\0\0\0\0\3\0\0\0\4\0\0\0\20\335\23\0\0\0\0\0\20\335\23\0\0\0\0\0\20\335\23\0\0\0\0\0\34\0\0\0\0\0\0\0\34\0\0\0\0\0\0\0\20\0\0\0\0\0\0\0\1\0\0\0\4\0\0\0\0\0\0\0\0\0\0\0"..., 784, 64) = 784
1019  <... mmap resumed>)               = 0x7f765d383000
1013  umask(022 <unfinished ...>
1019  mmap(0x7f765d3ae000, 73728, PROT_READ|PROT_WRITE, MAP_PRIVATE|MAP_FIXED|MAP_DENYWRITE, 5, 0xf7000 <unfinished ...>
1018  mmap(NULL, 1677320, PROT_READ, MAP_PRIVATE|MAP_DENYWRITE, 5, 0 <unfinished ...>
1019  <... mmap resumed>)               = 0x7f765d3ae000
1013  <... umask resumed>)              = 027
1019  close(5 <unfinished ...>
1018  <... mmap resumed>)               = 0x7f2b614f9000
1019  <... close resumed>)              = 0
1013  mkdir("/var/run/frr", 0755 <unfinished ...>
1019  openat(AT_FDCWD, "/lib/x86_64-linux-gnu/libm.so.6", O_RDONLY|O_CLOEXEC <unfinished ...>
1018  mprotect(0x7f2b61554000, 1044480, PROT_NONE <unfinished ...>
1019  <... openat resumed>)             = 5
1013  <... mkdir resumed>)              = -1 EEXIST (File exists)
1019  read(5,  <unfinished ...>
1018  <... mprotect resumed>)           = 0
1019  <... read resumed>"\177ELF\2\1\1\3\0\0\0\0\0\0\0\0\3\0>\0\1\0\0\0\0\0\0\0\0\0\0\0@\0\0\0\0\0\0\0PR\16\0\0\0\0\0\0\0\0\0@\08\0\v\0@\0\37\0\36\0\1\0\0\0\4\0\0\0\0\0\0\0\0\0\0\0\0\0\0\0\0\0\0\0\0\0\0\0\0\0\0\0\340\322\0\0\0\0\0\0\340\322\0\0\0\0\0\0\0\20\0\0\0\0\0\0\1\0\0\0\5\0\0\0"..., 832) = 832
1013  umask(027 <unfinished ...>
1019  newfstatat(5, "",  <unfinished ...>
1018  mmap(0x7f2b61554000, 606208, PROT_READ|PROT_EXEC, MAP_PRIVATE|MAP_FIXED|MAP_DENYWRITE, 5, 0x5b000 <unfinished ...>
1019  <... newfstatat resumed>{st_mode=S_IFREG|0644, st_size=940560, ...}, AT_EMPTY_PATH) = 0
1013  <... umask resumed>)              = 022
1019  mmap(NULL, 8192, PROT_READ|PROT_WRITE, MAP_PRIVATE|MAP_ANONYMOUS, -1, 0 <unfinished ...>
1018  <... mmap resumed>)               = 0x7f2b61554000
1019  <... mmap resumed>)               = 0x7f765d2b4000
1013  mmap(NULL, 266240, PROT_READ|PROT_WRITE, MAP_PRIVATE|MAP_ANONYMOUS, -1, 0 <unfinished ...>
1019  mmap(NULL, 942344, PROT_READ, MAP_PRIVATE|MAP_DENYWRITE, 5, 0 <unfinished ...>
1018  mmap(0x7f2b615e8000, 434176, PROT_READ, MAP_PRIVATE|MAP_FIXED|MAP_DENYWRITE, 5, 0xef000 <unfinished ...>
1019  <... mmap resumed>)               = 0x7f765d1cd000
1013  <... mmap resumed>)               = 0x7f42c1fef000
1019  mmap(0x7f765d1db000, 507904, PROT_READ|PROT_EXEC, MAP_PRIVATE|MAP_FIXED|MAP_DENYWRITE, 5, 0xe000 <unfinished ...>
1018  <... mmap resumed>)               = 0x7f2b615e8000
1019  <... mmap resumed>)               = 0x7f765d1db000
1013  newfstatat(AT_FDCWD, "/etc/nsswitch.conf",  <unfinished ...>
1019  mmap(0x7f765d257000, 372736, PROT_READ, MAP_PRIVATE|MAP_FIXED|MAP_DENYWRITE, 5, 0x8a000 <unfinished ...>
1018  mmap(0x7f2b61653000, 221184, PROT_READ|PROT_WRITE, MAP_PRIVATE|MAP_FIXED|MAP_DENYWRITE, 5, 0x159000 <unfinished ...>
1019  <... mmap resumed>)               = 0x7f765d257000
1013  <... newfstatat resumed>{st_mode=S_IFREG|0644, st_size=494, ...}, 0) = 0
1019  mmap(0x7f765d2b2000, 8192, PROT_READ|PROT_WRITE, MAP_PRIVATE|MAP_FIXED|MAP_DENYWRITE, 5, 0xe4000 <unfinished ...>
1018  <... mmap resumed>)               = 0x7f2b61653000
1019  <... mmap resumed>)               = 0x7f765d2b2000
1013  newfstatat(AT_FDCWD, "/etc/nsswitch.conf",  <unfinished ...>
1019  close(5 <unfinished ...>
1018  mmap(0x7f2b61689000, 38920, PROT_READ|PROT_WRITE, MAP_PRIVATE|MAP_FIXED|MAP_ANONYMOUS, -1, 0 <unfinished ...>
1019  <... close resumed>)              = 0
1013  <... newfstatat resumed>{st_mode=S_IFREG|0644, st_size=494, ...}, 0) = 0
1019  openat(AT_FDCWD, "/lib/x86_64-linux-gnu/libcrypt.so.1", O_RDONLY|O_CLOEXEC <unfinished ...>
1018  <... mmap resumed>)               = 0x7f2b61689000
1019  <... openat resumed>)             = 5
1013  openat(AT_FDCWD, "/etc/group", O_RDONLY|O_CLOEXEC <unfinished ...>
1019  read(5,  <unfinished ...>
1018  close(5 <unfinished ...>
1019  <... read resumed>"\177ELF\2\1\1\0\0\0\0\0\0\0\0\0\3\0>\0\1\0\0\0@ \0\0\0\0\0\0@\0\0\0\0\0\0\0H\1\3\0\0\0\0\0\0\0\0\0@\08\0\v\0@\0\33\0\32\0\1\0\0\0\4\0\0\0\0\0\0\0\0\0\0\0\0\0\0\0\0\0\0\0\0\0\0\0\0\0\0\0\360\24\0\0\0\0\0\0\360\24\0\0\0\0\0\0\0\20\0\0\0\0\0\0\1\0\0\0\5\0\0\0"..., 832) = 832
1013  <... openat resumed>)             = 6
1019  newfstatat(5, "",  <unfinished ...>
1018  <... close resumed>)              = 0
1019  <... newfstatat resumed>{st_mode=S_IFREG|0644, st_size=198664, ...}, AT_EMPTY_PATH) = 0
1013  newfstatat(6, "",  <unfinished ...>
1019  mmap(NULL, 233888, PROT_READ, MAP_PRIVATE|MAP_DENYWRITE, 5, 0 <unfinished ...>
1018  openat(AT_FDCWD, "/usr/lib/x86_64-linux-gnu/frr/libjson-c.so.5", O_RDONLY|O_CLOEXEC <unfinished ...>
1019  <... mmap resumed>)               = 0x7f765d193000
1013  <... newfstatat resumed>{st_mode=S_IFREG|0644, st_size=507, ...}, AT_EMPTY_PATH) = 0
1019  mprotect(0x7f765d195000, 188416, PROT_NONE <unfinished ...>
1018  <... openat resumed>)             = -1 ENOENT (No such file or directory)
1019  <... mprotect resumed>)           = 0
1013  lseek(6, 0, SEEK_SET <unfinished ...>
1019  mmap(0x7f765d195000, 81920, PROT_READ|PROT_EXEC, MAP_PRIVATE|MAP_FIXED|MAP_DENYWRITE, 5, 0x2000 <unfinished ...>
1018  openat(AT_FDCWD, "/etc/ld.so.cache", O_RDONLY|O_CLOEXEC <unfinished ...>
1019  <... mmap resumed>)               = 0x7f765d195000
1013  <... lseek resumed>)              = 0
1019  mmap(0x7f765d1a9000, 102400, PROT_READ, MAP_PRIVATE|MAP_FIXED|MAP_DENYWRITE, 5, 0x16000 <unfinished ...>
1018  <... openat resumed>)             = 5
1019  <... mmap resumed>)               = 0x7f765d1a9000
1013  read(6,  <unfinished ...>
1019  mmap(0x7f765d1c3000, 8192, PROT_READ|PROT_WRITE, MAP_PRIVATE|MAP_FIXED|MAP_DENYWRITE, 5, 0x2f000 <unfinished ...>
1018  newfstatat(5, "",  <unfinished ...>
1019  <... mmap resumed>)               = 0x7f765d1c3000
1013  <... read resumed>"root:x:0:\ndaemon:x:1:\nbin:x:2:\nsys:x:3:\nadm:x:4:\ntty:x:5:\ndisk:x:6:\nlp:x:7:\nmail:x:8:\nnews:x:9:\nuucp:x:10:\nman:x:12:\nproxy:x:13:"..., 4096) = 507
1019  mmap(0x7f765d1c5000, 29088, PROT_READ|PROT_WRITE, MAP_PRIVATE|MAP_FIXED|MAP_ANONYMOUS, -1, 0 <unfinished ...>
1018  <... newfstatat resumed>{st_mode=S_IFREG|0644, st_size=7213, ...}, AT_EMPTY_PATH) = 0
1019  <... mmap resumed>)               = 0x7f765d1c5000
1013  read(6,  <unfinished ...>
1019  close(5 <unfinished ...>
1018  mmap(NULL, 7213, PROT_READ, MAP_PRIVATE, 5, 0 <unfinished ...>
1019  <... close resumed>)              = 0
1013  <... read resumed>"", 4096)       = 0
1019  openat(AT_FDCWD, "/lib/x86_64-linux-gnu/libpcre2-8.so.0", O_RDONLY|O_CLOEXEC <unfinished ...>
1018  <... mmap resumed>)               = 0x7f2b614f7000
1019  <... openat resumed>)             = 5
1013  close(6 <unfinished ...>
1019  read(5,  <unfinished ...>
1018  close(5 <unfinished ...>
1019  <... read resumed>"\177ELF\2\1\1\0\0\0\0\0\0\0\0\0\3\0>\0\1\0\0\0\0\0\0\0\0\0\0\0@\0\0\0\0\0\0\0\210S\t\0\0\0\0\0\0\0\0\0@\08\0\v\0@\0\35\0\34\0\1\0\0\0\4\0\0\0\0\0\0\0\0\0\0\0\0\0\0\0\0\0\0\0\0\0\0\0\0\0\0\0000\36\0\0\0\0\0\0000\36\0\0\0\0\0\0\0\20\0\0\0\0\0\0\1\0\0\0\5\0\0\0"..., 832) = 832
1013  <... close resumed>)              = 0
1019  newfstatat(5, "",  <unfinished ...>
1018  <... close resumed>)              = 0
1019  <... newfstatat resumed>{st_mode=S_IFREG|0644, st_size=613064, ...}, AT_EMPTY_PATH) = 0
1013  munmap(0x7f42c1fef000, 266240 <unfinished ...>
1019  mmap(NULL, 615184, PROT_READ, MAP_PRIVATE|MAP_DENYWRITE, 5, 0 <unfinished ...>
1018  openat(AT_FDCWD, "/lib/x86_64-linux-gnu/libjson-c.so.5", O_RDONLY|O_CLOEXEC <unfinished ...>
1019  <... mmap resumed>)               = 0x7f765d0fc000
1013  <... munmap resumed>)             = 0
1019  mmap(0x7f765d0fe000, 438272, PROT_READ|PROT_EXEC, MAP_PRIVATE|MAP_FIXED|MAP_DENYWRITE, 5, 0x2000 <unfinished ...>
1018  <... openat resumed>)             = 5
1019  <... mmap resumed>)               = 0x7f765d0fe000
1013  geteuid( <unfinished ...>
1019  mmap(0x7f765d169000, 163840, PROT_READ, MAP_PRIVATE|MAP_FIXED|MAP_DENYWRITE, 5, 0x6d000 <unfinished ...>
1018  read(5,  <unfinished ...>
1019  <... mmap resumed>)               = 0x7f765d169000
1013  <... geteuid resumed>)            = 0
1019  mmap(0x7f765d191000, 8192, PROT_READ|PROT_WRITE, MAP_PRIVATE|MAP_FIXED|MAP_DENYWRITE, 5, 0x94000 <unfinished ...>
1018  <... read resumed>"\177ELF\2\1\1\0\0\0\0\0\0\0\0\0\3\0>\0\1\0\0\0\0\0\0\0\0\0\0\0@\0\0\0\0\0\0\0\20\22\1\0\0\0\0\0\0\0\0\0@\08\0\f\0@\0\36\0\35\0\1\0\0\0\4\0\0\0\0\0\0\0\0\0\0\0\0\0\0\0\0\0\0\0\0\0\0\0\0\0\0\0X6\0\0\0\0\0\0X6\0\0\0\0\0\0\0\20\0\0\0\0\0\0\1\0\0\0\5\0\0\0"..., 832) = 832
1019  <... mmap resumed>)               = 0x7f765d191000
1013  setgroups(2, [104, 103] <unfinished ...>
1019  close(5 <unfinished ...>
1018  newfstatat(5, "",  <unfinished ...>
1019  <... close resumed>)              = 0
1013  <... setgroups resumed>)          = 0
1019  mmap(NULL, 8192, PROT_READ|PROT_WRITE, MAP_PRIVATE|MAP_ANONYMOUS, -1, 0 <unfinished ...>
1018  <... newfstatat resumed>{st_mode=S_IFREG|0644, st_size=72080, ...}, AT_EMPTY_PATH) = 0
1019  <... mmap resumed>)               = 0x7f765d0fa000
1013  setregid(104, 104 <unfinished ...>
1019  arch_prctl(ARCH_SET_FS, 0x7f765d0fac80 <unfinished ...>
1018  mmap(NULL, 74224, PROT_READ, MAP_PRIVATE|MAP_DENYWRITE, 5, 0 <unfinished ...>
1019  <... arch_prctl resumed>)         = 0
1013  <... setregid resumed>)           = 0
1019  set_tid_address(0x7f765d0faf50 <unfinished ...>
1018  <... mmap resumed>)               = 0x7f2b614e4000
1019  <... set_tid_address resumed>)    = 1019
1013  prctl(PR_SET_KEEPCAPS, 1 <unfinished ...>
1019  set_robust_list(0x7f765d0faf60, 24 <unfinished ...>
1018  mprotect(0x7f2b614e8000, 53248, PROT_NONE <unfinished ...>
1019  <... set_robust_list resumed>)    = 0
1013  <... prctl resumed>)              = 0
1019  rseq(0x7f765d0fb620, 0x20, 0, 0x53053053 <unfinished ...>
1018  <... mprotect resumed>)           = 0
1019  <... rseq resumed>)               = 0
1013  setreuid(102, 102 <unfinished ...>
1019  mprotect(0x7f765d5e0000, 16384, PROT_READ <unfinished ...>
1018  mmap(0x7f2b614e8000, 36864, PROT_READ|PROT_EXEC, MAP_PRIVATE|MAP_FIXED|MAP_DENYWRITE, 5, 0x4000 <unfinished ...>
1019  <... mprotect resumed>)           = 0
1013  <... setreuid resumed>)           = 0
1019  mprotect(0x7f765d191000, 4096, PROT_READ <unfinished ...>
1018  <... mmap resumed>)               = 0x7f2b614e8000
1019  <... mprotect resumed>)           = 0
1013  capget(0x5561c25f7e54,  <unfinished ...>
1019  mprotect(0x7f765d1c3000, 4096, PROT_READ <unfinished ...>
1018  mmap(0x7f2b614f1000, 12288, PROT_READ, MAP_PRIVATE|MAP_FIXED|MAP_DENYWRITE, 5, 0xd000 <unfinished ...>
1019  <... mprotect resumed>)           = 0
1013  <... capget resumed>NULL)         = 0
1019  mprotect(0x7f765d2b2000, 4096, PROT_READ <unfinished ...>
1018  <... mmap resumed>)               = 0x7f2b614f1000
1019  <... mprotect resumed>)           = 0
1013  capset(0x5561c25f7e54, 0x5561c25f7e5c <unfinished ...>
1019  mprotect(0x7f765d3ae000, 12288, PROT_READ <unfinished ...>
1018  mmap(0x7f2b614f5000, 8192, PROT_READ|PROT_WRITE, MAP_PRIVATE|MAP_FIXED|MAP_DENYWRITE, 5, 0x10000 <unfinished ...>
1019  <... mprotect resumed>)           = 0
1013  <... capset resumed>)             = -1 EPERM (Operation not permitted)
1019  mprotect(0x7f765d3c9000, 4096, PROT_READ <unfinished ...>
1018  <... mmap resumed>)               = 0x7f2b614f5000
1019  <... mprotect resumed>)           = 0
1013  write(2, 0x7ffcca668ee0, 65 <unfinished ...>
1019  mprotect(0x7f765d604000, 4096, PROT_READ <unfinished ...>
1018  close(5 <unfinished ...>
1019  <... mprotect resumed>)           = 0
1013  <... write resumed>)              = 65
1018  <... close resumed>)              = 0
1013  capget(0x5561c25f7e84,  <unfinished ...>
1019  mprotect(0x7f765d762000, 147456, PROT_READ <unfinished ...>
1018  openat(AT_FDCWD, "/usr/lib/x86_64-linux-gnu/frr/libc.so.6", O_RDONLY|O_CLOEXEC <unfinished ...>
1019  <... mprotect resumed>)           = 0
1013  <... capget resumed>NULL)         = 0
1019  mprotect(0x558e269ad000, 20480, PROT_READ <unfinished ...>
1018  <... openat resumed>)             = -1 ENOENT (No such file or directory)
1019  <... mprotect resumed>)           = 0
1013  capget(0x5561c25f7e84,  <unfinished ...>
1019  mprotect(0x7f765d7dc000, 8192, PROT_READ <unfinished ...>
1018  openat(AT_FDCWD, "/lib/x86_64-linux-gnu/libc.so.6", O_RDONLY|O_CLOEXEC <unfinished ...>
1019  <... mprotect resumed>)           = 0
1013  <... capget resumed>0x5561c25f7e8c) = 0
1019  prlimit64(0, RLIMIT_STACK, NULL,  <unfinished ...>
1018  <... openat resumed>)             = 5
1019  <... prlimit64 resumed>{rlim_cur=8192*1024, rlim_max=RLIM64_INFINITY}) = 0
1013  write(2, 0x7ffcca668ee0, 50 <unfinished ...>
1019  munmap(0x7f765d606000, 7213 <unfinished ...>
1018  read(5,  <unfinished ...>
1019  <... munmap resumed>)             = 0
1013  <... write resumed>)              = 50
1019  prctl(PR_CAPBSET_READ, CAP_MAC_OVERRIDE <unfinished ...>
1018  <... read resumed>"\177ELF\2\1\1\3\0\0\0\0\0\0\0\0\3\0>\0\1\0\0\0P\237\2\0\0\0\0\0@\0\0\0\0\0\0\0\360\300!\0\0\0\0\0\0\0\0\0@\08\0\16\0@\0B\0A\0\6\0\0\0\4\0\0\0@\0\0\0\0\0\0\0@\0\0\0\0\0\0\0@\0\0\0\0\0\0\0\20\3\0\0\0\0\0\0\20\3\0\0\0\0\0\0\10\0\0\0\0\0\0\0\3\0\0\0\4\0\0\0"..., 832) = 832
1019  <... prctl resumed>)              = 0
1013  write(2, 0x7ffcca668ee0, 193 <unfinished ...>
1019  prctl(PR_CAPBSET_READ, 0x30 /* CAP_??? */ <unfinished ...>
1018  pread64(5,  <unfinished ...>
1019  <... prctl resumed>)              = -1 EINVAL (Invalid argument)
1013  <... write resumed>)              = 193
1019  prctl(PR_CAPBSET_READ, CAP_CHECKPOINT_RESTORE <unfinished ...>
1018  <... pread64 resumed>"\6\0\0\0\4\0\0\0@\0\0\0\0\0\0\0@\0\0\0\0\0\0\0@\0\0\0\0\0\0\0\20\3\0\0\0\0\0\0\20\3\0\0\0\0\0\0\10\0\0\0\0\0\0\0\3\0\0\0\4\0\0\0000>\36\0\0\0\0\0000>\36\0\0\0\0\0000>\36\0\0\0\0\0\34\0\0\0\0\0\0\0\34\0\0\0\0\0\0\0\20\0\0\0\0\0\0\0\1\0\0\0\4\0\0\0\0\0\0\0\0\0\0\0"..., 784, 64) = 784
1019  <... prctl resumed>)              = 0
1013  exit_group(1 <unfinished ...>
1019  prctl(PR_CAPBSET_READ, 0x2c /* CAP_??? */ <unfinished ...>
1018  pread64(5,  <unfinished ...>
1019  <... prctl resumed>)              = -1 EINVAL (Invalid argument)
1013  <... exit_group resumed>)         = ?
1019  prctl(PR_CAPBSET_READ, 0x2a /* CAP_??? */ <unfinished ...>
1018  <... pread64 resumed>"\4\0\0\0 \0\0\0\5\0\0\0GNU\0\2\0\0\300\4\0\0\0\3\0\0\0\0\0\0\0\2\200\0\300\4\0\0\0\1\0\0\0\0\0\0\0", 48, 848) = 48
1019  <... prctl resumed>)              = -1 EINVAL (Invalid argument)
1013  +++ exited with 1 +++
1018  pread64(5,  <unfinished ...>
1019  prctl(PR_CAPBSET_READ, 0x29 /* CAP_??? */ <unfinished ...>
1018  <... pread64 resumed>"\4\0\0\0\24\0\0\0\3\0\0\0GNU\0\211\303\313\205\371\345PFwdq\376\320^\304AX\35\31i\4\0\0\0\20\0\0\0\1\0\0\0GNU\0\0\0\0\0\3\0\0\0\2\0\0\0\0\0\0\0", 68, 896) = 68
1019  <... prctl resumed>)              = -1 EINVAL (Invalid argument)
1018  newfstatat(5, "", {st_mode=S_IFREG|0644, st_size=2216304, ...}, AT_EMPTY_PATH) = 0
1018  pread64(5,  <unfinished ...>
1019  umask(027 <unfinished ...>
1018  <... pread64 resumed>"\6\0\0\0\4\0\0\0@\0\0\0\0\0\0\0@\0\0\0\0\0\0\0@\0\0\0\0\0\0\0\20\3\0\0\0\0\0\0\20\3\0\0\0\0\0\0\10\0\0\0\0\0\0\0\3\0\0\0\4\0\0\0000>\36\0\0\0\0\0000>\36\0\0\0\0\0000>\36\0\0\0\0\0\34\0\0\0\0\0\0\0\34\0\0\0\0\0\0\0\20\0\0\0\0\0\0\0\1\0\0\0\4\0\0\0\0\0\0\0\0\0\0\0"..., 784, 64) = 784
1019  <... umask resumed>)              = 027
1018  mmap(NULL, 2260560, PROT_READ, MAP_PRIVATE|MAP_DENYWRITE, 5, 0 <unfinished ...>
1019  newfstatat(0, "",  <unfinished ...>
1018  <... mmap resumed>)               = 0x7f2b612bc000
1019  <... newfstatat resumed>{st_mode=S_IFCHR|0666, st_rdev=makedev(0x1, 0x3), ...}, AT_EMPTY_PATH) = 0
1018  mmap(0x7f2b612e4000, 1658880, PROT_READ|PROT_EXEC, MAP_PRIVATE|MAP_FIXED|MAP_DENYWRITE, 5, 0x28000 <unfinished ...>
1019  newfstatat(1, "",  <unfinished ...>
1018  <... mmap resumed>)               = 0x7f2b612e4000
1019  <... newfstatat resumed>{st_mode=S_IFCHR|0666, st_rdev=makedev(0x1, 0x3), ...}, AT_EMPTY_PATH) = 0
1018  mmap(0x7f2b61479000, 360448, PROT_READ, MAP_PRIVATE|MAP_FIXED|MAP_DENYWRITE, 5, 0x1bd000 <unfinished ...>
1019  newfstatat(2, "",  <unfinished ...>
1018  <... mmap resumed>)               = 0x7f2b61479000
1019  <... newfstatat resumed>{st_mode=S_IFCHR|0666, st_rdev=makedev(0x1, 0x3), ...}, AT_EMPTY_PATH) = 0
1018  mmap(0x7f2b614d1000, 24576, PROT_READ|PROT_WRITE, MAP_PRIVATE|MAP_FIXED|MAP_DENYWRITE, 5, 0x214000 <unfinished ...>
1019  newfstatat(3, "",  <unfinished ...>
1018  <... mmap resumed>)               = 0x7f2b614d1000
1019  <... newfstatat resumed>{st_mode=S_IFSOCK|0777, st_size=0, ...}, AT_EMPTY_PATH) = 0
1018  mmap(0x7f2b614d7000, 52816, PROT_READ|PROT_WRITE, MAP_PRIVATE|MAP_FIXED|MAP_ANONYMOUS, -1, 0 <unfinished ...>
1019  newfstatat(4, "",  <unfinished ...>
1018  <... mmap resumed>)               = 0x7f2b614d7000
1019  <... newfstatat resumed>{st_mode=S_IFSOCK|0777, st_size=0, ...}, AT_EMPTY_PATH) = 0
1018  close(5 <unfinished ...>
1019  newfstatat(5, "",  <unfinished ...>
1018  <... close resumed>)              = 0
1019  <... newfstatat resumed>0x7ffdf2af94a0, AT_EMPTY_PATH) = -1 EBADF (Bad file descriptor)
1018  openat(AT_FDCWD, "/lib/x86_64-linux-gnu/libcap.so.2", O_RDONLY|O_CLOEXEC <unfinished ...>
1019  newfstatat(6, "",  <unfinished ...>
1018  <... openat resumed>)             = 5
1019  <... newfstatat resumed>0x7ffdf2af94a0, AT_EMPTY_PATH) = -1 EBADF (Bad file descriptor)
1018  read(5,  <unfinished ...>
1019  newfstatat(7, "",  <unfinished ...>
1018  <... read resumed>"\177ELF\2\1\1\0\0\0\0\0\0\0\0\0\3\0>\0\1\0\0\0\0\0\0\0\0\0\0\0@\0\0\0\0\0\0\0p\221\0\0\0\0\0\0\0\0\0\0@\08\0\v\0@\0\34\0\33\0\1\0\0\0\4\0\0\0\0\0\0\0\0\0\0\0\0\0\0\0\0\0\0\0\0\0\0\0\0\0\0\0\10!\0\0\0\0\0\0\10!\0\0\0\0\0\0\0\20\0\0\0\0\0\0\1\0\0\0\5\0\0\0"..., 832) = 832
1019  <... newfstatat resumed>0x7ffdf2af94a0, AT_EMPTY_PATH) = -1 EBADF (Bad file descriptor)
1018  newfstatat(5, "",  <unfinished ...>
1019  newfstatat(8, "",  <unfinished ...>
1018  <... newfstatat resumed>{st_mode=S_IFREG|0644, st_size=39024, ...}, AT_EMPTY_PATH) = 0
1019  <... newfstatat resumed>0x7ffdf2af94a0, AT_EMPTY_PATH) = -1 EBADF (Bad file descriptor)
1018  mmap(NULL, 41016, PROT_READ, MAP_PRIVATE|MAP_DENYWRITE, 5, 0 <unfinished ...>
1019  newfstatat(9, "",  <unfinished ...>
1018  <... mmap resumed>)               = 0x7f2b612b1000
1019  <... newfstatat resumed>0x7ffdf2af94a0, AT_EMPTY_PATH) = -1 EBADF (Bad file descriptor)
1018  mmap(0x7f2b612b4000, 16384, PROT_READ|PROT_EXEC, MAP_PRIVATE|MAP_FIXED|MAP_DENYWRITE, 5, 0x3000 <unfinished ...>
1019  newfstatat(10, "",  <unfinished ...>
1018  <... mmap resumed>)               = 0x7f2b612b4000
1019  <... newfstatat resumed>0x7ffdf2af94a0, AT_EMPTY_PATH) = -1 EBADF (Bad file descriptor)
1018  mmap(0x7f2b612b8000, 8192, PROT_READ, MAP_PRIVATE|MAP_FIXED|MAP_DENYWRITE, 5, 0x7000 <unfinished ...>
1019  newfstatat(11, "",  <unfinished ...>
1018  <... mmap resumed>)               = 0x7f2b612b8000
1019  <... newfstatat resumed>0x7ffdf2af94a0, AT_EMPTY_PATH) = -1 EBADF (Bad file descriptor)
1018  mmap(0x7f2b612ba000, 8192, PROT_READ|PROT_WRITE, MAP_PRIVATE|MAP_FIXED|MAP_DENYWRITE, 5, 0x8000 <unfinished ...>
1019  newfstatat(12, "",  <unfinished ...>
1018  <... mmap resumed>)               = 0x7f2b612ba000
1019  <... newfstatat resumed>0x7ffdf2af94a0, AT_EMPTY_PATH) = -1 EBADF (Bad file descriptor)
1018  close(5 <unfinished ...>
1019  newfstatat(13, "",  <unfinished ...>
1018  <... close resumed>)              = 0
1019  <... newfstatat resumed>0x7ffdf2af94a0, AT_EMPTY_PATH) = -1 EBADF (Bad file descriptor)
1018  openat(AT_FDCWD, "/lib/x86_64-linux-gnu/libyang.so.2", O_RDONLY|O_CLOEXEC <unfinished ...>
1019  newfstatat(14, "",  <unfinished ...>
1018  <... openat resumed>)             = 5
1019  <... newfstatat resumed>0x7ffdf2af94a0, AT_EMPTY_PATH) = -1 EBADF (Bad file descriptor)
1018  read(5,  <unfinished ...>
1019  newfstatat(15, "",  <unfinished ...>
1018  <... read resumed>"\177ELF\2\1\1\0\0\0\0\0\0\0\0\0\3\0>\0\1\0\0\0\0\0\0\0\0\0\0\0@\0\0\0\0\0\0\0h\212\20\0\0\0\0\0\0\0\0\0@\08\0\f\0@\0\35\0\34\0\1\0\0\0\4\0\0\0\0\0\0\0\0\0\0\0\0\0\0\0\0\0\0\0\0\0\0\0\0\0\0\0\330\234\0\0\0\0\0\0\330\234\0\0\0\0\0\0\0\20\0\0\0\0\0\0\1\0\0\0\5\0\0\0"..., 832) = 832
1019  <... newfstatat resumed>0x7ffdf2af94a0, AT_EMPTY_PATH) = -1 EBADF (Bad file descriptor)
1018  newfstatat(5, "",  <unfinished ...>
1019  newfstatat(16, "",  <unfinished ...>
1018  <... newfstatat resumed>{st_mode=S_IFREG|0644, st_size=1085864, ...}, AT_EMPTY_PATH) = 0
1019  <... newfstatat resumed>0x7ffdf2af94a0, AT_EMPTY_PATH) = -1 EBADF (Bad file descriptor)
1018  mmap(NULL, 1087952, PROT_READ, MAP_PRIVATE|MAP_DENYWRITE, 5, 0 <unfinished ...>
1019  newfstatat(17, "",  <unfinished ...>
1018  <... mmap resumed>)               = 0x7f2b611a7000
1019  <... newfstatat resumed>0x7ffdf2af94a0, AT_EMPTY_PATH) = -1 EBADF (Bad file descriptor)
1018  mmap(0x7f2b611b1000, 798720, PROT_READ|PROT_EXEC, MAP_PRIVATE|MAP_FIXED|MAP_DENYWRITE, 5, 0xa000 <unfinished ...>
1019  newfstatat(18, "",  <unfinished ...>
1018  <... mmap resumed>)               = 0x7f2b611b1000
1019  <... newfstatat resumed>0x7ffdf2af94a0, AT_EMPTY_PATH) = -1 EBADF (Bad file descriptor)
1019  newfstatat(19, "",  <unfinished ...>
1018  mmap(0x7f2b61274000, 176128, PROT_READ, MAP_PRIVATE|MAP_FIXED|MAP_DENYWRITE, 5, 0xcd000 <unfinished ...>
1019  <... newfstatat resumed>0x7ffdf2af94a0, AT_EMPTY_PATH) = -1 EBADF (Bad file descriptor)
1018  <... mmap resumed>)               = 0x7f2b61274000
1019  newfstatat(20, "", 0x7ffdf2af94a0, AT_EMPTY_PATH) = -1 EBADF (Bad file descriptor)
1018  mmap(0x7f2b6129f000, 73728, PROT_READ|PROT_WRITE, MAP_PRIVATE|MAP_FIXED|MAP_DENYWRITE, 5, 0xf7000 <unfinished ...>
1019  newfstatat(21, "",  <unfinished ...>
1018  <... mmap resumed>)               = 0x7f2b6129f000
1019  <... newfstatat resumed>0x7ffdf2af94a0, AT_EMPTY_PATH) = -1 EBADF (Bad file descriptor)
1018  close(5 <unfinished ...>
1019  newfstatat(22, "",  <unfinished ...>
1018  <... close resumed>)              = 0
1019  <... newfstatat resumed>0x7ffdf2af94a0, AT_EMPTY_PATH) = -1 EBADF (Bad file descriptor)
1018  openat(AT_FDCWD, "/lib/x86_64-linux-gnu/libm.so.6", O_RDONLY|O_CLOEXEC <unfinished ...>
1019  newfstatat(23, "",  <unfinished ...>
1018  <... openat resumed>)             = 5
1019  <... newfstatat resumed>0x7ffdf2af94a0, AT_EMPTY_PATH) = -1 EBADF (Bad file descriptor)
1018  read(5,  <unfinished ...>
1019  newfstatat(24, "",  <unfinished ...>
1018  <... read resumed>"\177ELF\2\1\1\3\0\0\0\0\0\0\0\0\3\0>\0\1\0\0\0\0\0\0\0\0\0\0\0@\0\0\0\0\0\0\0PR\16\0\0\0\0\0\0\0\0\0@\08\0\v\0@\0\37\0\36\0\1\0\0\0\4\0\0\0\0\0\0\0\0\0\0\0\0\0\0\0\0\0\0\0\0\0\0\0\0\0\0\0\340\322\0\0\0\0\0\0\340\322\0\0\0\0\0\0\0\20\0\0\0\0\0\0\1\0\0\0\5\0\0\0"..., 832) = 832
1019  <... newfstatat resumed>0x7ffdf2af94a0, AT_EMPTY_PATH) = -1 EBADF (Bad file descriptor)
1018  newfstatat(5, "",  <unfinished ...>
1019  newfstatat(25, "",  <unfinished ...>
1018  <... newfstatat resumed>{st_mode=S_IFREG|0644, st_size=940560, ...}, AT_EMPTY_PATH) = 0
1019  <... newfstatat resumed>0x7ffdf2af94a0, AT_EMPTY_PATH) = -1 EBADF (Bad file descriptor)
1018  mmap(NULL, 8192, PROT_READ|PROT_WRITE, MAP_PRIVATE|MAP_ANONYMOUS, -1, 0 <unfinished ...>
1019  newfstatat(26, "",  <unfinished ...>
1018  <... mmap resumed>)               = 0x7f2b611a5000
1019  <... newfstatat resumed>0x7ffdf2af94a0, AT_EMPTY_PATH) = -1 EBADF (Bad file descriptor)
1018  mmap(NULL, 942344, PROT_READ, MAP_PRIVATE|MAP_DENYWRITE, 5, 0 <unfinished ...>
1019  newfstatat(27, "",  <unfinished ...>
1018  <... mmap resumed>)               = 0x7f2b610be000
1019  <... newfstatat resumed>0x7ffdf2af94a0, AT_EMPTY_PATH) = -1 EBADF (Bad file descriptor)
1018  mmap(0x7f2b610cc000, 507904, PROT_READ|PROT_EXEC, MAP_PRIVATE|MAP_FIXED|MAP_DENYWRITE, 5, 0xe000 <unfinished ...>
1019  newfstatat(28, "", 0x7ffdf2af94a0, AT_EMPTY_PATH) = -1 EBADF (Bad file descriptor)
1018  <... mmap resumed>)               = 0x7f2b610cc000
1019  newfstatat(29, "",  <unfinished ...>
1018  mmap(0x7f2b61148000, 372736, PROT_READ, MAP_PRIVATE|MAP_FIXED|MAP_DENYWRITE, 5, 0x8a000 <unfinished ...>
1019  <... newfstatat resumed>0x7ffdf2af94a0, AT_EMPTY_PATH) = -1 EBADF (Bad file descriptor)
1018  <... mmap resumed>)               = 0x7f2b61148000
1019  newfstatat(30, "",  <unfinished ...>
1018  mmap(0x7f2b611a3000, 8192, PROT_READ|PROT_WRITE, MAP_PRIVATE|MAP_FIXED|MAP_DENYWRITE, 5, 0xe4000 <unfinished ...>
1019  <... newfstatat resumed>0x7ffdf2af94a0, AT_EMPTY_PATH) = -1 EBADF (Bad file descriptor)
1018  <... mmap resumed>)               = 0x7f2b611a3000
1019  newfstatat(31, "",  <unfinished ...>
1018  close(5 <unfinished ...>
1019  <... newfstatat resumed>0x7ffdf2af94a0, AT_EMPTY_PATH) = -1 EBADF (Bad file descriptor)
1018  <... close resumed>)              = 0
1019  newfstatat(32, "",  <unfinished ...>
1018  openat(AT_FDCWD, "/lib/x86_64-linux-gnu/libcrypt.so.1", O_RDONLY|O_CLOEXEC <unfinished ...>
1019  <... newfstatat resumed>0x7ffdf2af94a0, AT_EMPTY_PATH) = -1 EBADF (Bad file descriptor)
1018  <... openat resumed>)             = 5
1019  newfstatat(33, "",  <unfinished ...>
1018  read(5,  <unfinished ...>
1019  <... newfstatat resumed>0x7ffdf2af94a0, AT_EMPTY_PATH) = -1 EBADF (Bad file descriptor)
1018  <... read resumed>"\177ELF\2\1\1\0\0\0\0\0\0\0\0\0\3\0>\0\1\0\0\0@ \0\0\0\0\0\0@\0\0\0\0\0\0\0H\1\3\0\0\0\0\0\0\0\0\0@\08\0\v\0@\0\33\0\32\0\1\0\0\0\4\0\0\0\0\0\0\0\0\0\0\0\0\0\0\0\0\0\0\0\0\0\0\0\0\0\0\0\360\24\0\0\0\0\0\0\360\24\0\0\0\0\0\0\0\20\0\0\0\0\0\0\1\0\0\0\5\0\0\0"..., 832) = 832
1019  newfstatat(34, "",  <unfinished ...>
1018  newfstatat(5, "",  <unfinished ...>
1019  <... newfstatat resumed>0x7ffdf2af94a0, AT_EMPTY_PATH) = -1 EBADF (Bad file descriptor)
1018  <... newfstatat resumed>{st_mode=S_IFREG|0644, st_size=198664, ...}, AT_EMPTY_PATH) = 0
1019  newfstatat(35, "",  <unfinished ...>
1018  mmap(NULL, 233888, PROT_READ, MAP_PRIVATE|MAP_DENYWRITE, 5, 0 <unfinished ...>
1019  <... newfstatat resumed>0x7ffdf2af94a0, AT_EMPTY_PATH) = -1 EBADF (Bad file descriptor)
1018  <... mmap resumed>)               = 0x7f2b61084000
1019  newfstatat(36, "",  <unfinished ...>
1018  mprotect(0x7f2b61086000, 188416, PROT_NONE <unfinished ...>
1019  <... newfstatat resumed>0x7ffdf2af94a0, AT_EMPTY_PATH) = -1 EBADF (Bad file descriptor)
1018  <... mprotect resumed>)           = 0
1019  newfstatat(37, "",  <unfinished ...>
1018  mmap(0x7f2b61086000, 81920, PROT_READ|PROT_EXEC, MAP_PRIVATE|MAP_FIXED|MAP_DENYWRITE, 5, 0x2000 <unfinished ...>
1019  <... newfstatat resumed>0x7ffdf2af94a0, AT_EMPTY_PATH) = -1 EBADF (Bad file descriptor)
1018  <... mmap resumed>)               = 0x7f2b61086000
1019  newfstatat(38, "",  <unfinished ...>
1018  mmap(0x7f2b6109a000, 102400, PROT_READ, MAP_PRIVATE|MAP_FIXED|MAP_DENYWRITE, 5, 0x16000 <unfinished ...>
1019  <... newfstatat resumed>0x7ffdf2af94a0, AT_EMPTY_PATH) = -1 EBADF (Bad file descriptor)
1018  <... mmap resumed>)               = 0x7f2b6109a000
1019  newfstatat(39, "",  <unfinished ...>
1018  mmap(0x7f2b610b4000, 8192, PROT_READ|PROT_WRITE, MAP_PRIVATE|MAP_FIXED|MAP_DENYWRITE, 5, 0x2f000 <unfinished ...>
1019  <... newfstatat resumed>0x7ffdf2af94a0, AT_EMPTY_PATH) = -1 EBADF (Bad file descriptor)
1018  <... mmap resumed>)               = 0x7f2b610b4000
1019  newfstatat(40, "",  <unfinished ...>
1018  mmap(0x7f2b610b6000, 29088, PROT_READ|PROT_WRITE, MAP_PRIVATE|MAP_FIXED|MAP_ANONYMOUS, -1, 0 <unfinished ...>
1019  <... newfstatat resumed>0x7ffdf2af94a0, AT_EMPTY_PATH) = -1 EBADF (Bad file descriptor)
1018  <... mmap resumed>)               = 0x7f2b610b6000
1019  newfstatat(41, "",  <unfinished ...>
1018  close(5 <unfinished ...>
1019  <... newfstatat resumed>0x7ffdf2af94a0, AT_EMPTY_PATH) = -1 EBADF (Bad file descriptor)
1018  <... close resumed>)              = 0
1019  newfstatat(42, "",  <unfinished ...>
1018  openat(AT_FDCWD, "/lib/x86_64-linux-gnu/libpcre2-8.so.0", O_RDONLY|O_CLOEXEC <unfinished ...>
1019  <... newfstatat resumed>0x7ffdf2af94a0, AT_EMPTY_PATH) = -1 EBADF (Bad file descriptor)
1018  <... openat resumed>)             = 5
1019  newfstatat(43, "",  <unfinished ...>
1018  read(5,  <unfinished ...>
1019  <... newfstatat resumed>0x7ffdf2af94a0, AT_EMPTY_PATH) = -1 EBADF (Bad file descriptor)
1018  <... read resumed>"\177ELF\2\1\1\0\0\0\0\0\0\0\0\0\3\0>\0\1\0\0\0\0\0\0\0\0\0\0\0@\0\0\0\0\0\0\0\210S\t\0\0\0\0\0\0\0\0\0@\08\0\v\0@\0\35\0\34\0\1\0\0\0\4\0\0\0\0\0\0\0\0\0\0\0\0\0\0\0\0\0\0\0\0\0\0\0\0\0\0\0000\36\0\0\0\0\0\0000\36\0\0\0\0\0\0\0\20\0\0\0\0\0\0\1\0\0\0\5\0\0\0"..., 832) = 832
1019  newfstatat(44, "",  <unfinished ...>
1018  newfstatat(5, "",  <unfinished ...>
1019  <... newfstatat resumed>0x7ffdf2af94a0, AT_EMPTY_PATH) = -1 EBADF (Bad file descriptor)
1018  <... newfstatat resumed>{st_mode=S_IFREG|0644, st_size=613064, ...}, AT_EMPTY_PATH) = 0
1019  newfstatat(45, "",  <unfinished ...>
1018  mmap(NULL, 615184, PROT_READ, MAP_PRIVATE|MAP_DENYWRITE, 5, 0 <unfinished ...>
1019  <... newfstatat resumed>0x7ffdf2af94a0, AT_EMPTY_PATH) = -1 EBADF (Bad file descriptor)
1018  <... mmap resumed>)               = 0x7f2b60fed000
1019  newfstatat(46, "",  <unfinished ...>
1018  mmap(0x7f2b60fef000, 438272, PROT_READ|PROT_EXEC, MAP_PRIVATE|MAP_FIXED|MAP_DENYWRITE, 5, 0x2000 <unfinished ...>
1019  <... newfstatat resumed>0x7ffdf2af94a0, AT_EMPTY_PATH) = -1 EBADF (Bad file descriptor)
1018  <... mmap resumed>)               = 0x7f2b60fef000
1019  newfstatat(47, "",  <unfinished ...>
1018  mmap(0x7f2b6105a000, 163840, PROT_READ, MAP_PRIVATE|MAP_FIXED|MAP_DENYWRITE, 5, 0x6d000 <unfinished ...>
1019  <... newfstatat resumed>0x7ffdf2af94a0, AT_EMPTY_PATH) = -1 EBADF (Bad file descriptor)
1018  <... mmap resumed>)               = 0x7f2b6105a000
1019  newfstatat(48, "",  <unfinished ...>
1018  mmap(0x7f2b61082000, 8192, PROT_READ|PROT_WRITE, MAP_PRIVATE|MAP_FIXED|MAP_DENYWRITE, 5, 0x94000 <unfinished ...>
1019  <... newfstatat resumed>0x7ffdf2af94a0, AT_EMPTY_PATH) = -1 EBADF (Bad file descriptor)
1018  <... mmap resumed>)               = 0x7f2b61082000
1019  newfstatat(49, "",  <unfinished ...>
1018  close(5 <unfinished ...>
1019  <... newfstatat resumed>0x7ffdf2af94a0, AT_EMPTY_PATH) = -1 EBADF (Bad file descriptor)
1018  <... close resumed>)              = 0
1019  newfstatat(50, "",  <unfinished ...>
1018  mmap(NULL, 8192, PROT_READ|PROT_WRITE, MAP_PRIVATE|MAP_ANONYMOUS, -1, 0 <unfinished ...>
1019  <... newfstatat resumed>0x7ffdf2af94a0, AT_EMPTY_PATH) = -1 EBADF (Bad file descriptor)
1018  <... mmap resumed>)               = 0x7f2b60feb000
1019  newfstatat(51, "",  <unfinished ...>
1018  arch_prctl(ARCH_SET_FS, 0x7f2b60febc80 <unfinished ...>
1019  <... newfstatat resumed>0x7ffdf2af94a0, AT_EMPTY_PATH) = -1 EBADF (Bad file descriptor)
1018  <... arch_prctl resumed>)         = 0
1019  newfstatat(52, "",  <unfinished ...>
1018  set_tid_address(0x7f2b60febf50 <unfinished ...>
1019  <... newfstatat resumed>0x7ffdf2af94a0, AT_EMPTY_PATH) = -1 EBADF (Bad file descriptor)
1018  <... set_tid_address resumed>)    = 1018
1019  newfstatat(53, "",  <unfinished ...>
1018  set_robust_list(0x7f2b60febf60, 24 <unfinished ...>
1019  <... newfstatat resumed>0x7ffdf2af94a0, AT_EMPTY_PATH) = -1 EBADF (Bad file descriptor)
1018  <... set_robust_list resumed>)    = 0
1019  newfstatat(54, "",  <unfinished ...>
1018  rseq(0x7f2b60fec620, 0x20, 0, 0x53053053 <unfinished ...>
1019  <... newfstatat resumed>0x7ffdf2af94a0, AT_EMPTY_PATH) = -1 EBADF (Bad file descriptor)
1018  <... rseq resumed>)               = 0
1019  newfstatat(55, "",  <unfinished ...>
1018  mprotect(0x7f2b614d1000, 16384, PROT_READ <unfinished ...>
1019  <... newfstatat resumed>0x7ffdf2af94a0, AT_EMPTY_PATH) = -1 EBADF (Bad file descriptor)
1018  <... mprotect resumed>)           = 0
1019  newfstatat(56, "",  <unfinished ...>
1018  mprotect(0x7f2b61082000, 4096, PROT_READ <unfinished ...>
1019  <... newfstatat resumed>0x7ffdf2af94a0, AT_EMPTY_PATH) = -1 EBADF (Bad file descriptor)
1018  <... mprotect resumed>)           = 0
1019  newfstatat(57, "",  <unfinished ...>
1018  mprotect(0x7f2b610b4000, 4096, PROT_READ <unfinished ...>
1019  <... newfstatat resumed>0x7ffdf2af94a0, AT_EMPTY_PATH) = -1 EBADF (Bad file descriptor)
1018  <... mprotect resumed>)           = 0
1019  newfstatat(58, "",  <unfinished ...>
1018  mprotect(0x7f2b611a3000, 4096, PROT_READ <unfinished ...>
1019  <... newfstatat resumed>0x7ffdf2af94a0, AT_EMPTY_PATH) = -1 EBADF (Bad file descriptor)
1018  <... mprotect resumed>)           = 0
1019  newfstatat(59, "",  <unfinished ...>
1018  mprotect(0x7f2b6129f000, 12288, PROT_READ <unfinished ...>
1019  <... newfstatat resumed>0x7ffdf2af94a0, AT_EMPTY_PATH) = -1 EBADF (Bad file descriptor)
1018  <... mprotect resumed>)           = 0
1019  newfstatat(60, "",  <unfinished ...>
1018  mprotect(0x7f2b612ba000, 4096, PROT_READ <unfinished ...>
1019  <... newfstatat resumed>0x7ffdf2af94a0, AT_EMPTY_PATH) = -1 EBADF (Bad file descriptor)
1018  <... mprotect resumed>)           = 0
1019  newfstatat(61, "",  <unfinished ...>
1018  mprotect(0x7f2b614f5000, 4096, PROT_READ <unfinished ...>
1019  <... newfstatat resumed>0x7ffdf2af94a0, AT_EMPTY_PATH) = -1 EBADF (Bad file descriptor)
1018  <... mprotect resumed>)           = 0
1019  newfstatat(62, "", 0x7ffdf2af94a0, AT_EMPTY_PATH) = -1 EBADF (Bad file descriptor)
1018  mprotect(0x7f2b61653000, 147456, PROT_READ <unfinished ...>
1019  newfstatat(63, "",  <unfinished ...>
1018  <... mprotect resumed>)           = 0
1019  <... newfstatat resumed>0x7ffdf2af94a0, AT_EMPTY_PATH) = -1 EBADF (Bad file descriptor)
1018  mprotect(0x562cdb2f5000, 20480, PROT_READ <unfinished ...>
1019  geteuid( <unfinished ...>
1018  <... mprotect resumed>)           = 0
1019  <... geteuid resumed>)            = 0
1018  mprotect(0x7f2b616cd000, 8192, PROT_READ <unfinished ...>
1019  getrandom( <unfinished ...>
1018  <... mprotect resumed>)           = 0
1019  <... getrandom resumed>"\x79\x02\x16\x91\x3a\x85\x95\x17", 8, GRND_NONBLOCK) = 8
1018  prlimit64(0, RLIMIT_STACK, NULL,  <unfinished ...>
1019  brk(NULL <unfinished ...>
1018  <... prlimit64 resumed>{rlim_cur=8192*1024, rlim_max=RLIM64_INFINITY}) = 0
1019  <... brk resumed>)                = 0x558e2885c000
1018  munmap(0x7f2b614f7000, 7213 <unfinished ...>
1019  brk(0x558e2887d000 <unfinished ...>
1018  <... munmap resumed>)             = 0
1019  <... brk resumed>)                = 0x558e2887d000
1018  prctl(PR_CAPBSET_READ, CAP_MAC_OVERRIDE <unfinished ...>
1019  socket(AF_UNIX, SOCK_STREAM|SOCK_CLOEXEC|SOCK_NONBLOCK, 0 <unfinished ...>
1018  <... prctl resumed>)              = 0
1019  <... socket resumed>)             = 5
1018  prctl(PR_CAPBSET_READ, 0x30 /* CAP_??? */ <unfinished ...>
1019  connect(5, {sa_family=AF_UNIX, sun_path="/var/run/nscd/socket"}, 110 <unfinished ...>
1018  <... prctl resumed>)              = -1 EINVAL (Invalid argument)
1019  <... connect resumed>)            = -1 ENOENT (No such file or directory)
1018  prctl(PR_CAPBSET_READ, CAP_CHECKPOINT_RESTORE <unfinished ...>
1019  close(5 <unfinished ...>
1018  <... prctl resumed>)              = 0
1019  <... close resumed>)              = 0
1018  prctl(PR_CAPBSET_READ, 0x2c /* CAP_??? */ <unfinished ...>
1019  socket(AF_UNIX, SOCK_STREAM|SOCK_CLOEXEC|SOCK_NONBLOCK, 0 <unfinished ...>
1018  <... prctl resumed>)              = -1 EINVAL (Invalid argument)
1019  <... socket resumed>)             = 5
1018  prctl(PR_CAPBSET_READ, 0x2a /* CAP_??? */ <unfinished ...>
1019  connect(5, {sa_family=AF_UNIX, sun_path="/var/run/nscd/socket"}, 110 <unfinished ...>
1018  <... prctl resumed>)              = -1 EINVAL (Invalid argument)
1019  <... connect resumed>)            = -1 ENOENT (No such file or directory)
1018  prctl(PR_CAPBSET_READ, 0x29 /* CAP_??? */ <unfinished ...>
1019  close(5 <unfinished ...>
1018  <... prctl resumed>)              = -1 EINVAL (Invalid argument)
1019  <... close resumed>)              = 0
1019  newfstatat(AT_FDCWD, "/etc/nsswitch.conf", {st_mode=S_IFREG|0644, st_size=494, ...}, 0) = 0
1018  umask(027 <unfinished ...>
1019  newfstatat(AT_FDCWD, "/",  <unfinished ...>
1018  <... umask resumed>)              = 027
1019  <... newfstatat resumed>{st_mode=S_IFDIR|0755, st_size=4096, ...}, 0) = 0
1018  newfstatat(0, "",  <unfinished ...>
1019  openat(AT_FDCWD, "/etc/nsswitch.conf", O_RDONLY|O_CLOEXEC <unfinished ...>
1018  <... newfstatat resumed>{st_mode=S_IFCHR|0666, st_rdev=makedev(0x1, 0x3), ...}, AT_EMPTY_PATH) = 0
1019  <... openat resumed>)             = 5
1018  newfstatat(1, "",  <unfinished ...>
1019  newfstatat(5, "",  <unfinished ...>
1018  <... newfstatat resumed>{st_mode=S_IFCHR|0666, st_rdev=makedev(0x1, 0x3), ...}, AT_EMPTY_PATH) = 0
1019  <... newfstatat resumed>{st_mode=S_IFREG|0644, st_size=494, ...}, AT_EMPTY_PATH) = 0
1018  newfstatat(2, "",  <unfinished ...>
1019  read(5,  <unfinished ...>
1018  <... newfstatat resumed>{st_mode=S_IFCHR|0666, st_rdev=makedev(0x1, 0x3), ...}, AT_EMPTY_PATH) = 0
1019  <... read resumed>"# /etc/nsswitch.conf\n#\n# Example configuration of GNU Name Service Switch functionality.\n# If you have the `glibc-doc-reference'"..., 4096) = 494
1018  newfstatat(3, "",  <unfinished ...>
1019  read(5,  <unfinished ...>
1018  <... newfstatat resumed>{st_mode=S_IFSOCK|0777, st_size=0, ...}, AT_EMPTY_PATH) = 0
1019  <... read resumed>"", 4096)       = 0
1018  newfstatat(4, "",  <unfinished ...>
1019  newfstatat(5, "",  <unfinished ...>
1018  <... newfstatat resumed>{st_mode=S_IFSOCK|0777, st_size=0, ...}, AT_EMPTY_PATH) = 0
1019  <... newfstatat resumed>{st_mode=S_IFREG|0644, st_size=494, ...}, AT_EMPTY_PATH) = 0
1018  newfstatat(5, "",  <unfinished ...>
1019  close(5 <unfinished ...>
1018  <... newfstatat resumed>0x7ffee6ed85d0, AT_EMPTY_PATH) = -1 EBADF (Bad file descriptor)
1019  <... close resumed>)              = 0
1018  newfstatat(6, "",  <unfinished ...>
1019  openat(AT_FDCWD, "/etc/group", O_RDONLY|O_CLOEXEC <unfinished ...>
1018  <... newfstatat resumed>0x7ffee6ed85d0, AT_EMPTY_PATH) = -1 EBADF (Bad file descriptor)
1019  <... openat resumed>)             = 5
1018  newfstatat(7, "",  <unfinished ...>
1019  newfstatat(5, "",  <unfinished ...>
1018  <... newfstatat resumed>0x7ffee6ed85d0, AT_EMPTY_PATH) = -1 EBADF (Bad file descriptor)
1019  <... newfstatat resumed>{st_mode=S_IFREG|0644, st_size=507, ...}, AT_EMPTY_PATH) = 0
1018  newfstatat(8, "",  <unfinished ...>
1019  lseek(5, 0, SEEK_SET <unfinished ...>
1018  <... newfstatat resumed>0x7ffee6ed85d0, AT_EMPTY_PATH) = -1 EBADF (Bad file descriptor)
1019  <... lseek resumed>)              = 0
1018  newfstatat(9, "",  <unfinished ...>
1019  read(5,  <unfinished ...>
1018  <... newfstatat resumed>0x7ffee6ed85d0, AT_EMPTY_PATH) = -1 EBADF (Bad file descriptor)
1019  <... read resumed>"root:x:0:\ndaemon:x:1:\nbin:x:2:\nsys:x:3:\nadm:x:4:\ntty:x:5:\ndisk:x:6:\nlp:x:7:\nmail:x:8:\nnews:x:9:\nuucp:x:10:\nman:x:12:\nproxy:x:13:"..., 4096) = 507
1018  newfstatat(10, "",  <unfinished ...>
1019  close(5 <unfinished ...>
1018  <... newfstatat resumed>0x7ffee6ed85d0, AT_EMPTY_PATH) = -1 EBADF (Bad file descriptor)
1019  <... close resumed>)              = 0
1018  newfstatat(11, "",  <unfinished ...>
1019  socket(AF_UNIX, SOCK_STREAM|SOCK_CLOEXEC|SOCK_NONBLOCK, 0 <unfinished ...>
1018  <... newfstatat resumed>0x7ffee6ed85d0, AT_EMPTY_PATH) = -1 EBADF (Bad file descriptor)
1019  <... socket resumed>)             = 5
1018  newfstatat(12, "",  <unfinished ...>
1019  connect(5, {sa_family=AF_UNIX, sun_path="/var/run/nscd/socket"}, 110 <unfinished ...>
1018  <... newfstatat resumed>0x7ffee6ed85d0, AT_EMPTY_PATH) = -1 EBADF (Bad file descriptor)
1019  <... connect resumed>)            = -1 ENOENT (No such file or directory)
1018  newfstatat(13, "",  <unfinished ...>
1019  close(5 <unfinished ...>
1018  <... newfstatat resumed>0x7ffee6ed85d0, AT_EMPTY_PATH) = -1 EBADF (Bad file descriptor)
1019  <... close resumed>)              = 0
1018  newfstatat(14, "",  <unfinished ...>
1019  socket(AF_UNIX, SOCK_STREAM|SOCK_CLOEXEC|SOCK_NONBLOCK, 0 <unfinished ...>
1018  <... newfstatat resumed>0x7ffee6ed85d0, AT_EMPTY_PATH) = -1 EBADF (Bad file descriptor)
1019  <... socket resumed>)             = 5
1018  newfstatat(15, "",  <unfinished ...>
1019  connect(5, {sa_family=AF_UNIX, sun_path="/var/run/nscd/socket"}, 110 <unfinished ...>
1018  <... newfstatat resumed>0x7ffee6ed85d0, AT_EMPTY_PATH) = -1 EBADF (Bad file descriptor)
