1220  rt_sigaction(SIGILL, NULL,  <unfinished ...>
1219  <... rt_sigaction resumed>NULL, 8) = 0
1220  <... rt_sigaction resumed>{sa_handler=SIG_DFL, sa_mask=[], sa_flags=0}, 8) = 0
1219  rt_sigaction(SIGRT_5, NULL,  <unfinished ...>
1220  rt_sigaction(SIGILL, {sa_handler=0x4673e0, sa_mask=~[RTMIN RT_1], sa_flags=SA_RESTORER|SA_ONSTACK|SA_RESTART|SA_SIGINFO, sa_restorer=0x7fe677172520},  <unfinished ...>
1219  <... rt_sigaction resumed>{sa_handler=SIG_DFL, sa_mask=[], sa_flags=0}, 8) = 0
1220  <... rt_sigaction resumed>NULL, 8) = 0
1219  rt_sigaction(SIGRT_5, {sa_handler=0x4673e0, sa_mask=~[RTMIN RT_1], sa_flags=SA_RESTORER|SA_ONSTACK|SA_RESTART|SA_SIGINFO, sa_restorer=0x7fd09b421520},  <unfinished ...>
1220  rt_sigaction(SIGTRAP, NULL,  <unfinished ...>
1219  <... rt_sigaction resumed>NULL, 8) = 0
1220  <... rt_sigaction resumed>{sa_handler=SIG_DFL, sa_mask=[], sa_flags=0}, 8) = 0
1219  rt_sigaction(SIGRT_6, NULL,  <unfinished ...>
1220  rt_sigaction(SIGTRAP, {sa_handler=0x4673e0, sa_mask=~[RTMIN RT_1], sa_flags=SA_RESTORER|SA_ONSTACK|SA_RESTART|SA_SIGINFO, sa_restorer=0x7fe677172520},  <unfinished ...>
1219  <... rt_sigaction resumed>{sa_handler=SIG_DFL, sa_mask=[], sa_flags=0}, 8) = 0
1220  <... rt_sigaction resumed>NULL, 8) = 0
1219  rt_sigaction(SIGRT_6, {sa_handler=0x4673e0, sa_mask=~[RTMIN RT_1], sa_flags=SA_RESTORER|SA_ONSTACK|SA_RESTART|SA_SIGINFO, sa_restorer=0x7fd09b421520},  <unfinished ...>
1220  rt_sigaction(SIGABRT, NULL,  <unfinished ...>
1219  <... rt_sigaction resumed>NULL, 8) = 0
1220  <... rt_sigaction resumed>{sa_handler=SIG_DFL, sa_mask=[], sa_flags=0}, 8) = 0
1219  rt_sigaction(SIGRT_7, NULL,  <unfinished ...>
1220  rt_sigaction(SIGABRT, {sa_handler=0x4673e0, sa_mask=~[RTMIN RT_1], sa_flags=SA_RESTORER|SA_ONSTACK|SA_RESTART|SA_SIGINFO, sa_restorer=0x7fe677172520},  <unfinished ...>
1219  <... rt_sigaction resumed>{sa_handler=SIG_DFL, sa_mask=[], sa_flags=0}, 8) = 0
1220  <... rt_sigaction resumed>NULL, 8) = 0
1219  rt_sigaction(SIGRT_7, {sa_handler=0x4673e0, sa_mask=~[RTMIN RT_1], sa_flags=SA_RESTORER|SA_ONSTACK|SA_RESTART|SA_SIGINFO, sa_restorer=0x7fd09b421520},  <unfinished ...>
1220  rt_sigaction(SIGBUS, NULL,  <unfinished ...>
1219  <... rt_sigaction resumed>NULL, 8) = 0
1220  <... rt_sigaction resumed>{sa_handler=SIG_DFL, sa_mask=[], sa_flags=0}, 8) = 0
1219  rt_sigaction(SIGRT_8, NULL,  <unfinished ...>
1220  rt_sigaction(SIGBUS, {sa_handler=0x4673e0, sa_mask=~[RTMIN RT_1], sa_flags=SA_RESTORER|SA_ONSTACK|SA_RESTART|SA_SIGINFO, sa_restorer=0x7fe677172520},  <unfinished ...>
1219  <... rt_sigaction resumed>{sa_handler=SIG_DFL, sa_mask=[], sa_flags=0}, 8) = 0
1220  <... rt_sigaction resumed>NULL, 8) = 0
1219  rt_sigaction(SIGRT_8, {sa_handler=0x4673e0, sa_mask=~[RTMIN RT_1], sa_flags=SA_RESTORER|SA_ONSTACK|SA_RESTART|SA_SIGINFO, sa_restorer=0x7fd09b421520},  <unfinished ...>
1220  rt_sigaction(SIGFPE, NULL,  <unfinished ...>
1219  <... rt_sigaction resumed>NULL, 8) = 0
1220  <... rt_sigaction resumed>{sa_handler=SIG_DFL, sa_mask=[], sa_flags=0}, 8) = 0
1219  rt_sigaction(SIGRT_9, NULL,  <unfinished ...>
1220  rt_sigaction(SIGFPE, {sa_handler=0x4673e0, sa_mask=~[RTMIN RT_1], sa_flags=SA_RESTORER|SA_ONSTACK|SA_RESTART|SA_SIGINFO, sa_restorer=0x7fe677172520},  <unfinished ...>
1219  <... rt_sigaction resumed>{sa_handler=SIG_DFL, sa_mask=[], sa_flags=0}, 8) = 0
1220  <... rt_sigaction resumed>NULL, 8) = 0
1219  rt_sigaction(SIGRT_9, {sa_handler=0x4673e0, sa_mask=~[RTMIN RT_1], sa_flags=SA_RESTORER|SA_ONSTACK|SA_RESTART|SA_SIGINFO, sa_restorer=0x7fd09b421520},  <unfinished ...>
1220  rt_sigaction(SIGUSR1, NULL,  <unfinished ...>
1219  <... rt_sigaction resumed>NULL, 8) = 0
1220  <... rt_sigaction resumed>{sa_handler=SIG_DFL, sa_mask=[], sa_flags=0}, 8) = 0
1219  rt_sigaction(SIGRT_10, NULL,  <unfinished ...>
1220  rt_sigaction(SIGUSR1, {sa_handler=0x4673e0, sa_mask=~[RTMIN RT_1], sa_flags=SA_RESTORER|SA_ONSTACK|SA_RESTART|SA_SIGINFO, sa_restorer=0x7fe677172520},  <unfinished ...>
1219  <... rt_sigaction resumed>{sa_handler=SIG_DFL, sa_mask=[], sa_flags=0}, 8) = 0
1220  <... rt_sigaction resumed>NULL, 8) = 0
1219  rt_sigaction(SIGRT_10, {sa_handler=0x4673e0, sa_mask=~[RTMIN RT_1], sa_flags=SA_RESTORER|SA_ONSTACK|SA_RESTART|SA_SIGINFO, sa_restorer=0x7fd09b421520},  <unfinished ...>
1220  rt_sigaction(SIGSEGV, NULL,  <unfinished ...>
1219  <... rt_sigaction resumed>NULL, 8) = 0
1220  <... rt_sigaction resumed>{sa_handler=SIG_DFL, sa_mask=[], sa_flags=0}, 8) = 0
1219  rt_sigaction(SIGRT_11, NULL,  <unfinished ...>
1220  rt_sigaction(SIGSEGV, {sa_handler=0x4673e0, sa_mask=~[RTMIN RT_1], sa_flags=SA_RESTORER|SA_ONSTACK|SA_RESTART|SA_SIGINFO, sa_restorer=0x7fe677172520},  <unfinished ...>
1219  <... rt_sigaction resumed>{sa_handler=SIG_DFL, sa_mask=[], sa_flags=0}, 8) = 0
1220  <... rt_sigaction resumed>NULL, 8) = 0
1219  rt_sigaction(SIGRT_11, {sa_handler=0x4673e0, sa_mask=~[RTMIN RT_1], sa_flags=SA_RESTORER|SA_ONSTACK|SA_RESTART|SA_SIGINFO, sa_restorer=0x7fd09b421520},  <unfinished ...>
1220  rt_sigaction(SIGUSR2, NULL,  <unfinished ...>
1219  <... rt_sigaction resumed>NULL, 8) = 0
1220  <... rt_sigaction resumed>{sa_handler=SIG_DFL, sa_mask=[], sa_flags=0}, 8) = 0
1219  rt_sigaction(SIGRT_12, NULL,  <unfinished ...>
1220  rt_sigaction(SIGUSR2, {sa_handler=0x4673e0, sa_mask=~[RTMIN RT_1], sa_flags=SA_RESTORER|SA_ONSTACK|SA_RESTART|SA_SIGINFO, sa_restorer=0x7fe677172520},  <unfinished ...>
1219  <... rt_sigaction resumed>{sa_handler=SIG_DFL, sa_mask=[], sa_flags=0}, 8) = 0
1220  <... rt_sigaction resumed>NULL, 8) = 0
1219  rt_sigaction(SIGRT_12, {sa_handler=0x4673e0, sa_mask=~[RTMIN RT_1], sa_flags=SA_RESTORER|SA_ONSTACK|SA_RESTART|SA_SIGINFO, sa_restorer=0x7fd09b421520},  <unfinished ...>
1220  rt_sigaction(SIGPIPE, NULL,  <unfinished ...>
1219  <... rt_sigaction resumed>NULL, 8) = 0
1220  <... rt_sigaction resumed>{sa_handler=SIG_DFL, sa_mask=[], sa_flags=0}, 8) = 0
1219  rt_sigaction(SIGRT_13, NULL,  <unfinished ...>
1220  rt_sigaction(SIGPIPE, {sa_handler=0x4673e0, sa_mask=~[RTMIN RT_1], sa_flags=SA_RESTORER|SA_ONSTACK|SA_RESTART|SA_SIGINFO, sa_restorer=0x7fe677172520},  <unfinished ...>
1219  <... rt_sigaction resumed>{sa_handler=SIG_DFL, sa_mask=[], sa_flags=0}, 8) = 0
1220  <... rt_sigaction resumed>NULL, 8) = 0
1219  rt_sigaction(SIGRT_13, {sa_handler=0x4673e0, sa_mask=~[RTMIN RT_1], sa_flags=SA_RESTORER|SA_ONSTACK|SA_RESTART|SA_SIGINFO, sa_restorer=0x7fd09b421520},  <unfinished ...>
1220  rt_sigaction(SIGALRM, NULL,  <unfinished ...>
1219  <... rt_sigaction resumed>NULL, 8) = 0
1220  <... rt_sigaction resumed>{sa_handler=SIG_DFL, sa_mask=[], sa_flags=0}, 8) = 0
1219  rt_sigaction(SIGRT_14, NULL,  <unfinished ...>
1220  rt_sigaction(SIGALRM, {sa_handler=0x4673e0, sa_mask=~[RTMIN RT_1], sa_flags=SA_RESTORER|SA_ONSTACK|SA_RESTART|SA_SIGINFO, sa_restorer=0x7fe677172520},  <unfinished ...>
1219  <... rt_sigaction resumed>{sa_handler=SIG_DFL, sa_mask=[], sa_flags=0}, 8) = 0
1220  <... rt_sigaction resumed>NULL, 8) = 0
1219  rt_sigaction(SIGRT_14, {sa_handler=0x4673e0, sa_mask=~[RTMIN RT_1], sa_flags=SA_RESTORER|SA_ONSTACK|SA_RESTART|SA_SIGINFO, sa_restorer=0x7fd09b421520},  <unfinished ...>
1220  rt_sigaction(SIGTERM, NULL,  <unfinished ...>
1219  <... rt_sigaction resumed>NULL, 8) = 0
1220  <... rt_sigaction resumed>{sa_handler=SIG_DFL, sa_mask=[], sa_flags=0}, 8) = 0
1219  rt_sigaction(SIGRT_15, NULL,  <unfinished ...>
1220  rt_sigaction(SIGTERM, {sa_handler=0x4673e0, sa_mask=~[RTMIN RT_1], sa_flags=SA_RESTORER|SA_ONSTACK|SA_RESTART|SA_SIGINFO, sa_restorer=0x7fe677172520},  <unfinished ...>
1219  <... rt_sigaction resumed>{sa_handler=SIG_DFL, sa_mask=[], sa_flags=0}, 8) = 0
1220  <... rt_sigaction resumed>NULL, 8) = 0
1219  rt_sigaction(SIGRT_15, {sa_handler=0x4673e0, sa_mask=~[RTMIN RT_1], sa_flags=SA_RESTORER|SA_ONSTACK|SA_RESTART|SA_SIGINFO, sa_restorer=0x7fd09b421520},  <unfinished ...>
1220  rt_sigaction(SIGSTKFLT, NULL,  <unfinished ...>
1219  <... rt_sigaction resumed>NULL, 8) = 0
1220  <... rt_sigaction resumed>{sa_handler=SIG_DFL, sa_mask=[], sa_flags=0}, 8) = 0
1219  rt_sigaction(SIGRT_16, NULL,  <unfinished ...>
1220  rt_sigaction(SIGSTKFLT, {sa_handler=0x4673e0, sa_mask=~[RTMIN RT_1], sa_flags=SA_RESTORER|SA_ONSTACK|SA_RESTART|SA_SIGINFO, sa_restorer=0x7fe677172520},  <unfinished ...>
1219  <... rt_sigaction resumed>{sa_handler=SIG_DFL, sa_mask=[], sa_flags=0}, 8) = 0
1220  <... rt_sigaction resumed>NULL, 8) = 0
1219  rt_sigaction(SIGRT_16, {sa_handler=0x4673e0, sa_mask=~[RTMIN RT_1], sa_flags=SA_RESTORER|SA_ONSTACK|SA_RESTART|SA_SIGINFO, sa_restorer=0x7fd09b421520},  <unfinished ...>
1220  rt_sigaction(SIGCHLD, NULL,  <unfinished ...>
1219  <... rt_sigaction resumed>NULL, 8) = 0
1220  <... rt_sigaction resumed>{sa_handler=SIG_DFL, sa_mask=[], sa_flags=0}, 8) = 0
1219  rt_sigaction(SIGRT_17, NULL,  <unfinished ...>
1220  rt_sigaction(SIGCHLD, {sa_handler=0x4673e0, sa_mask=~[RTMIN RT_1], sa_flags=SA_RESTORER|SA_ONSTACK|SA_RESTART|SA_SIGINFO, sa_restorer=0x7fe677172520},  <unfinished ...>
1219  <... rt_sigaction resumed>{sa_handler=SIG_DFL, sa_mask=[], sa_flags=0}, 8) = 0
1220  <... rt_sigaction resumed>NULL, 8) = 0
1219  rt_sigaction(SIGRT_17, {sa_handler=0x4673e0, sa_mask=~[RTMIN RT_1], sa_flags=SA_RESTORER|SA_ONSTACK|SA_RESTART|SA_SIGINFO, sa_restorer=0x7fd09b421520},  <unfinished ...>
1220  rt_sigaction(SIGURG, NULL,  <unfinished ...>
1219  <... rt_sigaction resumed>NULL, 8) = 0
1220  <... rt_sigaction resumed>{sa_handler=SIG_DFL, sa_mask=[], sa_flags=0}, 8) = 0
1219  rt_sigaction(SIGRT_18, NULL,  <unfinished ...>
1220  rt_sigaction(SIGURG, {sa_handler=0x4673e0, sa_mask=~[RTMIN RT_1], sa_flags=SA_RESTORER|SA_ONSTACK|SA_RESTART|SA_SIGINFO, sa_restorer=0x7fe677172520},  <unfinished ...>
1219  <... rt_sigaction resumed>{sa_handler=SIG_DFL, sa_mask=[], sa_flags=0}, 8) = 0
1220  <... rt_sigaction resumed>NULL, 8) = 0
1219  rt_sigaction(SIGRT_18, {sa_handler=0x4673e0, sa_mask=~[RTMIN RT_1], sa_flags=SA_RESTORER|SA_ONSTACK|SA_RESTART|SA_SIGINFO, sa_restorer=0x7fd09b421520},  <unfinished ...>
1220  rt_sigaction(SIGXCPU, NULL,  <unfinished ...>
1219  <... rt_sigaction resumed>NULL, 8) = 0
1220  <... rt_sigaction resumed>{sa_handler=SIG_DFL, sa_mask=[], sa_flags=0}, 8) = 0
1219  rt_sigaction(SIGRT_19, NULL,  <unfinished ...>
1220  rt_sigaction(SIGXCPU, {sa_handler=0x4673e0, sa_mask=~[RTMIN RT_1], sa_flags=SA_RESTORER|SA_ONSTACK|SA_RESTART|SA_SIGINFO, sa_restorer=0x7fe677172520},  <unfinished ...>
1219  <... rt_sigaction resumed>{sa_handler=SIG_DFL, sa_mask=[], sa_flags=0}, 8) = 0
1220  <... rt_sigaction resumed>NULL, 8) = 0
1219  rt_sigaction(SIGRT_19, {sa_handler=0x4673e0, sa_mask=~[RTMIN RT_1], sa_flags=SA_RESTORER|SA_ONSTACK|SA_RESTART|SA_SIGINFO, sa_restorer=0x7fd09b421520},  <unfinished ...>
1220  rt_sigaction(SIGXFSZ, NULL,  <unfinished ...>
1219  <... rt_sigaction resumed>NULL, 8) = 0
1220  <... rt_sigaction resumed>{sa_handler=SIG_DFL, sa_mask=[], sa_flags=0}, 8) = 0
1219  rt_sigaction(SIGRT_20, NULL,  <unfinished ...>
1220  rt_sigaction(SIGXFSZ, {sa_handler=0x4673e0, sa_mask=~[RTMIN RT_1], sa_flags=SA_RESTORER|SA_ONSTACK|SA_RESTART|SA_SIGINFO, sa_restorer=0x7fe677172520},  <unfinished ...>
1219  <... rt_sigaction resumed>{sa_handler=SIG_DFL, sa_mask=[], sa_flags=0}, 8) = 0
1220  <... rt_sigaction resumed>NULL, 8) = 0
1219  rt_sigaction(SIGRT_20, {sa_handler=0x4673e0, sa_mask=~[RTMIN RT_1], sa_flags=SA_RESTORER|SA_ONSTACK|SA_RESTART|SA_SIGINFO, sa_restorer=0x7fd09b421520},  <unfinished ...>
1220  rt_sigaction(SIGVTALRM, NULL,  <unfinished ...>
1219  <... rt_sigaction resumed>NULL, 8) = 0
1220  <... rt_sigaction resumed>{sa_handler=SIG_DFL, sa_mask=[], sa_flags=0}, 8) = 0
1219  rt_sigaction(SIGRT_21, NULL,  <unfinished ...>
1220  rt_sigaction(SIGVTALRM, {sa_handler=0x4673e0, sa_mask=~[RTMIN RT_1], sa_flags=SA_RESTORER|SA_ONSTACK|SA_RESTART|SA_SIGINFO, sa_restorer=0x7fe677172520},  <unfinished ...>
1219  <... rt_sigaction resumed>{sa_handler=SIG_DFL, sa_mask=[], sa_flags=0}, 8) = 0
1220  <... rt_sigaction resumed>NULL, 8) = 0
1219  rt_sigaction(SIGRT_21, {sa_handler=0x4673e0, sa_mask=~[RTMIN RT_1], sa_flags=SA_RESTORER|SA_ONSTACK|SA_RESTART|SA_SIGINFO, sa_restorer=0x7fd09b421520},  <unfinished ...>
1220  rt_sigaction(SIGPROF, NULL,  <unfinished ...>
1219  <... rt_sigaction resumed>NULL, 8) = 0
1220  <... rt_sigaction resumed>{sa_handler=SIG_DFL, sa_mask=[], sa_flags=0}, 8) = 0
1219  rt_sigaction(SIGRT_22, NULL,  <unfinished ...>
1220  rt_sigaction(SIGPROF, {sa_handler=0x4673e0, sa_mask=~[RTMIN RT_1], sa_flags=SA_RESTORER|SA_ONSTACK|SA_RESTART|SA_SIGINFO, sa_restorer=0x7fe677172520},  <unfinished ...>
1219  <... rt_sigaction resumed>{sa_handler=SIG_DFL, sa_mask=[], sa_flags=0}, 8) = 0
1220  <... rt_sigaction resumed>NULL, 8) = 0
1219  rt_sigaction(SIGRT_22, {sa_handler=0x4673e0, sa_mask=~[RTMIN RT_1], sa_flags=SA_RESTORER|SA_ONSTACK|SA_RESTART|SA_SIGINFO, sa_restorer=0x7fd09b421520},  <unfinished ...>
1220  rt_sigaction(SIGWINCH, NULL,  <unfinished ...>
1219  <... rt_sigaction resumed>NULL, 8) = 0
1220  <... rt_sigaction resumed>{sa_handler=SIG_DFL, sa_mask=[], sa_flags=0}, 8) = 0
1219  rt_sigaction(SIGRT_23, NULL,  <unfinished ...>
1220  rt_sigaction(SIGWINCH, {sa_handler=0x4673e0, sa_mask=~[RTMIN RT_1], sa_flags=SA_RESTORER|SA_ONSTACK|SA_RESTART|SA_SIGINFO, sa_restorer=0x7fe677172520},  <unfinished ...>
1219  <... rt_sigaction resumed>{sa_handler=SIG_DFL, sa_mask=[], sa_flags=0}, 8) = 0
1220  <... rt_sigaction resumed>NULL, 8) = 0
1219  rt_sigaction(SIGRT_23, {sa_handler=0x4673e0, sa_mask=~[RTMIN RT_1], sa_flags=SA_RESTORER|SA_ONSTACK|SA_RESTART|SA_SIGINFO, sa_restorer=0x7fd09b421520},  <unfinished ...>
1220  rt_sigaction(SIGIO, NULL,  <unfinished ...>
1219  <... rt_sigaction resumed>NULL, 8) = 0
1220  <... rt_sigaction resumed>{sa_handler=SIG_DFL, sa_mask=[], sa_flags=0}, 8) = 0
1219  rt_sigaction(SIGRT_24, NULL,  <unfinished ...>
1220  rt_sigaction(SIGIO, {sa_handler=0x4673e0, sa_mask=~[RTMIN RT_1], sa_flags=SA_RESTORER|SA_ONSTACK|SA_RESTART|SA_SIGINFO, sa_restorer=0x7fe677172520},  <unfinished ...>
1219  <... rt_sigaction resumed>{sa_handler=SIG_DFL, sa_mask=[], sa_flags=0}, 8) = 0
1220  <... rt_sigaction resumed>NULL, 8) = 0
1219  rt_sigaction(SIGRT_24, {sa_handler=0x4673e0, sa_mask=~[RTMIN RT_1], sa_flags=SA_RESTORER|SA_ONSTACK|SA_RESTART|SA_SIGINFO, sa_restorer=0x7fd09b421520},  <unfinished ...>
1220  rt_sigaction(SIGPWR, NULL,  <unfinished ...>
1219  <... rt_sigaction resumed>NULL, 8) = 0
1220  <... rt_sigaction resumed>{sa_handler=SIG_DFL, sa_mask=[], sa_flags=0}, 8) = 0
1219  rt_sigaction(SIGRT_25, NULL,  <unfinished ...>
1220  rt_sigaction(SIGPWR, {sa_handler=0x4673e0, sa_mask=~[RTMIN RT_1], sa_flags=SA_RESTORER|SA_ONSTACK|SA_RESTART|SA_SIGINFO, sa_restorer=0x7fe677172520},  <unfinished ...>
1219  <... rt_sigaction resumed>{sa_handler=SIG_DFL, sa_mask=[], sa_flags=0}, 8) = 0
1220  <... rt_sigaction resumed>NULL, 8) = 0
1219  rt_sigaction(SIGRT_25, {sa_handler=0x4673e0, sa_mask=~[RTMIN RT_1], sa_flags=SA_RESTORER|SA_ONSTACK|SA_RESTART|SA_SIGINFO, sa_restorer=0x7fd09b421520},  <unfinished ...>
1220  rt_sigaction(SIGSYS, NULL,  <unfinished ...>
1219  <... rt_sigaction resumed>NULL, 8) = 0
1220  <... rt_sigaction resumed>{sa_handler=SIG_DFL, sa_mask=[], sa_flags=0}, 8) = 0
1219  rt_sigaction(SIGRT_26, NULL,  <unfinished ...>
1220  rt_sigaction(SIGSYS, {sa_handler=0x4673e0, sa_mask=~[RTMIN RT_1], sa_flags=SA_RESTORER|SA_ONSTACK|SA_RESTART|SA_SIGINFO, sa_restorer=0x7fe677172520},  <unfinished ...>
1219  <... rt_sigaction resumed>{sa_handler=SIG_DFL, sa_mask=[], sa_flags=0}, 8) = 0
1220  <... rt_sigaction resumed>NULL, 8) = 0
1219  rt_sigaction(SIGRT_26, {sa_handler=0x4673e0, sa_mask=~[RTMIN RT_1], sa_flags=SA_RESTORER|SA_ONSTACK|SA_RESTART|SA_SIGINFO, sa_restorer=0x7fd09b421520},  <unfinished ...>
1220  rt_sigaction(SIGRTMIN, NULL,  <unfinished ...>
1219  <... rt_sigaction resumed>NULL, 8) = 0
1220  <... rt_sigaction resumed>{sa_handler=SIG_DFL, sa_mask=[], sa_flags=0}, 8) = 0
1219  rt_sigaction(SIGRT_27, NULL,  <unfinished ...>
1220  rt_sigaction(SIGRT_1, NULL,  <unfinished ...>
1219  <... rt_sigaction resumed>{sa_handler=SIG_DFL, sa_mask=[], sa_flags=0}, 8) = 0
1220  <... rt_sigaction resumed>{sa_handler=SIG_DFL, sa_mask=[], sa_flags=0}, 8) = 0
1219  rt_sigaction(SIGRT_27, {sa_handler=0x4673e0, sa_mask=~[RTMIN RT_1], sa_flags=SA_RESTORER|SA_ONSTACK|SA_RESTART|SA_SIGINFO, sa_restorer=0x7fd09b421520},  <unfinished ...>
1220  rt_sigaction(SIGRT_2, NULL,  <unfinished ...>
1219  <... rt_sigaction resumed>NULL, 8) = 0
1220  <... rt_sigaction resumed>{sa_handler=SIG_IGN, sa_mask=[], sa_flags=0}, 8) = 0
1219  rt_sigaction(SIGRT_28, NULL,  <unfinished ...>
1220  rt_sigaction(SIGRT_3, NULL,  <unfinished ...>
1219  <... rt_sigaction resumed>{sa_handler=SIG_DFL, sa_mask=[], sa_flags=0}, 8) = 0
1220  <... rt_sigaction resumed>{sa_handler=SIG_DFL, sa_mask=[], sa_flags=0}, 8) = 0
1219  rt_sigaction(SIGRT_28, {sa_handler=0x4673e0, sa_mask=~[RTMIN RT_1], sa_flags=SA_RESTORER|SA_ONSTACK|SA_RESTART|SA_SIGINFO, sa_restorer=0x7fd09b421520},  <unfinished ...>
1220  rt_sigaction(SIGRT_3, {sa_handler=0x4673e0, sa_mask=~[RTMIN RT_1], sa_flags=SA_RESTORER|SA_ONSTACK|SA_RESTART|SA_SIGINFO, sa_restorer=0x7fe677172520},  <unfinished ...>
1219  <... rt_sigaction resumed>NULL, 8) = 0
1220  <... rt_sigaction resumed>NULL, 8) = 0
1219  rt_sigaction(SIGRT_29, NULL,  <unfinished ...>
1220  rt_sigaction(SIGRT_4, NULL,  <unfinished ...>
1219  <... rt_sigaction resumed>{sa_handler=SIG_DFL, sa_mask=[], sa_flags=0}, 8) = 0
1220  <... rt_sigaction resumed>{sa_handler=SIG_DFL, sa_mask=[], sa_flags=0}, 8) = 0
1219  rt_sigaction(SIGRT_29, {sa_handler=0x4673e0, sa_mask=~[RTMIN RT_1], sa_flags=SA_RESTORER|SA_ONSTACK|SA_RESTART|SA_SIGINFO, sa_restorer=0x7fd09b421520},  <unfinished ...>
1220  rt_sigaction(SIGRT_4, {sa_handler=0x4673e0, sa_mask=~[RTMIN RT_1], sa_flags=SA_RESTORER|SA_ONSTACK|SA_RESTART|SA_SIGINFO, sa_restorer=0x7fe677172520},  <unfinished ...>
1219  <... rt_sigaction resumed>NULL, 8) = 0
1220  <... rt_sigaction resumed>NULL, 8) = 0
1219  rt_sigaction(SIGRT_30, NULL,  <unfinished ...>
1220  rt_sigaction(SIGRT_5, NULL,  <unfinished ...>
1219  <... rt_sigaction resumed>{sa_handler=SIG_DFL, sa_mask=[], sa_flags=0}, 8) = 0
1220  <... rt_sigaction resumed>{sa_handler=SIG_DFL, sa_mask=[], sa_flags=0}, 8) = 0
1219  rt_sigaction(SIGRT_30, {sa_handler=0x4673e0, sa_mask=~[RTMIN RT_1], sa_flags=SA_RESTORER|SA_ONSTACK|SA_RESTART|SA_SIGINFO, sa_restorer=0x7fd09b421520},  <unfinished ...>
1220  rt_sigaction(SIGRT_5, {sa_handler=0x4673e0, sa_mask=~[RTMIN RT_1], sa_flags=SA_RESTORER|SA_ONSTACK|SA_RESTART|SA_SIGINFO, sa_restorer=0x7fe677172520},  <unfinished ...>
1219  <... rt_sigaction resumed>NULL, 8) = 0
1220  <... rt_sigaction resumed>NULL, 8) = 0
1219  rt_sigaction(SIGRT_31, NULL,  <unfinished ...>
1220  rt_sigaction(SIGRT_6, NULL,  <unfinished ...>
1219  <... rt_sigaction resumed>{sa_handler=SIG_DFL, sa_mask=[], sa_flags=0}, 8) = 0
1220  <... rt_sigaction resumed>{sa_handler=SIG_DFL, sa_mask=[], sa_flags=0}, 8) = 0
1219  rt_sigaction(SIGRT_31, {sa_handler=0x4673e0, sa_mask=~[RTMIN RT_1], sa_flags=SA_RESTORER|SA_ONSTACK|SA_RESTART|SA_SIGINFO, sa_restorer=0x7fd09b421520},  <unfinished ...>
1220  rt_sigaction(SIGRT_6, {sa_handler=0x4673e0, sa_mask=~[RTMIN RT_1], sa_flags=SA_RESTORER|SA_ONSTACK|SA_RESTART|SA_SIGINFO, sa_restorer=0x7fe677172520},  <unfinished ...>
1219  <... rt_sigaction resumed>NULL, 8) = 0
1220  <... rt_sigaction resumed>NULL, 8) = 0
1219  rt_sigaction(SIGRT_32, NULL,  <unfinished ...>
1220  rt_sigaction(SIGRT_7, NULL,  <unfinished ...>
1219  <... rt_sigaction resumed>{sa_handler=SIG_DFL, sa_mask=[], sa_flags=0}, 8) = 0
1220  <... rt_sigaction resumed>{sa_handler=SIG_DFL, sa_mask=[], sa_flags=0}, 8) = 0
1219  rt_sigaction(SIGRT_32, {sa_handler=0x4673e0, sa_mask=~[RTMIN RT_1], sa_flags=SA_RESTORER|SA_ONSTACK|SA_RESTART|SA_SIGINFO, sa_restorer=0x7fd09b421520},  <unfinished ...>
1220  rt_sigaction(SIGRT_7, {sa_handler=0x4673e0, sa_mask=~[RTMIN RT_1], sa_flags=SA_RESTORER|SA_ONSTACK|SA_RESTART|SA_SIGINFO, sa_restorer=0x7fe677172520},  <unfinished ...>
1219  <... rt_sigaction resumed>NULL, 8) = 0
1220  <... rt_sigaction resumed>NULL, 8) = 0
1219  rt_sigprocmask(SIG_SETMASK, ~[RTMIN RT_1],  <unfinished ...>
1220  rt_sigaction(SIGRT_8, NULL,  <unfinished ...>
1219  <... rt_sigprocmask resumed>[], 8) = 0
1220  <... rt_sigaction resumed>{sa_handler=SIG_DFL, sa_mask=[], sa_flags=0}, 8) = 0
1219  rt_sigaction(SIGRT_1, {sa_handler=0x7fd09b4708f0, sa_mask=[], sa_flags=SA_RESTORER|SA_ONSTACK|SA_RESTART|SA_SIGINFO, sa_restorer=0x7fd09b421520},  <unfinished ...>
1220  rt_sigaction(SIGRT_8, {sa_handler=0x4673e0, sa_mask=~[RTMIN RT_1], sa_flags=SA_RESTORER|SA_ONSTACK|SA_RESTART|SA_SIGINFO, sa_restorer=0x7fe677172520},  <unfinished ...>
1219  <... rt_sigaction resumed>NULL, 8) = 0
1220  <... rt_sigaction resumed>NULL, 8) = 0
1219  rt_sigprocmask(SIG_UNBLOCK, [RTMIN RT_1],  <unfinished ...>
1220  rt_sigaction(SIGRT_9, NULL,  <unfinished ...>
1219  <... rt_sigprocmask resumed>NULL, 8) = 0
1220  <... rt_sigaction resumed>{sa_handler=SIG_DFL, sa_mask=[], sa_flags=0}, 8) = 0
1219  mmap(NULL, 8392704, PROT_NONE, MAP_PRIVATE|MAP_ANONYMOUS|MAP_STACK, -1, 0 <unfinished ...>
1220  rt_sigaction(SIGRT_9, {sa_handler=0x4673e0, sa_mask=~[RTMIN RT_1], sa_flags=SA_RESTORER|SA_ONSTACK|SA_RESTART|SA_SIGINFO, sa_restorer=0x7fe677172520},  <unfinished ...>
1219  <... mmap resumed>)               = 0x7fd073f4a000
1220  <... rt_sigaction resumed>NULL, 8) = 0
1219  mprotect(0x7fd073f4b000, 8388608, PROT_READ|PROT_WRITE <unfinished ...>
1220  rt_sigaction(SIGRT_10, NULL,  <unfinished ...>
1219  <... mprotect resumed>)           = 0
1220  <... rt_sigaction resumed>{sa_handler=SIG_DFL, sa_mask=[], sa_flags=0}, 8) = 0
1219  rt_sigprocmask(SIG_BLOCK, ~[],  <unfinished ...>
1220  rt_sigaction(SIGRT_10, {sa_handler=0x4673e0, sa_mask=~[RTMIN RT_1], sa_flags=SA_RESTORER|SA_ONSTACK|SA_RESTART|SA_SIGINFO, sa_restorer=0x7fe677172520},  <unfinished ...>
1219  <... rt_sigprocmask resumed>~[KILL STOP RTMIN RT_1], 8) = 0
1220  <... rt_sigaction resumed>NULL, 8) = 0
1219  clone3({flags=CLONE_VM|CLONE_FS|CLONE_FILES|CLONE_SIGHAND|CLONE_THREAD|CLONE_SYSVSEM|CLONE_SETTLS|CLONE_PARENT_SETTID|CLONE_CHILD_CLEARTID, child_tid=0x7fd07474a910, parent_tid=0x7fd07474a910, exit_signal=0, stack=0x7fd073f4a000, stack_size=0x7fff00, tls=0x7fd07474a640} <unfinished ...>
1220  rt_sigaction(SIGRT_11, NULL,  <unfinished ...>
1219  <... clone3 resumed>, 88)         = -1 ENOSYS (Function not implemented)
1220  <... rt_sigaction resumed>{sa_handler=SIG_DFL, sa_mask=[], sa_flags=0}, 8) = 0
1219  clone(child_stack=0x7fd074749ef0, flags=CLONE_VM|CLONE_FS|CLONE_FILES|CLONE_SIGHAND|CLONE_THREAD|CLONE_SYSVSEM|CLONE_SETTLS|CLONE_PARENT_SETTID|CLONE_CHILD_CLEARTID <unfinished ...>
1220  rt_sigaction(SIGRT_11, {sa_handler=0x4673e0, sa_mask=~[RTMIN RT_1], sa_flags=SA_RESTORER|SA_ONSTACK|SA_RESTART|SA_SIGINFO, sa_restorer=0x7fe677172520},  <unfinished ...>
1222  rseq(0x7fd07474afe0, 0x20, 0, 0x53053053 <unfinished ...>
1220  <... rt_sigaction resumed>NULL, 8) = 0
1222  <... rseq resumed>)               = 0
1219  <... clone resumed>, parent_tid=[1222], tls=0x7fd07474a640, child_tidptr=0x7fd07474a910) = 1222
1222  set_robust_list(0x7fd07474a920, 24 <unfinished ...>
1220  rt_sigaction(SIGRT_12, NULL,  <unfinished ...>
1222  <... set_robust_list resumed>)    = 0
1219  rt_sigprocmask(SIG_SETMASK, ~[KILL STOP RTMIN RT_1],  <unfinished ...>
1222  rt_sigprocmask(SIG_SETMASK, ~[KILL STOP RTMIN RT_1],  <unfinished ...>
1220  <... rt_sigaction resumed>{sa_handler=SIG_DFL, sa_mask=[], sa_flags=0}, 8) = 0
1222  <... rt_sigprocmask resumed>NULL, 8) = 0
1219  <... rt_sigprocmask resumed>NULL, 8) = 0
1222  mmap(NULL, 134217728, PROT_NONE, MAP_PRIVATE|MAP_ANONYMOUS|MAP_NORESERVE, -1, 0 <unfinished ...>
1220  rt_sigaction(SIGRT_12, {sa_handler=0x4673e0, sa_mask=~[RTMIN RT_1], sa_flags=SA_RESTORER|SA_ONSTACK|SA_RESTART|SA_SIGINFO, sa_restorer=0x7fe677172520},  <unfinished ...>
1222  <... mmap resumed>)               = 0x7fd06bf4a000
1219  rt_sigprocmask(SIG_SETMASK, [],  <unfinished ...>
1222  munmap(0x7fd06bf4a000, 745472 <unfinished ...>
1220  <... rt_sigaction resumed>NULL, 8) = 0
1222  <... munmap resumed>)             = 0
1219  <... rt_sigprocmask resumed>NULL, 8) = 0
1222  munmap(0x7fd070000000, 66363392 <unfinished ...>
1220  rt_sigaction(SIGRT_13, NULL,  <unfinished ...>
1222  <... munmap resumed>)             = 0
1219  rt_sigprocmask(SIG_SETMASK, ~[RTMIN RT_1],  <unfinished ...>
1222  mprotect(0x7fd06c000000, 135168, PROT_READ|PROT_WRITE <unfinished ...>
1220  <... rt_sigaction resumed>{sa_handler=SIG_DFL, sa_mask=[], sa_flags=0}, 8) = 0
1222  <... mprotect resumed>)           = 0
1219  <... rt_sigprocmask resumed>[], 8) = 0
1222  sigaltstack(NULL,  <unfinished ...>
1220  rt_sigaction(SIGRT_13, {sa_handler=0x4673e0, sa_mask=~[RTMIN RT_1], sa_flags=SA_RESTORER|SA_ONSTACK|SA_RESTART|SA_SIGINFO, sa_restorer=0x7fe677172520},  <unfinished ...>
1222  <... sigaltstack resumed>{ss_sp=NULL, ss_flags=SS_DISABLE, ss_size=0}) = 0
1219  mmap(NULL, 8392704, PROT_NONE, MAP_PRIVATE|MAP_ANONYMOUS|MAP_STACK, -1, 0 <unfinished ...>
1222  sigaltstack({ss_sp=0xc000066000, ss_flags=0, ss_size=32768},  <unfinished ...>
1220  <... rt_sigaction resumed>NULL, 8) = 0
1222  <... sigaltstack resumed>NULL)    = 0
1219  <... mmap resumed>)               = 0x7fd073749000
1222  rt_sigprocmask(SIG_SETMASK, [],  <unfinished ...>
1220  rt_sigaction(SIGRT_14, NULL,  <unfinished ...>
1222  <... rt_sigprocmask resumed>NULL, 8) = 0
1219  mprotect(0x7fd07374a000, 8388608, PROT_READ|PROT_WRITE <unfinished ...>
1222  gettid( <unfinished ...>
1220  <... rt_sigaction resumed>{sa_handler=SIG_DFL, sa_mask=[], sa_flags=0}, 8) = 0
1222  <... gettid resumed>)             = 1222
1219  <... mprotect resumed>)           = 0
1222  nanosleep({tv_sec=0, tv_nsec=20000},  <unfinished ...>
1220  rt_sigaction(SIGRT_14, {sa_handler=0x4673e0, sa_mask=~[RTMIN RT_1], sa_flags=SA_RESTORER|SA_ONSTACK|SA_RESTART|SA_SIGINFO, sa_restorer=0x7fe677172520},  <unfinished ...>
1222  <... nanosleep resumed>NULL)      = 0
1219  rt_sigprocmask(SIG_BLOCK, ~[],  <unfinished ...>
1222  getpid( <unfinished ...>
1220  <... rt_sigaction resumed>NULL, 8) = 0
1222  <... getpid resumed>)             = 1219
1219  <... rt_sigprocmask resumed>~[KILL STOP RTMIN RT_1], 8) = 0
1222  tgkill(1219, 1219, SIGURG <unfinished ...>
1220  rt_sigaction(SIGRT_15, NULL,  <unfinished ...>
1222  <... tgkill resumed>)             = 0
1219  clone3({flags=CLONE_VM|CLONE_FS|CLONE_FILES|CLONE_SIGHAND|CLONE_THREAD|CLONE_SYSVSEM|CLONE_SETTLS|CLONE_PARENT_SETTID|CLONE_CHILD_CLEARTID, child_tid=0x7fd073f49910, parent_tid=0x7fd073f49910, exit_signal=0, stack=0x7fd073749000, stack_size=0x7fff00, tls=0x7fd073f49640} <unfinished ...>
1222  nanosleep({tv_sec=0, tv_nsec=20000},  <unfinished ...>
1220  <... rt_sigaction resumed>{sa_handler=SIG_DFL, sa_mask=[], sa_flags=0}, 8) = 0
1222  <... nanosleep resumed>NULL)      = 0
1219  <... clone3 resumed>, 88)         = -1 ENOSYS (Function not implemented)
1222  nanosleep({tv_sec=0, tv_nsec=20000},  <unfinished ...>
1220  rt_sigaction(SIGRT_15, {sa_handler=0x4673e0, sa_mask=~[RTMIN RT_1], sa_flags=SA_RESTORER|SA_ONSTACK|SA_RESTART|SA_SIGINFO, sa_restorer=0x7fe677172520},  <unfinished ...>
1222  <... nanosleep resumed>NULL)      = 0
1219  clone(child_stack=0x7fd073f48ef0, flags=CLONE_VM|CLONE_FS|CLONE_FILES|CLONE_SIGHAND|CLONE_THREAD|CLONE_SYSVSEM|CLONE_SETTLS|CLONE_PARENT_SETTID|CLONE_CHILD_CLEARTID <unfinished ...>
1222  nanosleep({tv_sec=0, tv_nsec=20000},  <unfinished ...>
1220  <... rt_sigaction resumed>NULL, 8) = 0
1222  <... nanosleep resumed>NULL)      = 0
1223  rseq(0x7fd073f49fe0, 0x20, 0, 0x53053053 <unfinished ...>
1222  nanosleep({tv_sec=0, tv_nsec=20000},  <unfinished ...>
1220  rt_sigaction(SIGRT_16, NULL,  <unfinished ...>
1223  <... rseq resumed>)               = 0
1222  <... nanosleep resumed>NULL)      = 0
1219  <... clone resumed>, parent_tid=[1223], tls=0x7fd073f49640, child_tidptr=0x7fd073f49910) = 1223
1223  set_robust_list(0x7fd073f49920, 24 <unfinished ...>
1222  nanosleep({tv_sec=0, tv_nsec=20000},  <unfinished ...>
1220  <... rt_sigaction resumed>{sa_handler=SIG_DFL, sa_mask=[], sa_flags=0}, 8) = 0
1223  <... set_robust_list resumed>)    = 0
1222  <... nanosleep resumed>NULL)      = 0
1219  rt_sigprocmask(SIG_SETMASK, ~[KILL STOP RTMIN RT_1],  <unfinished ...>
1223  rt_sigprocmask(SIG_SETMASK, ~[KILL STOP RTMIN RT_1],  <unfinished ...>
1222  nanosleep({tv_sec=0, tv_nsec=20000},  <unfinished ...>
1220  rt_sigaction(SIGRT_16, {sa_handler=0x4673e0, sa_mask=~[RTMIN RT_1], sa_flags=SA_RESTORER|SA_ONSTACK|SA_RESTART|SA_SIGINFO, sa_restorer=0x7fe677172520},  <unfinished ...>
1223  <... rt_sigprocmask resumed>NULL, 8) = 0
1222  <... nanosleep resumed>NULL)      = 0
1219  <... rt_sigprocmask resumed>NULL, 8) = 0
1223  mmap(NULL, 134217728, PROT_NONE, MAP_PRIVATE|MAP_ANONYMOUS|MAP_NORESERVE, -1, 0 <unfinished ...>
1222  nanosleep({tv_sec=0, tv_nsec=20000},  <unfinished ...>
1220  <... rt_sigaction resumed>NULL, 8) = 0
1223  <... mmap resumed>)               = 0x7fd064000000
1222  <... nanosleep resumed>NULL)      = 0
1219  rt_sigprocmask(SIG_SETMASK, [],  <unfinished ...>
1223  munmap(0x7fd068000000, 67108864 <unfinished ...>
1222  nanosleep({tv_sec=0, tv_nsec=20000},  <unfinished ...>
1220  rt_sigaction(SIGRT_17, NULL,  <unfinished ...>
1223  <... munmap resumed>)             = 0
1222  <... nanosleep resumed>NULL)      = 0
1219  <... rt_sigprocmask resumed>NULL, 8) = 0
1223  mprotect(0x7fd064000000, 135168, PROT_READ|PROT_WRITE <unfinished ...>
1222  nanosleep({tv_sec=0, tv_nsec=20000},  <unfinished ...>
1220  <... rt_sigaction resumed>{sa_handler=SIG_DFL, sa_mask=[], sa_flags=0}, 8) = 0
1223  <... mprotect resumed>)           = 0
1222  <... nanosleep resumed>NULL)      = 0
1219  --- SIGURG {si_signo=SIGURG, si_code=SI_TKILL, si_pid=1219, si_uid=0} ---
1223  sigaltstack(NULL,  <unfinished ...>
1222  nanosleep({tv_sec=0, tv_nsec=20000},  <unfinished ...>
1220  rt_sigaction(SIGRT_17, {sa_handler=0x4673e0, sa_mask=~[RTMIN RT_1], sa_flags=SA_RESTORER|SA_ONSTACK|SA_RESTART|SA_SIGINFO, sa_restorer=0x7fe677172520},  <unfinished ...>
1223  <... sigaltstack resumed>{ss_sp=NULL, ss_flags=SS_DISABLE, ss_size=0}) = 0
1222  <... nanosleep resumed>NULL)      = 0
1219  rt_sigreturn({mask=[]} <unfinished ...>
1223  sigaltstack({ss_sp=0xc000070000, ss_flags=0, ss_size=32768},  <unfinished ...>
1222  getpid( <unfinished ...>
1220  <... rt_sigaction resumed>NULL, 8) = 0
1223  <... sigaltstack resumed>NULL)    = 0
1222  <... getpid resumed>)             = 1219
1219  <... rt_sigreturn resumed>)       = 0
1223  rt_sigprocmask(SIG_SETMASK, [],  <unfinished ...>
1222  tgkill(1219, 1219, SIGURG <unfinished ...>
1220  rt_sigaction(SIGRT_18, NULL,  <unfinished ...>
1223  <... rt_sigprocmask resumed>NULL, 8) = 0
1222  <... tgkill resumed>)             = 0
1219  rt_sigprocmask(SIG_SETMASK, ~[RTMIN RT_1],  <unfinished ...>
1223  gettid( <unfinished ...>
1222  nanosleep({tv_sec=0, tv_nsec=20000},  <unfinished ...>
1220  <... rt_sigaction resumed>{sa_handler=SIG_DFL, sa_mask=[], sa_flags=0}, 8) = 0
1223  <... gettid resumed>)             = 1223
1222  <... nanosleep resumed>NULL)      = 0
1219  <... rt_sigprocmask resumed>[], 8) = 0
1223  mmap(NULL, 262144, PROT_READ|PROT_WRITE, MAP_PRIVATE|MAP_ANONYMOUS, -1, 0 <unfinished ...>
1222  nanosleep({tv_sec=0, tv_nsec=20000},  <unfinished ...>
1220  rt_sigaction(SIGRT_18, {sa_handler=0x4673e0, sa_mask=~[RTMIN RT_1], sa_flags=SA_RESTORER|SA_ONSTACK|SA_RESTART|SA_SIGINFO, sa_restorer=0x7fe677172520},  <unfinished ...>
1223  <... mmap resumed>)               = 0x7fd073709000
1222  <... nanosleep resumed>NULL)      = 0
1219  mmap(NULL, 8392704, PROT_NONE, MAP_PRIVATE|MAP_ANONYMOUS|MAP_STACK, -1, 0 <unfinished ...>
1223  rt_sigprocmask(SIG_SETMASK, ~[RTMIN RT_1],  <unfinished ...>
1222  nanosleep({tv_sec=0, tv_nsec=20000},  <unfinished ...>
1220  <... rt_sigaction resumed>NULL, 8) = 0
1223  <... rt_sigprocmask resumed>[], 8) = 0
1222  <... nanosleep resumed>NULL)      = 0
1219  <... mmap resumed>)               = 0x7fd072f08000
1223  mmap(NULL, 8392704, PROT_NONE, MAP_PRIVATE|MAP_ANONYMOUS|MAP_STACK, -1, 0 <unfinished ...>
1222  nanosleep({tv_sec=0, tv_nsec=20000},  <unfinished ...>
1220  rt_sigaction(SIGRT_19, NULL,  <unfinished ...>
1223  <... mmap resumed>)               = 0x7fd072707000
1222  <... nanosleep resumed>NULL)      = 0
1219  mprotect(0x7fd072f09000, 8388608, PROT_READ|PROT_WRITE <unfinished ...>
1223  mprotect(0x7fd072708000, 8388608, PROT_READ|PROT_WRITE <unfinished ...>
1222  nanosleep({tv_sec=0, tv_nsec=20000},  <unfinished ...>
1220  <... rt_sigaction resumed>{sa_handler=SIG_DFL, sa_mask=[], sa_flags=0}, 8) = 0
1223  <... mprotect resumed>)           = 0
1222  <... nanosleep resumed>NULL)      = 0
1219  <... mprotect resumed>)           = 0
1223  rt_sigprocmask(SIG_BLOCK, ~[],  <unfinished ...>
1222  nanosleep({tv_sec=0, tv_nsec=20000},  <unfinished ...>
1220  rt_sigaction(SIGRT_19, {sa_handler=0x4673e0, sa_mask=~[RTMIN RT_1], sa_flags=SA_RESTORER|SA_ONSTACK|SA_RESTART|SA_SIGINFO, sa_restorer=0x7fe677172520},  <unfinished ...>
1223  <... rt_sigprocmask resumed>~[KILL STOP RTMIN RT_1], 8) = 0
1222  <... nanosleep resumed>NULL)      = 0
1219  rt_sigprocmask(SIG_BLOCK, ~[],  <unfinished ...>
1223  clone3({flags=CLONE_VM|CLONE_FS|CLONE_FILES|CLONE_SIGHAND|CLONE_THREAD|CLONE_SYSVSEM|CLONE_SETTLS|CLONE_PARENT_SETTID|CLONE_CHILD_CLEARTID, child_tid=0x7fd072f07910, parent_tid=0x7fd072f07910, exit_signal=0, stack=0x7fd072707000, stack_size=0x7fff00, tls=0x7fd072f07640} <unfinished ...>
1222  nanosleep({tv_sec=0, tv_nsec=20000},  <unfinished ...>
1220  <... rt_sigaction resumed>NULL, 8) = 0
1223  <... clone3 resumed>, 88)         = -1 ENOSYS (Function not implemented)
1222  <... nanosleep resumed>NULL)      = 0
1219  <... rt_sigprocmask resumed>~[KILL STOP RTMIN RT_1], 8) = 0
1223  clone(child_stack=0x7fd072f06ef0, flags=CLONE_VM|CLONE_FS|CLONE_FILES|CLONE_SIGHAND|CLONE_THREAD|CLONE_SYSVSEM|CLONE_SETTLS|CLONE_PARENT_SETTID|CLONE_CHILD_CLEARTID <unfinished ...>
1222  nanosleep({tv_sec=0, tv_nsec=20000},  <unfinished ...>
1220  rt_sigaction(SIGRT_20, NULL,  <unfinished ...>
1222  <... nanosleep resumed>NULL)      = 0
1219  clone3({flags=CLONE_VM|CLONE_FS|CLONE_FILES|CLONE_SIGHAND|CLONE_THREAD|CLONE_SYSVSEM|CLONE_SETTLS|CLONE_PARENT_SETTID|CLONE_CHILD_CLEARTID, child_tid=0x7fd073708910, parent_tid=0x7fd073708910, exit_signal=0, stack=0x7fd072f08000, stack_size=0x7fff00, tls=0x7fd073708640} <unfinished ...>
1224  rseq(0x7fd072f07fe0, 0x20, 0, 0x53053053 <unfinished ...>
1223  <... clone resumed>, parent_tid=[1224], tls=0x7fd072f07640, child_tidptr=0x7fd072f07910) = 1224
1222  nanosleep({tv_sec=0, tv_nsec=20000},  <unfinished ...>
1220  <... rt_sigaction resumed>{sa_handler=SIG_DFL, sa_mask=[], sa_flags=0}, 8) = 0
1224  <... rseq resumed>)               = 0
1223  rt_sigprocmask(SIG_SETMASK, ~[KILL STOP RTMIN RT_1],  <unfinished ...>
1222  <... nanosleep resumed>NULL)      = 0
1219  <... clone3 resumed>, 88)         = -1 ENOSYS (Function not implemented)
1224  set_robust_list(0x7fd072f07920, 24 <unfinished ...>
1223  <... rt_sigprocmask resumed>NULL, 8) = 0
1222  nanosleep({tv_sec=0, tv_nsec=20000},  <unfinished ...>
1220  rt_sigaction(SIGRT_20, {sa_handler=0x4673e0, sa_mask=~[RTMIN RT_1], sa_flags=SA_RESTORER|SA_ONSTACK|SA_RESTART|SA_SIGINFO, sa_restorer=0x7fe677172520},  <unfinished ...>
1224  <... set_robust_list resumed>)    = 0
1223  rt_sigprocmask(SIG_SETMASK, [],  <unfinished ...>
1222  <... nanosleep resumed>NULL)      = 0
1219  clone(child_stack=0x7fd073707ef0, flags=CLONE_VM|CLONE_FS|CLONE_FILES|CLONE_SIGHAND|CLONE_THREAD|CLONE_SYSVSEM|CLONE_SETTLS|CLONE_PARENT_SETTID|CLONE_CHILD_CLEARTID <unfinished ...>
1224  rt_sigprocmask(SIG_SETMASK, ~[KILL STOP RTMIN RT_1],  <unfinished ...>
1223  <... rt_sigprocmask resumed>NULL, 8) = 0
1222  nanosleep({tv_sec=0, tv_nsec=20000},  <unfinished ...>
1220  <... rt_sigaction resumed>NULL, 8) = 0
1224  <... rt_sigprocmask resumed>NULL, 8) = 0
1223  futex(0xdc4fc8, FUTEX_WAKE_PRIVATE, 1 <unfinished ...>
1222  <... nanosleep resumed>NULL)      = 0
1225  rseq(0x7fd073708fe0, 0x20, 0, 0x53053053 <unfinished ...>
1224  mmap(0x7fd068000000, 67108864, PROT_NONE, MAP_PRIVATE|MAP_ANONYMOUS|MAP_NORESERVE, -1, 0 <unfinished ...>
1223  <... futex resumed>)              = 0
1222  nanosleep({tv_sec=0, tv_nsec=20000},  <unfinished ...>
1220  rt_sigaction(SIGRT_21, NULL,  <unfinished ...>
1225  <... rseq resumed>)               = 0
1224  <... mmap resumed>)               = 0x7fd068000000
1223  futex(0xc000052948, FUTEX_WAIT_PRIVATE, 0, NULL <unfinished ...>
1222  <... nanosleep resumed>NULL)      = 0
1219  <... clone resumed>, parent_tid=[1225], tls=0x7fd073708640, child_tidptr=0x7fd073708910) = 1225
1225  set_robust_list(0x7fd073708920, 24 <unfinished ...>
1224  mprotect(0x7fd068000000, 135168, PROT_READ|PROT_WRITE <unfinished ...>
1222  nanosleep({tv_sec=0, tv_nsec=20000},  <unfinished ...>
1220  <... rt_sigaction resumed>{sa_handler=SIG_DFL, sa_mask=[], sa_flags=0}, 8) = 0
1225  <... set_robust_list resumed>)    = 0
1224  <... mprotect resumed>)           = 0
1222  <... nanosleep resumed>NULL)      = 0
1219  rt_sigprocmask(SIG_SETMASK, ~[KILL STOP RTMIN RT_1],  <unfinished ...>
1225  rt_sigprocmask(SIG_SETMASK, ~[KILL STOP RTMIN RT_1],  <unfinished ...>
1224  sigaltstack(NULL,  <unfinished ...>
1222  nanosleep({tv_sec=0, tv_nsec=20000},  <unfinished ...>
1220  rt_sigaction(SIGRT_21, {sa_handler=0x4673e0, sa_mask=~[RTMIN RT_1], sa_flags=SA_RESTORER|SA_ONSTACK|SA_RESTART|SA_SIGINFO, sa_restorer=0x7fe677172520},  <unfinished ...>
1225  <... rt_sigprocmask resumed>NULL, 8) = 0
1224  <... sigaltstack resumed>{ss_sp=NULL, ss_flags=SS_DISABLE, ss_size=0}) = 0
1222  <... nanosleep resumed>NULL)      = 0
1219  <... rt_sigprocmask resumed>NULL, 8) = 0
1225  mmap(NULL, 134217728, PROT_NONE, MAP_PRIVATE|MAP_ANONYMOUS|MAP_NORESERVE, -1, 0 <unfinished ...>
1224  sigaltstack({ss_sp=0xc000084000, ss_flags=0, ss_size=32768},  <unfinished ...>
1222  nanosleep({tv_sec=0, tv_nsec=20000},  <unfinished ...>
1220  <... rt_sigaction resumed>NULL, 8) = 0
1225  <... mmap resumed>)               = 0x7fd05c000000
1224  <... sigaltstack resumed>NULL)    = 0
1222  <... nanosleep resumed>NULL)      = 0
1219  rt_sigprocmask(SIG_SETMASK, [],  <unfinished ...>
1225  munmap(0x7fd060000000, 67108864 <unfinished ...>
1224  rt_sigprocmask(SIG_SETMASK, [],  <unfinished ...>
1222  nanosleep({tv_sec=0, tv_nsec=20000},  <unfinished ...>
1220  rt_sigaction(SIGRT_22, NULL,  <unfinished ...>
1225  <... munmap resumed>)             = 0
1224  <... rt_sigprocmask resumed>NULL, 8) = 0
1222  <... nanosleep resumed>NULL)      = 0
1219  <... rt_sigprocmask resumed>NULL, 8) = 0
1225  mprotect(0x7fd05c000000, 135168, PROT_READ|PROT_WRITE <unfinished ...>
1224  gettid( <unfinished ...>
1222  nanosleep({tv_sec=0, tv_nsec=20000},  <unfinished ...>
1220  <... rt_sigaction resumed>{sa_handler=SIG_DFL, sa_mask=[], sa_flags=0}, 8) = 0
1225  <... mprotect resumed>)           = 0
1224  <... gettid resumed>)             = 1224
1222  <... nanosleep resumed>NULL)      = 0
1219  --- SIGURG {si_signo=SIGURG, si_code=SI_TKILL, si_pid=1219, si_uid=0} ---
1225  sigaltstack(NULL,  <unfinished ...>
1224  futex(0xc000052948, FUTEX_WAKE_PRIVATE, 1 <unfinished ...>
1222  nanosleep({tv_sec=0, tv_nsec=20000},  <unfinished ...>
1220  rt_sigaction(SIGRT_22, {sa_handler=0x4673e0, sa_mask=~[RTMIN RT_1], sa_flags=SA_RESTORER|SA_ONSTACK|SA_RESTART|SA_SIGINFO, sa_restorer=0x7fe677172520},  <unfinished ...>
1225  <... sigaltstack resumed>{ss_sp=NULL, ss_flags=SS_DISABLE, ss_size=0}) = 0
1224  <... futex resumed>)              = 1
1223  <... futex resumed>)              = 0
1222  <... nanosleep resumed>NULL)      = 0
1219  rt_sigreturn({mask=[]} <unfinished ...>
1225  sigaltstack({ss_sp=0xc000078000, ss_flags=0, ss_size=32768},  <unfinished ...>
1224  futex(0xc000080148, FUTEX_WAIT_PRIVATE, 0, NULL <unfinished ...>
1223  futex(0xc000052948, FUTEX_WAIT_PRIVATE, 0, NULL <unfinished ...>
1222  nanosleep({tv_sec=0, tv_nsec=20000},  <unfinished ...>
1220  <... rt_sigaction resumed>NULL, 8) = 0
1225  <... sigaltstack resumed>NULL)    = 0
1222  <... nanosleep resumed>NULL)      = 0
1219  <... rt_sigreturn resumed>)       = 0
1225  rt_sigprocmask(SIG_SETMASK, [],  <unfinished ...>
1222  nanosleep({tv_sec=0, tv_nsec=20000},  <unfinished ...>
1220  rt_sigaction(SIGRT_23, NULL,  <unfinished ...>
1225  <... rt_sigprocmask resumed>NULL, 8) = 0
1222  <... nanosleep resumed>NULL)      = 0
1219  futex(0xc000052948, FUTEX_WAKE_PRIVATE, 1 <unfinished ...>
1225  gettid( <unfinished ...>
1222  nanosleep({tv_sec=0, tv_nsec=20000},  <unfinished ...>
1220  <... rt_sigaction resumed>{sa_handler=SIG_DFL, sa_mask=[], sa_flags=0}, 8) = 0
1225  <... gettid resumed>)             = 1225
1223  <... futex resumed>)              = 0
1222  <... nanosleep resumed>NULL)      = 0
1219  <... futex resumed>)              = 1
1225  nanosleep({tv_sec=0, tv_nsec=3000},  <unfinished ...>
1223  nanosleep({tv_sec=0, tv_nsec=3000},  <unfinished ...>
1222  nanosleep({tv_sec=0, tv_nsec=20000},  <unfinished ...>
1220  rt_sigaction(SIGRT_23, {sa_handler=0x4673e0, sa_mask=~[RTMIN RT_1], sa_flags=SA_RESTORER|SA_ONSTACK|SA_RESTART|SA_SIGINFO, sa_restorer=0x7fe677172520},  <unfinished ...>
1225  <... nanosleep resumed>NULL)      = 0
1223  <... nanosleep resumed>NULL)      = 0
1222  <... nanosleep resumed>NULL)      = 0
1219  futex(0xc000080148, FUTEX_WAKE_PRIVATE, 1 <unfinished ...>
1225  futex(0xdc4fc8, FUTEX_WAKE_PRIVATE, 1 <unfinished ...>
1223  rt_sigprocmask(SIG_SETMASK, ~[RTMIN RT_1],  <unfinished ...>
1222  nanosleep({tv_sec=0, tv_nsec=20000},  <unfinished ...>
1220  <... rt_sigaction resumed>NULL, 8) = 0
1225  <... futex resumed>)              = 0
1224  <... futex resumed>)              = 0
1223  <... rt_sigprocmask resumed>[], 8) = 0
1222  <... nanosleep resumed>NULL)      = 0
1219  <... futex resumed>)              = 1
1225  futex(0xc000052d48, FUTEX_WAIT_PRIVATE, 0, NULL <unfinished ...>
1224  futex(0xc000080148, FUTEX_WAIT_PRIVATE, 0, NULL <unfinished ...>
1223  mmap(NULL, 8392704, PROT_NONE, MAP_PRIVATE|MAP_ANONYMOUS|MAP_STACK, -1, 0 <unfinished ...>
1222  nanosleep({tv_sec=0, tv_nsec=20000},  <unfinished ...>
1220  rt_sigaction(SIGRT_24, NULL,  <unfinished ...>
1223  <... mmap resumed>)               = 0x7fd071f06000
1222  <... nanosleep resumed>NULL)      = 0
1219  futex(0xdc4fc8, FUTEX_WAIT_PRIVATE, 0, NULL <unfinished ...>
1223  mprotect(0x7fd071f07000, 8388608, PROT_READ|PROT_WRITE <unfinished ...>
1222  nanosleep({tv_sec=0, tv_nsec=20000},  <unfinished ...>
1220  <... rt_sigaction resumed>{sa_handler=SIG_DFL, sa_mask=[], sa_flags=0}, 8) = 0
1223  <... mprotect resumed>)           = 0
1222  <... nanosleep resumed>NULL)      = 0
1223  rt_sigprocmask(SIG_BLOCK, ~[],  <unfinished ...>
1220  rt_sigaction(SIGRT_24, {sa_handler=0x4673e0, sa_mask=~[RTMIN RT_1], sa_flags=SA_RESTORER|SA_ONSTACK|SA_RESTART|SA_SIGINFO, sa_restorer=0x7fe677172520},  <unfinished ...>
1223  <... rt_sigprocmask resumed>~[KILL STOP RTMIN RT_1], 8) = 0
1222  nanosleep({tv_sec=0, tv_nsec=20000},  <unfinished ...>
1223  clone3({flags=CLONE_VM|CLONE_FS|CLONE_FILES|CLONE_SIGHAND|CLONE_THREAD|CLONE_SYSVSEM|CLONE_SETTLS|CLONE_PARENT_SETTID|CLONE_CHILD_CLEARTID, child_tid=0x7fd072706910, parent_tid=0x7fd072706910, exit_signal=0, stack=0x7fd071f06000, stack_size=0x7fff00, tls=0x7fd072706640} <unfinished ...>
1220  <... rt_sigaction resumed>NULL, 8) = 0
1223  <... clone3 resumed>, 88)         = -1 ENOSYS (Function not implemented)
1222  <... nanosleep resumed>NULL)      = 0
1223  clone(child_stack=0x7fd072705ef0, flags=CLONE_VM|CLONE_FS|CLONE_FILES|CLONE_SIGHAND|CLONE_THREAD|CLONE_SYSVSEM|CLONE_SETTLS|CLONE_PARENT_SETTID|CLONE_CHILD_CLEARTID <unfinished ...>
1220  rt_sigaction(SIGRT_25, NULL,  <unfinished ...>
1222  nanosleep({tv_sec=0, tv_nsec=20000},  <unfinished ...>
1226  rseq(0x7fd072706fe0, 0x20, 0, 0x53053053 <unfinished ...>
1223  <... clone resumed>, parent_tid=[1226], tls=0x7fd072706640, child_tidptr=0x7fd072706910) = 1226
1220  <... rt_sigaction resumed>{sa_handler=SIG_DFL, sa_mask=[], sa_flags=0}, 8) = 0
1226  <... rseq resumed>)               = 0
1223  rt_sigprocmask(SIG_SETMASK, ~[KILL STOP RTMIN RT_1],  <unfinished ...>
1222  <... nanosleep resumed>NULL)      = 0
1226  set_robust_list(0x7fd072706920, 24 <unfinished ...>
1223  <... rt_sigprocmask resumed>NULL, 8) = 0
1220  rt_sigaction(SIGRT_25, {sa_handler=0x4673e0, sa_mask=~[RTMIN RT_1], sa_flags=SA_RESTORER|SA_ONSTACK|SA_RESTART|SA_SIGINFO, sa_restorer=0x7fe677172520},  <unfinished ...>
1226  <... set_robust_list resumed>)    = 0
1223  rt_sigprocmask(SIG_SETMASK, [],  <unfinished ...>
1222  nanosleep({tv_sec=0, tv_nsec=20000},  <unfinished ...>
1226  rt_sigprocmask(SIG_SETMASK, ~[KILL STOP RTMIN RT_1],  <unfinished ...>
1223  <... rt_sigprocmask resumed>NULL, 8) = 0
1220  <... rt_sigaction resumed>NULL, 8) = 0
1226  <... rt_sigprocmask resumed>NULL, 8) = 0
1223  futex(0xdc4fc8, FUTEX_WAKE_PRIVATE, 1 <unfinished ...>
1222  <... nanosleep resumed>NULL)      = 0
1226  mmap(0x7fd060000000, 67108864, PROT_NONE, MAP_PRIVATE|MAP_ANONYMOUS|MAP_NORESERVE, -1, 0 <unfinished ...>
1223  <... futex resumed>)              = 1
1220  rt_sigaction(SIGRT_26, NULL,  <unfinished ...>
1219  <... futex resumed>)              = 0
1226  <... mmap resumed>)               = 0x7fd060000000
1223  futex(0xc000052948, FUTEX_WAIT_PRIVATE, 0, NULL <unfinished ...>
1222  nanosleep({tv_sec=0, tv_nsec=20000},  <unfinished ...>
1220  <... rt_sigaction resumed>{sa_handler=SIG_DFL, sa_mask=[], sa_flags=0}, 8) = 0
1226  mprotect(0x7fd060000000, 135168, PROT_READ|PROT_WRITE <unfinished ...>
1222  <... nanosleep resumed>NULL)      = 0
1219  rt_sigprocmask(SIG_SETMASK, ~[RTMIN RT_1],  <unfinished ...>
1226  <... mprotect resumed>)           = 0
1222  nanosleep({tv_sec=0, tv_nsec=20000},  <unfinished ...>
1220  rt_sigaction(SIGRT_26, {sa_handler=0x4673e0, sa_mask=~[RTMIN RT_1], sa_flags=SA_RESTORER|SA_ONSTACK|SA_RESTART|SA_SIGINFO, sa_restorer=0x7fe677172520},  <unfinished ...>
1226  sigaltstack(NULL,  <unfinished ...>
1222  <... nanosleep resumed>NULL)      = 0
1219  <... rt_sigprocmask resumed>[], 8) = 0
1226  <... sigaltstack resumed>{ss_sp=NULL, ss_flags=SS_DISABLE, ss_size=0}) = 0
1222  nanosleep({tv_sec=0, tv_nsec=20000},  <unfinished ...>
1220  <... rt_sigaction resumed>NULL, 8) = 0
1226  sigaltstack({ss_sp=0xc000104000, ss_flags=0, ss_size=32768},  <unfinished ...>
1222  <... nanosleep resumed>NULL)      = 0
1219  mmap(NULL, 8392704, PROT_NONE, MAP_PRIVATE|MAP_ANONYMOUS|MAP_STACK, -1, 0 <unfinished ...>
1226  <... sigaltstack resumed>NULL)    = 0
1222  nanosleep({tv_sec=0, tv_nsec=20000},  <unfinished ...>
1220  rt_sigaction(SIGRT_27, NULL,  <unfinished ...>
1226  rt_sigprocmask(SIG_SETMASK, [],  <unfinished ...>
1222  <... nanosleep resumed>NULL)      = 0
1219  <... mmap resumed>)               = 0x7fd071705000
1226  <... rt_sigprocmask resumed>NULL, 8) = 0
1222  nanosleep({tv_sec=0, tv_nsec=20000},  <unfinished ...>
1220  <... rt_sigaction resumed>{sa_handler=SIG_DFL, sa_mask=[], sa_flags=0}, 8) = 0
1226  gettid( <unfinished ...>
1222  <... nanosleep resumed>NULL)      = 0
1219  mprotect(0x7fd071706000, 8388608, PROT_READ|PROT_WRITE <unfinished ...>
1226  <... gettid resumed>)             = 1226
1222  nanosleep({tv_sec=0, tv_nsec=20000},  <unfinished ...>
1220  rt_sigaction(SIGRT_27, {sa_handler=0x4673e0, sa_mask=~[RTMIN RT_1], sa_flags=SA_RESTORER|SA_ONSTACK|SA_RESTART|SA_SIGINFO, sa_restorer=0x7fe677172520},  <unfinished ...>
1226  futex(0xc000100148, FUTEX_WAIT_PRIVATE, 0, NULL <unfinished ...>
1222  <... nanosleep resumed>NULL)      = 0
1219  <... mprotect resumed>)           = 0
1222  nanosleep({tv_sec=0, tv_nsec=20000},  <unfinished ...>
1220  <... rt_sigaction resumed>NULL, 8) = 0
1222  <... nanosleep resumed>NULL)      = 0
1219  rt_sigprocmask(SIG_BLOCK, ~[],  <unfinished ...>
1222  nanosleep({tv_sec=0, tv_nsec=20000},  <unfinished ...>
1220  rt_sigaction(SIGRT_28, NULL,  <unfinished ...>
1222  <... nanosleep resumed>NULL)      = 0
1219  <... rt_sigprocmask resumed>~[KILL STOP RTMIN RT_1], 8) = 0
1222  nanosleep({tv_sec=0, tv_nsec=20000},  <unfinished ...>
1220  <... rt_sigaction resumed>{sa_handler=SIG_DFL, sa_mask=[], sa_flags=0}, 8) = 0
1222  <... nanosleep resumed>NULL)      = 0
1219  clone3({flags=CLONE_VM|CLONE_FS|CLONE_FILES|CLONE_SIGHAND|CLONE_THREAD|CLONE_SYSVSEM|CLONE_SETTLS|CLONE_PARENT_SETTID|CLONE_CHILD_CLEARTID, child_tid=0x7fd071f05910, parent_tid=0x7fd071f05910, exit_signal=0, stack=0x7fd071705000, stack_size=0x7fff00, tls=0x7fd071f05640} <unfinished ...>
1222  getpid( <unfinished ...>
1220  rt_sigaction(SIGRT_28, {sa_handler=0x4673e0, sa_mask=~[RTMIN RT_1], sa_flags=SA_RESTORER|SA_ONSTACK|SA_RESTART|SA_SIGINFO, sa_restorer=0x7fe677172520},  <unfinished ...>
1222  <... getpid resumed>)             = 1219
1219  <... clone3 resumed>, 88)         = -1 ENOSYS (Function not implemented)
1222  tgkill(1219, 1219, SIGURG <unfinished ...>
1220  <... rt_sigaction resumed>NULL, 8) = 0
1222  <... tgkill resumed>)             = 0
1219  clone(child_stack=0x7fd071f04ef0, flags=CLONE_VM|CLONE_FS|CLONE_FILES|CLONE_SIGHAND|CLONE_THREAD|CLONE_SYSVSEM|CLONE_SETTLS|CLONE_PARENT_SETTID|CLONE_CHILD_CLEARTID <unfinished ...>
1222  nanosleep({tv_sec=0, tv_nsec=20000},  <unfinished ...>
1220  rt_sigaction(SIGRT_29, NULL,  <unfinished ...>
1222  <... nanosleep resumed>NULL)      = 0
1227  rseq(0x7fd071f05fe0, 0x20, 0, 0x53053053 <unfinished ...>
1222  nanosleep({tv_sec=0, tv_nsec=20000},  <unfinished ...>
1220  <... rt_sigaction resumed>{sa_handler=SIG_DFL, sa_mask=[], sa_flags=0}, 8) = 0
1227  <... rseq resumed>)               = 0
1222  <... nanosleep resumed>NULL)      = 0
1219  <... clone resumed>, parent_tid=[1227], tls=0x7fd071f05640, child_tidptr=0x7fd071f05910) = 1227
1227  set_robust_list(0x7fd071f05920, 24 <unfinished ...>
