1296  nanosleep({tv_sec=0, tv_nsec=1280000},  <unfinished ...>
1297  <... futex resumed>)              = 1
1291  <... futex resumed>)              = 0
1297  futex(0xc000042548, FUTEX_WAIT_PRIVATE, 0, NULL <unfinished ...>
1291  futex(0xc000042548, FUTEX_WAKE_PRIVATE, 1 <unfinished ...>
1297  <... futex resumed>)              = -1 EAGAIN (Resource temporarily unavailable)
1296  <... nanosleep resumed>NULL)      = 0
1291  <... futex resumed>)              = 0
1297  nanosleep({tv_sec=0, tv_nsec=3000},  <unfinished ...>
1296  nanosleep({tv_sec=0, tv_nsec=2560000},  <unfinished ...>
1297  <... nanosleep resumed>NULL)      = 0
1291  futex(0xc000080148, FUTEX_WAKE_PRIVATE, 1 <unfinished ...>
1297  futex(0xc000042948, FUTEX_WAKE_PRIVATE, 1 <unfinished ...>
1299  <... futex resumed>)              = 0
1291  <... futex resumed>)              = 1
1299  futex(0xc000080148, FUTEX_WAIT_PRIVATE, 0, NULL <unfinished ...>
1298  <... futex resumed>)              = 0
1297  <... futex resumed>)              = 1
1296  <... nanosleep resumed>NULL)      = 0
1298  futex(0xc000042948, FUTEX_WAIT_PRIVATE, 0, NULL <unfinished ...>
1297  futex(0xc000042948, FUTEX_WAKE_PRIVATE, 1 <unfinished ...>
1291  futex(0x705608, FUTEX_WAIT_PRIVATE, 0, NULL <unfinished ...>
1298  <... futex resumed>)              = -1 EAGAIN (Resource temporarily unavailable)
1297  <... futex resumed>)              = 0
1296  nanosleep({tv_sec=0, tv_nsec=5120000},  <unfinished ...>
1298  nanosleep({tv_sec=0, tv_nsec=3000},  <unfinished ...>
1297  futex(0x705608, FUTEX_WAKE_PRIVATE, 1 <unfinished ...>
1298  <... nanosleep resumed>NULL)      = 0
1297  <... futex resumed>)              = 1
1291  <... futex resumed>)              = 0
1298  futex(0xc000042948, FUTEX_WAIT_PRIVATE, 0, NULL <unfinished ...>
1297  futex(0xc000042548, FUTEX_WAIT_PRIVATE, 0, NULL <unfinished ...>
1291  futex(0xc000042548, FUTEX_WAKE_PRIVATE, 1 <unfinished ...>
1297  <... futex resumed>)              = -1 EAGAIN (Resource temporarily unavailable)
1291  <... futex resumed>)              = 0
1297  nanosleep({tv_sec=0, tv_nsec=3000},  <unfinished ...>
1291  futex(0xc000042948, FUTEX_WAKE_PRIVATE, 1 <unfinished ...>
1297  <... nanosleep resumed>NULL)      = 0
1298  <... futex resumed>)              = 0
1291  <... futex resumed>)              = 1
1298  futex(0xc000042948, FUTEX_WAIT_PRIVATE, 0, NULL <unfinished ...>
1297  futex(0xc000080148, FUTEX_WAKE_PRIVATE, 1 <unfinished ...>
1291  futex(0x705608, FUTEX_WAIT_PRIVATE, 0, NULL <unfinished ...>
1299  <... futex resumed>)              = 0
1297  <... futex resumed>)              = 1
1299  futex(0xc000080148, FUTEX_WAIT_PRIVATE, 0, NULL <unfinished ...>
1296  <... nanosleep resumed>NULL)      = 0
1299  <... futex resumed>)              = -1 EAGAIN (Resource temporarily unavailable)
1297  futex(0xc000080148, FUTEX_WAKE_PRIVATE, 1 <unfinished ...>
1299  nanosleep({tv_sec=0, tv_nsec=3000},  <unfinished ...>
1296  nanosleep({tv_sec=0, tv_nsec=10000000},  <unfinished ...>
1299  <... nanosleep resumed>NULL)      = 0
1297  <... futex resumed>)              = 0
1299  futex(0xc000042948, FUTEX_WAKE_PRIVATE, 1 <unfinished ...>
1297  futex(0xc000042548, FUTEX_WAIT_PRIVATE, 0, NULL <unfinished ...>
1299  <... futex resumed>)              = 1
1298  <... futex resumed>)              = 0
1299  futex(0x705608, FUTEX_WAKE_PRIVATE, 1 <unfinished ...>
1298  futex(0xc000042948, FUTEX_WAIT_PRIVATE, 0, NULL <unfinished ...>
1299  <... futex resumed>)              = 1
1291  <... futex resumed>)              = 0
1299  futex(0xc000080148, FUTEX_WAIT_PRIVATE, 0, NULL <unfinished ...>
1291  futex(0xc000080148, FUTEX_WAKE_PRIVATE, 1 <unfinished ...>
1299  <... futex resumed>)              = -1 EAGAIN (Resource temporarily unavailable)
1291  <... futex resumed>)              = 0
1299  nanosleep({tv_sec=0, tv_nsec=3000},  <unfinished ...>
1291  futex(0xc000042948, FUTEX_WAKE_PRIVATE, 1 <unfinished ...>
1299  <... nanosleep resumed>NULL)      = 0
1298  <... futex resumed>)              = 0
1291  <... futex resumed>)              = 1
1299  futex(0xc000042548, FUTEX_WAKE_PRIVATE, 1 <unfinished ...>
1298  futex(0xc000042948, FUTEX_WAIT_PRIVATE, 0, NULL <unfinished ...>
1299  <... futex resumed>)              = 1
1297  <... futex resumed>)              = 0
1291  futex(0x705608, FUTEX_WAIT_PRIVATE, 0, NULL <unfinished ...>
1299  futex(0x705608, FUTEX_WAKE_PRIVATE, 1 <unfinished ...>
1297  futex(0xc000042548, FUTEX_WAIT_PRIVATE, 0, NULL <unfinished ...>
1299  <... futex resumed>)              = 0
1296  <... nanosleep resumed>NULL)      = 0
1291  <... futex resumed>)              = -1 EAGAIN (Resource temporarily unavailable)
1299  futex(0xc000080148, FUTEX_WAIT_PRIVATE, 0, NULL <unfinished ...>
1296  nanosleep({tv_sec=0, tv_nsec=10000000},  <unfinished ...>
1299  <... futex resumed>)              = -1 EAGAIN (Resource temporarily unavailable)
1291  futex(0xc000080148, FUTEX_WAKE_PRIVATE, 1 <unfinished ...>
1299  nanosleep({tv_sec=0, tv_nsec=3000},  <unfinished ...>
1291  <... futex resumed>)              = 0
1299  <... nanosleep resumed>NULL)      = 0
1291  futex(0xc000042548, FUTEX_WAKE_PRIVATE, 1 <unfinished ...>
1299  futex(0xc000042948, FUTEX_WAKE_PRIVATE, 1 <unfinished ...>
1297  <... futex resumed>)              = 0
1291  <... futex resumed>)              = 1
1299  <... futex resumed>)              = 1
1298  <... futex resumed>)              = 0
1297  futex(0xc000042548, FUTEX_WAIT_PRIVATE, 0, NULL <unfinished ...>
1299  futex(0x705608, FUTEX_WAKE_PRIVATE, 1 <unfinished ...>
1298  futex(0xc000042948, FUTEX_WAIT_PRIVATE, 0, NULL <unfinished ...>
1291  futex(0x705608, FUTEX_WAIT_PRIVATE, 0, NULL <unfinished ...>
1299  <... futex resumed>)              = 0
1291  <... futex resumed>)              = -1 EAGAIN (Resource temporarily unavailable)
1299  futex(0xc000080148, FUTEX_WAIT_PRIVATE, 0, NULL <unfinished ...>
1291  futex(0xc000080148, FUTEX_WAKE_PRIVATE, 1 <unfinished ...>
1299  <... futex resumed>)              = -1 EAGAIN (Resource temporarily unavailable)
1291  <... futex resumed>)              = 0
1299  nanosleep({tv_sec=0, tv_nsec=3000},  <unfinished ...>
1291  futex(0xc000042948, FUTEX_WAKE_PRIVATE, 1 <unfinished ...>
1299  <... nanosleep resumed>NULL)      = 0
1299  futex(0xc000042548, FUTEX_WAKE_PRIVATE, 1 <unfinished ...>
1298  <... futex resumed>)              = 0
1296  <... nanosleep resumed>NULL)      = 0
1291  <... futex resumed>)              = 1
1299  <... futex resumed>)              = 1
1298  futex(0xc000042948, FUTEX_WAIT_PRIVATE, 0, NULL <unfinished ...>
1297  <... futex resumed>)              = 0
1296  nanosleep({tv_sec=0, tv_nsec=10000000},  <unfinished ...>
1299  futex(0x705608, FUTEX_WAKE_PRIVATE, 1 <unfinished ...>
1297  futex(0xc000042548, FUTEX_WAIT_PRIVATE, 0, NULL <unfinished ...>
1291  futex(0x705608, FUTEX_WAIT_PRIVATE, 0, NULL <unfinished ...>
1299  <... futex resumed>)              = 0
1291  <... futex resumed>)              = -1 EAGAIN (Resource temporarily unavailable)
1299  futex(0xc000080148, FUTEX_WAIT_PRIVATE, 0, NULL <unfinished ...>
1291  futex(0xc000080148, FUTEX_WAKE_PRIVATE, 1 <unfinished ...>
1299  <... futex resumed>)              = -1 EAGAIN (Resource temporarily unavailable)
1291  <... futex resumed>)              = 0
1299  nanosleep({tv_sec=0, tv_nsec=3000},  <unfinished ...>
1291  futex(0xc000042548, FUTEX_WAKE_PRIVATE, 1 <unfinished ...>
1299  <... nanosleep resumed>NULL)      = 0
1297  <... futex resumed>)              = 0
1291  <... futex resumed>)              = 1
1299  futex(0xc000042948, FUTEX_WAKE_PRIVATE, 1 <unfinished ...>
1297  futex(0xc000042548, FUTEX_WAIT_PRIVATE, 0, NULL <unfinished ...>
1299  <... futex resumed>)              = 1
1298  <... futex resumed>)              = 0
1291  futex(0x705608, FUTEX_WAIT_PRIVATE, 0, NULL <unfinished ...>
1299  futex(0x705608, FUTEX_WAKE_PRIVATE, 1 <unfinished ...>
1298  futex(0xc000042948, FUTEX_WAIT_PRIVATE, 0, NULL <unfinished ...>
1299  <... futex resumed>)              = 0
1291  <... futex resumed>)              = -1 EAGAIN (Resource temporarily unavailable)
1299  futex(0xc000080148, FUTEX_WAIT_PRIVATE, 0, NULL <unfinished ...>
1291  futex(0xc000080148, FUTEX_WAKE_PRIVATE, 1 <unfinished ...>
1299  <... futex resumed>)              = -1 EAGAIN (Resource temporarily unavailable)
1291  <... futex resumed>)              = 0
1299  nanosleep({tv_sec=0, tv_nsec=3000},  <unfinished ...>
1291  futex(0xc000042948, FUTEX_WAKE_PRIVATE, 1 <unfinished ...>
1299  <... nanosleep resumed>NULL)      = 0
1296  <... nanosleep resumed>NULL)      = 0
1299  futex(0xc000042548, FUTEX_WAKE_PRIVATE, 1 <unfinished ...>
1298  <... futex resumed>)              = 0
1291  <... futex resumed>)              = 1
1299  <... futex resumed>)              = 1
1298  futex(0xc000042948, FUTEX_WAIT_PRIVATE, 0, NULL <unfinished ...>
1297  <... futex resumed>)              = 0
1296  nanosleep({tv_sec=0, tv_nsec=10000000},  <unfinished ...>
1299  futex(0x705608, FUTEX_WAKE_PRIVATE, 1 <unfinished ...>
1297  futex(0xc000042548, FUTEX_WAIT_PRIVATE, 0, NULL <unfinished ...>
1291  futex(0x705608, FUTEX_WAIT_PRIVATE, 0, NULL <unfinished ...>
1299  <... futex resumed>)              = 0
1291  <... futex resumed>)              = -1 EAGAIN (Resource temporarily unavailable)
1299  futex(0xc000080148, FUTEX_WAIT_PRIVATE, 0, NULL <unfinished ...>
1291  futex(0xc000080148, FUTEX_WAKE_PRIVATE, 1 <unfinished ...>
1299  <... futex resumed>)              = -1 EAGAIN (Resource temporarily unavailable)
1291  <... futex resumed>)              = 0
1299  nanosleep({tv_sec=0, tv_nsec=3000},  <unfinished ...>
1291  futex(0xc000042548, FUTEX_WAKE_PRIVATE, 1 <unfinished ...>
1299  <... nanosleep resumed>NULL)      = 0
1297  <... futex resumed>)              = 0
1291  <... futex resumed>)              = 1
1299  futex(0xc000042948, FUTEX_WAKE_PRIVATE, 1 <unfinished ...>
1297  futex(0xc000042548, FUTEX_WAIT_PRIVATE, 0, NULL <unfinished ...>
1299  <... futex resumed>)              = 1
1298  <... futex resumed>)              = 0
1291  futex(0x705608, FUTEX_WAIT_PRIVATE, 0, NULL <unfinished ...>
1299  futex(0x705608, FUTEX_WAKE_PRIVATE, 1 <unfinished ...>
1298  futex(0xc000042948, FUTEX_WAIT_PRIVATE, 0, NULL <unfinished ...>
1299  <... futex resumed>)              = 0
1291  <... futex resumed>)              = -1 EAGAIN (Resource temporarily unavailable)
1299  futex(0xc000080148, FUTEX_WAIT_PRIVATE, 0, NULL <unfinished ...>
1291  futex(0xc000080148, FUTEX_WAKE_PRIVATE, 1 <unfinished ...>
1299  <... futex resumed>)              = -1 EAGAIN (Resource temporarily unavailable)
1291  <... futex resumed>)              = 0
1299  nanosleep({tv_sec=0, tv_nsec=3000},  <unfinished ...>
1291  futex(0xc000042948, FUTEX_WAKE_PRIVATE, 1 <unfinished ...>
1299  <... nanosleep resumed>NULL)      = 0
1298  <... futex resumed>)              = 0
1291  <... futex resumed>)              = 1
1299  futex(0xc000042548, FUTEX_WAKE_PRIVATE, 1 <unfinished ...>
1298  futex(0xc000042948, FUTEX_WAIT_PRIVATE, 0, NULL <unfinished ...>
1299  <... futex resumed>)              = 1
1297  <... futex resumed>)              = 0
1296  <... nanosleep resumed>NULL)      = 0
1291  futex(0x705608, FUTEX_WAIT_PRIVATE, 0, NULL <unfinished ...>
1299  futex(0x705608, FUTEX_WAKE_PRIVATE, 1 <unfinished ...>
1297  futex(0xc000042548, FUTEX_WAIT_PRIVATE, 0, NULL <unfinished ...>
1296  nanosleep({tv_sec=0, tv_nsec=10000000},  <unfinished ...>
1299  <... futex resumed>)              = 0
1291  <... futex resumed>)              = -1 EAGAIN (Resource temporarily unavailable)
1299  futex(0xc000080148, FUTEX_WAIT_PRIVATE, 0, NULL <unfinished ...>
1291  futex(0xc000080148, FUTEX_WAKE_PRIVATE, 1 <unfinished ...>
1299  <... futex resumed>)              = -1 EAGAIN (Resource temporarily unavailable)
1291  <... futex resumed>)              = 0
1299  nanosleep({tv_sec=0, tv_nsec=3000},  <unfinished ...>
1291  futex(0xc000042548, FUTEX_WAKE_PRIVATE, 1 <unfinished ...>
1299  <... nanosleep resumed>NULL)      = 0
1297  <... futex resumed>)              = 0
1291  <... futex resumed>)              = 1
1299  futex(0xc000042948, FUTEX_WAKE_PRIVATE, 1 <unfinished ...>
1297  futex(0xc000042548, FUTEX_WAIT_PRIVATE, 0, NULL <unfinished ...>
1299  <... futex resumed>)              = 1
1298  <... futex resumed>)              = 0
1291  futex(0x705608, FUTEX_WAIT_PRIVATE, 0, NULL <unfinished ...>
1299  futex(0x705608, FUTEX_WAKE_PRIVATE, 1 <unfinished ...>
1298  futex(0xc000042948, FUTEX_WAIT_PRIVATE, 0, NULL <unfinished ...>
1299  <... futex resumed>)              = 0
1291  <... futex resumed>)              = -1 EAGAIN (Resource temporarily unavailable)
1299  futex(0xc000080148, FUTEX_WAIT_PRIVATE, 0, NULL <unfinished ...>
1291  futex(0xc000080148, FUTEX_WAKE_PRIVATE, 1 <unfinished ...>
1299  <... futex resumed>)              = -1 EAGAIN (Resource temporarily unavailable)
1291  <... futex resumed>)              = 0
1299  nanosleep({tv_sec=0, tv_nsec=3000},  <unfinished ...>
1291  futex(0xc000042948, FUTEX_WAKE_PRIVATE, 1 <unfinished ...>
1299  <... nanosleep resumed>NULL)      = 0
1296  <... nanosleep resumed>NULL)      = 0
1299  futex(0xc000042548, FUTEX_WAKE_PRIVATE, 1 <unfinished ...>
1298  <... futex resumed>)              = 0
1291  <... futex resumed>)              = 1
1299  <... futex resumed>)              = 1
1298  futex(0xc000042948, FUTEX_WAIT_PRIVATE, 0, NULL <unfinished ...>
1297  <... futex resumed>)              = 0
1296  nanosleep({tv_sec=0, tv_nsec=10000000},  <unfinished ...>
1299  futex(0x705608, FUTEX_WAKE_PRIVATE, 1 <unfinished ...>
1297  futex(0xc000042548, FUTEX_WAIT_PRIVATE, 0, NULL <unfinished ...>
1291  futex(0x705608, FUTEX_WAIT_PRIVATE, 0, NULL <unfinished ...>
1299  <... futex resumed>)              = 0
1291  <... futex resumed>)              = -1 EAGAIN (Resource temporarily unavailable)
1299  futex(0xc000080148, FUTEX_WAIT_PRIVATE, 0, NULL <unfinished ...>
1291  futex(0xc000080148, FUTEX_WAKE_PRIVATE, 1 <unfinished ...>
1299  <... futex resumed>)              = -1 EAGAIN (Resource temporarily unavailable)
1291  <... futex resumed>)              = 0
1299  nanosleep({tv_sec=0, tv_nsec=3000},  <unfinished ...>
1291  futex(0xc000042548, FUTEX_WAKE_PRIVATE, 1 <unfinished ...>
1299  <... nanosleep resumed>NULL)      = 0
1297  <... futex resumed>)              = 0
1291  <... futex resumed>)              = 1
1299  futex(0xc000042948, FUTEX_WAKE_PRIVATE, 1 <unfinished ...>
1297  futex(0xc000042548, FUTEX_WAIT_PRIVATE, 0, NULL <unfinished ...>
1299  <... futex resumed>)              = 1
1298  <... futex resumed>)              = 0
1291  futex(0x705608, FUTEX_WAIT_PRIVATE, 0, NULL <unfinished ...>
1299  futex(0x705608, FUTEX_WAKE_PRIVATE, 1 <unfinished ...>
1298  futex(0xc000042948, FUTEX_WAIT_PRIVATE, 0, NULL <unfinished ...>
1299  <... futex resumed>)              = 0
1291  <... futex resumed>)              = -1 EAGAIN (Resource temporarily unavailable)
1299  futex(0xc000080148, FUTEX_WAIT_PRIVATE, 0, NULL <unfinished ...>
1291  futex(0xc000080148, FUTEX_WAKE_PRIVATE, 1 <unfinished ...>
1299  <... futex resumed>)              = -1 EAGAIN (Resource temporarily unavailable)
1296  <... nanosleep resumed>NULL)      = 0
1299  nanosleep({tv_sec=0, tv_nsec=3000},  <unfinished ...>
1291  <... futex resumed>)              = 0
1299  <... nanosleep resumed>NULL)      = 0
1296  nanosleep({tv_sec=0, tv_nsec=10000000},  <unfinished ...>
1299  futex(0xc000042548, FUTEX_WAKE_PRIVATE, 1 <unfinished ...>
1291  futex(0xc000042948, FUTEX_WAKE_PRIVATE, 1 <unfinished ...>
1299  <... futex resumed>)              = 1
1297  <... futex resumed>)              = 0
1299  futex(0x705608, FUTEX_WAKE_PRIVATE, 1 <unfinished ...>
1298  <... futex resumed>)              = 0
1291  <... futex resumed>)              = 1
1299  <... futex resumed>)              = 0
1298  futex(0xc000042948, FUTEX_WAIT_PRIVATE, 0, NULL <unfinished ...>
1297  futex(0xc000042548, FUTEX_WAIT_PRIVATE, 0, NULL <unfinished ...>
1299  futex(0xc000080148, FUTEX_WAIT_PRIVATE, 0, NULL <unfinished ...>
1298  <... futex resumed>)              = -1 EAGAIN (Resource temporarily unavailable)
1291  futex(0xc000042948, FUTEX_WAKE_PRIVATE, 1 <unfinished ...>
1298  nanosleep({tv_sec=0, tv_nsec=3000},  <unfinished ...>
1291  <... futex resumed>)              = 0
1298  <... nanosleep resumed>NULL)      = 0
1291  futex(0xc000080148, FUTEX_WAKE_PRIVATE, 1 <unfinished ...>
1298  futex(0xc000042548, FUTEX_WAKE_PRIVATE, 1 <unfinished ...>
1299  <... futex resumed>)              = 0
1291  <... futex resumed>)              = 1
1299  futex(0xc000080148, FUTEX_WAIT_PRIVATE, 0, NULL <unfinished ...>
1298  <... futex resumed>)              = 1
1297  <... futex resumed>)              = 0
1298  futex(0x705608, FUTEX_WAKE_PRIVATE, 1 <unfinished ...>
1296  <... nanosleep resumed>NULL)      = 0
1291  futex(0x705608, FUTEX_WAIT_PRIVATE, 0, NULL <unfinished ...>
1298  <... futex resumed>)              = 0
1297  futex(0xc000042548, FUTEX_WAIT_PRIVATE, 0, NULL <unfinished ...>
1296  nanosleep({tv_sec=0, tv_nsec=10000000},  <unfinished ...>
1298  futex(0xc000042948, FUTEX_WAIT_PRIVATE, 0, NULL <unfinished ...>
1291  <... futex resumed>)              = -1 EAGAIN (Resource temporarily unavailable)
1291  futex(0xc000042948, FUTEX_WAKE_PRIVATE, 1 <unfinished ...>
1298  <... futex resumed>)              = 0
1291  <... futex resumed>)              = 1
1298  nanosleep({tv_sec=0, tv_nsec=3000},  <unfinished ...>
1291  futex(0xc000042548, FUTEX_WAKE_PRIVATE, 1 <unfinished ...>
1298  <... nanosleep resumed>NULL)      = 0
1297  <... futex resumed>)              = 0
1291  <... futex resumed>)              = 1
1298  futex(0xc000080148, FUTEX_WAKE_PRIVATE, 1 <unfinished ...>
1297  futex(0xc000042548, FUTEX_WAIT_PRIVATE, 0, NULL <unfinished ...>
1299  <... futex resumed>)              = 0
1298  <... futex resumed>)              = 1
1291  futex(0x705608, FUTEX_WAIT_PRIVATE, 0, NULL <unfinished ...>
1299  futex(0xc000080148, FUTEX_WAIT_PRIVATE, 0, NULL <unfinished ...>
1298  futex(0xc000080148, FUTEX_WAKE_PRIVATE, 1 <unfinished ...>
1299  <... futex resumed>)              = -1 EAGAIN (Resource temporarily unavailable)
1298  <... futex resumed>)              = 0
1299  nanosleep({tv_sec=0, tv_nsec=3000},  <unfinished ...>
1298  futex(0x705608, FUTEX_WAKE_PRIVATE, 1 <unfinished ...>
1299  <... nanosleep resumed>NULL)      = 0
1298  <... futex resumed>)              = 1
1291  <... futex resumed>)              = 0
1299  futex(0xc000080148, FUTEX_WAIT_PRIVATE, 0, NULL <unfinished ...>
1298  futex(0xc000042948, FUTEX_WAIT_PRIVATE, 0, NULL <unfinished ...>
1291  futex(0xc000042948, FUTEX_WAKE_PRIVATE, 1 <unfinished ...>
1298  <... futex resumed>)              = -1 EAGAIN (Resource temporarily unavailable)
1291  <... futex resumed>)              = 0
1298  nanosleep({tv_sec=0, tv_nsec=3000},  <unfinished ...>
1291  futex(0xc000080148, FUTEX_WAKE_PRIVATE, 1 <unfinished ...>
1298  <... nanosleep resumed>NULL)      = 0
1299  <... futex resumed>)              = 0
1291  <... futex resumed>)              = 1
1299  futex(0xc000080148, FUTEX_WAIT_PRIVATE, 0, NULL <unfinished ...>
1298  futex(0xc000042548, FUTEX_WAKE_PRIVATE, 1 <unfinished ...>
1296  <... nanosleep resumed>NULL)      = 0
1298  <... futex resumed>)              = 1
1297  <... futex resumed>)              = 0
1291  futex(0x705608, FUTEX_WAIT_PRIVATE, 0, NULL <unfinished ...>
1298  futex(0x705608, FUTEX_WAKE_PRIVATE, 1 <unfinished ...>
1297  futex(0xc000042548, FUTEX_WAIT_PRIVATE, 0, NULL <unfinished ...>
1296  nanosleep({tv_sec=0, tv_nsec=10000000},  <unfinished ...>
1298  <... futex resumed>)              = 0
1291  <... futex resumed>)              = -1 EAGAIN (Resource temporarily unavailable)
1298  futex(0xc000042948, FUTEX_WAIT_PRIVATE, 0, NULL <unfinished ...>
1291  futex(0xc000042948, FUTEX_WAKE_PRIVATE, 1 <unfinished ...>
1298  <... futex resumed>)              = -1 EAGAIN (Resource temporarily unavailable)
1291  <... futex resumed>)              = 0
1298  nanosleep({tv_sec=0, tv_nsec=3000},  <unfinished ...>
1291  futex(0xc000042548, FUTEX_WAKE_PRIVATE, 1 <unfinished ...>
1298  <... nanosleep resumed>NULL)      = 0
1297  <... futex resumed>)              = 0
1291  <... futex resumed>)              = 1
1298  futex(0xc000080148, FUTEX_WAKE_PRIVATE, 1 <unfinished ...>
1297  futex(0xc000042548, FUTEX_WAIT_PRIVATE, 0, NULL <unfinished ...>
1299  <... futex resumed>)              = 0
1298  <... futex resumed>)              = 1
1291  futex(0x705608, FUTEX_WAIT_PRIVATE, 0, NULL <unfinished ...>
1299  futex(0xc000080148, FUTEX_WAIT_PRIVATE, 0, NULL <unfinished ...>
1298  futex(0xc000080148, FUTEX_WAKE_PRIVATE, 1 <unfinished ...>
1299  <... futex resumed>)              = -1 EAGAIN (Resource temporarily unavailable)
1298  <... futex resumed>)              = 0
1299  nanosleep({tv_sec=0, tv_nsec=3000},  <unfinished ...>
1298  futex(0x705608, FUTEX_WAKE_PRIVATE, 1 <unfinished ...>
1299  <... nanosleep resumed>NULL)      = 0
1298  <... futex resumed>)              = 1
1291  <... futex resumed>)              = 0
1299  futex(0xc000080148, FUTEX_WAIT_PRIVATE, 0, NULL <unfinished ...>
1298  futex(0xc000042948, FUTEX_WAIT_PRIVATE, 0, NULL <unfinished ...>
1291  futex(0xc000042948, FUTEX_WAKE_PRIVATE, 1 <unfinished ...>
1298  <... futex resumed>)              = -1 EAGAIN (Resource temporarily unavailable)
1291  <... futex resumed>)              = 0
1298  nanosleep({tv_sec=0, tv_nsec=3000},  <unfinished ...>
1291  futex(0xc000080148, FUTEX_WAKE_PRIVATE, 1 <unfinished ...>
1298  <... nanosleep resumed>NULL)      = 0
1299  <... futex resumed>)              = 0
1291  <... futex resumed>)              = 1
1299  futex(0xc000080148, FUTEX_WAIT_PRIVATE, 0, NULL <unfinished ...>
1298  futex(0xc000042548, FUTEX_WAKE_PRIVATE, 1 <unfinished ...>
1291  futex(0x705608, FUTEX_WAIT_PRIVATE, 0, NULL <unfinished ...>
1298  <... futex resumed>)              = 1
1297  <... futex resumed>)              = 0
1298  futex(0x705608, FUTEX_WAKE_PRIVATE, 1 <unfinished ...>
1296  <... nanosleep resumed>NULL)      = 0
1298  <... futex resumed>)              = 1
1297  futex(0xc000042548, FUTEX_WAIT_PRIVATE, 0, NULL <unfinished ...>
1291  <... futex resumed>)              = 0
1298  futex(0xc000042948, FUTEX_WAIT_PRIVATE, 0, NULL <unfinished ...>
1296  nanosleep({tv_sec=0, tv_nsec=10000000},  <unfinished ...>
1298  <... futex resumed>)              = -1 EAGAIN (Resource temporarily unavailable)
1291  futex(0xc000042948, FUTEX_WAKE_PRIVATE, 1 <unfinished ...>
1298  nanosleep({tv_sec=0, tv_nsec=3000},  <unfinished ...>
1291  <... futex resumed>)              = 0
1298  <... nanosleep resumed>NULL)      = 0
1291  futex(0xc000042548, FUTEX_WAKE_PRIVATE, 1 <unfinished ...>
1298  futex(0xc000080148, FUTEX_WAKE_PRIVATE, 1 <unfinished ...>
1297  <... futex resumed>)              = 0
1291  <... futex resumed>)              = 1
1299  <... futex resumed>)              = 0
1298  <... futex resumed>)              = 1
1297  futex(0xc000042548, FUTEX_WAIT_PRIVATE, 0, NULL <unfinished ...>
1299  futex(0xc000080148, FUTEX_WAIT_PRIVATE, 0, NULL <unfinished ...>
1298  futex(0xc000080148, FUTEX_WAKE_PRIVATE, 1 <unfinished ...>
1291  futex(0x705608, FUTEX_WAIT_PRIVATE, 0, NULL <unfinished ...>
1299  <... futex resumed>)              = -1 EAGAIN (Resource temporarily unavailable)
1298  <... futex resumed>)              = 0
1299  nanosleep({tv_sec=0, tv_nsec=3000},  <unfinished ...>
1298  futex(0x705608, FUTEX_WAKE_PRIVATE, 1 <unfinished ...>
1299  <... nanosleep resumed>NULL)      = 0
1298  <... futex resumed>)              = 1
1291  <... futex resumed>)              = 0
1299  futex(0xc000080148, FUTEX_WAIT_PRIVATE, 0, NULL <unfinished ...>
1298  futex(0xc000042948, FUTEX_WAIT_PRIVATE, 0, NULL <unfinished ...>
1291  futex(0xc000042948, FUTEX_WAKE_PRIVATE, 1 <unfinished ...>
1298  <... futex resumed>)              = -1 EAGAIN (Resource temporarily unavailable)
1291  <... futex resumed>)              = 0
1298  nanosleep({tv_sec=0, tv_nsec=3000},  <unfinished ...>
1291  futex(0xc000080148, FUTEX_WAKE_PRIVATE, 1 <unfinished ...>
1298  <... nanosleep resumed>NULL)      = 0
1299  <... futex resumed>)              = 0
1291  <... futex resumed>)              = 1
1299  futex(0xc000080148, FUTEX_WAIT_PRIVATE, 0, NULL <unfinished ...>
1298  futex(0xc000042548, FUTEX_WAKE_PRIVATE, 1 <unfinished ...>
1296  <... nanosleep resumed>NULL)      = 0
1291  futex(0x705608, FUTEX_WAIT_PRIVATE, 0, NULL <unfinished ...>
1298  <... futex resumed>)              = 1
1297  <... futex resumed>)              = 0
1296  nanosleep({tv_sec=0, tv_nsec=10000000},  <unfinished ...>
1298  futex(0x705608, FUTEX_WAKE_PRIVATE, 1 <unfinished ...>
1297  futex(0xc000042548, FUTEX_WAIT_PRIVATE, 0, NULL <unfinished ...>
1298  <... futex resumed>)              = 1
1291  <... futex resumed>)              = 0
1298  futex(0xc000042948, FUTEX_WAIT_PRIVATE, 0, NULL <unfinished ...>
1291  futex(0xc000042948, FUTEX_WAKE_PRIVATE, 1 <unfinished ...>
1298  <... futex resumed>)              = -1 EAGAIN (Resource temporarily unavailable)
1291  <... futex resumed>)              = 0
1298  nanosleep({tv_sec=0, tv_nsec=3000},  <unfinished ...>
1291  futex(0xc000042548, FUTEX_WAKE_PRIVATE, 1 <unfinished ...>
1298  <... nanosleep resumed>NULL)      = 0
1297  <... futex resumed>)              = 0
1291  <... futex resumed>)              = 1
1298  futex(0xc000080148, FUTEX_WAKE_PRIVATE, 1 <unfinished ...>
1297  futex(0xc000042548, FUTEX_WAIT_PRIVATE, 0, NULL <unfinished ...>
1299  <... futex resumed>)              = 0
1298  <... futex resumed>)              = 1
1291  futex(0x705608, FUTEX_WAIT_PRIVATE, 0, NULL <unfinished ...>
1299  futex(0xc000080148, FUTEX_WAIT_PRIVATE, 0, NULL <unfinished ...>
1298  futex(0xc000080148, FUTEX_WAKE_PRIVATE, 1 <unfinished ...>
1299  <... futex resumed>)              = -1 EAGAIN (Resource temporarily unavailable)
1298  <... futex resumed>)              = 0
1299  nanosleep({tv_sec=0, tv_nsec=3000},  <unfinished ...>
1298  futex(0x705608, FUTEX_WAKE_PRIVATE, 1 <unfinished ...>
1299  <... nanosleep resumed>NULL)      = 0
1298  <... futex resumed>)              = 1
1291  <... futex resumed>)              = 0
1299  futex(0xc000080148, FUTEX_WAIT_PRIVATE, 0, NULL <unfinished ...>
1298  futex(0xc000042948, FUTEX_WAIT_PRIVATE, 0, NULL <unfinished ...>
1296  <... nanosleep resumed>NULL)      = 0
1291  futex(0xc000042948, FUTEX_WAKE_PRIVATE, 1 <unfinished ...>
1298  <... futex resumed>)              = -1 EAGAIN (Resource temporarily unavailable)
1296  nanosleep({tv_sec=0, tv_nsec=10000000},  <unfinished ...>
1298  nanosleep({tv_sec=0, tv_nsec=3000},  <unfinished ...>
1291  <... futex resumed>)              = 0
1298  <... nanosleep resumed>NULL)      = 0
1291  futex(0xc000080148, FUTEX_WAKE_PRIVATE, 1 <unfinished ...>
1298  futex(0xc000042548, FUTEX_WAKE_PRIVATE, 1 <unfinished ...>
1299  <... futex resumed>)              = 0
1291  <... futex resumed>)              = 1
1299  futex(0xc000080148, FUTEX_WAIT_PRIVATE, 0, NULL <unfinished ...>
1298  <... futex resumed>)              = 1
1297  <... futex resumed>)              = 0
1298  futex(0x705608, FUTEX_WAKE_PRIVATE, 1 <unfinished ...>
1291  futex(0x705608, FUTEX_WAIT_PRIVATE, 0, NULL <unfinished ...>
1298  <... futex resumed>)              = 0
1297  futex(0xc000042548, FUTEX_WAIT_PRIVATE, 0, NULL <unfinished ...>
1298  futex(0xc000042948, FUTEX_WAIT_PRIVATE, 0, NULL <unfinished ...>
1291  <... futex resumed>)              = -1 EAGAIN (Resource temporarily unavailable)
1291  futex(0xc000042948, FUTEX_WAKE_PRIVATE, 1 <unfinished ...>
1298  <... futex resumed>)              = 0
1291  <... futex resumed>)              = 1
1298  nanosleep({tv_sec=0, tv_nsec=3000},  <unfinished ...>
1291  futex(0xc000042548, FUTEX_WAKE_PRIVATE, 1 <unfinished ...>
1298  <... nanosleep resumed>NULL)      = 0
1297  <... futex resumed>)              = 0
1291  <... futex resumed>)              = 1
1298  futex(0xc000080148, FUTEX_WAKE_PRIVATE, 1 <unfinished ...>
1297  futex(0xc000042548, FUTEX_WAIT_PRIVATE, 0, NULL <unfinished ...>
1299  <... futex resumed>)              = 0
1298  <... futex resumed>)              = 1
1291  futex(0x705608, FUTEX_WAIT_PRIVATE, 0, NULL <unfinished ...>
1299  futex(0xc000080148, FUTEX_WAIT_PRIVATE, 0, NULL <unfinished ...>
1298  futex(0xc000080148, FUTEX_WAKE_PRIVATE, 1 <unfinished ...>
1299  <... futex resumed>)              = -1 EAGAIN (Resource temporarily unavailable)
1298  <... futex resumed>)              = 0
1299  nanosleep({tv_sec=0, tv_nsec=3000},  <unfinished ...>
1298  futex(0x705608, FUTEX_WAKE_PRIVATE, 1 <unfinished ...>
1299  <... nanosleep resumed>NULL)      = 0
1298  <... futex resumed>)              = 1
1291  <... futex resumed>)              = 0
1299  futex(0xc000080148, FUTEX_WAIT_PRIVATE, 0, NULL <unfinished ...>
1298  futex(0xc000042948, FUTEX_WAIT_PRIVATE, 0, NULL <unfinished ...>
1296  <... nanosleep resumed>NULL)      = 0
1298  <... futex resumed>)              = -1 EAGAIN (Resource temporarily unavailable)
1291  futex(0xc000042948, FUTEX_WAKE_PRIVATE, 1 <unfinished ...>
1298  nanosleep({tv_sec=0, tv_nsec=3000},  <unfinished ...>
1296  nanosleep({tv_sec=0, tv_nsec=10000000},  <unfinished ...>
1298  <... nanosleep resumed>NULL)      = 0
1291  <... futex resumed>)              = 0
1298  futex(0xc000080148, FUTEX_WAKE_PRIVATE, 1 <unfinished ...>
1291  futex(0x705608, FUTEX_WAIT_PRIVATE, 0, NULL <unfinished ...>
1299  <... futex resumed>)              = 0
1298  <... futex resumed>)              = 1
1299  futex(0xc000080148, FUTEX_WAIT_PRIVATE, 0, NULL <unfinished ...>
1298  futex(0xc000080148, FUTEX_WAKE_PRIVATE, 1 <unfinished ...>
1299  <... futex resumed>)              = -1 EAGAIN (Resource temporarily unavailable)
1298  <... futex resumed>)              = 0
1299  nanosleep({tv_sec=0, tv_nsec=3000},  <unfinished ...>
1298  futex(0x705608, FUTEX_WAKE_PRIVATE, 1 <unfinished ...>
1299  <... nanosleep resumed>NULL)      = 0
1298  <... futex resumed>)              = 1
1291  <... futex resumed>)              = 0
1299  futex(0xc000080148, FUTEX_WAIT_PRIVATE, 0, NULL <unfinished ...>
1298  futex(0xc000042948, FUTEX_WAIT_PRIVATE, 0, NULL <unfinished ...>
1291  futex(0xc000042948, FUTEX_WAKE_PRIVATE, 1 <unfinished ...>
1298  <... futex resumed>)              = -1 EAGAIN (Resource temporarily unavailable)
1291  <... futex resumed>)              = 0
1298  nanosleep({tv_sec=0, tv_nsec=3000},  <unfinished ...>
1291  futex(0xc000080148, FUTEX_WAKE_PRIVATE, 1 <unfinished ...>
1298  <... nanosleep resumed>NULL)      = 0
1299  <... futex resumed>)              = 0
1291  <... futex resumed>)              = 1
1299  futex(0xc000080148, FUTEX_WAIT_PRIVATE, 0, NULL <unfinished ...>
1298  futex(0xc000042548, FUTEX_WAKE_PRIVATE, 1 <unfinished ...>
1291  futex(0x705608, FUTEX_WAIT_PRIVATE, 0, NULL <unfinished ...>
1298  <... futex resumed>)              = 1
1297  <... futex resumed>)              = 0
1298  futex(0x705608, FUTEX_WAKE_PRIVATE, 1 <unfinished ...>
1297  futex(0xc000042548, FUTEX_WAIT_PRIVATE, 0, NULL <unfinished ...>
1298  <... futex resumed>)              = 1
1291  <... futex resumed>)              = 0
1298  futex(0xc000042948, FUTEX_WAIT_PRIVATE, 0, NULL <unfinished ...>
1291  futex(0xc000042948, FUTEX_WAKE_PRIVATE, 1 <unfinished ...>
1298  <... futex resumed>)              = -1 EAGAIN (Resource temporarily unavailable)
1296  <... nanosleep resumed>NULL)      = 0
1298  nanosleep({tv_sec=0, tv_nsec=3000},  <unfinished ...>
1291  <... futex resumed>)              = 0
1298  <... nanosleep resumed>NULL)      = 0
1296  nanosleep({tv_sec=0, tv_nsec=10000000},  <unfinished ...>
1298  futex(0xc000080148, FUTEX_WAKE_PRIVATE, 1 <unfinished ...>
1291  futex(0xc000042548, FUTEX_WAKE_PRIVATE, 1 <unfinished ...>
1299  <... futex resumed>)              = 0
1298  <... futex resumed>)              = 1
1299  futex(0xc000080148, FUTEX_WAIT_PRIVATE, 0, NULL <unfinished ...>
1297  <... futex resumed>)              = 0
1291  <... futex resumed>)              = 1
1299  <... futex resumed>)              = -1 EAGAIN (Resource temporarily unavailable)
1298  futex(0xc000080148, FUTEX_WAKE_PRIVATE, 1 <unfinished ...>
1297  nanosleep({tv_sec=0, tv_nsec=3000},  <unfinished ...>
1299  nanosleep({tv_sec=0, tv_nsec=3000},  <unfinished ...>
1298  <... futex resumed>)              = 0
1291  futex(0x705608, FUTEX_WAIT_PRIVATE, 0, NULL <unfinished ...>
1299  <... nanosleep resumed>NULL)      = 0
1298  futex(0x705608, FUTEX_WAKE_PRIVATE, 1 <unfinished ...>
1297  <... nanosleep resumed>NULL)      = 0
1299  futex(0xc000080148, FUTEX_WAIT_PRIVATE, 0, NULL <unfinished ...>
1298  <... futex resumed>)              = 0
1291  <... futex resumed>)              = -1 EAGAIN (Resource temporarily unavailable)
1298  futex(0xc000042948, FUTEX_WAIT_PRIVATE, 0, NULL <unfinished ...>
1297  futex(0xc000042548, FUTEX_WAIT_PRIVATE, 0, NULL <unfinished ...>
1298  <... futex resumed>)              = -1 EAGAIN (Resource temporarily unavailable)
1291  futex(0xc000042948, FUTEX_WAKE_PRIVATE, 1 <unfinished ...>
1298  nanosleep({tv_sec=0, tv_nsec=3000},  <unfinished ...>
1291  <... futex resumed>)              = 0
1298  <... nanosleep resumed>NULL)      = 0
1291  futex(0xc000042548, FUTEX_WAKE_PRIVATE, 1 <unfinished ...>
1298  futex(0xc000080148, FUTEX_WAKE_PRIVATE, 1 <unfinished ...>
1297  <... futex resumed>)              = 0
1291  <... futex resumed>)              = 1
1299  <... futex resumed>)              = 0
1298  <... futex resumed>)              = 1
1297  futex(0xc000042548, FUTEX_WAIT_PRIVATE, 0, NULL <unfinished ...>
1299  futex(0xc000080148, FUTEX_WAIT_PRIVATE, 0, NULL <unfinished ...>
1298  futex(0xc000080148, FUTEX_WAKE_PRIVATE, 1 <unfinished ...>
1291  futex(0x705608, FUTEX_WAIT_PRIVATE, 0, NULL <unfinished ...>
1299  <... futex resumed>)              = -1 EAGAIN (Resource temporarily unavailable)
1298  <... futex resumed>)              = 0
1299  nanosleep({tv_sec=0, tv_nsec=3000},  <unfinished ...>
1296  <... nanosleep resumed>NULL)      = 0
1299  <... nanosleep resumed>NULL)      = 0
1298  futex(0x705608, FUTEX_WAKE_PRIVATE, 1 <unfinished ...>
1299  futex(0xc000080148, FUTEX_WAIT_PRIVATE, 0, NULL <unfinished ...>
1296  nanosleep({tv_sec=0, tv_nsec=10000000},  <unfinished ...>
1298  <... futex resumed>)              = 1
1291  <... futex resumed>)              = 0
1298  futex(0xc000042948, FUTEX_WAIT_PRIVATE, 0, NULL <unfinished ...>
1291  futex(0xc000042948, FUTEX_WAKE_PRIVATE, 1 <unfinished ...>
1298  <... futex resumed>)              = -1 EAGAIN (Resource temporarily unavailable)
1291  <... futex resumed>)              = 0
1298  nanosleep({tv_sec=0, tv_nsec=3000},  <unfinished ...>
1291  futex(0xc000080148, FUTEX_WAKE_PRIVATE, 1 <unfinished ...>
1298  <... nanosleep resumed>NULL)      = 0
1299  <... futex resumed>)              = 0
1291  <... futex resumed>)              = 1
1299  futex(0xc000080148, FUTEX_WAIT_PRIVATE, 0, NULL <unfinished ...>
1298  futex(0xc000042548, FUTEX_WAKE_PRIVATE, 1 <unfinished ...>
1291  futex(0x705608, FUTEX_WAIT_PRIVATE, 0, NULL <unfinished ...>
1298  <... futex resumed>)              = 1
1297  <... futex resumed>)              = 0
1298  futex(0x705608, FUTEX_WAKE_PRIVATE, 1 <unfinished ...>
1297  futex(0xc000042548, FUTEX_WAIT_PRIVATE, 0, NULL <unfinished ...>
1298  <... futex resumed>)              = 1
1291  <... futex resumed>)              = 0
1298  futex(0xc000042948, FUTEX_WAIT_PRIVATE, 0, NULL <unfinished ...>
1291  futex(0xc000042948, FUTEX_WAKE_PRIVATE, 1 <unfinished ...>
1298  <... futex resumed>)              = -1 EAGAIN (Resource temporarily unavailable)
1291  <... futex resumed>)              = 0
1298  nanosleep({tv_sec=0, tv_nsec=3000},  <unfinished ...>
1291  futex(0xc000042548, FUTEX_WAKE_PRIVATE, 1 <unfinished ...>
1298  <... nanosleep resumed>NULL)      = 0
1297  <... futex resumed>)              = 0
1291  <... futex resumed>)              = 1
1298  futex(0xc000080148, FUTEX_WAKE_PRIVATE, 1 <unfinished ...>
1297  futex(0xc000042548, FUTEX_WAIT_PRIVATE, 0, NULL <unfinished ...>
1299  <... futex resumed>)              = 0
1298  <... futex resumed>)              = 1
1291  futex(0x705608, FUTEX_WAIT_PRIVATE, 0, NULL <unfinished ...>
1299  futex(0xc000080148, FUTEX_WAIT_PRIVATE, 0, NULL <unfinished ...>
1298  futex(0xc000080148, FUTEX_WAKE_PRIVATE, 1 <unfinished ...>
1299  <... futex resumed>)              = -1 EAGAIN (Resource temporarily unavailable)
1296  <... nanosleep resumed>NULL)      = 0
1299  nanosleep({tv_sec=0, tv_nsec=3000},  <unfinished ...>
1298  <... futex resumed>)              = 0
1299  <... nanosleep resumed>NULL)      = 0
1296  nanosleep({tv_sec=0, tv_nsec=10000000},  <unfinished ...>
1299  futex(0xc000080148, FUTEX_WAIT_PRIVATE, 0, NULL <unfinished ...>
1298  futex(0x705608, FUTEX_WAKE_PRIVATE, 1) = 1
1291  <... futex resumed>)              = 0
1298  futex(0xc000042948, FUTEX_WAIT_PRIVATE, 0, NULL <unfinished ...>
1291  futex(0xc000042948, FUTEX_WAKE_PRIVATE, 1 <unfinished ...>
1298  <... futex resumed>)              = -1 EAGAIN (Resource temporarily unavailable)
1291  <... futex resumed>)              = 0
1298  nanosleep({tv_sec=0, tv_nsec=3000},  <unfinished ...>
1291  futex(0xc000080148, FUTEX_WAKE_PRIVATE, 1 <unfinished ...>
1298  <... nanosleep resumed>NULL)      = 0
1299  <... futex resumed>)              = 0
1291  <... futex resumed>)              = 1
1299  futex(0xc000080148, FUTEX_WAIT_PRIVATE, 0, NULL <unfinished ...>
1298  futex(0xc000042548, FUTEX_WAKE_PRIVATE, 1 <unfinished ...>
1291  futex(0x705608, FUTEX_WAIT_PRIVATE, 0, NULL <unfinished ...>
1298  <... futex resumed>)              = 1
1297  <... futex resumed>)              = 0
1298  futex(0x705608, FUTEX_WAKE_PRIVATE, 1 <unfinished ...>
1297  futex(0xc000042548, FUTEX_WAIT_PRIVATE, 0, NULL <unfinished ...>
1298  <... futex resumed>)              = 1
1291  <... futex resumed>)              = 0
1298  futex(0xc000042948, FUTEX_WAIT_PRIVATE, 0, NULL <unfinished ...>
1291  futex(0xc000042948, FUTEX_WAKE_PRIVATE, 1 <unfinished ...>
1298  <... futex resumed>)              = -1 EAGAIN (Resource temporarily unavailable)
1291  <... futex resumed>)              = 0
1298  nanosleep({tv_sec=0, tv_nsec=3000},  <unfinished ...>
1291  futex(0xc000042548, FUTEX_WAKE_PRIVATE, 1 <unfinished ...>
1298  <... nanosleep resumed>NULL)      = 0
1297  <... futex resumed>)              = 0
1291  <... futex resumed>)              = 1
1298  futex(0xc000080148, FUTEX_WAKE_PRIVATE, 1 <unfinished ...>
1297  futex(0xc000042548, FUTEX_WAIT_PRIVATE, 0, NULL <unfinished ...>
1299  <... futex resumed>)              = 0
1298  <... futex resumed>)              = 1
1291  futex(0x705608, FUTEX_WAIT_PRIVATE, 0, NULL <unfinished ...>
1299  futex(0xc000080148, FUTEX_WAIT_PRIVATE, 0, NULL <unfinished ...>
1298  futex(0xc000080148, FUTEX_WAKE_PRIVATE, 1 <unfinished ...>
1299  <... futex resumed>)              = -1 EAGAIN (Resource temporarily unavailable)
1298  <... futex resumed>)              = 0
1299  nanosleep({tv_sec=0, tv_nsec=3000},  <unfinished ...>
1296  <... nanosleep resumed>NULL)      = 0
1299  <... nanosleep resumed>NULL)      = 0
1298  futex(0x705608, FUTEX_WAKE_PRIVATE, 1 <unfinished ...>
1299  futex(0xc000080148, FUTEX_WAIT_PRIVATE, 0, NULL <unfinished ...>
1296  nanosleep({tv_sec=0, tv_nsec=10000000},  <unfinished ...>
1298  <... futex resumed>)              = 1
1291  <... futex resumed>)              = 0
1298  futex(0xc000042948, FUTEX_WAIT_PRIVATE, 0, NULL <unfinished ...>
1291  futex(0xc000042948, FUTEX_WAKE_PRIVATE, 1 <unfinished ...>
1298  <... futex resumed>)              = -1 EAGAIN (Resource temporarily unavailable)
1291  <... futex resumed>)              = 0
1298  nanosleep({tv_sec=0, tv_nsec=3000},  <unfinished ...>
1291  futex(0xc000080148, FUTEX_WAKE_PRIVATE, 1 <unfinished ...>
1298  <... nanosleep resumed>NULL)      = 0
1299  <... futex resumed>)              = 0
1291  <... futex resumed>)              = 1
1299  futex(0xc000080148, FUTEX_WAIT_PRIVATE, 0, NULL <unfinished ...>
1298  futex(0xc000042548, FUTEX_WAKE_PRIVATE, 1 <unfinished ...>
1291  futex(0x705608, FUTEX_WAIT_PRIVATE, 0, NULL <unfinished ...>
1298  <... futex resumed>)              = 1
1297  <... futex resumed>)              = 0
1298  futex(0x705608, FUTEX_WAKE_PRIVATE, 1 <unfinished ...>
1297  futex(0xc000042548, FUTEX_WAIT_PRIVATE, 0, NULL <unfinished ...>
1298  <... futex resumed>)              = 1
1291  <... futex resumed>)              = 0
1298  futex(0xc000042948, FUTEX_WAIT_PRIVATE, 0, NULL <unfinished ...>
1291  futex(0xc000042948, FUTEX_WAKE_PRIVATE, 1 <unfinished ...>
1298  <... futex resumed>)              = -1 EAGAIN (Resource temporarily unavailable)
1291  <... futex resumed>)              = 0
1298  nanosleep({tv_sec=0, tv_nsec=3000},  <unfinished ...>
1291  futex(0xc000042548, FUTEX_WAKE_PRIVATE, 1 <unfinished ...>
1298  <... nanosleep resumed>NULL)      = 0
1297  <... futex resumed>)              = 0
1291  <... futex resumed>)              = 1
1298  futex(0xc000080148, FUTEX_WAKE_PRIVATE, 1 <unfinished ...>
1297  futex(0xc000042548, FUTEX_WAIT_PRIVATE, 0, NULL <unfinished ...>
1299  <... futex resumed>)              = 0
1298  <... futex resumed>)              = 1
1291  futex(0x705608, FUTEX_WAIT_PRIVATE, 0, NULL <unfinished ...>
1299  futex(0xc000080148, FUTEX_WAIT_PRIVATE, 0, NULL <unfinished ...>
1298  futex(0xc000080148, FUTEX_WAKE_PRIVATE, 1 <unfinished ...>
1299  <... futex resumed>)              = -1 EAGAIN (Resource temporarily unavailable)
1298  <... futex resumed>)              = 0
1299  nanosleep({tv_sec=0, tv_nsec=3000},  <unfinished ...>
1298  futex(0x705608, FUTEX_WAKE_PRIVATE, 1 <unfinished ...>
1296  <... nanosleep resumed>NULL)      = 0
1299  <... nanosleep resumed>NULL)      = 0
1298  <... futex resumed>)              = 1
1291  <... futex resumed>)              = 0
1299  futex(0xc000080148, FUTEX_WAIT_PRIVATE, 0, NULL <unfinished ...>
1298  futex(0xc000042948, FUTEX_WAIT_PRIVATE, 0, NULL <unfinished ...>
1296  nanosleep({tv_sec=0, tv_nsec=10000000},  <unfinished ...>
1291  write(2, "Usage of 'go tool cover':\nGiven a coverage profile produced by 'go test':\n\tgo test -coverprofile=c.out\n\nOpen a web browser displ"..., 533) = 533
1291  write(2, "\nFlags:\n", 8)         = 8
1291  mmap(NULL, 262144, PROT_READ|PROT_WRITE, MAP_PRIVATE|MAP_ANONYMOUS, -1, 0) = 0x7f8f307b8000
1291  write(2, "  -V\tprint version and exit\n", 28) = 28
1291  write(2, "  -func string\n    \toutput coverage profile information for each function\n", 74) = 74
1291  write(2, "  -html string\n    \tgenerate HTML representation of coverage profile\n", 69) = 69
1291  write(2, "  -mode string\n    \tcoverage mode: set, count, atomic\n", 54) = 54
1291  write(2, "  -o string\n    \tfile for output; default: stdout\n", 50) = 50
1291  write(2, "  -var string\n    \tname of coverage variable to generate (default \"GoCover\")\n", 77) = 77
1291  write(2, "\n  Only one of -html, -func, or -mode may be set.\n", 50) = 50
1291  exit_group(2 <unfinished ...>
1299  <... futex resumed>)              = ?
1298  <... futex resumed>)              = ?
1297  <... futex resumed>)              = ?
1296  <... nanosleep resumed> <unfinished ...>) = ?
1291  <... exit_group resumed>)         = ?
1299  +++ exited with 2 +++
1298  +++ exited with 2 +++
1297  +++ exited with 2 +++
1296  +++ exited with 2 +++
1291  +++ exited with 2 +++
