1462  <... recvmsg resumed>{msg_name=NULL, msg_namelen=0, msg_iov=[{iov_base="l\3\1\1J\0\0\0\5\0\0\0G\0\0\0\5\1u\0\4\0\0\0", iov_len=24}], msg_iovlen=1, msg_controllen=0, msg_flags=MSG_CMSG_CLOEXEC}, MSG_DONTWAIT|MSG_CMSG_CLOEXEC) = 24
1467  recvmsg(3,  <unfinished ...>
1462  recvmsg(4,  <unfinished ...>
1467  <... recvmsg resumed>{msg_namelen=0}, MSG_DONTWAIT|MSG_CMSG_CLOEXEC) = -1 EAGAIN (Resource temporarily unavailable)
1462  <... recvmsg resumed>{msg_name=NULL, msg_namelen=0, msg_iov=[{iov_base="\4\1s\0(\0\0\0org.freedesktop.DBus.Error.UnknownMethod\0\0\0\0\0\0\0\0\10\1g\0\1s\0\0E\0\0\0Unknown method Doesntexist or interface org.freedesktop.syst"..., iov_len=138}], msg_iovlen=1, msg_controllen=0, msg_flags=MSG_CMSG_CLOEXEC}, MSG_DONTWAIT|MSG_CMSG_CLOEXEC) = 138
1467  ppoll([{fd=3, events=POLLIN}], 1, NULL, NULL, 8 <unfinished ...>
1462  sendmsg(4, {msg_name=NULL, msg_namelen=0, msg_iov=[{iov_base="l\1\0\1\16\0\0\0\5\0\0\0\200\0\0\0\1\1o\0\4\0\0\0/foo\0\0\0\0\3\1s\0\16\0\0\0AlterSomething\0\0\2\1s\0\34\0\0\0org.freedesktop.systemd.test\0\0\0\0\6\1s\0\34\0\0\0org.freedesktop.systemd."..., iov_len=144}, {iov_base="\n\0\0\0\5\0\0\0hallo\0", iov_len=14}], msg_iovlen=2, msg_controllen=0, msg_flags=0}, MSG_DONTWAIT|MSG_NOSIGNAL <unfinished ...>
1467  <... ppoll resumed>)              = 1 ([{fd=3, revents=POLLIN}])
1462  <... sendmsg resumed>)            = 158
1467  writev(2, [{iov_base="Loop!", iov_len=5}, {iov_base="\n", iov_len=1}], 2 <unfinished ...>
1462  recvmsg(4,  <unfinished ...>
1467  <... writev resumed>)             = 6
1462  <... recvmsg resumed>{msg_namelen=0}, MSG_DONTWAIT|MSG_CMSG_CLOEXEC) = -1 EAGAIN (Resource temporarily unavailable)
1467  recvmsg(3,  <unfinished ...>
1462  ppoll([{fd=4, events=POLLIN}], 1, {tv_sec=24, tv_nsec=999189000}, NULL, 8 <unfinished ...>
1467  <... recvmsg resumed>{msg_name=NULL, msg_namelen=0, msg_iov=[{iov_base="l\1\0\1\16\0\0\0\5\0\0\0\200\0\0\0\1\1o\0\4\0\0\0", iov_len=24}], msg_iovlen=1, msg_controllen=0, msg_flags=MSG_CMSG_CLOEXEC}, MSG_DONTWAIT|MSG_CMSG_CLOEXEC) = 24
1467  recvmsg(3, {msg_name=NULL, msg_namelen=0, msg_iov=[{iov_base="/foo\0\0\0\0\3\1s\0\16\0\0\0AlterSomething\0\0\2\1s\0\34\0\0\0org.freedesktop.systemd.test\0\0\0\0\6\1s\0\34\0\0\0org.freedesktop.systemd.test\0\0\0\0\10\1g\0\2as\0\n\0\0\0\5\0\0\0"..., iov_len=134}], msg_iovlen=1, msg_controllen=0, msg_flags=MSG_CMSG_CLOEXEC}, MSG_DONTWAIT|MSG_CMSG_CLOEXEC) = 134
1467  getuid()                          = 0
1467  sendmsg(3, {msg_name=NULL, msg_namelen=0, msg_iov=[{iov_base="l\3\1\1a\0\0\0\6\0\0\0?\0\0\0\5\1u\0\5\0\0\0\4\1s\0&\0\0\0org.freedesktop.DBus.Error.InvalidArgs\0\0\10\1g\0\1s\0\0", iov_len=80}, {iov_base="\\\0\0\0Invalid arguments 'as' to call org.freedesktop.systemd.test.AlterSomething(), expecting 's'.\0", iov_len=97}], msg_iovlen=2, msg_controllen=0, msg_flags=0}, MSG_DONTWAIT|MSG_NOSIGNAL) = 177
1462  <... ppoll resumed>)              = 1 ([{fd=4, revents=POLLIN}], left {tv_sec=24, tv_nsec=997797135})
1467  writev(2, [{iov_base="Loop!", iov_len=5}, {iov_base="\n", iov_len=1}], 2 <unfinished ...>
1462  recvmsg(4,  <unfinished ...>
1467  <... writev resumed>)             = 6
1462  <... recvmsg resumed>{msg_name=NULL, msg_namelen=0, msg_iov=[{iov_base="l\3\1\1a\0\0\0\6\0\0\0?\0\0\0\5\1u\0\5\0\0\0", iov_len=24}], msg_iovlen=1, msg_controllen=0, msg_flags=MSG_CMSG_CLOEXEC}, MSG_DONTWAIT|MSG_CMSG_CLOEXEC) = 24
1467  recvmsg(3,  <unfinished ...>
1462  recvmsg(4,  <unfinished ...>
1467  <... recvmsg resumed>{msg_namelen=0}, MSG_DONTWAIT|MSG_CMSG_CLOEXEC) = -1 EAGAIN (Resource temporarily unavailable)
1462  <... recvmsg resumed>{msg_name=NULL, msg_namelen=0, msg_iov=[{iov_base="\4\1s\0&\0\0\0org.freedesktop.DBus.Error.InvalidArgs\0\0\10\1g\0\1s\0\0\\\0\0\0Invalid arguments 'as' to call org.freedesktop.systemd.test.AlterSom"..., iov_len=153}], msg_iovlen=1, msg_controllen=0, msg_flags=MSG_CMSG_CLOEXEC}, MSG_DONTWAIT|MSG_CMSG_CLOEXEC) = 153
1467  ppoll([{fd=3, events=POLLIN}], 1, NULL, NULL, 8 <unfinished ...>
1462  sendmsg(4, {msg_name=NULL, msg_namelen=0, msg_iov=[{iov_base="l\1\0\0012\0\0\0\6\0\0\0x\0\0\0\1\1o\0\4\0\0\0/foo\0\0\0\0\3\1s\0\3\0\0\0Get\0\0\0\0\0\2\1s\0\37\0\0\0org.freedesktop.DBus.Properties\0\6\1s\0\34\0\0\0org.freedesktop.systemd.test\0\0\0\0"..., iov_len=136}, {iov_base="\34\0\0\0org.freedesktop.systemd.test\0\0\0\0\t\0\0\0Something\0", iov_len=50}], msg_iovlen=2, msg_controllen=0, msg_flags=0}, MSG_DONTWAIT|MSG_NOSIGNAL <unfinished ...>
1467  <... ppoll resumed>)              = 1 ([{fd=3, revents=POLLIN}])
1462  <... sendmsg resumed>)            = 186
1467  writev(2, [{iov_base="Loop!", iov_len=5}, {iov_base="\n", iov_len=1}], 2 <unfinished ...>
1462  recvmsg(4,  <unfinished ...>
1467  <... writev resumed>)             = 6
1462  <... recvmsg resumed>{msg_namelen=0}, MSG_DONTWAIT|MSG_CMSG_CLOEXEC) = -1 EAGAIN (Resource temporarily unavailable)
1467  recvmsg(3,  <unfinished ...>
1462  ppoll([{fd=4, events=POLLIN}], 1, {tv_sec=24, tv_nsec=999168000}, NULL, 8 <unfinished ...>
1467  <... recvmsg resumed>{msg_name=NULL, msg_namelen=0, msg_iov=[{iov_base="l\1\0\0012\0\0\0\6\0\0\0x\0\0\0\1\1o\0\4\0\0\0", iov_len=24}], msg_iovlen=1, msg_controllen=0, msg_flags=MSG_CMSG_CLOEXEC}, MSG_DONTWAIT|MSG_CMSG_CLOEXEC) = 24
1467  recvmsg(3, {msg_name=NULL, msg_namelen=0, msg_iov=[{iov_base="/foo\0\0\0\0\3\1s\0\3\0\0\0Get\0\0\0\0\0\2\1s\0\37\0\0\0org.freedesktop.DBus.Properties\0\6\1s\0\34\0\0\0org.freedesktop.systemd.test\0\0\0\0\10\1g\0\2ss\0\34\0\0\0org.freedesk"..., iov_len=162}], msg_iovlen=1, msg_controllen=0, msg_flags=MSG_CMSG_CLOEXEC}, MSG_DONTWAIT|MSG_CMSG_CLOEXEC) = 162
1467  writev(2, [{iov_base="property get for Something called, returning \"<<<hallo>>>\".", iov_len=59}, {iov_base="\n", iov_len=1}], 2) = 60
1467  sendmsg(3, {msg_name=NULL, msg_namelen=0, msg_iov=[{iov_base="l\2\1\1\24\0\0\0\7\0\0\0\17\0\0\0\5\1u\0\6\0\0\0\10\1g\0\1v\0\0", iov_len=32}, {iov_base="\1s\0\0\v\0\0\0<<<hallo>>>\0", iov_len=20}], msg_iovlen=2, msg_controllen=0, msg_flags=0}, MSG_DONTWAIT|MSG_NOSIGNAL) = 52
1462  <... ppoll resumed>)              = 1 ([{fd=4, revents=POLLIN}], left {tv_sec=24, tv_nsec=997609138})
1467  writev(2, [{iov_base="Loop!", iov_len=5}, {iov_base="\n", iov_len=1}], 2 <unfinished ...>
1462  recvmsg(4,  <unfinished ...>
1467  <... writev resumed>)             = 6
1462  <... recvmsg resumed>{msg_name=NULL, msg_namelen=0, msg_iov=[{iov_base="l\2\1\1\24\0\0\0\7\0\0\0\17\0\0\0\5\1u\0\6\0\0\0", iov_len=24}], msg_iovlen=1, msg_controllen=0, msg_flags=MSG_CMSG_CLOEXEC}, MSG_DONTWAIT|MSG_CMSG_CLOEXEC) = 24
1467  recvmsg(3,  <unfinished ...>
1462  recvmsg(4,  <unfinished ...>
1467  <... recvmsg resumed>{msg_namelen=0}, MSG_DONTWAIT|MSG_CMSG_CLOEXEC) = -1 EAGAIN (Resource temporarily unavailable)
1462  <... recvmsg resumed>{msg_name=NULL, msg_namelen=0, msg_iov=[{iov_base="\10\1g\0\1v\0\0\1s\0\0\v\0\0\0<<<hallo>>>\0", iov_len=28}], msg_iovlen=1, msg_controllen=0, msg_flags=MSG_CMSG_CLOEXEC}, MSG_DONTWAIT|MSG_CMSG_CLOEXEC) = 28
1467  ppoll([{fd=3, events=POLLIN}], 1, NULL, NULL, 8 <unfinished ...>
1462  sendmsg(4, {msg_name=NULL, msg_namelen=0, msg_iov=[{iov_base="l\1\0\1A\0\0\0\7\0\0\0y\0\0\0\1\1o\0\4\0\0\0/foo\0\0\0\0\3\1s\0\3\0\0\0Set\0\0\0\0\0\2\1s\0\37\0\0\0org.freedesktop.DBus.Properties\0\6\1s\0\34\0\0\0org.freedesktop.systemd.test\0\0\0\0"..., iov_len=144}, {iov_base="\34\0\0\0org.freedesktop.systemd.test\0\0\0\0\t\0\0\0Something\0\1s\0\0\0\0\4\0\0\0test\0", iov_len=65}], msg_iovlen=2, msg_controllen=0, msg_flags=0}, MSG_DONTWAIT|MSG_NOSIGNAL <unfinished ...>
1467  <... ppoll resumed>)              = 1 ([{fd=3, revents=POLLIN}])
1462  <... sendmsg resumed>)            = 209
1467  writev(2, [{iov_base="Loop!", iov_len=5}, {iov_base="\n", iov_len=1}], 2 <unfinished ...>
1462  recvmsg(4,  <unfinished ...>
1467  <... writev resumed>)             = 6
1462  <... recvmsg resumed>{msg_namelen=0}, MSG_DONTWAIT|MSG_CMSG_CLOEXEC) = -1 EAGAIN (Resource temporarily unavailable)
1467  recvmsg(3,  <unfinished ...>
1462  ppoll([{fd=4, events=POLLIN}], 1, {tv_sec=24, tv_nsec=999151000}, NULL, 8 <unfinished ...>
1467  <... recvmsg resumed>{msg_name=NULL, msg_namelen=0, msg_iov=[{iov_base="l\1\0\1A\0\0\0\7\0\0\0y\0\0\0\1\1o\0\4\0\0\0", iov_len=24}], msg_iovlen=1, msg_controllen=0, msg_flags=MSG_CMSG_CLOEXEC}, MSG_DONTWAIT|MSG_CMSG_CLOEXEC) = 24
1467  recvmsg(3, {msg_name=NULL, msg_namelen=0, msg_iov=[{iov_base="/foo\0\0\0\0\3\1s\0\3\0\0\0Set\0\0\0\0\0\2\1s\0\37\0\0\0org.freedesktop.DBus.Properties\0\6\1s\0\34\0\0\0org.freedesktop.systemd.test\0\0\0\0\10\1g\0\3ssv\0\0\0\0\0\0\0\0\34\0\0\0org."..., iov_len=185}], msg_iovlen=1, msg_controllen=0, msg_flags=MSG_CMSG_CLOEXEC}, MSG_DONTWAIT|MSG_CMSG_CLOEXEC) = 185
1467  getuid()                          = 0
1467  writev(2, [{iov_base="property set for Something called", iov_len=33}, {iov_base="\n", iov_len=1}], 2) = 34
1467  sendmsg(3, {msg_name=NULL, msg_namelen=0, msg_iov=[{iov_base="l\2\1\1\0\0\0\0\10\0\0\0\10\0\0\0\5\1u\0\7\0\0\0", iov_len=24}], msg_iovlen=1, msg_controllen=0, msg_flags=0}, MSG_DONTWAIT|MSG_NOSIGNAL) = 24
1462  <... ppoll resumed>)              = 1 ([{fd=4, revents=POLLIN}], left {tv_sec=24, tv_nsec=997062900})
1467  writev(2, [{iov_base="Loop!", iov_len=5}, {iov_base="\n", iov_len=1}], 2 <unfinished ...>
1462  recvmsg(4,  <unfinished ...>
1467  <... writev resumed>)             = 6
1462  <... recvmsg resumed>{msg_name=NULL, msg_namelen=0, msg_iov=[{iov_base="l\2\1\1\0\0\0\0\10\0\0\0\10\0\0\0\5\1u\0\7\0\0\0", iov_len=24}], msg_iovlen=1, msg_controllen=0, msg_flags=MSG_CMSG_CLOEXEC}, MSG_DONTWAIT|MSG_CMSG_CLOEXEC) = 24
1467  recvmsg(3,  <unfinished ...>
1462  sendmsg(4, {msg_name=NULL, msg_namelen=0, msg_iov=[{iov_base="l\1\0\0012\0\0\0\10\0\0\0x\0\0\0\1\1o\0\4\0\0\0/foo\0\0\0\0\3\1s\0\3\0\0\0Get\0\0\0\0\0\2\1s\0\37\0\0\0org.freedesktop.DBus.Properties\0\6\1s\0\34\0\0\0org.freedesktop.systemd.test\0\0\0\0"..., iov_len=136}, {iov_base="\34\0\0\0org.freedesktop.systemd.test\0\0\0\0\t\0\0\0Something\0", iov_len=50}], msg_iovlen=2, msg_controllen=0, msg_flags=0}, MSG_DONTWAIT|MSG_NOSIGNAL <unfinished ...>
1467  <... recvmsg resumed>{msg_namelen=0}, MSG_DONTWAIT|MSG_CMSG_CLOEXEC) = -1 EAGAIN (Resource temporarily unavailable)
1462  <... sendmsg resumed>)            = 186
1467  ppoll([{fd=3, events=POLLIN}], 1, NULL, NULL, 8 <unfinished ...>
1462  recvmsg(4,  <unfinished ...>
1467  <... ppoll resumed>)              = 1 ([{fd=3, revents=POLLIN}])
1462  <... recvmsg resumed>{msg_namelen=0}, MSG_DONTWAIT|MSG_CMSG_CLOEXEC) = -1 EAGAIN (Resource temporarily unavailable)
1467  writev(2, [{iov_base="Loop!", iov_len=5}, {iov_base="\n", iov_len=1}], 2 <unfinished ...>
1462  ppoll([{fd=4, events=POLLIN}], 1, {tv_sec=24, tv_nsec=999313000}, NULL, 8 <unfinished ...>
1467  <... writev resumed>)             = 6
1467  recvmsg(3, {msg_name=NULL, msg_namelen=0, msg_iov=[{iov_base="l\1\0\0012\0\0\0\10\0\0\0x\0\0\0\1\1o\0\4\0\0\0", iov_len=24}], msg_iovlen=1, msg_controllen=0, msg_flags=MSG_CMSG_CLOEXEC}, MSG_DONTWAIT|MSG_CMSG_CLOEXEC) = 24
1467  recvmsg(3, {msg_name=NULL, msg_namelen=0, msg_iov=[{iov_base="/foo\0\0\0\0\3\1s\0\3\0\0\0Get\0\0\0\0\0\2\1s\0\37\0\0\0org.freedesktop.DBus.Properties\0\6\1s\0\34\0\0\0org.freedesktop.systemd.test\0\0\0\0\10\1g\0\2ss\0\34\0\0\0org.freedesk"..., iov_len=162}], msg_iovlen=1, msg_controllen=0, msg_flags=MSG_CMSG_CLOEXEC}, MSG_DONTWAIT|MSG_CMSG_CLOEXEC) = 162
1467  writev(2, [{iov_base="property get for Something called, returning \"test\".", iov_len=52}, {iov_base="\n", iov_len=1}], 2) = 53
1467  sendmsg(3, {msg_name=NULL, msg_namelen=0, msg_iov=[{iov_base="l\2\1\1\r\0\0\0\t\0\0\0\17\0\0\0\5\1u\0\10\0\0\0\10\1g\0\1v\0\0", iov_len=32}, {iov_base="\1s\0\0\4\0\0\0test\0", iov_len=13}], msg_iovlen=2, msg_controllen=0, msg_flags=0}, MSG_DONTWAIT|MSG_NOSIGNAL) = 45
1462  <... ppoll resumed>)              = 1 ([{fd=4, revents=POLLIN}], left {tv_sec=24, tv_nsec=997307456})
1467  writev(2, [{iov_base="Loop!", iov_len=5}, {iov_base="\n", iov_len=1}], 2 <unfinished ...>
1462  recvmsg(4,  <unfinished ...>
1467  <... writev resumed>)             = 6
1462  <... recvmsg resumed>{msg_name=NULL, msg_namelen=0, msg_iov=[{iov_base="l\2\1\1\r\0\0\0\t\0\0\0\17\0\0\0\5\1u\0\10\0\0\0", iov_len=24}], msg_iovlen=1, msg_controllen=0, msg_flags=MSG_CMSG_CLOEXEC}, MSG_DONTWAIT|MSG_CMSG_CLOEXEC) = 24
1467  recvmsg(3,  <unfinished ...>
1462  recvmsg(4,  <unfinished ...>
1467  <... recvmsg resumed>{msg_namelen=0}, MSG_DONTWAIT|MSG_CMSG_CLOEXEC) = -1 EAGAIN (Resource temporarily unavailable)
1462  <... recvmsg resumed>{msg_name=NULL, msg_namelen=0, msg_iov=[{iov_base="\10\1g\0\1v\0\0\1s\0\0\4\0\0\0test\0", iov_len=21}], msg_iovlen=1, msg_controllen=0, msg_flags=MSG_CMSG_CLOEXEC}, MSG_DONTWAIT|MSG_CMSG_CLOEXEC) = 21
1467  ppoll([{fd=3, events=POLLIN}], 1, NULL, NULL, 8 <unfinished ...>
1462  sendmsg(4, {msg_name=NULL, msg_namelen=0, msg_iov=[{iov_base="l\1\0\1H\0\0\0\t\0\0\0y\0\0\0\1\1o\0\4\0\0\0/foo\0\0\0\0\3\1s\0\3\0\0\0Set\0\0\0\0\0\2\1s\0\37\0\0\0org.freedesktop.DBus.Properties\0\6\1s\0\34\0\0\0org.freedesktop.systemd.test\0\0\0\0"..., iov_len=144}, {iov_base="\34\0\0\0org.freedesktop.systemd.test\0\0\0\0\30\0\0\0AutomaticIntegerProperty\0\1u\0/\3\0\0", iov_len=72}], msg_iovlen=2, msg_controllen=0, msg_flags=0}, MSG_DONTWAIT|MSG_NOSIGNAL <unfinished ...>
1467  <... ppoll resumed>)              = 1 ([{fd=3, revents=POLLIN}])
1462  <... sendmsg resumed>)            = 216
1467  writev(2, [{iov_base="Loop!", iov_len=5}, {iov_base="\n", iov_len=1}], 2 <unfinished ...>
1462  recvmsg(4,  <unfinished ...>
1467  <... writev resumed>)             = 6
1462  <... recvmsg resumed>{msg_namelen=0}, MSG_DONTWAIT|MSG_CMSG_CLOEXEC) = -1 EAGAIN (Resource temporarily unavailable)
1467  recvmsg(3,  <unfinished ...>
1462  ppoll([{fd=4, events=POLLIN}], 1, {tv_sec=24, tv_nsec=999176000}, NULL, 8 <unfinished ...>
1467  <... recvmsg resumed>{msg_name=NULL, msg_namelen=0, msg_iov=[{iov_base="l\1\0\1H\0\0\0\t\0\0\0y\0\0\0\1\1o\0\4\0\0\0", iov_len=24}], msg_iovlen=1, msg_controllen=0, msg_flags=MSG_CMSG_CLOEXEC}, MSG_DONTWAIT|MSG_CMSG_CLOEXEC) = 24
1467  recvmsg(3, {msg_name=NULL, msg_namelen=0, msg_iov=[{iov_base="/foo\0\0\0\0\3\1s\0\3\0\0\0Set\0\0\0\0\0\2\1s\0\37\0\0\0org.freedesktop.DBus.Properties\0\6\1s\0\34\0\0\0org.freedesktop.systemd.test\0\0\0\0\10\1g\0\3ssv\0\0\0\0\0\0\0\0\34\0\0\0org."..., iov_len=192}], msg_iovlen=1, msg_controllen=0, msg_flags=MSG_CMSG_CLOEXEC}, MSG_DONTWAIT|MSG_CMSG_CLOEXEC) = 192
1467  getuid()                          = 0
1467  sendmsg(3, {msg_name=NULL, msg_namelen=0, msg_iov=[{iov_base="l\2\1\1\0\0\0\0\n\0\0\0\10\0\0\0\5\1u\0\t\0\0\0", iov_len=24}], msg_iovlen=1, msg_controllen=0, msg_flags=0}, MSG_DONTWAIT|MSG_NOSIGNAL) = 24
1462  <... ppoll resumed>)              = 1 ([{fd=4, revents=POLLIN}], left {tv_sec=24, tv_nsec=997789495})
1467  writev(2, [{iov_base="Loop!", iov_len=5}, {iov_base="\n", iov_len=1}], 2 <unfinished ...>
1462  recvmsg(4,  <unfinished ...>
1467  <... writev resumed>)             = 6
1462  <... recvmsg resumed>{msg_name=NULL, msg_namelen=0, msg_iov=[{iov_base="l\2\1\1\0\0\0\0\n\0\0\0\10\0\0\0\5\1u\0\t\0\0\0", iov_len=24}], msg_iovlen=1, msg_controllen=0, msg_flags=MSG_CMSG_CLOEXEC}, MSG_DONTWAIT|MSG_CMSG_CLOEXEC) = 24
1467  recvmsg(3,  <unfinished ...>
1462  sendmsg(4, {msg_name=NULL, msg_namelen=0, msg_iov=[{iov_base="l\1\0\1W\0\0\0\n\0\0\0y\0\0\0\1\1o\0\4\0\0\0/foo\0\0\0\0\3\1s\0\3\0\0\0Set\0\0\0\0\0\2\1s\0\37\0\0\0org.freedesktop.DBus.Properties\0\6\1s\0\34\0\0\0org.freedesktop.systemd.test\0\0\0\0"..., iov_len=144}, {iov_base="\34\0\0\0org.freedesktop.systemd.test\0\0\0\0\27\0\0\0AutomaticStringProperty\0\1s\0\0\16\0\0\0Du D\303\266del, Du!\0", iov_len=87}], msg_iovlen=2, msg_controllen=0, msg_flags=0}, MSG_DONTWAIT|MSG_NOSIGNAL <unfinished ...>
1467  <... recvmsg resumed>{msg_namelen=0}, MSG_DONTWAIT|MSG_CMSG_CLOEXEC) = -1 EAGAIN (Resource temporarily unavailable)
1462  <... sendmsg resumed>)            = 231
1467  ppoll([{fd=3, events=POLLIN}], 1, NULL, NULL, 8 <unfinished ...>
1462  recvmsg(4,  <unfinished ...>
1467  <... ppoll resumed>)              = 1 ([{fd=3, revents=POLLIN}])
1462  <... recvmsg resumed>{msg_namelen=0}, MSG_DONTWAIT|MSG_CMSG_CLOEXEC) = -1 EAGAIN (Resource temporarily unavailable)
1467  writev(2, [{iov_base="Loop!", iov_len=5}, {iov_base="\n", iov_len=1}], 2 <unfinished ...>
1462  ppoll([{fd=4, events=POLLIN}], 1, {tv_sec=24, tv_nsec=999259000}, NULL, 8 <unfinished ...>
1467  <... writev resumed>)             = 6
1467  recvmsg(3, {msg_name=NULL, msg_namelen=0, msg_iov=[{iov_base="l\1\0\1W\0\0\0\n\0\0\0y\0\0\0\1\1o\0\4\0\0\0", iov_len=24}], msg_iovlen=1, msg_controllen=0, msg_flags=MSG_CMSG_CLOEXEC}, MSG_DONTWAIT|MSG_CMSG_CLOEXEC) = 24
1467  recvmsg(3, {msg_name=NULL, msg_namelen=0, msg_iov=[{iov_base="/foo\0\0\0\0\3\1s\0\3\0\0\0Set\0\0\0\0\0\2\1s\0\37\0\0\0org.freedesktop.DBus.Properties\0\6\1s\0\34\0\0\0org.freedesktop.systemd.test\0\0\0\0\10\1g\0\3ssv\0\0\0\0\0\0\0\0\34\0\0\0org."..., iov_len=207}], msg_iovlen=1, msg_controllen=0, msg_flags=MSG_CMSG_CLOEXEC}, MSG_DONTWAIT|MSG_CMSG_CLOEXEC) = 207
1467  getuid()                          = 0
1467  sendmsg(3, {msg_name=NULL, msg_namelen=0, msg_iov=[{iov_base="l\2\1\1\0\0\0\0\v\0\0\0\10\0\0\0\5\1u\0\n\0\0\0", iov_len=24}], msg_iovlen=1, msg_controllen=0, msg_flags=0}, MSG_DONTWAIT|MSG_NOSIGNAL) = 24
1462  <... ppoll resumed>)              = 1 ([{fd=4, revents=POLLIN}], left {tv_sec=24, tv_nsec=997354776})
1467  writev(2, [{iov_base="Loop!", iov_len=5}, {iov_base="\n", iov_len=1}], 2 <unfinished ...>
1462  recvmsg(4,  <unfinished ...>
1467  <... writev resumed>)             = 6
1462  <... recvmsg resumed>{msg_name=NULL, msg_namelen=0, msg_iov=[{iov_base="l\2\1\1\0\0\0\0\v\0\0\0\10\0\0\0\5\1u\0\n\0\0\0", iov_len=24}], msg_iovlen=1, msg_controllen=0, msg_flags=MSG_CMSG_CLOEXEC}, MSG_DONTWAIT|MSG_CMSG_CLOEXEC) = 24
1467  recvmsg(3,  <unfinished ...>
1462  sendmsg(4, {msg_name=NULL, msg_namelen=0, msg_iov=[{iov_base="l\1\0\1\0\0\0\0\v\0\0\0}\0\0\0\1\1o\0\4\0\0\0/foo\0\0\0\0\3\1s\0\n\0\0\0Introspect\0\0\0\0\0\0\2\1s\0#\0\0\0org.freedesktop.DBus.Introspectable\0\0\0\0\0\6\1s\0\34\0\0\0org.freedesktop."..., iov_len=144}], msg_iovlen=1, msg_controllen=0, msg_flags=0}, MSG_DONTWAIT|MSG_NOSIGNAL <unfinished ...>
1467  <... recvmsg resumed>{msg_namelen=0}, MSG_DONTWAIT|MSG_CMSG_CLOEXEC) = -1 EAGAIN (Resource temporarily unavailable)
1462  <... sendmsg resumed>)            = 144
1467  ppoll([{fd=3, events=POLLIN}], 1, NULL, NULL, 8 <unfinished ...>
1462  recvmsg(4,  <unfinished ...>
1467  <... ppoll resumed>)              = 1 ([{fd=3, revents=POLLIN}])
1462  <... recvmsg resumed>{msg_namelen=0}, MSG_DONTWAIT|MSG_CMSG_CLOEXEC) = -1 EAGAIN (Resource temporarily unavailable)
1467  writev(2, [{iov_base="Loop!", iov_len=5}, {iov_base="\n", iov_len=1}], 2 <unfinished ...>
1462  ppoll([{fd=4, events=POLLIN}], 1, {tv_sec=24, tv_nsec=999237000}, NULL, 8 <unfinished ...>
1467  <... writev resumed>)             = 6
1467  recvmsg(3, {msg_name=NULL, msg_namelen=0, msg_iov=[{iov_base="l\1\0\1\0\0\0\0\v\0\0\0}\0\0\0\1\1o\0\4\0\0\0", iov_len=24}], msg_iovlen=1, msg_controllen=0, msg_flags=MSG_CMSG_CLOEXEC}, MSG_DONTWAIT|MSG_CMSG_CLOEXEC) = 24
1467  recvmsg(3, {msg_name=NULL, msg_namelen=0, msg_iov=[{iov_base="/foo\0\0\0\0\3\1s\0\n\0\0\0Introspect\0\0\0\0\0\0\2\1s\0#\0\0\0org.freedesktop.DBus.Introspectable\0\0\0\0\0\6\1s\0\34\0\0\0org.freedesktop.systemd.test\0\0\0\0", iov_len=120}], msg_iovlen=1, msg_controllen=0, msg_flags=MSG_CMSG_CLOEXEC}, MSG_DONTWAIT|MSG_CMSG_CLOEXEC) = 120
1467  sendmsg(3, {msg_name=NULL, msg_namelen=0, msg_iov=[{iov_base="l\2\1\18\22\0\0\f\0\0\0\17\0\0\0\5\1u\0\v\0\0\0\10\1g\0\1s\0\0", iov_len=32}, {iov_base="3\22\0\0<!DOCTYPE node PUBLIC \"-//freedesktop//DTD D-BUS Object Introspection 1.0//EN\"\n\"http://www.freedesktop.org/standards/dbus/1."..., iov_len=4664}], msg_iovlen=2, msg_controllen=0, msg_flags=0}, MSG_DONTWAIT|MSG_NOSIGNAL) = 4696
1462  <... ppoll resumed>)              = 1 ([{fd=4, revents=POLLIN}], left {tv_sec=24, tv_nsec=997725510})
1467  writev(2, [{iov_base="Loop!", iov_len=5}, {iov_base="\n", iov_len=1}], 2 <unfinished ...>
1462  recvmsg(4,  <unfinished ...>
1467  <... writev resumed>)             = 6
1462  <... recvmsg resumed>{msg_name=NULL, msg_namelen=0, msg_iov=[{iov_base="l\2\1\18\22\0\0\f\0\0\0\17\0\0\0\5\1u\0\v\0\0\0", iov_len=24}], msg_iovlen=1, msg_controllen=0, msg_flags=MSG_CMSG_CLOEXEC}, MSG_DONTWAIT|MSG_CMSG_CLOEXEC) = 24
1467  recvmsg(3,  <unfinished ...>
1462  recvmsg(4,  <unfinished ...>
1467  <... recvmsg resumed>{msg_namelen=0}, MSG_DONTWAIT|MSG_CMSG_CLOEXEC) = -1 EAGAIN (Resource temporarily unavailable)
1462  <... recvmsg resumed>{msg_name=NULL, msg_namelen=0, msg_iov=[{iov_base="\10\1g\0\1s\0\0003\22\0\0<!DOCTYPE node PUBLIC \"-//freedesktop//DTD D-BUS Object Introspection 1.0//EN\"\n\"http://www.freedesktop.org/standards"..., iov_len=4672}], msg_iovlen=1, msg_controllen=0, msg_flags=MSG_CMSG_CLOEXEC}, MSG_DONTWAIT|MSG_CMSG_CLOEXEC) = 4672
1467  ppoll([{fd=3, events=POLLIN}], 1, NULL, NULL, 8 <unfinished ...>
1462  newfstatat(1, "", {st_mode=S_IFREG|0777, st_size=0, ...}, AT_EMPTY_PATH) = 0
1462  write(1, "<!DOCTYPE node PUBLIC \"-//freedesktop//DTD D-BUS Object Introspection 1.0//EN\"\n\"http://www.freedesktop.org/standards/dbus/1.0/in"..., 4096) = 4096
1462  sendmsg(4, {msg_name=NULL, msg_namelen=0, msg_iov=[{iov_base="l\1\0\1\0\0\0\0\f\0\0\0}\0\0\0\1\1o\0\4\0\0\0/foo\0\0\0\0\3\1s\0\n\0\0\0Introspect\0\0\0\0\0\0\2\1s\0#\0\0\0org.freedesktop.DBus.Introspectable\0\0\0\0\0\6\1s\0\34\0\0\0org.freedesktop."..., iov_len=144}], msg_iovlen=1, msg_controllen=0, msg_flags=0}, MSG_DONTWAIT|MSG_NOSIGNAL <unfinished ...>
1467  <... ppoll resumed>)              = 1 ([{fd=3, revents=POLLIN}])
1462  <... sendmsg resumed>)            = 144
1467  writev(2, [{iov_base="Loop!", iov_len=5}, {iov_base="\n", iov_len=1}], 2 <unfinished ...>
1462  recvmsg(4,  <unfinished ...>
1467  <... writev resumed>)             = 6
1462  <... recvmsg resumed>{msg_namelen=0}, MSG_DONTWAIT|MSG_CMSG_CLOEXEC) = -1 EAGAIN (Resource temporarily unavailable)
1467  recvmsg(3,  <unfinished ...>
1462  ppoll([{fd=4, events=POLLIN}], 1, {tv_sec=24, tv_nsec=999123000}, NULL, 8 <unfinished ...>
1467  <... recvmsg resumed>{msg_name=NULL, msg_namelen=0, msg_iov=[{iov_base="l\1\0\1\0\0\0\0\f\0\0\0}\0\0\0\1\1o\0\4\0\0\0", iov_len=24}], msg_iovlen=1, msg_controllen=0, msg_flags=MSG_CMSG_CLOEXEC}, MSG_DONTWAIT|MSG_CMSG_CLOEXEC) = 24
1467  recvmsg(3, {msg_name=NULL, msg_namelen=0, msg_iov=[{iov_base="/foo\0\0\0\0\3\1s\0\n\0\0\0Introspect\0\0\0\0\0\0\2\1s\0#\0\0\0org.freedesktop.DBus.Introspectable\0\0\0\0\0\6\1s\0\34\0\0\0org.freedesktop.systemd.test\0\0\0\0", iov_len=120}], msg_iovlen=1, msg_controllen=0, msg_flags=MSG_CMSG_CLOEXEC}, MSG_DONTWAIT|MSG_CMSG_CLOEXEC) = 120
1467  sendmsg(3, {msg_name=NULL, msg_namelen=0, msg_iov=[{iov_base="l\2\1\18\22\0\0\r\0\0\0\17\0\0\0\5\1u\0\f\0\0\0\10\1g\0\1s\0\0", iov_len=32}, {iov_base="3\22\0\0<!DOCTYPE node PUBLIC \"-//freedesktop//DTD D-BUS Object Introspection 1.0//EN\"\n\"http://www.freedesktop.org/standards/dbus/1."..., iov_len=4664}], msg_iovlen=2, msg_controllen=0, msg_flags=0}, MSG_DONTWAIT|MSG_NOSIGNAL) = 4696
1462  <... ppoll resumed>)              = 1 ([{fd=4, revents=POLLIN}], left {tv_sec=24, tv_nsec=998117890})
1467  writev(2, [{iov_base="Loop!", iov_len=5}, {iov_base="\n", iov_len=1}], 2 <unfinished ...>
1462  recvmsg(4,  <unfinished ...>
1467  <... writev resumed>)             = 6
1462  <... recvmsg resumed>{msg_name=NULL, msg_namelen=0, msg_iov=[{iov_base="l\2\1\18\22\0\0\r\0\0\0\17\0\0\0\5\1u\0\f\0\0\0", iov_len=24}], msg_iovlen=1, msg_controllen=0, msg_flags=MSG_CMSG_CLOEXEC}, MSG_DONTWAIT|MSG_CMSG_CLOEXEC) = 24
1467  recvmsg(3,  <unfinished ...>
1462  recvmsg(4,  <unfinished ...>
1467  <... recvmsg resumed>{msg_namelen=0}, MSG_DONTWAIT|MSG_CMSG_CLOEXEC) = -1 EAGAIN (Resource temporarily unavailable)
1462  <... recvmsg resumed>{msg_name=NULL, msg_namelen=0, msg_iov=[{iov_base="\10\1g\0\1s\0\0003\22\0\0<!DOCTYPE node PUBLIC \"-//freedesktop//DTD D-BUS Object Introspection 1.0//EN\"\n\"http://www.freedesktop.org/standards"..., iov_len=4672}], msg_iovlen=1, msg_controllen=0, msg_flags=MSG_CMSG_CLOEXEC}, MSG_DONTWAIT|MSG_CMSG_CLOEXEC) = 4672
1467  ppoll([{fd=3, events=POLLIN}], 1, NULL, NULL, 8 <unfinished ...>
1462  write(1, "ktop.systemd1.Privileged\" value=\"true\"/>\n  </method>\n  <method name=\"EmitInterfacesAdded\">\n   <annotation name=\"org.freedesktop."..., 4096) = 4096
1462  sendmsg(4, {msg_name=NULL, msg_namelen=0, msg_iov=[{iov_base="l\1\0\0012\0\0\0\r\0\0\0\200\0\0\0\1\1o\0\v\0\0\0/value/xuzz\0\0\0\0\0\3\1s\0\3\0\0\0Get\0\0\0\0\0\2\1s\0\37\0\0\0org.freedesktop.DBus.Properties\0\6\1s\0\34\0\0\0org.freedesktop.systemd."..., iov_len=144}, {iov_base="!\0\0\0org.freedesktop.systemd.ValueTest\0\0\0\5\0\0\0Value\0", iov_len=50}], msg_iovlen=2, msg_controllen=0, msg_flags=0}, MSG_DONTWAIT|MSG_NOSIGNAL <unfinished ...>
1467  <... ppoll resumed>)              = 1 ([{fd=3, revents=POLLIN}])
1462  <... sendmsg resumed>)            = 194
1467  writev(2, [{iov_base="Loop!", iov_len=5}, {iov_base="\n", iov_len=1}], 2 <unfinished ...>
1462  recvmsg(4,  <unfinished ...>
1467  <... writev resumed>)             = 6
1462  <... recvmsg resumed>{msg_namelen=0}, MSG_DONTWAIT|MSG_CMSG_CLOEXEC) = -1 EAGAIN (Resource temporarily unavailable)
1467  recvmsg(3,  <unfinished ...>
1462  ppoll([{fd=4, events=POLLIN}], 1, {tv_sec=24, tv_nsec=999211000}, NULL, 8 <unfinished ...>
1467  <... recvmsg resumed>{msg_name=NULL, msg_namelen=0, msg_iov=[{iov_base="l\1\0\0012\0\0\0\r\0\0\0\200\0\0\0\1\1o\0\v\0\0\0", iov_len=24}], msg_iovlen=1, msg_controllen=0, msg_flags=MSG_CMSG_CLOEXEC}, MSG_DONTWAIT|MSG_CMSG_CLOEXEC) = 24
1467  recvmsg(3, {msg_name=NULL, msg_namelen=0, msg_iov=[{iov_base="/value/xuzz\0\0\0\0\0\3\1s\0\3\0\0\0Get\0\0\0\0\0\2\1s\0\37\0\0\0org.freedesktop.DBus.Properties\0\6\1s\0\34\0\0\0org.freedesktop.systemd.test\0\0\0\0\10\1g\0\2ss\0!\0\0\0org."..., iov_len=170}], msg_iovlen=1, msg_controllen=0, msg_flags=MSG_CMSG_CLOEXEC}, MSG_DONTWAIT|MSG_CMSG_CLOEXEC) = 170
1467  sendmsg(3, {msg_name=NULL, msg_namelen=0, msg_iov=[{iov_base="l\2\1\1&\0\0\0\16\0\0\0\17\0\0\0\5\1u\0\r\0\0\0\10\1g\0\1v\0\0", iov_len=32}, {iov_base="\1s\0\0\35\0\0\0object 0x1e, path /value/xuzz\0", iov_len=38}], msg_iovlen=2, msg_controllen=0, msg_flags=0}, MSG_DONTWAIT|MSG_NOSIGNAL) = 70
1462  <... ppoll resumed>)              = 1 ([{fd=4, revents=POLLIN}], left {tv_sec=24, tv_nsec=998251674})
1467  writev(2, [{iov_base="Loop!", iov_len=5}, {iov_base="\n", iov_len=1}], 2 <unfinished ...>
1462  recvmsg(4,  <unfinished ...>
1467  <... writev resumed>)             = 6
1462  <... recvmsg resumed>{msg_name=NULL, msg_namelen=0, msg_iov=[{iov_base="l\2\1\1&\0\0\0\16\0\0\0\17\0\0\0\5\1u\0\r\0\0\0", iov_len=24}], msg_iovlen=1, msg_controllen=0, msg_flags=MSG_CMSG_CLOEXEC}, MSG_DONTWAIT|MSG_CMSG_CLOEXEC) = 24
1467  recvmsg(3,  <unfinished ...>
1462  recvmsg(4,  <unfinished ...>
1467  <... recvmsg resumed>{msg_namelen=0}, MSG_DONTWAIT|MSG_CMSG_CLOEXEC) = -1 EAGAIN (Resource temporarily unavailable)
1462  <... recvmsg resumed>{msg_name=NULL, msg_namelen=0, msg_iov=[{iov_base="\10\1g\0\1v\0\0\1s\0\0\35\0\0\0object 0x1e, path /value/xuzz\0", iov_len=46}], msg_iovlen=1, msg_controllen=0, msg_flags=MSG_CMSG_CLOEXEC}, MSG_DONTWAIT|MSG_CMSG_CLOEXEC) = 46
1467  ppoll([{fd=3, events=POLLIN}], 1, NULL, NULL, 8 <unfinished ...>
1462  writev(2, [{iov_base="read object 0x1e, path /value/xuzz", iov_len=34}, {iov_base="\n", iov_len=1}], 2) = 35
1462  sendmsg(4, {msg_name=NULL, msg_namelen=0, msg_iov=[{iov_base="l\1\0\1\0\0\0\0\16\0\0\0}\0\0\0\1\1o\0\1\0\0\0/\0\0\0\0\0\0\0\3\1s\0\n\0\0\0Introspect\0\0\0\0\0\0\2\1s\0#\0\0\0org.freedesktop.DBus.Introspectable\0\0\0\0\0\6\1s\0\34\0\0\0org.freedesktop."..., iov_len=144}], msg_iovlen=1, msg_controllen=0, msg_flags=0}, MSG_DONTWAIT|MSG_NOSIGNAL) = 144
1467  <... ppoll resumed>)              = 1 ([{fd=3, revents=POLLIN}])
1462  recvmsg(4,  <unfinished ...>
1467  writev(2, [{iov_base="Loop!", iov_len=5}, {iov_base="\n", iov_len=1}], 2 <unfinished ...>
1462  <... recvmsg resumed>{msg_namelen=0}, MSG_DONTWAIT|MSG_CMSG_CLOEXEC) = -1 EAGAIN (Resource temporarily unavailable)
1467  <... writev resumed>)             = 6
1462  ppoll([{fd=4, events=POLLIN}], 1, {tv_sec=24, tv_nsec=999160000}, NULL, 8 <unfinished ...>
1467  recvmsg(3, {msg_name=NULL, msg_namelen=0, msg_iov=[{iov_base="l\1\0\1\0\0\0\0\16\0\0\0}\0\0\0\1\1o\0\1\0\0\0", iov_len=24}], msg_iovlen=1, msg_controllen=0, msg_flags=MSG_CMSG_CLOEXEC}, MSG_DONTWAIT|MSG_CMSG_CLOEXEC) = 24
1467  recvmsg(3, {msg_name=NULL, msg_namelen=0, msg_iov=[{iov_base="/\0\0\0\0\0\0\0\3\1s\0\n\0\0\0Introspect\0\0\0\0\0\0\2\1s\0#\0\0\0org.freedesktop.DBus.Introspectable\0\0\0\0\0\6\1s\0\34\0\0\0org.freedesktop.systemd.test\0\0\0\0", iov_len=120}], msg_iovlen=1, msg_controllen=0, msg_flags=MSG_CMSG_CLOEXEC}, MSG_DONTWAIT|MSG_CMSG_CLOEXEC) = 120
1467  sendmsg(3, {msg_name=NULL, msg_namelen=0, msg_iov=[{iov_base="l\2\1\0015\5\0\0\17\0\0\0\17\0\0\0\5\1u\0\16\0\0\0\10\1g\0\1s\0\0", iov_len=32}, {iov_base="0\5\0\0<!DOCTYPE node PUBLIC \"-//freedesktop//DTD D-BUS Object Introspection 1.0//EN\"\n\"http://www.freedesktop.org/standards/dbus/1."..., iov_len=1333}], msg_iovlen=2, msg_controllen=0, msg_flags=0}, MSG_DONTWAIT|MSG_NOSIGNAL) = 1365
1462  <... ppoll resumed>)              = 1 ([{fd=4, revents=POLLIN}], left {tv_sec=24, tv_nsec=997922661})
1467  writev(2, [{iov_base="Loop!", iov_len=5}, {iov_base="\n", iov_len=1}], 2 <unfinished ...>
1462  recvmsg(4,  <unfinished ...>
1467  <... writev resumed>)             = 6
1462  <... recvmsg resumed>{msg_name=NULL, msg_namelen=0, msg_iov=[{iov_base="l\2\1\0015\5\0\0\17\0\0\0\17\0\0\0\5\1u\0\16\0\0\0", iov_len=24}], msg_iovlen=1, msg_controllen=0, msg_flags=MSG_CMSG_CLOEXEC}, MSG_DONTWAIT|MSG_CMSG_CLOEXEC) = 24
1467  recvmsg(3,  <unfinished ...>
1462  recvmsg(4,  <unfinished ...>
1467  <... recvmsg resumed>{msg_namelen=0}, MSG_DONTWAIT|MSG_CMSG_CLOEXEC) = -1 EAGAIN (Resource temporarily unavailable)
1462  <... recvmsg resumed>{msg_name=NULL, msg_namelen=0, msg_iov=[{iov_base="\10\1g\0\1s\0\0000\5\0\0<!DOCTYPE node PUBLIC \"-//freedesktop//DTD D-BUS Object Introspection 1.0//EN\"\n\"http://www.freedesktop.org/standards"..., iov_len=1341}], msg_iovlen=1, msg_controllen=0, msg_flags=MSG_CMSG_CLOEXEC}, MSG_DONTWAIT|MSG_CMSG_CLOEXEC) = 1341
1467  ppoll([{fd=3, events=POLLIN}], 1, NULL, NULL, 8 <unfinished ...>
1462  sendmsg(4, {msg_name=NULL, msg_namelen=0, msg_iov=[{iov_base="l\1\0\1\0\0\0\0\17\0\0\0}\0\0\0\1\1o\0\6\0\0\0/value\0\0\3\1s\0\n\0\0\0Introspect\0\0\0\0\0\0\2\1s\0#\0\0\0org.freedesktop.DBus.Introspectable\0\0\0\0\0\6\1s\0\34\0\0\0org.freedesktop."..., iov_len=144}], msg_iovlen=1, msg_controllen=0, msg_flags=0}, MSG_DONTWAIT|MSG_NOSIGNAL <unfinished ...>
1467  <... ppoll resumed>)              = 1 ([{fd=3, revents=POLLIN}])
1462  <... sendmsg resumed>)            = 144
1467  writev(2, [{iov_base="Loop!", iov_len=5}, {iov_base="\n", iov_len=1}], 2 <unfinished ...>
1462  recvmsg(4,  <unfinished ...>
1467  <... writev resumed>)             = 6
1462  <... recvmsg resumed>{msg_namelen=0}, MSG_DONTWAIT|MSG_CMSG_CLOEXEC) = -1 EAGAIN (Resource temporarily unavailable)
1467  recvmsg(3,  <unfinished ...>
1462  ppoll([{fd=4, events=POLLIN}], 1, {tv_sec=24, tv_nsec=999169000}, NULL, 8 <unfinished ...>
1467  <... recvmsg resumed>{msg_name=NULL, msg_namelen=0, msg_iov=[{iov_base="l\1\0\1\0\0\0\0\17\0\0\0}\0\0\0\1\1o\0\6\0\0\0", iov_len=24}], msg_iovlen=1, msg_controllen=0, msg_flags=MSG_CMSG_CLOEXEC}, MSG_DONTWAIT|MSG_CMSG_CLOEXEC) = 24
1467  recvmsg(3, {msg_name=NULL, msg_namelen=0, msg_iov=[{iov_base="/value\0\0\3\1s\0\n\0\0\0Introspect\0\0\0\0\0\0\2\1s\0#\0\0\0org.freedesktop.DBus.Introspectable\0\0\0\0\0\6\1s\0\34\0\0\0org.freedesktop.systemd.test\0\0\0\0", iov_len=120}], msg_iovlen=1, msg_controllen=0, msg_flags=MSG_CMSG_CLOEXEC}, MSG_DONTWAIT|MSG_CMSG_CLOEXEC) = 120
1467  sendmsg(3, {msg_name=NULL, msg_namelen=0, msg_iov=[{iov_base="l\2\1\1B\v\0\0\20\0\0\0\17\0\0\0\5\1u\0\17\0\0\0\10\1g\0\1s\0\0", iov_len=32}, {iov_base="=\v\0\0<!DOCTYPE node PUBLIC \"-//freedesktop//DTD D-BUS Object Introspection 1.0//EN\"\n\"http://www.freedesktop.org/standards/dbus/1."..., iov_len=2882}], msg_iovlen=2, msg_controllen=0, msg_flags=0}, MSG_DONTWAIT|MSG_NOSIGNAL) = 2914
1462  <... ppoll resumed>)              = 1 ([{fd=4, revents=POLLIN}], left {tv_sec=24, tv_nsec=998179754})
1467  writev(2, [{iov_base="Loop!", iov_len=5}, {iov_base="\n", iov_len=1}], 2 <unfinished ...>
1462  recvmsg(4,  <unfinished ...>
1467  <... writev resumed>)             = 6
1462  <... recvmsg resumed>{msg_name=NULL, msg_namelen=0, msg_iov=[{iov_base="l\2\1\1B\v\0\0\20\0\0\0\17\0\0\0\5\1u\0\17\0\0\0", iov_len=24}], msg_iovlen=1, msg_controllen=0, msg_flags=MSG_CMSG_CLOEXEC}, MSG_DONTWAIT|MSG_CMSG_CLOEXEC) = 24
1467  recvmsg(3,  <unfinished ...>
1462  recvmsg(4,  <unfinished ...>
1467  <... recvmsg resumed>{msg_namelen=0}, MSG_DONTWAIT|MSG_CMSG_CLOEXEC) = -1 EAGAIN (Resource temporarily unavailable)
1462  <... recvmsg resumed>{msg_name=NULL, msg_namelen=0, msg_iov=[{iov_base="\10\1g\0\1s\0\0=\v\0\0<!DOCTYPE node PUBLIC \"-//freedesktop//DTD D-BUS Object Introspection 1.0//EN\"\n\"http://www.freedesktop.org/standards"..., iov_len=2890}], msg_iovlen=1, msg_controllen=0, msg_flags=MSG_CMSG_CLOEXEC}, MSG_DONTWAIT|MSG_CMSG_CLOEXEC) = 2890
1467  ppoll([{fd=3, events=POLLIN}], 1, NULL, NULL, 8 <unfinished ...>
1462  write(1, "operty>\n  <property name=\"AutomaticStringProperty\" type=\"s\" access=\"readwrite\">\n   <annotation name=\"org.freedesktop.DBus.Proper"..., 4096) = 4096
1462  sendmsg(4, {msg_name=NULL, msg_namelen=0, msg_iov=[{iov_base="l\1\0\1\0\0\0\0\20\0\0\0\205\0\0\0\1\1o\0\10\0\0\0/value/a\0\0\0\0\0\0\0\0\3\1s\0\n\0\0\0Introspect\0\0\0\0\0\0\2\1s\0#\0\0\0org.freedesktop.DBus.Introspectable\0\0\0\0\0\6\1s\0\34\0\0\0org.free"..., iov_len=152}], msg_iovlen=1, msg_controllen=0, msg_flags=0}, MSG_DONTWAIT|MSG_NOSIGNAL <unfinished ...>
1467  <... ppoll resumed>)              = 1 ([{fd=3, revents=POLLIN}])
1462  <... sendmsg resumed>)            = 152
1467  writev(2, [{iov_base="Loop!", iov_len=5}, {iov_base="\n", iov_len=1}], 2 <unfinished ...>
1462  recvmsg(4,  <unfinished ...>
1467  <... writev resumed>)             = 6
1462  <... recvmsg resumed>{msg_namelen=0}, MSG_DONTWAIT|MSG_CMSG_CLOEXEC) = -1 EAGAIN (Resource temporarily unavailable)
1467  recvmsg(3,  <unfinished ...>
1462  ppoll([{fd=4, events=POLLIN}], 1, {tv_sec=24, tv_nsec=999150000}, NULL, 8 <unfinished ...>
1467  <... recvmsg resumed>{msg_name=NULL, msg_namelen=0, msg_iov=[{iov_base="l\1\0\1\0\0\0\0\20\0\0\0\205\0\0\0\1\1o\0\10\0\0\0", iov_len=24}], msg_iovlen=1, msg_controllen=0, msg_flags=MSG_CMSG_CLOEXEC}, MSG_DONTWAIT|MSG_CMSG_CLOEXEC) = 24
1467  recvmsg(3, {msg_name=NULL, msg_namelen=0, msg_iov=[{iov_base="/value/a\0\0\0\0\0\0\0\0\3\1s\0\n\0\0\0Introspect\0\0\0\0\0\0\2\1s\0#\0\0\0org.freedesktop.DBus.Introspectable\0\0\0\0\0\6\1s\0\34\0\0\0org.freedesktop.systemd.test\0\0\0\0", iov_len=128}], msg_iovlen=1, msg_controllen=0, msg_flags=MSG_CMSG_CLOEXEC}, MSG_DONTWAIT|MSG_CMSG_CLOEXEC) = 128
1467  sendmsg(3, {msg_name=NULL, msg_namelen=0, msg_iov=[{iov_base="l\2\1\1\37\7\0\0\21\0\0\0\17\0\0\0\5\1u\0\20\0\0\0\10\1g\0\1s\0\0", iov_len=32}, {iov_base="\32\7\0\0<!DOCTYPE node PUBLIC \"-//freedesktop//DTD D-BUS Object Introspection 1.0//EN\"\n\"http://www.freedesktop.org/standards/dbus/1."..., iov_len=1823}], msg_iovlen=2, msg_controllen=0, msg_flags=0}, MSG_DONTWAIT|MSG_NOSIGNAL) = 1855
1462  <... ppoll resumed>)              = 1 ([{fd=4, revents=POLLIN}], left {tv_sec=24, tv_nsec=998230874})
1467  writev(2, [{iov_base="Loop!", iov_len=5}, {iov_base="\n", iov_len=1}], 2 <unfinished ...>
1462  recvmsg(4,  <unfinished ...>
1467  <... writev resumed>)             = 6
1462  <... recvmsg resumed>{msg_name=NULL, msg_namelen=0, msg_iov=[{iov_base="l\2\1\1\37\7\0\0\21\0\0\0\17\0\0\0\5\1u\0\20\0\0\0", iov_len=24}], msg_iovlen=1, msg_controllen=0, msg_flags=MSG_CMSG_CLOEXEC}, MSG_DONTWAIT|MSG_CMSG_CLOEXEC) = 24
1467  recvmsg(3,  <unfinished ...>
1462  recvmsg(4,  <unfinished ...>
1467  <... recvmsg resumed>{msg_namelen=0}, MSG_DONTWAIT|MSG_CMSG_CLOEXEC) = -1 EAGAIN (Resource temporarily unavailable)
1462  <... recvmsg resumed>{msg_name=NULL, msg_namelen=0, msg_iov=[{iov_base="\10\1g\0\1s\0\0\32\7\0\0<!DOCTYPE node PUBLIC \"-//freedesktop//DTD D-BUS Object Introspection 1.0//EN\"\n\"http://www.freedesktop.org/standards"..., iov_len=1831}], msg_iovlen=1, msg_controllen=0, msg_flags=MSG_CMSG_CLOEXEC}, MSG_DONTWAIT|MSG_CMSG_CLOEXEC) = 1831
1467  ppoll([{fd=3, events=POLLIN}], 1, NULL, NULL, 8 <unfinished ...>
1462  sendmsg(4, {msg_name=NULL, msg_namelen=0, msg_iov=[{iov_base="l\1\0\1\5\0\0\0\21\0\0\0w\0\0\0\1\1o\0\4\0\0\0/foo\0\0\0\0\3\1s\0\6\0\0\0GetAll\0\0\2\1s\0\37\0\0\0org.freedesktop.DBus.Properties\0\6\1s\0\34\0\0\0org.freedesktop.systemd.test\0\0\0\0"..., iov_len=136}, {iov_base="\0\0\0\0\0", iov_len=5}], msg_iovlen=2, msg_controllen=0, msg_flags=0}, MSG_DONTWAIT|MSG_NOSIGNAL <unfinished ...>
1467  <... ppoll resumed>)              = 1 ([{fd=3, revents=POLLIN}])
1462  <... sendmsg resumed>)            = 141
1467  writev(2, [{iov_base="Loop!", iov_len=5}, {iov_base="\n", iov_len=1}], 2 <unfinished ...>
1462  recvmsg(4,  <unfinished ...>
1467  <... writev resumed>)             = 6
1462  <... recvmsg resumed>{msg_namelen=0}, MSG_DONTWAIT|MSG_CMSG_CLOEXEC) = -1 EAGAIN (Resource temporarily unavailable)
1467  recvmsg(3,  <unfinished ...>
1462  ppoll([{fd=4, events=POLLIN}], 1, {tv_sec=24, tv_nsec=999115000}, NULL, 8 <unfinished ...>
1467  <... recvmsg resumed>{msg_name=NULL, msg_namelen=0, msg_iov=[{iov_base="l\1\0\1\5\0\0\0\21\0\0\0w\0\0\0\1\1o\0\4\0\0\0", iov_len=24}], msg_iovlen=1, msg_controllen=0, msg_flags=MSG_CMSG_CLOEXEC}, MSG_DONTWAIT|MSG_CMSG_CLOEXEC) = 24
1467  recvmsg(3, {msg_name=NULL, msg_namelen=0, msg_iov=[{iov_base="/foo\0\0\0\0\3\1s\0\6\0\0\0GetAll\0\0\2\1s\0\37\0\0\0org.freedesktop.DBus.Properties\0\6\1s\0\34\0\0\0org.freedesktop.systemd.test\0\0\0\0\10\1g\0\1s\0\0\0\0\0\0\0", iov_len=117}], msg_iovlen=1, msg_controllen=0, msg_flags=MSG_CMSG_CLOEXEC}, MSG_DONTWAIT|MSG_CMSG_CLOEXEC) = 117
1467  writev(2, [{iov_base="property get for Something called, returning \"test\".", iov_len=52}, {iov_base="\n", iov_len=1}], 2) = 53
1467  writev(2, [{iov_base="property get for Something called, returning \"test\".", iov_len=52}, {iov_base="\n", iov_len=1}], 2) = 53
1467  sendmsg(3, {msg_name=NULL, msg_namelen=0, msg_iov=[{iov_base="l\2\1\1\4\1\0\0\22\0\0\0\23\0\0\0\5\1u\0\21\0\0\0\10\1g\0\5a{sv}\0\0\0\0\0\0", iov_len=40}, {iov_base="\374\0\0\0\0\0\0\0\t\0\0\0Something\0\1s\0\0\0\0\4\0\0\0test\0\0\0\0\27\0\0\0AutomaticStringProperty\0\1s\0\0\16\0\0\0Du D\303\266del, Du!\0\0\0\0\0\0\30\0\0\0AutomaticIntegerProperty\0\1u\0"..., iov_len=260}], msg_iovlen=2, msg_controllen=0, msg_flags=0}, MSG_DONTWAIT|MSG_NOSIGNAL) = 300
1462  <... ppoll resumed>)              = 1 ([{fd=4, revents=POLLIN}], left {tv_sec=24, tv_nsec=996673793})
1467  writev(2, [{iov_base="Loop!", iov_len=5}, {iov_base="\n", iov_len=1}], 2 <unfinished ...>
1462  recvmsg(4,  <unfinished ...>
1467  <... writev resumed>)             = 6
1462  <... recvmsg resumed>{msg_name=NULL, msg_namelen=0, msg_iov=[{iov_base="l\2\1\1\4\1\0\0\22\0\0\0\23\0\0\0\5\1u\0\21\0\0\0", iov_len=24}], msg_iovlen=1, msg_controllen=0, msg_flags=MSG_CMSG_CLOEXEC}, MSG_DONTWAIT|MSG_CMSG_CLOEXEC) = 24
1467  recvmsg(3,  <unfinished ...>
1462  recvmsg(4,  <unfinished ...>
1467  <... recvmsg resumed>{msg_namelen=0}, MSG_DONTWAIT|MSG_CMSG_CLOEXEC) = -1 EAGAIN (Resource temporarily unavailable)
1462  <... recvmsg resumed>{msg_name=NULL, msg_namelen=0, msg_iov=[{iov_base="\10\1g\0\5a{sv}\0\0\0\0\0\0\374\0\0\0\0\0\0\0\t\0\0\0Something\0\1s\0\0\0\0\4\0\0\0test\0\0\0\0\27\0\0\0AutomaticStringProperty\0\1s\0\0\16\0\0\0Du D\303\266del, Du!\0\0\0\0\0\0\30\0\0\0AutomaticInt"..., iov_len=276}], msg_iovlen=1, msg_controllen=0, msg_flags=MSG_CMSG_CLOEXEC}, MSG_DONTWAIT|MSG_CMSG_CLOEXEC) = 276
1467  ppoll([{fd=3, events=POLLIN}], 1, NULL, NULL, 8 <unfinished ...>
1462  openat(AT_FDCWD, "/usr/share/zoneinfo/America/Los_Angeles", O_RDONLY|O_CLOEXEC) = -1 ENOENT (No such file or directory)
1462  ioctl(1, TCGETS, 0x7ffdc3db5850)  = -1 ENOTTY (Inappropriate ioctl for device)
1462  write(1, "esRemoved\">\n   <arg type=\"o\" name=\"object_path\"/>\n   <arg type=\"as\" name=\"interfaces\"/>\n  </signal>\n </interface>\n <interface na"..., 4096) = 4096
1462  sendmsg(4, {msg_name=NULL, msg_namelen=0, msg_iov=[{iov_base="l\1\0\1'\0\0\0\22\0\0\0\177\0\0\0\1\1o\0\10\0\0\0/value/a\0\0\0\0\0\0\0\0\3\1s\0\6\0\0\0GetAll\0\0\2\1s\0\37\0\0\0org.freedesktop.DBus.Properties\0\6\1s\0\34\0\0\0org.freedesktop.systemd."..., iov_len=144}, {iov_base="\"\0\0\0org.freedesktop.systemd.ValueTest2\0", iov_len=39}], msg_iovlen=2, msg_controllen=0, msg_flags=0}, MSG_DONTWAIT|MSG_NOSIGNAL <unfinished ...>
1467  <... ppoll resumed>)              = 1 ([{fd=3, revents=POLLIN}])
1462  <... sendmsg resumed>)            = 183
1467  writev(2, [{iov_base="Loop!", iov_len=5}, {iov_base="\n", iov_len=1}], 2 <unfinished ...>
1462  recvmsg(4,  <unfinished ...>
1467  <... writev resumed>)             = 6
1462  <... recvmsg resumed>{msg_namelen=0}, MSG_DONTWAIT|MSG_CMSG_CLOEXEC) = -1 EAGAIN (Resource temporarily unavailable)
1467  recvmsg(3,  <unfinished ...>
1462  ppoll([{fd=4, events=POLLIN}], 1, {tv_sec=24, tv_nsec=999176000}, NULL, 8 <unfinished ...>
1467  <... recvmsg resumed>{msg_name=NULL, msg_namelen=0, msg_iov=[{iov_base="l\1\0\1'\0\0\0\22\0\0\0\177\0\0\0\1\1o\0\10\0\0\0", iov_len=24}], msg_iovlen=1, msg_controllen=0, msg_flags=MSG_CMSG_CLOEXEC}, MSG_DONTWAIT|MSG_CMSG_CLOEXEC) = 24
1467  recvmsg(3, {msg_name=NULL, msg_namelen=0, msg_iov=[{iov_base="/value/a\0\0\0\0\0\0\0\0\3\1s\0\6\0\0\0GetAll\0\0\2\1s\0\37\0\0\0org.freedesktop.DBus.Properties\0\6\1s\0\34\0\0\0org.freedesktop.systemd.test\0\0\0\0\10\1g\0\1s\0\0\"\0\0\0org."..., iov_len=159}], msg_iovlen=1, msg_controllen=0, msg_flags=MSG_CMSG_CLOEXEC}, MSG_DONTWAIT|MSG_CMSG_CLOEXEC) = 159
1467  sendmsg(3, {msg_name=NULL, msg_namelen=0, msg_iov=[{iov_base="l\3\1\1<\0\0\0\23\0\0\0G\0\0\0\5\1u\0\22\0\0\0\4\1s\0+\0\0\0org.freedesktop.DBus.Error.UnknownInterface\0\0\0\0\0\10\1g\0\1s\0\0", iov_len=88}, {iov_base="7\0\0\0Unknown interface 'org.freedesktop.systemd.ValueTest2'.\0", iov_len=60}], msg_iovlen=2, msg_controllen=0, msg_flags=0}, MSG_DONTWAIT|MSG_NOSIGNAL) = 148
1462  <... ppoll resumed>)              = 1 ([{fd=4, revents=POLLIN}], left {tv_sec=24, tv_nsec=998220172})
1467  writev(2, [{iov_base="Loop!", iov_len=5}, {iov_base="\n", iov_len=1}], 2 <unfinished ...>
1462  recvmsg(4,  <unfinished ...>
1467  <... writev resumed>)             = 6
1462  <... recvmsg resumed>{msg_name=NULL, msg_namelen=0, msg_iov=[{iov_base="l\3\1\1<\0\0\0\23\0\0\0G\0\0\0\5\1u\0\22\0\0\0", iov_len=24}], msg_iovlen=1, msg_controllen=0, msg_flags=MSG_CMSG_CLOEXEC}, MSG_DONTWAIT|MSG_CMSG_CLOEXEC) = 24
1467  recvmsg(3,  <unfinished ...>
1462  recvmsg(4,  <unfinished ...>
1467  <... recvmsg resumed>{msg_namelen=0}, MSG_DONTWAIT|MSG_CMSG_CLOEXEC) = -1 EAGAIN (Resource temporarily unavailable)
1462  <... recvmsg resumed>{msg_name=NULL, msg_namelen=0, msg_iov=[{iov_base="\4\1s\0+\0\0\0org.freedesktop.DBus.Error.UnknownInterface\0\0\0\0\0\10\1g\0\1s\0\0007\0\0\0Unknown interface 'org.freedesktop.systemd.ValueTest2'.\0", iov_len=124}], msg_iovlen=1, msg_controllen=0, msg_flags=MSG_CMSG_CLOEXEC}, MSG_DONTWAIT|MSG_CMSG_CLOEXEC) = 124
1467  ppoll([{fd=3, events=POLLIN}], 1, NULL, NULL, 8 <unfinished ...>
1462  sendmsg(4, {msg_name=NULL, msg_namelen=0, msg_iov=[{iov_base="l\1\0\1\0\0\0\0\23\0\0\0\205\0\0\0\1\1o\0\4\0\0\0/foo\0\0\0\0\3\1s\0\21\0\0\0GetManagedObjects\0\0\0\0\0\0\0\2\1s\0\"\0\0\0org.freedesktop.DBus.ObjectManager\0\0\0\0\0\0\6\1s\0\34\0\0\0org.free"..., iov_len=152}], msg_iovlen=1, msg_controllen=0, msg_flags=0}, MSG_DONTWAIT|MSG_NOSIGNAL <unfinished ...>
1467  <... ppoll resumed>)              = 1 ([{fd=3, revents=POLLIN}])
1462  <... sendmsg resumed>)            = 152
1467  writev(2, [{iov_base="Loop!", iov_len=5}, {iov_base="\n", iov_len=1}], 2 <unfinished ...>
1462  recvmsg(4,  <unfinished ...>
1467  <... writev resumed>)             = 6
1462  <... recvmsg resumed>{msg_namelen=0}, MSG_DONTWAIT|MSG_CMSG_CLOEXEC) = -1 EAGAIN (Resource temporarily unavailable)
1467  recvmsg(3,  <unfinished ...>
1462  ppoll([{fd=4, events=POLLIN}], 1, {tv_sec=24, tv_nsec=999200000}, NULL, 8 <unfinished ...>
1467  <... recvmsg resumed>{msg_name=NULL, msg_namelen=0, msg_iov=[{iov_base="l\1\0\1\0\0\0\0\23\0\0\0\205\0\0\0\1\1o\0\4\0\0\0", iov_len=24}], msg_iovlen=1, msg_controllen=0, msg_flags=MSG_CMSG_CLOEXEC}, MSG_DONTWAIT|MSG_CMSG_CLOEXEC) = 24
1467  recvmsg(3, {msg_name=NULL, msg_namelen=0, msg_iov=[{iov_base="/foo\0\0\0\0\3\1s\0\21\0\0\0GetManagedObjects\0\0\0\0\0\0\0\2\1s\0\"\0\0\0org.freedesktop.DBus.ObjectManager\0\0\0\0\0\0\6\1s\0\34\0\0\0org.freedesktop.systemd.test\0\0\0\0", iov_len=128}], msg_iovlen=1, msg_controllen=0, msg_flags=MSG_CMSG_CLOEXEC}, MSG_DONTWAIT|MSG_CMSG_CLOEXEC) = 128
1467  sendmsg(3, {msg_name=NULL, msg_namelen=0, msg_iov=[{iov_base="l\3\1\1V\0\0\0\24\0\0\0G\0\0\0\5\1u\0\23\0\0\0\4\1s\0(\0\0\0org.freedesktop.DBus.Error.UnknownMethod\0\0\0\0\0\0\0\0\10\1g\0\1s\0\0", iov_len=88}, {iov_base="Q\0\0\0Unknown method GetManagedObjects or interface org.freedesktop.DBus.ObjectManager.\0", iov_len=86}], msg_iovlen=2, msg_controllen=0, msg_flags=0}, MSG_DONTWAIT|MSG_NOSIGNAL) = 174
1462  <... ppoll resumed>)              = 1 ([{fd=4, revents=POLLIN}], left {tv_sec=24, tv_nsec=998230684})
1467  writev(2, [{iov_base="Loop!", iov_len=5}, {iov_base="\n", iov_len=1}], 2 <unfinished ...>
1462  recvmsg(4,  <unfinished ...>
1467  <... writev resumed>)             = 6
1462  <... recvmsg resumed>{msg_name=NULL, msg_namelen=0, msg_iov=[{iov_base="l\3\1\1V\0\0\0\24\0\0\0G\0\0\0\5\1u\0\23\0\0\0", iov_len=24}], msg_iovlen=1, msg_controllen=0, msg_flags=MSG_CMSG_CLOEXEC}, MSG_DONTWAIT|MSG_CMSG_CLOEXEC) = 24
1467  recvmsg(3,  <unfinished ...>
1462  recvmsg(4,  <unfinished ...>
1467  <... recvmsg resumed>{msg_namelen=0}, MSG_DONTWAIT|MSG_CMSG_CLOEXEC) = -1 EAGAIN (Resource temporarily unavailable)
1462  <... recvmsg resumed>{msg_name=NULL, msg_namelen=0, msg_iov=[{iov_base="\4\1s\0(\0\0\0org.freedesktop.DBus.Error.UnknownMethod\0\0\0\0\0\0\0\0\10\1g\0\1s\0\0Q\0\0\0Unknown method GetManagedObjects or interface org.freedeskto"..., iov_len=150}], msg_iovlen=1, msg_controllen=0, msg_flags=MSG_CMSG_CLOEXEC}, MSG_DONTWAIT|MSG_CMSG_CLOEXEC) = 150
1467  ppoll([{fd=3, events=POLLIN}], 1, NULL, NULL, 8 <unfinished ...>
1462  sendmsg(4, {msg_name=NULL, msg_namelen=0, msg_iov=[{iov_base="l\1\0\1\0\0\0\0\24\0\0\0\205\0\0\0\1\1o\0\6\0\0\0/value\0\0\3\1s\0\21\0\0\0GetManagedObjects\0\0\0\0\0\0\0\2\1s\0\"\0\0\0org.freedesktop.DBus.ObjectManager\0\0\0\0\0\0\6\1s\0\34\0\0\0org.free"..., iov_len=152}], msg_iovlen=1, msg_controllen=0, msg_flags=0}, MSG_DONTWAIT|MSG_NOSIGNAL <unfinished ...>
1467  <... ppoll resumed>)              = 1 ([{fd=3, revents=POLLIN}])
1462  <... sendmsg resumed>)            = 152
1467  writev(2, [{iov_base="Loop!", iov_len=5}, {iov_base="\n", iov_len=1}], 2 <unfinished ...>
1462  recvmsg(4,  <unfinished ...>
1467  <... writev resumed>)             = 6
1462  <... recvmsg resumed>{msg_namelen=0}, MSG_DONTWAIT|MSG_CMSG_CLOEXEC) = -1 EAGAIN (Resource temporarily unavailable)
1467  recvmsg(3,  <unfinished ...>
1462  ppoll([{fd=4, events=POLLIN}], 1, {tv_sec=24, tv_nsec=999152000}, NULL, 8 <unfinished ...>
1467  <... recvmsg resumed>{msg_name=NULL, msg_namelen=0, msg_iov=[{iov_base="l\1\0\1\0\0\0\0\24\0\0\0\205\0\0\0\1\1o\0\6\0\0\0", iov_len=24}], msg_iovlen=1, msg_controllen=0, msg_flags=MSG_CMSG_CLOEXEC}, MSG_DONTWAIT|MSG_CMSG_CLOEXEC) = 24
1467  recvmsg(3, {msg_name=NULL, msg_namelen=0, msg_iov=[{iov_base="/value\0\0\3\1s\0\21\0\0\0GetManagedObjects\0\0\0\0\0\0\0\2\1s\0\"\0\0\0org.freedesktop.DBus.ObjectManager\0\0\0\0\0\0\6\1s\0\34\0\0\0org.freedesktop.systemd.test\0\0\0\0", iov_len=128}], msg_iovlen=1, msg_controllen=0, msg_flags=MSG_CMSG_CLOEXEC}, MSG_DONTWAIT|MSG_CMSG_CLOEXEC) = 128
1467  sendmsg(3, {msg_name=NULL, msg_namelen=0, msg_iov=[{iov_base="l\2\1\1/\5\0\0\25\0\0\0\33\0\0\0\5\1u\0\24\0\0\0\10\1g\0\ra{oa{sa{sv}}}\0\0\0\0\0\0", iov_len=48}, {iov_base="'\5\0\0\0\0\0\0\10\0\0\0/value/c\0\0\0\0\237\1\0\0\0\0\0\0\31\0\0\0org.freedesktop.DBus.Peer\0\0\0\0\0\0\0\0\0\0\0#\0\0\0org.freedesktop.DBus.Introspectable\0\0\0\0\0\0\0\0\0\37\0\0\0org."..., iov_len=1327}], msg_iovlen=2, msg_controllen=0, msg_flags=0}, MSG_DONTWAIT|MSG_NOSIGNAL) = 1375
1462  <... ppoll resumed>)              = 1 ([{fd=4, revents=POLLIN}], left {tv_sec=24, tv_nsec=998118030})
1467  writev(2, [{iov_base="Loop!", iov_len=5}, {iov_base="\n", iov_len=1}], 2 <unfinished ...>
1462  recvmsg(4,  <unfinished ...>
1467  <... writev resumed>)             = 6
1462  <... recvmsg resumed>{msg_name=NULL, msg_namelen=0, msg_iov=[{iov_base="l\2\1\1/\5\0\0\25\0\0\0\33\0\0\0\5\1u\0\24\0\0\0", iov_len=24}], msg_iovlen=1, msg_controllen=0, msg_flags=MSG_CMSG_CLOEXEC}, MSG_DONTWAIT|MSG_CMSG_CLOEXEC) = 24
1467  recvmsg(3,  <unfinished ...>
1462  recvmsg(4,  <unfinished ...>
1467  <... recvmsg resumed>{msg_namelen=0}, MSG_DONTWAIT|MSG_CMSG_CLOEXEC) = -1 EAGAIN (Resource temporarily unavailable)
1462  <... recvmsg resumed>{msg_name=NULL, msg_namelen=0, msg_iov=[{iov_base="\10\1g\0\ra{oa{sa{sv}}}\0\0\0\0\0\0'\5\0\0\0\0\0\0\10\0\0\0/value/c\0\0\0\0\237\1\0\0\0\0\0\0\31\0\0\0org.freedesktop.DBus.Peer\0\0\0\0\0\0\0\0\0\0\0#\0\0\0org.freedesktop.DBus.Introsp"..., iov_len=1351}], msg_iovlen=1, msg_controllen=0, msg_flags=MSG_CMSG_CLOEXEC}, MSG_DONTWAIT|MSG_CMSG_CLOEXEC) = 1351
1467  ppoll([{fd=3, events=POLLIN}], 1, NULL, NULL, 8 <unfinished ...>
1462  write(1, "                         };\n                  };\n                  DICT_ENTRY \"sv\" {\n                          STRING \"Automatic"..., 4096) = 4096
