1548  <... setsockopt resumed>)         = -1 EPERM (Operation not permitted)
1549  close(7 <unfinished ...>
1548  connect(8, {sa_family=AF_UNIX, sun_path="/dev/shm/systemd-watch-bind-DFLrJu/this/is/a/socket"}, 54 <unfinished ...>
1549  <... close resumed>)              = 0
1548  <... connect resumed>)            = -1 ENOENT (No such file or directory)
1549  inotify_add_watch(6, "/", IN_MOVED_TO|IN_CREATE <unfinished ...>
1548  close(8 <unfinished ...>
1549  <... inotify_add_watch resumed>)  = 1
1548  <... close resumed>)              = 0
1549  inotify_add_watch(6, "/dev", IN_ATTRIB|IN_MOVED_TO|IN_CREATE|IN_DELETE_SELF|IN_MOVE_SELF|IN_DONT_FOLLOW <unfinished ...>
1548  inotify_add_watch(3, "/", IN_MOVED_TO|IN_CREATE <unfinished ...>
1549  <... inotify_add_watch resumed>)  = 2
1548  <... inotify_add_watch resumed>)  = 1
1549  writev(2, [{iov_base="Added inotify watch for /dev on bus client2: 2", iov_len=46}, {iov_base="\n", iov_len=1}], 2 <unfinished ...>
1548  inotify_add_watch(3, "/dev", IN_ATTRIB|IN_MOVED_TO|IN_CREATE|IN_DELETE_SELF|IN_MOVE_SELF|IN_DONT_FOLLOW <unfinished ...>
1549  <... writev resumed>)             = 47
1548  <... inotify_add_watch resumed>)  = 2
1549  readlinkat(AT_FDCWD, "/dev",  <unfinished ...>
1548  writev(2, [{iov_base="Added inotify watch for /dev on bus client1: 2", iov_len=46}, {iov_base="\n", iov_len=1}], 2 <unfinished ...>
1549  <... readlinkat resumed>0x7f3cd4002750, 4096) = -1 EINVAL (Invalid argument)
1549  inotify_add_watch(6, "/dev/shm", IN_ATTRIB|IN_MOVED_TO|IN_CREATE|IN_DELETE_SELF|IN_MOVE_SELF|IN_DONT_FOLLOW <unfinished ...>
1548  <... writev resumed>)             = 47
1549  <... inotify_add_watch resumed>)  = 3
1548  readlinkat(AT_FDCWD, "/dev",  <unfinished ...>
1549  writev(2, [{iov_base="Added inotify watch for /dev/shm on bus client2: 3", iov_len=50}, {iov_base="\n", iov_len=1}], 2 <unfinished ...>
1548  <... readlinkat resumed>0x7f3cdc0019b0, 4096) = -1 EINVAL (Invalid argument)
1549  <... writev resumed>)             = 51
1548  inotify_add_watch(3, "/dev/shm", IN_ATTRIB|IN_MOVED_TO|IN_CREATE|IN_DELETE_SELF|IN_MOVE_SELF|IN_DONT_FOLLOW <unfinished ...>
1549  readlinkat(AT_FDCWD, "/dev/shm",  <unfinished ...>
1548  <... inotify_add_watch resumed>)  = 3
1549  <... readlinkat resumed>0x7f3cd4002750, 4096) = -1 EINVAL (Invalid argument)
1548  writev(2, [{iov_base="Added inotify watch for /dev/shm on bus client1: 3", iov_len=50}, {iov_base="\n", iov_len=1}], 2 <unfinished ...>
1549  inotify_add_watch(6, "/dev/shm/systemd-watch-bind-DFLrJu", IN_ATTRIB|IN_MOVED_TO|IN_CREATE|IN_DELETE_SELF|IN_MOVE_SELF|IN_DONT_FOLLOW <unfinished ...>
1548  <... writev resumed>)             = 51
1549  <... inotify_add_watch resumed>)  = 4
1548  readlinkat(AT_FDCWD, "/dev/shm",  <unfinished ...>
1549  writev(2, [{iov_base="Added inotify watch for /dev/shm/systemd-watch-bind-DFLrJu on bus client2: 4", iov_len=76}, {iov_base="\n", iov_len=1}], 2 <unfinished ...>
1548  <... readlinkat resumed>0x7f3cdc0019b0, 4096) = -1 EINVAL (Invalid argument)
1549  <... writev resumed>)             = 77
1548  inotify_add_watch(3, "/dev/shm/systemd-watch-bind-DFLrJu", IN_ATTRIB|IN_MOVED_TO|IN_CREATE|IN_DELETE_SELF|IN_MOVE_SELF|IN_DONT_FOLLOW <unfinished ...>
1549  readlinkat(AT_FDCWD, "/dev/shm/systemd-watch-bind-DFLrJu",  <unfinished ...>
1548  <... inotify_add_watch resumed>)  = 4
1549  <... readlinkat resumed>0x7f3cd4002750, 4096) = -1 EINVAL (Invalid argument)
1548  writev(2, [{iov_base="Added inotify watch for /dev/shm/systemd-watch-bind-DFLrJu on bus client1: 4", iov_len=76}, {iov_base="\n", iov_len=1}], 2 <unfinished ...>
1549  inotify_add_watch(6, "/dev/shm/systemd-watch-bind-DFLrJu/this", IN_ATTRIB|IN_MOVED_TO|IN_CREATE|IN_DELETE_SELF|IN_MOVE_SELF|IN_DONT_FOLLOW) = 5
1548  <... writev resumed>)             = 77
1549  writev(2, [{iov_base="Added inotify watch for /dev/shm/systemd-watch-bind-DFLrJu/this on bus client2: 5", iov_len=81}, {iov_base="\n", iov_len=1}], 2 <unfinished ...>
1548  readlinkat(AT_FDCWD, "/dev/shm/systemd-watch-bind-DFLrJu",  <unfinished ...>
1549  <... writev resumed>)             = 82
1548  <... readlinkat resumed>0x7f3cdc0019b0, 4096) = -1 EINVAL (Invalid argument)
1549  readlinkat(AT_FDCWD, "/dev/shm/systemd-watch-bind-DFLrJu/this",  <unfinished ...>
1548  inotify_add_watch(3, "/dev/shm/systemd-watch-bind-DFLrJu/this", IN_ATTRIB|IN_MOVED_TO|IN_CREATE|IN_DELETE_SELF|IN_MOVE_SELF|IN_DONT_FOLLOW <unfinished ...>
1549  <... readlinkat resumed>0x7f3cd4002750, 4096) = -1 EINVAL (Invalid argument)
1548  <... inotify_add_watch resumed>)  = 5
1549  inotify_add_watch(6, "/dev/shm/systemd-watch-bind-DFLrJu/this/is", IN_ATTRIB|IN_MOVED_TO|IN_CREATE|IN_DELETE_SELF|IN_MOVE_SELF|IN_DONT_FOLLOW <unfinished ...>
1548  writev(2, [{iov_base="Added inotify watch for /dev/shm/systemd-watch-bind-DFLrJu/this on bus client1: 5", iov_len=81}, {iov_base="\n", iov_len=1}], 2 <unfinished ...>
1549  <... inotify_add_watch resumed>)  = 6
1549  writev(2, [{iov_base="Added inotify watch for /dev/shm/systemd-watch-bind-DFLrJu/this/is on bus client2: 6", iov_len=84}, {iov_base="\n", iov_len=1}], 2 <unfinished ...>
1548  <... writev resumed>)             = 82
1549  <... writev resumed>)             = 85
1548  readlinkat(AT_FDCWD, "/dev/shm/systemd-watch-bind-DFLrJu/this",  <unfinished ...>
1549  readlinkat(AT_FDCWD, "/dev/shm/systemd-watch-bind-DFLrJu/this/is",  <unfinished ...>
1548  <... readlinkat resumed>0x7f3cdc0019b0, 4096) = -1 EINVAL (Invalid argument)
1549  <... readlinkat resumed>0x7f3cd4002750, 4096) = -1 EINVAL (Invalid argument)
1548  inotify_add_watch(3, "/dev/shm/systemd-watch-bind-DFLrJu/this/is", IN_ATTRIB|IN_MOVED_TO|IN_CREATE|IN_DELETE_SELF|IN_MOVE_SELF|IN_DONT_FOLLOW <unfinished ...>
1549  inotify_add_watch(6, "/dev/shm/systemd-watch-bind-DFLrJu/this/is/a", IN_ATTRIB|IN_MOVED_TO|IN_CREATE|IN_DELETE_SELF|IN_MOVE_SELF|IN_DONT_FOLLOW <unfinished ...>
1548  <... inotify_add_watch resumed>)  = 6
1549  <... inotify_add_watch resumed>)  = 8
1548  writev(2, [{iov_base="Added inotify watch for /dev/shm/systemd-watch-bind-DFLrJu/this/is on bus client1: 6", iov_len=84}, {iov_base="\n", iov_len=1}], 2 <unfinished ...>
1549  writev(2, [{iov_base="Added inotify watch for /dev/shm/systemd-watch-bind-DFLrJu/this/is/a on bus client2: 8", iov_len=86}, {iov_base="\n", iov_len=1}], 2 <unfinished ...>
1548  <... writev resumed>)             = 85
1549  <... writev resumed>)             = 87
1548  readlinkat(AT_FDCWD, "/dev/shm/systemd-watch-bind-DFLrJu/this/is",  <unfinished ...>
1549  readlinkat(AT_FDCWD, "/dev/shm/systemd-watch-bind-DFLrJu/this/is/a",  <unfinished ...>
1548  <... readlinkat resumed>0x7f3cdc0019b0, 4096) = -1 EINVAL (Invalid argument)
1549  <... readlinkat resumed>"/dev/shm/systemd-watch-bind-DFLrJu/this/is/a.a7a75adaea7bbf24", 4096) = 61
1548  inotify_add_watch(3, "/dev/shm/systemd-watch-bind-DFLrJu/this/is/a", IN_ATTRIB|IN_MOVED_TO|IN_CREATE|IN_DELETE_SELF|IN_MOVE_SELF|IN_DONT_FOLLOW <unfinished ...>
1549  inotify_add_watch(6, "/dev", IN_ATTRIB|IN_MOVED_TO|IN_CREATE|IN_DELETE_SELF|IN_MOVE_SELF|IN_DONT_FOLLOW <unfinished ...>
1548  <... inotify_add_watch resumed>)  = 8
1549  <... inotify_add_watch resumed>)  = 2
1548  writev(2, [{iov_base="Added inotify watch for /dev/shm/systemd-watch-bind-DFLrJu/this/is/a on bus client1: 8", iov_len=86}, {iov_base="\n", iov_len=1}], 2 <unfinished ...>
1549  writev(2, [{iov_base="Added inotify watch for /dev on bus client2: 2", iov_len=46}, {iov_base="\n", iov_len=1}], 2 <unfinished ...>
1548  <... writev resumed>)             = 87
1549  <... writev resumed>)             = 47
1548  readlinkat(AT_FDCWD, "/dev/shm/systemd-watch-bind-DFLrJu/this/is/a",  <unfinished ...>
1549  readlinkat(AT_FDCWD, "/dev",  <unfinished ...>
1548  <... readlinkat resumed>"/dev/shm/systemd-watch-bind-DFLrJu/this/is/a.a7a75adaea7bbf24", 4096) = 61
1549  <... readlinkat resumed>0x7f3cd4002750, 4096) = -1 EINVAL (Invalid argument)
1548  inotify_add_watch(3, "/dev", IN_ATTRIB|IN_MOVED_TO|IN_CREATE|IN_DELETE_SELF|IN_MOVE_SELF|IN_DONT_FOLLOW <unfinished ...>
1549  inotify_add_watch(6, "/dev/shm", IN_ATTRIB|IN_MOVED_TO|IN_CREATE|IN_DELETE_SELF|IN_MOVE_SELF|IN_DONT_FOLLOW <unfinished ...>
1548  <... inotify_add_watch resumed>)  = 2
1549  <... inotify_add_watch resumed>)  = 3
1548  writev(2, [{iov_base="Added inotify watch for /dev on bus client1: 2", iov_len=46}, {iov_base="\n", iov_len=1}], 2 <unfinished ...>
1549  writev(2, [{iov_base="Added inotify watch for /dev/shm on bus client2: 3", iov_len=50}, {iov_base="\n", iov_len=1}], 2 <unfinished ...>
1548  <... writev resumed>)             = 47
1549  <... writev resumed>)             = 51
1548  readlinkat(AT_FDCWD, "/dev",  <unfinished ...>
1549  readlinkat(AT_FDCWD, "/dev/shm",  <unfinished ...>
1548  <... readlinkat resumed>0x7f3cdc0019b0, 4096) = -1 EINVAL (Invalid argument)
1549  <... readlinkat resumed>0x7f3cd4002750, 4096) = -1 EINVAL (Invalid argument)
1548  inotify_add_watch(3, "/dev/shm", IN_ATTRIB|IN_MOVED_TO|IN_CREATE|IN_DELETE_SELF|IN_MOVE_SELF|IN_DONT_FOLLOW <unfinished ...>
1549  inotify_add_watch(6, "/dev/shm/systemd-watch-bind-DFLrJu", IN_ATTRIB|IN_MOVED_TO|IN_CREATE|IN_DELETE_SELF|IN_MOVE_SELF|IN_DONT_FOLLOW <unfinished ...>
1548  <... inotify_add_watch resumed>)  = 3
1549  <... inotify_add_watch resumed>)  = 4
1548  writev(2, [{iov_base="Added inotify watch for /dev/shm on bus client1: 3", iov_len=50}, {iov_base="\n", iov_len=1}], 2 <unfinished ...>
1549  writev(2, [{iov_base="Added inotify watch for /dev/shm/systemd-watch-bind-DFLrJu on bus client2: 4", iov_len=76}, {iov_base="\n", iov_len=1}], 2 <unfinished ...>
1548  <... writev resumed>)             = 51
1549  <... writev resumed>)             = 77
1548  readlinkat(AT_FDCWD, "/dev/shm",  <unfinished ...>
1549  readlinkat(AT_FDCWD, "/dev/shm/systemd-watch-bind-DFLrJu",  <unfinished ...>
1548  <... readlinkat resumed>0x7f3cdc0019b0, 4096) = -1 EINVAL (Invalid argument)
1549  <... readlinkat resumed>0x7f3cd4002750, 4096) = -1 EINVAL (Invalid argument)
1548  inotify_add_watch(3, "/dev/shm/systemd-watch-bind-DFLrJu", IN_ATTRIB|IN_MOVED_TO|IN_CREATE|IN_DELETE_SELF|IN_MOVE_SELF|IN_DONT_FOLLOW <unfinished ...>
1549  inotify_add_watch(6, "/dev/shm/systemd-watch-bind-DFLrJu/this", IN_ATTRIB|IN_MOVED_TO|IN_CREATE|IN_DELETE_SELF|IN_MOVE_SELF|IN_DONT_FOLLOW <unfinished ...>
1548  <... inotify_add_watch resumed>)  = 4
1549  <... inotify_add_watch resumed>)  = 5
1548  writev(2, [{iov_base="Added inotify watch for /dev/shm/systemd-watch-bind-DFLrJu on bus client1: 4", iov_len=76}, {iov_base="\n", iov_len=1}], 2 <unfinished ...>
1549  writev(2, [{iov_base="Added inotify watch for /dev/shm/systemd-watch-bind-DFLrJu/this on bus client2: 5", iov_len=81}, {iov_base="\n", iov_len=1}], 2 <unfinished ...>
1548  <... writev resumed>)             = 77
1549  <... writev resumed>)             = 82
1548  readlinkat(AT_FDCWD, "/dev/shm/systemd-watch-bind-DFLrJu",  <unfinished ...>
1549  readlinkat(AT_FDCWD, "/dev/shm/systemd-watch-bind-DFLrJu/this",  <unfinished ...>
1548  <... readlinkat resumed>0x7f3cdc0019b0, 4096) = -1 EINVAL (Invalid argument)
1549  <... readlinkat resumed>0x7f3cd4002750, 4096) = -1 EINVAL (Invalid argument)
1548  inotify_add_watch(3, "/dev/shm/systemd-watch-bind-DFLrJu/this", IN_ATTRIB|IN_MOVED_TO|IN_CREATE|IN_DELETE_SELF|IN_MOVE_SELF|IN_DONT_FOLLOW <unfinished ...>
1549  inotify_add_watch(6, "/dev/shm/systemd-watch-bind-DFLrJu/this/is", IN_ATTRIB|IN_MOVED_TO|IN_CREATE|IN_DELETE_SELF|IN_MOVE_SELF|IN_DONT_FOLLOW <unfinished ...>
1548  <... inotify_add_watch resumed>)  = 5
1549  <... inotify_add_watch resumed>)  = 6
1548  writev(2, [{iov_base="Added inotify watch for /dev/shm/systemd-watch-bind-DFLrJu/this on bus client1: 5", iov_len=81}, {iov_base="\n", iov_len=1}], 2 <unfinished ...>
1549  writev(2, [{iov_base="Added inotify watch for /dev/shm/systemd-watch-bind-DFLrJu/this/is on bus client2: 6", iov_len=84}, {iov_base="\n", iov_len=1}], 2 <unfinished ...>
1548  <... writev resumed>)             = 82
1549  <... writev resumed>)             = 85
1548  readlinkat(AT_FDCWD, "/dev/shm/systemd-watch-bind-DFLrJu/this",  <unfinished ...>
1549  readlinkat(AT_FDCWD, "/dev/shm/systemd-watch-bind-DFLrJu/this/is",  <unfinished ...>
1548  <... readlinkat resumed>0x7f3cdc0019b0, 4096) = -1 EINVAL (Invalid argument)
1549  <... readlinkat resumed>0x7f3cd4002750, 4096) = -1 EINVAL (Invalid argument)
1548  inotify_add_watch(3, "/dev/shm/systemd-watch-bind-DFLrJu/this/is", IN_ATTRIB|IN_MOVED_TO|IN_CREATE|IN_DELETE_SELF|IN_MOVE_SELF|IN_DONT_FOLLOW <unfinished ...>
1549  inotify_add_watch(6, "/dev/shm/systemd-watch-bind-DFLrJu/this/is/a.a7a75adaea7bbf24", IN_ATTRIB|IN_MOVED_TO|IN_CREATE|IN_DELETE_SELF|IN_MOVE_SELF|IN_DONT_FOLLOW <unfinished ...>
1548  <... inotify_add_watch resumed>)  = 6
1549  <... inotify_add_watch resumed>)  = -1 ENOENT (No such file or directory)
1548  writev(2, [{iov_base="Added inotify watch for /dev/shm/systemd-watch-bind-DFLrJu/this/is on bus client1: 6", iov_len=84}, {iov_base="\n", iov_len=1}], 2 <unfinished ...>
1549  writev(2, [{iov_base="Added inotify watch for /dev/shm/systemd-watch-bind-DFLrJu/this/is/a.a7a75adaea7bbf24 on bus client2: -1", iov_len=104}, {iov_base="\n", iov_len=1}], 2 <unfinished ...>
1548  <... writev resumed>)             = 85
1549  <... writev resumed>)             = 105
1548  readlinkat(AT_FDCWD, "/dev/shm/systemd-watch-bind-DFLrJu/this/is",  <unfinished ...>
1549  writev(2, [{iov_base="sd-bus: starting bus client2 by connecting to /dev/shm/systemd-watch-bind-DFLrJu/this/is/a/socket...", iov_len=100}, {iov_base="\n", iov_len=1}], 2 <unfinished ...>
1548  <... readlinkat resumed>0x7f3cdc0019b0, 4096) = -1 EINVAL (Invalid argument)
1549  <... writev resumed>)             = 101
1548  inotify_add_watch(3, "/dev/shm/systemd-watch-bind-DFLrJu/this/is/a.a7a75adaea7bbf24", IN_ATTRIB|IN_MOVED_TO|IN_CREATE|IN_DELETE_SELF|IN_MOVE_SELF|IN_DONT_FOLLOW <unfinished ...>
1549  socket(AF_UNIX, SOCK_STREAM|SOCK_CLOEXEC|SOCK_NONBLOCK, 0 <unfinished ...>
1548  <... inotify_add_watch resumed>)  = -1 ENOENT (No such file or directory)
1549  <... socket resumed>)             = 7
1548  writev(2, [{iov_base="Added inotify watch for /dev/shm/systemd-watch-bind-DFLrJu/this/is/a.a7a75adaea7bbf24 on bus client1: -1", iov_len=104}, {iov_base="\n", iov_len=1}], 2 <unfinished ...>
1549  getsockopt(7, SOL_SOCKET, SO_RCVBUF, [212992], [4]) = 0
1548  <... writev resumed>)             = 105
1549  setsockopt(7, SOL_SOCKET, SO_RCVBUF, [8388608], 4 <unfinished ...>
1548  writev(2, [{iov_base="sd-bus: starting bus client1 by connecting to /dev/shm/systemd-watch-bind-DFLrJu/this/is/a/socket...", iov_len=100}, {iov_base="\n", iov_len=1}], 2 <unfinished ...>
1549  <... setsockopt resumed>)         = 0
1549  getsockopt(7, SOL_SOCKET, SO_RCVBUF,  <unfinished ...>
1548  <... writev resumed>)             = 101
1549  <... getsockopt resumed>[425984], [4]) = 0
1548  socket(AF_UNIX, SOCK_STREAM|SOCK_CLOEXEC|SOCK_NONBLOCK, 0 <unfinished ...>
1549  setsockopt(7, SOL_SOCKET, SO_RCVBUFFORCE, [8388608], 4 <unfinished ...>
1548  <... socket resumed>)             = 8
1549  <... setsockopt resumed>)         = -1 EPERM (Operation not permitted)
1548  getsockopt(8, SOL_SOCKET, SO_RCVBUF,  <unfinished ...>
1549  getsockopt(7, SOL_SOCKET, SO_SNDBUF,  <unfinished ...>
1548  <... getsockopt resumed>[212992], [4]) = 0
1549  <... getsockopt resumed>[212992], [4]) = 0
1548  setsockopt(8, SOL_SOCKET, SO_RCVBUF, [8388608], 4 <unfinished ...>
1549  setsockopt(7, SOL_SOCKET, SO_SNDBUF, [8388608], 4 <unfinished ...>
1548  <... setsockopt resumed>)         = 0
1549  <... setsockopt resumed>)         = 0
1548  getsockopt(8, SOL_SOCKET, SO_RCVBUF,  <unfinished ...>
1549  getsockopt(7, SOL_SOCKET, SO_SNDBUF,  <unfinished ...>
1548  <... getsockopt resumed>[425984], [4]) = 0
1549  <... getsockopt resumed>[425984], [4]) = 0
1548  setsockopt(8, SOL_SOCKET, SO_RCVBUFFORCE, [8388608], 4 <unfinished ...>
1549  setsockopt(7, SOL_SOCKET, SO_SNDBUFFORCE, [8388608], 4 <unfinished ...>
1548  <... setsockopt resumed>)         = -1 EPERM (Operation not permitted)
1549  <... setsockopt resumed>)         = -1 EPERM (Operation not permitted)
1548  getsockopt(8, SOL_SOCKET, SO_SNDBUF,  <unfinished ...>
1549  connect(7, {sa_family=AF_UNIX, sun_path="/dev/shm/systemd-watch-bind-DFLrJu/this/is/a/socket"}, 54 <unfinished ...>
1548  <... getsockopt resumed>[212992], [4]) = 0
1549  <... connect resumed>)            = -1 ENOENT (No such file or directory)
1548  setsockopt(8, SOL_SOCKET, SO_SNDBUF, [8388608], 4 <unfinished ...>
1549  close(7 <unfinished ...>
1548  <... setsockopt resumed>)         = 0
1549  <... close resumed>)              = 0
1548  getsockopt(8, SOL_SOCKET, SO_SNDBUF,  <unfinished ...>
1549  epoll_wait(4,  <unfinished ...>
1548  <... getsockopt resumed>[425984], [4]) = 0
1548  setsockopt(8, SOL_SOCKET, SO_SNDBUFFORCE, [8388608], 4) = -1 EPERM (Operation not permitted)
1548  connect(8, {sa_family=AF_UNIX, sun_path="/dev/shm/systemd-watch-bind-DFLrJu/this/is/a/socket"}, 54) = -1 ENOENT (No such file or directory)
1548  close(8)                          = 0
1548  ppoll([{fd=3, events=POLLIN}], 1, {tv_sec=0, tv_nsec=0}, NULL, 8) = 0 (Timeout)
1548  ppoll([{fd=3, events=POLLIN}], 1, NULL, NULL, 8 <unfinished ...>
1547  <... clock_nanosleep resumed>NULL) = 0
1547  symlink("a.e8e5f44f8f771b1b", "/dev/shm/systemd-watch-bind-DFLrJu/this/is/a.a7a75adaea7bbf24" <unfinished ...>
1549  <... epoll_wait resumed>[{events=EPOLLIN, data={u32=3556777568, u64=139899231542880}}], 6, -1) = 1
1547  <... symlink resumed>)            = 0
1549  ppoll([{fd=6, events=POLLIN}], 1, {tv_sec=0, tv_nsec=0}, NULL, 8 <unfinished ...>
1548  <... ppoll resumed>)              = 1 ([{fd=3, revents=POLLIN}])
1549  <... ppoll resumed>)              = 1 ([{fd=6, revents=POLLIN}], left {tv_sec=0, tv_nsec=0})
1547  clock_nanosleep(CLOCK_REALTIME, 0, {tv_sec=0, tv_nsec=100000000},  <unfinished ...>
1549  read(6,  <unfinished ...>
1548  ppoll([{fd=3, events=POLLIN}], 1, {tv_sec=0, tv_nsec=0}, NULL, 8 <unfinished ...>
1549  <... read resumed>"\6\0\0\0\0\1\0\0\0\0\0\0 \0\0\0a.a7a75adaea7bbf24\0\0\0\0\0\0\0\0\0\0\0\0\0\0", 2048) = 48
1548  <... ppoll resumed>)              = 1 ([{fd=3, revents=POLLIN}], left {tv_sec=0, tv_nsec=0})
1549  ppoll([{fd=6, events=POLLIN}], 1, {tv_sec=0, tv_nsec=0}, NULL, 8 <unfinished ...>
1548  read(3,  <unfinished ...>
1549  <... ppoll resumed>)              = 0 (Timeout)
1548  <... read resumed>"\6\0\0\0\0\1\0\0\0\0\0\0 \0\0\0a.a7a75adaea7bbf24\0\0\0\0\0\0\0\0\0\0\0\0\0\0", 2048) = 48
1549  writev(2, [{iov_base="Got inotify event on bus client2.", iov_len=33}, {iov_base="\n", iov_len=1}], 2 <unfinished ...>
1548  ppoll([{fd=3, events=POLLIN}], 1, {tv_sec=0, tv_nsec=0}, NULL, 8 <unfinished ...>
1549  <... writev resumed>)             = 34
1548  <... ppoll resumed>)              = 0 (Timeout)
1549  writev(2, [{iov_base="sd-bus: starting bus client2 by connecting to /dev/shm/systemd-watch-bind-DFLrJu/this/is/a/socket...", iov_len=100}, {iov_base="\n", iov_len=1}], 2 <unfinished ...>
1548  writev(2, [{iov_base="Got inotify event on bus client1.", iov_len=33}, {iov_base="\n", iov_len=1}], 2 <unfinished ...>
1549  <... writev resumed>)             = 101
1549  socket(AF_UNIX, SOCK_STREAM|SOCK_CLOEXEC|SOCK_NONBLOCK, 0 <unfinished ...>
1548  <... writev resumed>)             = 34
1549  <... socket resumed>)             = 7
1548  writev(2, [{iov_base="sd-bus: starting bus client1 by connecting to /dev/shm/systemd-watch-bind-DFLrJu/this/is/a/socket...", iov_len=100}, {iov_base="\n", iov_len=1}], 2 <unfinished ...>
1549  getsockopt(7, SOL_SOCKET, SO_RCVBUF, [212992], [4]) = 0
1548  <... writev resumed>)             = 101
1549  setsockopt(7, SOL_SOCKET, SO_RCVBUF, [8388608], 4 <unfinished ...>
1548  socket(AF_UNIX, SOCK_STREAM|SOCK_CLOEXEC|SOCK_NONBLOCK, 0 <unfinished ...>
1549  <... setsockopt resumed>)         = 0
1548  <... socket resumed>)             = 8
1549  getsockopt(7, SOL_SOCKET, SO_RCVBUF,  <unfinished ...>
1548  getsockopt(8, SOL_SOCKET, SO_RCVBUF,  <unfinished ...>
1549  <... getsockopt resumed>[425984], [4]) = 0
1548  <... getsockopt resumed>[212992], [4]) = 0
1549  setsockopt(7, SOL_SOCKET, SO_RCVBUFFORCE, [8388608], 4 <unfinished ...>
1548  setsockopt(8, SOL_SOCKET, SO_RCVBUF, [8388608], 4 <unfinished ...>
1549  <... setsockopt resumed>)         = -1 EPERM (Operation not permitted)
1548  <... setsockopt resumed>)         = 0
1549  getsockopt(7, SOL_SOCKET, SO_SNDBUF,  <unfinished ...>
1548  getsockopt(8, SOL_SOCKET, SO_RCVBUF,  <unfinished ...>
1549  <... getsockopt resumed>[212992], [4]) = 0
1548  <... getsockopt resumed>[425984], [4]) = 0
1549  setsockopt(7, SOL_SOCKET, SO_SNDBUF, [8388608], 4 <unfinished ...>
1548  setsockopt(8, SOL_SOCKET, SO_RCVBUFFORCE, [8388608], 4 <unfinished ...>
1549  <... setsockopt resumed>)         = 0
1548  <... setsockopt resumed>)         = -1 EPERM (Operation not permitted)
1549  getsockopt(7, SOL_SOCKET, SO_SNDBUF,  <unfinished ...>
1548  getsockopt(8, SOL_SOCKET, SO_SNDBUF,  <unfinished ...>
1549  <... getsockopt resumed>[425984], [4]) = 0
1548  <... getsockopt resumed>[212992], [4]) = 0
1549  setsockopt(7, SOL_SOCKET, SO_SNDBUFFORCE, [8388608], 4 <unfinished ...>
1548  setsockopt(8, SOL_SOCKET, SO_SNDBUF, [8388608], 4 <unfinished ...>
1549  <... setsockopt resumed>)         = -1 EPERM (Operation not permitted)
1548  <... setsockopt resumed>)         = 0
1549  connect(7, {sa_family=AF_UNIX, sun_path="/dev/shm/systemd-watch-bind-DFLrJu/this/is/a/socket"}, 54 <unfinished ...>
1548  getsockopt(8, SOL_SOCKET, SO_SNDBUF,  <unfinished ...>
1549  <... connect resumed>)            = -1 ENOENT (No such file or directory)
1548  <... getsockopt resumed>[425984], [4]) = 0
1549  close(7 <unfinished ...>
1548  setsockopt(8, SOL_SOCKET, SO_SNDBUFFORCE, [8388608], 4 <unfinished ...>
1549  <... close resumed>)              = 0
1548  <... setsockopt resumed>)         = -1 EPERM (Operation not permitted)
1549  inotify_add_watch(6, "/", IN_MOVED_TO|IN_CREATE <unfinished ...>
1548  connect(8, {sa_family=AF_UNIX, sun_path="/dev/shm/systemd-watch-bind-DFLrJu/this/is/a/socket"}, 54 <unfinished ...>
1549  <... inotify_add_watch resumed>)  = 1
1548  <... connect resumed>)            = -1 ENOENT (No such file or directory)
1549  inotify_add_watch(6, "/dev", IN_ATTRIB|IN_MOVED_TO|IN_CREATE|IN_DELETE_SELF|IN_MOVE_SELF|IN_DONT_FOLLOW <unfinished ...>
1548  close(8 <unfinished ...>
1549  <... inotify_add_watch resumed>)  = 2
1548  <... close resumed>)              = 0
1549  writev(2, [{iov_base="Added inotify watch for /dev on bus client2: 2", iov_len=46}, {iov_base="\n", iov_len=1}], 2 <unfinished ...>
1548  inotify_add_watch(3, "/", IN_MOVED_TO|IN_CREATE <unfinished ...>
1549  <... writev resumed>)             = 47
1548  <... inotify_add_watch resumed>)  = 1
1549  readlinkat(AT_FDCWD, "/dev",  <unfinished ...>
1548  inotify_add_watch(3, "/dev", IN_ATTRIB|IN_MOVED_TO|IN_CREATE|IN_DELETE_SELF|IN_MOVE_SELF|IN_DONT_FOLLOW <unfinished ...>
1549  <... readlinkat resumed>0x7f3cd40037b0, 4096) = -1 EINVAL (Invalid argument)
1548  <... inotify_add_watch resumed>)  = 2
1549  inotify_add_watch(6, "/dev/shm", IN_ATTRIB|IN_MOVED_TO|IN_CREATE|IN_DELETE_SELF|IN_MOVE_SELF|IN_DONT_FOLLOW <unfinished ...>
1548  writev(2, [{iov_base="Added inotify watch for /dev on bus client1: 2", iov_len=46}, {iov_base="\n", iov_len=1}], 2 <unfinished ...>
1549  <... inotify_add_watch resumed>)  = 3
1549  writev(2, [{iov_base="Added inotify watch for /dev/shm on bus client2: 3", iov_len=50}, {iov_base="\n", iov_len=1}], 2 <unfinished ...>
1548  <... writev resumed>)             = 47
1549  <... writev resumed>)             = 51
1548  readlinkat(AT_FDCWD, "/dev",  <unfinished ...>
1549  readlinkat(AT_FDCWD, "/dev/shm",  <unfinished ...>
1548  <... readlinkat resumed>0x7f3cdc002a10, 4096) = -1 EINVAL (Invalid argument)
1549  <... readlinkat resumed>0x7f3cd40037b0, 4096) = -1 EINVAL (Invalid argument)
1548  inotify_add_watch(3, "/dev/shm", IN_ATTRIB|IN_MOVED_TO|IN_CREATE|IN_DELETE_SELF|IN_MOVE_SELF|IN_DONT_FOLLOW <unfinished ...>
1549  inotify_add_watch(6, "/dev/shm/systemd-watch-bind-DFLrJu", IN_ATTRIB|IN_MOVED_TO|IN_CREATE|IN_DELETE_SELF|IN_MOVE_SELF|IN_DONT_FOLLOW <unfinished ...>
1548  <... inotify_add_watch resumed>)  = 3
1549  <... inotify_add_watch resumed>)  = 4
1548  writev(2, [{iov_base="Added inotify watch for /dev/shm on bus client1: 3", iov_len=50}, {iov_base="\n", iov_len=1}], 2 <unfinished ...>
1549  writev(2, [{iov_base="Added inotify watch for /dev/shm/systemd-watch-bind-DFLrJu on bus client2: 4", iov_len=76}, {iov_base="\n", iov_len=1}], 2 <unfinished ...>
1548  <... writev resumed>)             = 51
1549  <... writev resumed>)             = 77
1548  readlinkat(AT_FDCWD, "/dev/shm",  <unfinished ...>
1549  readlinkat(AT_FDCWD, "/dev/shm/systemd-watch-bind-DFLrJu",  <unfinished ...>
1548  <... readlinkat resumed>0x7f3cdc002a10, 4096) = -1 EINVAL (Invalid argument)
1549  <... readlinkat resumed>0x7f3cd40037b0, 4096) = -1 EINVAL (Invalid argument)
1548  inotify_add_watch(3, "/dev/shm/systemd-watch-bind-DFLrJu", IN_ATTRIB|IN_MOVED_TO|IN_CREATE|IN_DELETE_SELF|IN_MOVE_SELF|IN_DONT_FOLLOW <unfinished ...>
1549  inotify_add_watch(6, "/dev/shm/systemd-watch-bind-DFLrJu/this", IN_ATTRIB|IN_MOVED_TO|IN_CREATE|IN_DELETE_SELF|IN_MOVE_SELF|IN_DONT_FOLLOW <unfinished ...>
1548  <... inotify_add_watch resumed>)  = 4
1549  <... inotify_add_watch resumed>)  = 5
1548  writev(2, [{iov_base="Added inotify watch for /dev/shm/systemd-watch-bind-DFLrJu on bus client1: 4", iov_len=76}, {iov_base="\n", iov_len=1}], 2 <unfinished ...>
1549  writev(2, [{iov_base="Added inotify watch for /dev/shm/systemd-watch-bind-DFLrJu/this on bus client2: 5", iov_len=81}, {iov_base="\n", iov_len=1}], 2 <unfinished ...>
1548  <... writev resumed>)             = 77
1549  <... writev resumed>)             = 82
1548  readlinkat(AT_FDCWD, "/dev/shm/systemd-watch-bind-DFLrJu",  <unfinished ...>
1549  readlinkat(AT_FDCWD, "/dev/shm/systemd-watch-bind-DFLrJu/this",  <unfinished ...>
1548  <... readlinkat resumed>0x7f3cdc002a10, 4096) = -1 EINVAL (Invalid argument)
1549  <... readlinkat resumed>0x7f3cd40037b0, 4096) = -1 EINVAL (Invalid argument)
1548  inotify_add_watch(3, "/dev/shm/systemd-watch-bind-DFLrJu/this", IN_ATTRIB|IN_MOVED_TO|IN_CREATE|IN_DELETE_SELF|IN_MOVE_SELF|IN_DONT_FOLLOW <unfinished ...>
1549  inotify_add_watch(6, "/dev/shm/systemd-watch-bind-DFLrJu/this/is", IN_ATTRIB|IN_MOVED_TO|IN_CREATE|IN_DELETE_SELF|IN_MOVE_SELF|IN_DONT_FOLLOW <unfinished ...>
1548  <... inotify_add_watch resumed>)  = 5
1549  <... inotify_add_watch resumed>)  = 6
1548  writev(2, [{iov_base="Added inotify watch for /dev/shm/systemd-watch-bind-DFLrJu/this on bus client1: 5", iov_len=81}, {iov_base="\n", iov_len=1}], 2 <unfinished ...>
1549  writev(2, [{iov_base="Added inotify watch for /dev/shm/systemd-watch-bind-DFLrJu/this/is on bus client2: 6", iov_len=84}, {iov_base="\n", iov_len=1}], 2 <unfinished ...>
1548  <... writev resumed>)             = 82
1549  <... writev resumed>)             = 85
1548  readlinkat(AT_FDCWD, "/dev/shm/systemd-watch-bind-DFLrJu/this",  <unfinished ...>
1549  readlinkat(AT_FDCWD, "/dev/shm/systemd-watch-bind-DFLrJu/this/is",  <unfinished ...>
1548  <... readlinkat resumed>0x7f3cdc002a10, 4096) = -1 EINVAL (Invalid argument)
1549  <... readlinkat resumed>0x7f3cd40037b0, 4096) = -1 EINVAL (Invalid argument)
1548  inotify_add_watch(3, "/dev/shm/systemd-watch-bind-DFLrJu/this/is", IN_ATTRIB|IN_MOVED_TO|IN_CREATE|IN_DELETE_SELF|IN_MOVE_SELF|IN_DONT_FOLLOW <unfinished ...>
1549  inotify_add_watch(6, "/dev/shm/systemd-watch-bind-DFLrJu/this/is/a", IN_ATTRIB|IN_MOVED_TO|IN_CREATE|IN_DELETE_SELF|IN_MOVE_SELF|IN_DONT_FOLLOW <unfinished ...>
1548  <... inotify_add_watch resumed>)  = 6
1549  <... inotify_add_watch resumed>)  = 8
1548  writev(2, [{iov_base="Added inotify watch for /dev/shm/systemd-watch-bind-DFLrJu/this/is on bus client1: 6", iov_len=84}, {iov_base="\n", iov_len=1}], 2 <unfinished ...>
1549  writev(2, [{iov_base="Added inotify watch for /dev/shm/systemd-watch-bind-DFLrJu/this/is/a on bus client2: 8", iov_len=86}, {iov_base="\n", iov_len=1}], 2 <unfinished ...>
1548  <... writev resumed>)             = 85
1549  <... writev resumed>)             = 87
1548  readlinkat(AT_FDCWD, "/dev/shm/systemd-watch-bind-DFLrJu/this/is",  <unfinished ...>
1549  readlinkat(AT_FDCWD, "/dev/shm/systemd-watch-bind-DFLrJu/this/is/a",  <unfinished ...>
1548  <... readlinkat resumed>0x7f3cdc002a10, 4096) = -1 EINVAL (Invalid argument)
1549  <... readlinkat resumed>"/dev/shm/systemd-watch-bind-DFLrJu/this/is/a.a7a75adaea7bbf24", 4096) = 61
1548  inotify_add_watch(3, "/dev/shm/systemd-watch-bind-DFLrJu/this/is/a", IN_ATTRIB|IN_MOVED_TO|IN_CREATE|IN_DELETE_SELF|IN_MOVE_SELF|IN_DONT_FOLLOW <unfinished ...>
1549  inotify_add_watch(6, "/dev", IN_ATTRIB|IN_MOVED_TO|IN_CREATE|IN_DELETE_SELF|IN_MOVE_SELF|IN_DONT_FOLLOW <unfinished ...>
1548  <... inotify_add_watch resumed>)  = 8
1549  <... inotify_add_watch resumed>)  = 2
1548  writev(2, [{iov_base="Added inotify watch for /dev/shm/systemd-watch-bind-DFLrJu/this/is/a on bus client1: 8", iov_len=86}, {iov_base="\n", iov_len=1}], 2 <unfinished ...>
1549  writev(2, [{iov_base="Added inotify watch for /dev on bus client2: 2", iov_len=46}, {iov_base="\n", iov_len=1}], 2 <unfinished ...>
1548  <... writev resumed>)             = 87
1549  <... writev resumed>)             = 47
1548  readlinkat(AT_FDCWD, "/dev/shm/systemd-watch-bind-DFLrJu/this/is/a",  <unfinished ...>
1549  readlinkat(AT_FDCWD, "/dev",  <unfinished ...>
1548  <... readlinkat resumed>"/dev/shm/systemd-watch-bind-DFLrJu/this/is/a.a7a75adaea7bbf24", 4096) = 61
1549  <... readlinkat resumed>0x7f3cd40037b0, 4096) = -1 EINVAL (Invalid argument)
1548  inotify_add_watch(3, "/dev", IN_ATTRIB|IN_MOVED_TO|IN_CREATE|IN_DELETE_SELF|IN_MOVE_SELF|IN_DONT_FOLLOW <unfinished ...>
1549  inotify_add_watch(6, "/dev/shm", IN_ATTRIB|IN_MOVED_TO|IN_CREATE|IN_DELETE_SELF|IN_MOVE_SELF|IN_DONT_FOLLOW <unfinished ...>
1548  <... inotify_add_watch resumed>)  = 2
1549  <... inotify_add_watch resumed>)  = 3
1548  writev(2, [{iov_base="Added inotify watch for /dev on bus client1: 2", iov_len=46}, {iov_base="\n", iov_len=1}], 2 <unfinished ...>
1549  writev(2, [{iov_base="Added inotify watch for /dev/shm on bus client2: 3", iov_len=50}, {iov_base="\n", iov_len=1}], 2 <unfinished ...>
1548  <... writev resumed>)             = 47
1549  <... writev resumed>)             = 51
1548  readlinkat(AT_FDCWD, "/dev",  <unfinished ...>
1549  readlinkat(AT_FDCWD, "/dev/shm",  <unfinished ...>
1548  <... readlinkat resumed>0x7f3cdc002a10, 4096) = -1 EINVAL (Invalid argument)
1549  <... readlinkat resumed>0x7f3cd40037b0, 4096) = -1 EINVAL (Invalid argument)
1548  inotify_add_watch(3, "/dev/shm", IN_ATTRIB|IN_MOVED_TO|IN_CREATE|IN_DELETE_SELF|IN_MOVE_SELF|IN_DONT_FOLLOW <unfinished ...>
1549  inotify_add_watch(6, "/dev/shm/systemd-watch-bind-DFLrJu", IN_ATTRIB|IN_MOVED_TO|IN_CREATE|IN_DELETE_SELF|IN_MOVE_SELF|IN_DONT_FOLLOW <unfinished ...>
1548  <... inotify_add_watch resumed>)  = 3
1549  <... inotify_add_watch resumed>)  = 4
1548  writev(2, [{iov_base="Added inotify watch for /dev/shm on bus client1: 3", iov_len=50}, {iov_base="\n", iov_len=1}], 2 <unfinished ...>
1549  writev(2, [{iov_base="Added inotify watch for /dev/shm/systemd-watch-bind-DFLrJu on bus client2: 4", iov_len=76}, {iov_base="\n", iov_len=1}], 2 <unfinished ...>
1548  <... writev resumed>)             = 51
1549  <... writev resumed>)             = 77
1548  readlinkat(AT_FDCWD, "/dev/shm",  <unfinished ...>
1549  readlinkat(AT_FDCWD, "/dev/shm/systemd-watch-bind-DFLrJu",  <unfinished ...>
1548  <... readlinkat resumed>0x7f3cdc002a10, 4096) = -1 EINVAL (Invalid argument)
1549  <... readlinkat resumed>0x7f3cd40037b0, 4096) = -1 EINVAL (Invalid argument)
1548  inotify_add_watch(3, "/dev/shm/systemd-watch-bind-DFLrJu", IN_ATTRIB|IN_MOVED_TO|IN_CREATE|IN_DELETE_SELF|IN_MOVE_SELF|IN_DONT_FOLLOW <unfinished ...>
1549  inotify_add_watch(6, "/dev/shm/systemd-watch-bind-DFLrJu/this", IN_ATTRIB|IN_MOVED_TO|IN_CREATE|IN_DELETE_SELF|IN_MOVE_SELF|IN_DONT_FOLLOW <unfinished ...>
1548  <... inotify_add_watch resumed>)  = 4
1549  <... inotify_add_watch resumed>)  = 5
1548  writev(2, [{iov_base="Added inotify watch for /dev/shm/systemd-watch-bind-DFLrJu on bus client1: 4", iov_len=76}, {iov_base="\n", iov_len=1}], 2 <unfinished ...>
1549  writev(2, [{iov_base="Added inotify watch for /dev/shm/systemd-watch-bind-DFLrJu/this on bus client2: 5", iov_len=81}, {iov_base="\n", iov_len=1}], 2 <unfinished ...>
1548  <... writev resumed>)             = 77
1549  <... writev resumed>)             = 82
1548  readlinkat(AT_FDCWD, "/dev/shm/systemd-watch-bind-DFLrJu",  <unfinished ...>
1549  readlinkat(AT_FDCWD, "/dev/shm/systemd-watch-bind-DFLrJu/this",  <unfinished ...>
1548  <... readlinkat resumed>0x7f3cdc002a10, 4096) = -1 EINVAL (Invalid argument)
1549  <... readlinkat resumed>0x7f3cd40037b0, 4096) = -1 EINVAL (Invalid argument)
1548  inotify_add_watch(3, "/dev/shm/systemd-watch-bind-DFLrJu/this", IN_ATTRIB|IN_MOVED_TO|IN_CREATE|IN_DELETE_SELF|IN_MOVE_SELF|IN_DONT_FOLLOW <unfinished ...>
1549  inotify_add_watch(6, "/dev/shm/systemd-watch-bind-DFLrJu/this/is", IN_ATTRIB|IN_MOVED_TO|IN_CREATE|IN_DELETE_SELF|IN_MOVE_SELF|IN_DONT_FOLLOW <unfinished ...>
1548  <... inotify_add_watch resumed>)  = 5
1549  <... inotify_add_watch resumed>)  = 6
1548  writev(2, [{iov_base="Added inotify watch for /dev/shm/systemd-watch-bind-DFLrJu/this on bus client1: 5", iov_len=81}, {iov_base="\n", iov_len=1}], 2 <unfinished ...>
1549  writev(2, [{iov_base="Added inotify watch for /dev/shm/systemd-watch-bind-DFLrJu/this/is on bus client2: 6", iov_len=84}, {iov_base="\n", iov_len=1}], 2 <unfinished ...>
1548  <... writev resumed>)             = 82
1549  <... writev resumed>)             = 85
1548  readlinkat(AT_FDCWD, "/dev/shm/systemd-watch-bind-DFLrJu/this",  <unfinished ...>
1549  readlinkat(AT_FDCWD, "/dev/shm/systemd-watch-bind-DFLrJu/this/is",  <unfinished ...>
1548  <... readlinkat resumed>0x7f3cdc002a10, 4096) = -1 EINVAL (Invalid argument)
1549  <... readlinkat resumed>0x7f3cd40037b0, 4096) = -1 EINVAL (Invalid argument)
1548  inotify_add_watch(3, "/dev/shm/systemd-watch-bind-DFLrJu/this/is", IN_ATTRIB|IN_MOVED_TO|IN_CREATE|IN_DELETE_SELF|IN_MOVE_SELF|IN_DONT_FOLLOW <unfinished ...>
1549  inotify_add_watch(6, "/dev/shm/systemd-watch-bind-DFLrJu/this/is/a.a7a75adaea7bbf24", IN_ATTRIB|IN_MOVED_TO|IN_CREATE|IN_DELETE_SELF|IN_MOVE_SELF|IN_DONT_FOLLOW <unfinished ...>
1548  <... inotify_add_watch resumed>)  = 6
1549  <... inotify_add_watch resumed>)  = 9
1548  writev(2, [{iov_base="Added inotify watch for /dev/shm/systemd-watch-bind-DFLrJu/this/is on bus client1: 6", iov_len=84}, {iov_base="\n", iov_len=1}], 2 <unfinished ...>
1549  writev(2, [{iov_base="Added inotify watch for /dev/shm/systemd-watch-bind-DFLrJu/this/is/a.a7a75adaea7bbf24 on bus client2: 9", iov_len=103}, {iov_base="\n", iov_len=1}], 2 <unfinished ...>
1548  <... writev resumed>)             = 85
1549  <... writev resumed>)             = 104
1548  readlinkat(AT_FDCWD, "/dev/shm/systemd-watch-bind-DFLrJu/this/is",  <unfinished ...>
1549  readlinkat(AT_FDCWD, "/dev/shm/systemd-watch-bind-DFLrJu/this/is/a.a7a75adaea7bbf24",  <unfinished ...>
1548  <... readlinkat resumed>0x7f3cdc002a10, 4096) = -1 EINVAL (Invalid argument)
1549  <... readlinkat resumed>"a.e8e5f44f8f771b1b", 4096) = 18
1548  inotify_add_watch(3, "/dev/shm/systemd-watch-bind-DFLrJu/this/is/a.a7a75adaea7bbf24", IN_ATTRIB|IN_MOVED_TO|IN_CREATE|IN_DELETE_SELF|IN_MOVE_SELF|IN_DONT_FOLLOW <unfinished ...>
1549  inotify_add_watch(6, "/dev/shm/systemd-watch-bind-DFLrJu/this/is/a.e8e5f44f8f771b1b", IN_ATTRIB|IN_MOVED_TO|IN_CREATE|IN_DELETE_SELF|IN_MOVE_SELF|IN_DONT_FOLLOW <unfinished ...>
1548  <... inotify_add_watch resumed>)  = 9
1549  <... inotify_add_watch resumed>)  = 10
1548  writev(2, [{iov_base="Added inotify watch for /dev/shm/systemd-watch-bind-DFLrJu/this/is/a.a7a75adaea7bbf24 on bus client1: 9", iov_len=103}, {iov_base="\n", iov_len=1}], 2 <unfinished ...>
1549  writev(2, [{iov_base="Added inotify watch for /dev/shm/systemd-watch-bind-DFLrJu/this/is/a.e8e5f44f8f771b1b on bus client2: 10", iov_len=104}, {iov_base="\n", iov_len=1}], 2 <unfinished ...>
1548  <... writev resumed>)             = 104
1549  <... writev resumed>)             = 105
1548  readlinkat(AT_FDCWD, "/dev/shm/systemd-watch-bind-DFLrJu/this/is/a.a7a75adaea7bbf24",  <unfinished ...>
1549  readlinkat(AT_FDCWD, "/dev/shm/systemd-watch-bind-DFLrJu/this/is/a.e8e5f44f8f771b1b",  <unfinished ...>
1548  <... readlinkat resumed>"a.e8e5f44f8f771b1b", 4096) = 18
1549  <... readlinkat resumed>0x7f3cd40037b0, 4096) = -1 EINVAL (Invalid argument)
1548  inotify_add_watch(3, "/dev/shm/systemd-watch-bind-DFLrJu/this/is/a.e8e5f44f8f771b1b", IN_ATTRIB|IN_MOVED_TO|IN_CREATE|IN_DELETE_SELF|IN_MOVE_SELF|IN_DONT_FOLLOW <unfinished ...>
1549  inotify_add_watch(6, "/dev/shm/systemd-watch-bind-DFLrJu/this/is/a.e8e5f44f8f771b1b/socket", IN_ATTRIB|IN_MOVED_TO|IN_CREATE|IN_DELETE_SELF|IN_MOVE_SELF|IN_DONT_FOLLOW <unfinished ...>
1548  <... inotify_add_watch resumed>)  = 10
1549  <... inotify_add_watch resumed>)  = -1 ENOENT (No such file or directory)
1548  writev(2, [{iov_base="Added inotify watch for /dev/shm/systemd-watch-bind-DFLrJu/this/is/a.e8e5f44f8f771b1b on bus client1: 10", iov_len=104}, {iov_base="\n", iov_len=1}], 2 <unfinished ...>
1549  writev(2, [{iov_base="Added inotify watch for /dev/shm/systemd-watch-bind-DFLrJu/this/is/a.e8e5f44f8f771b1b/socket on bus client2: -1", iov_len=111}, {iov_base="\n", iov_len=1}], 2 <unfinished ...>
1548  <... writev resumed>)             = 105
1549  <... writev resumed>)             = 112
1548  readlinkat(AT_FDCWD, "/dev/shm/systemd-watch-bind-DFLrJu/this/is/a.e8e5f44f8f771b1b",  <unfinished ...>
1549  writev(2, [{iov_base="sd-bus: starting bus client2 by connecting to /dev/shm/systemd-watch-bind-DFLrJu/this/is/a/socket...", iov_len=100}, {iov_base="\n", iov_len=1}], 2 <unfinished ...>
1548  <... readlinkat resumed>0x7f3cdc002a10, 4096) = -1 EINVAL (Invalid argument)
1549  <... writev resumed>)             = 101
1548  inotify_add_watch(3, "/dev/shm/systemd-watch-bind-DFLrJu/this/is/a.e8e5f44f8f771b1b/socket", IN_ATTRIB|IN_MOVED_TO|IN_CREATE|IN_DELETE_SELF|IN_MOVE_SELF|IN_DONT_FOLLOW <unfinished ...>
1549  socket(AF_UNIX, SOCK_STREAM|SOCK_CLOEXEC|SOCK_NONBLOCK, 0 <unfinished ...>
1548  <... inotify_add_watch resumed>)  = -1 ENOENT (No such file or directory)
1549  <... socket resumed>)             = 7
1548  writev(2, [{iov_base="Added inotify watch for /dev/shm/systemd-watch-bind-DFLrJu/this/is/a.e8e5f44f8f771b1b/socket on bus client1: -1", iov_len=111}, {iov_base="\n", iov_len=1}], 2 <unfinished ...>
1549  getsockopt(7, SOL_SOCKET, SO_RCVBUF, [212992], [4]) = 0
1548  <... writev resumed>)             = 112
1549  setsockopt(7, SOL_SOCKET, SO_RCVBUF, [8388608], 4 <unfinished ...>
1548  writev(2, [{iov_base="sd-bus: starting bus client1 by connecting to /dev/shm/systemd-watch-bind-DFLrJu/this/is/a/socket...", iov_len=100}, {iov_base="\n", iov_len=1}], 2 <unfinished ...>
1549  <... setsockopt resumed>)         = 0
1549  getsockopt(7, SOL_SOCKET, SO_RCVBUF,  <unfinished ...>
1548  <... writev resumed>)             = 101
1549  <... getsockopt resumed>[425984], [4]) = 0
1548  socket(AF_UNIX, SOCK_STREAM|SOCK_CLOEXEC|SOCK_NONBLOCK, 0 <unfinished ...>
1549  setsockopt(7, SOL_SOCKET, SO_RCVBUFFORCE, [8388608], 4 <unfinished ...>
1548  <... socket resumed>)             = 8
1549  <... setsockopt resumed>)         = -1 EPERM (Operation not permitted)
1548  getsockopt(8, SOL_SOCKET, SO_RCVBUF,  <unfinished ...>
1549  getsockopt(7, SOL_SOCKET, SO_SNDBUF,  <unfinished ...>
1548  <... getsockopt resumed>[212992], [4]) = 0
1549  <... getsockopt resumed>[212992], [4]) = 0
1548  setsockopt(8, SOL_SOCKET, SO_RCVBUF, [8388608], 4 <unfinished ...>
1549  setsockopt(7, SOL_SOCKET, SO_SNDBUF, [8388608], 4 <unfinished ...>
1548  <... setsockopt resumed>)         = 0
1549  <... setsockopt resumed>)         = 0
1548  getsockopt(8, SOL_SOCKET, SO_RCVBUF,  <unfinished ...>
1549  getsockopt(7, SOL_SOCKET, SO_SNDBUF,  <unfinished ...>
1548  <... getsockopt resumed>[425984], [4]) = 0
1549  <... getsockopt resumed>[425984], [4]) = 0
1548  setsockopt(8, SOL_SOCKET, SO_RCVBUFFORCE, [8388608], 4 <unfinished ...>
1549  setsockopt(7, SOL_SOCKET, SO_SNDBUFFORCE, [8388608], 4 <unfinished ...>
1548  <... setsockopt resumed>)         = -1 EPERM (Operation not permitted)
1549  <... setsockopt resumed>)         = -1 EPERM (Operation not permitted)
1548  getsockopt(8, SOL_SOCKET, SO_SNDBUF,  <unfinished ...>
1549  connect(7, {sa_family=AF_UNIX, sun_path="/dev/shm/systemd-watch-bind-DFLrJu/this/is/a/socket"}, 54 <unfinished ...>
1548  <... getsockopt resumed>[212992], [4]) = 0
1549  <... connect resumed>)            = -1 ENOENT (No such file or directory)
1548  setsockopt(8, SOL_SOCKET, SO_SNDBUF, [8388608], 4 <unfinished ...>
1549  close(7 <unfinished ...>
1548  <... setsockopt resumed>)         = 0
1549  <... close resumed>)              = 0
1548  getsockopt(8, SOL_SOCKET, SO_SNDBUF,  <unfinished ...>
1549  epoll_wait(4,  <unfinished ...>
1548  <... getsockopt resumed>[425984], [4]) = 0
1548  setsockopt(8, SOL_SOCKET, SO_SNDBUFFORCE, [8388608], 4) = -1 EPERM (Operation not permitted)
1548  connect(8, {sa_family=AF_UNIX, sun_path="/dev/shm/systemd-watch-bind-DFLrJu/this/is/a/socket"}, 54) = -1 ENOENT (No such file or directory)
1548  close(8)                          = 0
1548  ppoll([{fd=3, events=POLLIN}], 1, {tv_sec=0, tv_nsec=0}, NULL, 8) = 0 (Timeout)
1548  ppoll([{fd=3, events=POLLIN}], 1, NULL, NULL, 8 <unfinished ...>
1547  <... clock_nanosleep resumed>NULL) = 0
1547  socket(AF_UNIX, SOCK_STREAM|SOCK_CLOEXEC, 0) = 7
1547  bind(7, {sa_family=AF_UNIX, sun_path="/dev/shm/systemd-watch-bind-DFLrJu/this/is/a/socket"}, 54 <unfinished ...>
1549  <... epoll_wait resumed>[{events=EPOLLIN, data={u32=3556777568, u64=139899231542880}}], 6, -1) = 1
1547  <... bind resumed>)               = 0
1549  ppoll([{fd=6, events=POLLIN}], 1, {tv_sec=0, tv_nsec=0}, NULL, 8 <unfinished ...>
1548  <... ppoll resumed>)              = 1 ([{fd=3, revents=POLLIN}])
1549  <... ppoll resumed>)              = 1 ([{fd=6, revents=POLLIN}], left {tv_sec=0, tv_nsec=0})
1547  clock_nanosleep(CLOCK_REALTIME, 0, {tv_sec=0, tv_nsec=100000000},  <unfinished ...>
1549  read(6,  <unfinished ...>
1548  ppoll([{fd=3, events=POLLIN}], 1, {tv_sec=0, tv_nsec=0}, NULL, 8 <unfinished ...>
1549  <... read resumed>"\n\0\0\0\0\1\0\0\0\0\0\0\20\0\0\0socket\0\0\0\0\0\0\0\0\0\0", 2048) = 32
1548  <... ppoll resumed>)              = 1 ([{fd=3, revents=POLLIN}], left {tv_sec=0, tv_nsec=0})
1549  ppoll([{fd=6, events=POLLIN}], 1, {tv_sec=0, tv_nsec=0}, NULL, 8 <unfinished ...>
1548  read(3,  <unfinished ...>
1549  <... ppoll resumed>)              = 0 (Timeout)
1548  <... read resumed>"\n\0\0\0\0\1\0\0\0\0\0\0\20\0\0\0socket\0\0\0\0\0\0\0\0\0\0", 2048) = 32
1549  writev(2, [{iov_base="Got inotify event on bus client2.", iov_len=33}, {iov_base="\n", iov_len=1}], 2 <unfinished ...>
1548  ppoll([{fd=3, events=POLLIN}], 1, {tv_sec=0, tv_nsec=0}, NULL, 8 <unfinished ...>
1549  <... writev resumed>)             = 34
1548  <... ppoll resumed>)              = 0 (Timeout)
1549  writev(2, [{iov_base="sd-bus: starting bus client2 by connecting to /dev/shm/systemd-watch-bind-DFLrJu/this/is/a/socket...", iov_len=100}, {iov_base="\n", iov_len=1}], 2 <unfinished ...>
1548  writev(2, [{iov_base="Got inotify event on bus client1.", iov_len=33}, {iov_base="\n", iov_len=1}], 2 <unfinished ...>
1549  <... writev resumed>)             = 101
1548  <... writev resumed>)             = 34
1549  socket(AF_UNIX, SOCK_STREAM|SOCK_CLOEXEC|SOCK_NONBLOCK, 0 <unfinished ...>
1548  writev(2, [{iov_base="sd-bus: starting bus client1 by connecting to /dev/shm/systemd-watch-bind-DFLrJu/this/is/a/socket...", iov_len=100}, {iov_base="\n", iov_len=1}], 2 <unfinished ...>
1549  <... socket resumed>)             = 8
1549  getsockopt(8, SOL_SOCKET, SO_RCVBUF,  <unfinished ...>
1548  <... writev resumed>)             = 101
1549  <... getsockopt resumed>[212992], [4]) = 0
1548  socket(AF_UNIX, SOCK_STREAM|SOCK_CLOEXEC|SOCK_NONBLOCK, 0 <unfinished ...>
1549  setsockopt(8, SOL_SOCKET, SO_RCVBUF, [8388608], 4 <unfinished ...>
1548  <... socket resumed>)             = 9
1549  <... setsockopt resumed>)         = 0
1548  getsockopt(9, SOL_SOCKET, SO_RCVBUF,  <unfinished ...>
1549  getsockopt(8, SOL_SOCKET, SO_RCVBUF,  <unfinished ...>
1548  <... getsockopt resumed>[212992], [4]) = 0
1549  <... getsockopt resumed>[425984], [4]) = 0
1548  setsockopt(9, SOL_SOCKET, SO_RCVBUF, [8388608], 4 <unfinished ...>
1549  setsockopt(8, SOL_SOCKET, SO_RCVBUFFORCE, [8388608], 4 <unfinished ...>
1548  <... setsockopt resumed>)         = 0
1549  <... setsockopt resumed>)         = -1 EPERM (Operation not permitted)
1548  getsockopt(9, SOL_SOCKET, SO_RCVBUF,  <unfinished ...>
1549  getsockopt(8, SOL_SOCKET, SO_SNDBUF,  <unfinished ...>
1548  <... getsockopt resumed>[425984], [4]) = 0
1549  <... getsockopt resumed>[212992], [4]) = 0
1548  setsockopt(9, SOL_SOCKET, SO_RCVBUFFORCE, [8388608], 4 <unfinished ...>
1549  setsockopt(8, SOL_SOCKET, SO_SNDBUF, [8388608], 4 <unfinished ...>
1548  <... setsockopt resumed>)         = -1 EPERM (Operation not permitted)
1549  <... setsockopt resumed>)         = 0
1548  getsockopt(9, SOL_SOCKET, SO_SNDBUF,  <unfinished ...>
1549  getsockopt(8, SOL_SOCKET, SO_SNDBUF,  <unfinished ...>
1548  <... getsockopt resumed>[212992], [4]) = 0
1549  <... getsockopt resumed>[425984], [4]) = 0
1548  setsockopt(9, SOL_SOCKET, SO_SNDBUF, [8388608], 4 <unfinished ...>
1549  setsockopt(8, SOL_SOCKET, SO_SNDBUFFORCE, [8388608], 4 <unfinished ...>
1548  <... setsockopt resumed>)         = 0
1549  <... setsockopt resumed>)         = -1 EPERM (Operation not permitted)
1548  getsockopt(9, SOL_SOCKET, SO_SNDBUF,  <unfinished ...>
1549  connect(8, {sa_family=AF_UNIX, sun_path="/dev/shm/systemd-watch-bind-DFLrJu/this/is/a/socket"}, 54 <unfinished ...>
1548  <... getsockopt resumed>[425984], [4]) = 0
1549  <... connect resumed>)            = -1 ECONNREFUSED (Connection refused)
1548  setsockopt(9, SOL_SOCKET, SO_SNDBUFFORCE, [8388608], 4 <unfinished ...>
1549  close(8 <unfinished ...>
1548  <... setsockopt resumed>)         = -1 EPERM (Operation not permitted)
1549  <... close resumed>)              = 0
1548  connect(9, {sa_family=AF_UNIX, sun_path="/dev/shm/systemd-watch-bind-DFLrJu/this/is/a/socket"}, 54 <unfinished ...>
1549  inotify_add_watch(6, "/", IN_MOVED_TO|IN_CREATE <unfinished ...>
1548  <... connect resumed>)            = -1 ECONNREFUSED (Connection refused)
1549  <... inotify_add_watch resumed>)  = 1
1548  close(9 <unfinished ...>
1549  inotify_add_watch(6, "/dev", IN_ATTRIB|IN_MOVED_TO|IN_CREATE|IN_DELETE_SELF|IN_MOVE_SELF|IN_DONT_FOLLOW <unfinished ...>
1548  <... close resumed>)              = 0
1549  <... inotify_add_watch resumed>)  = 2
1548  inotify_add_watch(3, "/", IN_MOVED_TO|IN_CREATE <unfinished ...>
1549  writev(2, [{iov_base="Added inotify watch for /dev on bus client2: 2", iov_len=46}, {iov_base="\n", iov_len=1}], 2 <unfinished ...>
1548  <... inotify_add_watch resumed>)  = 1
1549  <... writev resumed>)             = 47
1548  inotify_add_watch(3, "/dev", IN_ATTRIB|IN_MOVED_TO|IN_CREATE|IN_DELETE_SELF|IN_MOVE_SELF|IN_DONT_FOLLOW <unfinished ...>
1549  readlinkat(AT_FDCWD, "/dev",  <unfinished ...>
1548  <... inotify_add_watch resumed>)  = 2
1549  <... readlinkat resumed>0x7f3cd40037b0, 4096) = -1 EINVAL (Invalid argument)
1548  writev(2, [{iov_base="Added inotify watch for /dev on bus client1: 2", iov_len=46}, {iov_base="\n", iov_len=1}], 2 <unfinished ...>
1549  inotify_add_watch(6, "/dev/shm", IN_ATTRIB|IN_MOVED_TO|IN_CREATE|IN_DELETE_SELF|IN_MOVE_SELF|IN_DONT_FOLLOW <unfinished ...>
1548  <... writev resumed>)             = 47
1549  <... inotify_add_watch resumed>)  = 3
1548  readlinkat(AT_FDCWD, "/dev",  <unfinished ...>
1549  writev(2, [{iov_base="Added inotify watch for /dev/shm on bus client2: 3", iov_len=50}, {iov_base="\n", iov_len=1}], 2 <unfinished ...>
1548  <... readlinkat resumed>0x7f3cdc002a10, 4096) = -1 EINVAL (Invalid argument)
1549  <... writev resumed>)             = 51
1548  inotify_add_watch(3, "/dev/shm", IN_ATTRIB|IN_MOVED_TO|IN_CREATE|IN_DELETE_SELF|IN_MOVE_SELF|IN_DONT_FOLLOW <unfinished ...>
1549  readlinkat(AT_FDCWD, "/dev/shm",  <unfinished ...>
1548  <... inotify_add_watch resumed>)  = 3
1549  <... readlinkat resumed>0x7f3cd40037b0, 4096) = -1 EINVAL (Invalid argument)
1548  writev(2, [{iov_base="Added inotify watch for /dev/shm on bus client1: 3", iov_len=50}, {iov_base="\n", iov_len=1}], 2 <unfinished ...>
1549  inotify_add_watch(6, "/dev/shm/systemd-watch-bind-DFLrJu", IN_ATTRIB|IN_MOVED_TO|IN_CREATE|IN_DELETE_SELF|IN_MOVE_SELF|IN_DONT_FOLLOW) = 4
1548  <... writev resumed>)             = 51
1549  writev(2, [{iov_base="Added inotify watch for /dev/shm/systemd-watch-bind-DFLrJu on bus client2: 4", iov_len=76}, {iov_base="\n", iov_len=1}], 2 <unfinished ...>
1548  readlinkat(AT_FDCWD, "/dev/shm",  <unfinished ...>
1549  <... writev resumed>)             = 77
1548  <... readlinkat resumed>0x7f3cdc002a10, 4096) = -1 EINVAL (Invalid argument)
1549  readlinkat(AT_FDCWD, "/dev/shm/systemd-watch-bind-DFLrJu",  <unfinished ...>
1548  inotify_add_watch(3, "/dev/shm/systemd-watch-bind-DFLrJu", IN_ATTRIB|IN_MOVED_TO|IN_CREATE|IN_DELETE_SELF|IN_MOVE_SELF|IN_DONT_FOLLOW <unfinished ...>
1549  <... readlinkat resumed>0x7f3cd40037b0, 4096) = -1 EINVAL (Invalid argument)
1548  <... inotify_add_watch resumed>)  = 4
1549  inotify_add_watch(6, "/dev/shm/systemd-watch-bind-DFLrJu/this", IN_ATTRIB|IN_MOVED_TO|IN_CREATE|IN_DELETE_SELF|IN_MOVE_SELF|IN_DONT_FOLLOW <unfinished ...>
1548  writev(2, [{iov_base="Added inotify watch for /dev/shm/systemd-watch-bind-DFLrJu on bus client1: 4", iov_len=76}, {iov_base="\n", iov_len=1}], 2 <unfinished ...>
