1547  mkdir("/dev/shm/systemd-watch-bind-DFLrJu/this", 0755 <unfinished ...>
1549  <... epoll_wait resumed>[{events=EPOLLIN, data={u32=3556777568, u64=139899231542880}}], 6, -1) = 1
1547  <... mkdir resumed>)              = 0
1549  ppoll([{fd=6, events=POLLIN}], 1, {tv_sec=0, tv_nsec=0}, NULL, 8 <unfinished ...>
1548  <... ppoll resumed>)              = 1 ([{fd=3, revents=POLLIN}])
1549  <... ppoll resumed>)              = 1 ([{fd=6, revents=POLLIN}], left {tv_sec=0, tv_nsec=0})
1547  mkdir("/dev/shm/systemd-watch-bind-DFLrJu/this/is", 0755 <unfinished ...>
1549  read(6,  <unfinished ...>
1548  ppoll([{fd=3, events=POLLIN}], 1, {tv_sec=0, tv_nsec=0}, NULL, 8 <unfinished ...>
1549  <... read resumed>"\4\0\0\0\0\1\0@\0\0\0\0\20\0\0\0this\0\0\0\0\0\0\0\0\0\0\0\0", 2048) = 32
1547  <... mkdir resumed>)              = 0
1549  ppoll([{fd=6, events=POLLIN}], 1, {tv_sec=0, tv_nsec=0}, NULL, 8 <unfinished ...>
1548  <... ppoll resumed>)              = 1 ([{fd=3, revents=POLLIN}], left {tv_sec=0, tv_nsec=0})
1549  <... ppoll resumed>)              = 0 (Timeout)
1547  mkdir("/dev/shm/systemd-watch-bind-DFLrJu/this/is/a", 0755 <unfinished ...>
1549  writev(2, [{iov_base="Got inotify event on bus client2.", iov_len=33}, {iov_base="\n", iov_len=1}], 2 <unfinished ...>
1548  read(3,  <unfinished ...>
1547  <... mkdir resumed>)              = 0
1549  <... writev resumed>)             = 34
1548  <... read resumed>"\4\0\0\0\0\1\0@\0\0\0\0\20\0\0\0this\0\0\0\0\0\0\0\0\0\0\0\0", 2048) = 32
1549  writev(2, [{iov_base="sd-bus: starting bus client2 by connecting to /dev/shm/systemd-watch-bind-DFLrJu/this/is/a/socket...", iov_len=100}, {iov_base="\n", iov_len=1}], 2 <unfinished ...>
1547  clock_nanosleep(CLOCK_REALTIME, 0, {tv_sec=0, tv_nsec=100000000},  <unfinished ...>
1548  ppoll([{fd=3, events=POLLIN}], 1, {tv_sec=0, tv_nsec=0}, NULL, 8 <unfinished ...>
1549  <... writev resumed>)             = 101
1548  <... ppoll resumed>)              = 0 (Timeout)
1549  socket(AF_UNIX, SOCK_STREAM|SOCK_CLOEXEC|SOCK_NONBLOCK, 0 <unfinished ...>
1548  writev(2, [{iov_base="Got inotify event on bus client1.", iov_len=33}, {iov_base="\n", iov_len=1}], 2 <unfinished ...>
1549  <... socket resumed>)             = 7
1549  getsockopt(7, SOL_SOCKET, SO_RCVBUF,  <unfinished ...>
1548  <... writev resumed>)             = 34
1549  <... getsockopt resumed>[212992], [4]) = 0
1548  writev(2, [{iov_base="sd-bus: starting bus client1 by connecting to /dev/shm/systemd-watch-bind-DFLrJu/this/is/a/socket...", iov_len=100}, {iov_base="\n", iov_len=1}], 2 <unfinished ...>
1549  setsockopt(7, SOL_SOCKET, SO_RCVBUF, [8388608], 4) = 0
1548  <... writev resumed>)             = 101
1549  getsockopt(7, SOL_SOCKET, SO_RCVBUF,  <unfinished ...>
1548  socket(AF_UNIX, SOCK_STREAM|SOCK_CLOEXEC|SOCK_NONBLOCK, 0 <unfinished ...>
1549  <... getsockopt resumed>[425984], [4]) = 0
1548  <... socket resumed>)             = 8
1549  setsockopt(7, SOL_SOCKET, SO_RCVBUFFORCE, [8388608], 4 <unfinished ...>
1548  getsockopt(8, SOL_SOCKET, SO_RCVBUF,  <unfinished ...>
1549  <... setsockopt resumed>)         = -1 EPERM (Operation not permitted)
1548  <... getsockopt resumed>[212992], [4]) = 0
1549  getsockopt(7, SOL_SOCKET, SO_SNDBUF,  <unfinished ...>
1548  setsockopt(8, SOL_SOCKET, SO_RCVBUF, [8388608], 4 <unfinished ...>
1549  <... getsockopt resumed>[212992], [4]) = 0
1548  <... setsockopt resumed>)         = 0
1549  setsockopt(7, SOL_SOCKET, SO_SNDBUF, [8388608], 4 <unfinished ...>
1548  getsockopt(8, SOL_SOCKET, SO_RCVBUF,  <unfinished ...>
1549  <... setsockopt resumed>)         = 0
1548  <... getsockopt resumed>[425984], [4]) = 0
1549  getsockopt(7, SOL_SOCKET, SO_SNDBUF,  <unfinished ...>
1548  setsockopt(8, SOL_SOCKET, SO_RCVBUFFORCE, [8388608], 4 <unfinished ...>
1549  <... getsockopt resumed>[425984], [4]) = 0
1548  <... setsockopt resumed>)         = -1 EPERM (Operation not permitted)
1549  setsockopt(7, SOL_SOCKET, SO_SNDBUFFORCE, [8388608], 4 <unfinished ...>
1548  getsockopt(8, SOL_SOCKET, SO_SNDBUF,  <unfinished ...>
1549  <... setsockopt resumed>)         = -1 EPERM (Operation not permitted)
1548  <... getsockopt resumed>[212992], [4]) = 0
1549  connect(7, {sa_family=AF_UNIX, sun_path="/dev/shm/systemd-watch-bind-DFLrJu/this/is/a/socket"}, 54 <unfinished ...>
1548  setsockopt(8, SOL_SOCKET, SO_SNDBUF, [8388608], 4 <unfinished ...>
1549  <... connect resumed>)            = -1 ENOENT (No such file or directory)
1548  <... setsockopt resumed>)         = 0
1549  close(7 <unfinished ...>
1548  getsockopt(8, SOL_SOCKET, SO_SNDBUF,  <unfinished ...>
1549  <... close resumed>)              = 0
1548  <... getsockopt resumed>[425984], [4]) = 0
1549  inotify_add_watch(6, "/", IN_MOVED_TO|IN_CREATE <unfinished ...>
1548  setsockopt(8, SOL_SOCKET, SO_SNDBUFFORCE, [8388608], 4 <unfinished ...>
1549  <... inotify_add_watch resumed>)  = 1
1548  <... setsockopt resumed>)         = -1 EPERM (Operation not permitted)
1549  inotify_add_watch(6, "/dev", IN_ATTRIB|IN_MOVED_TO|IN_CREATE|IN_DELETE_SELF|IN_MOVE_SELF|IN_DONT_FOLLOW <unfinished ...>
1548  connect(8, {sa_family=AF_UNIX, sun_path="/dev/shm/systemd-watch-bind-DFLrJu/this/is/a/socket"}, 54 <unfinished ...>
1549  <... inotify_add_watch resumed>)  = 2
1548  <... connect resumed>)            = -1 ENOENT (No such file or directory)
1549  writev(2, [{iov_base="Added inotify watch for /dev on bus client2: 2", iov_len=46}, {iov_base="\n", iov_len=1}], 2 <unfinished ...>
1548  close(8 <unfinished ...>
1549  <... writev resumed>)             = 47
1548  <... close resumed>)              = 0
1549  readlinkat(AT_FDCWD, "/dev",  <unfinished ...>
1548  inotify_add_watch(3, "/", IN_MOVED_TO|IN_CREATE <unfinished ...>
1549  <... readlinkat resumed>0x7f3cd4002710, 4096) = -1 EINVAL (Invalid argument)
1548  <... inotify_add_watch resumed>)  = 1
1549  inotify_add_watch(6, "/dev/shm", IN_ATTRIB|IN_MOVED_TO|IN_CREATE|IN_DELETE_SELF|IN_MOVE_SELF|IN_DONT_FOLLOW <unfinished ...>
1548  inotify_add_watch(3, "/dev", IN_ATTRIB|IN_MOVED_TO|IN_CREATE|IN_DELETE_SELF|IN_MOVE_SELF|IN_DONT_FOLLOW <unfinished ...>
1549  <... inotify_add_watch resumed>)  = 3
1548  <... inotify_add_watch resumed>)  = 2
1549  writev(2, [{iov_base="Added inotify watch for /dev/shm on bus client2: 3", iov_len=50}, {iov_base="\n", iov_len=1}], 2 <unfinished ...>
1548  writev(2, [{iov_base="Added inotify watch for /dev on bus client1: 2", iov_len=46}, {iov_base="\n", iov_len=1}], 2 <unfinished ...>
1549  <... writev resumed>)             = 51
1549  readlinkat(AT_FDCWD, "/dev/shm",  <unfinished ...>
1548  <... writev resumed>)             = 47
1549  <... readlinkat resumed>0x7f3cd4002710, 4096) = -1 EINVAL (Invalid argument)
1548  readlinkat(AT_FDCWD, "/dev",  <unfinished ...>
1549  inotify_add_watch(6, "/dev/shm/systemd-watch-bind-DFLrJu", IN_ATTRIB|IN_MOVED_TO|IN_CREATE|IN_DELETE_SELF|IN_MOVE_SELF|IN_DONT_FOLLOW <unfinished ...>
1548  <... readlinkat resumed>0x7f3cdc001970, 4096) = -1 EINVAL (Invalid argument)
1549  <... inotify_add_watch resumed>)  = 4
1548  inotify_add_watch(3, "/dev/shm", IN_ATTRIB|IN_MOVED_TO|IN_CREATE|IN_DELETE_SELF|IN_MOVE_SELF|IN_DONT_FOLLOW <unfinished ...>
1549  writev(2, [{iov_base="Added inotify watch for /dev/shm/systemd-watch-bind-DFLrJu on bus client2: 4", iov_len=76}, {iov_base="\n", iov_len=1}], 2 <unfinished ...>
1548  <... inotify_add_watch resumed>)  = 3
1549  <... writev resumed>)             = 77
1548  writev(2, [{iov_base="Added inotify watch for /dev/shm on bus client1: 3", iov_len=50}, {iov_base="\n", iov_len=1}], 2 <unfinished ...>
1549  readlinkat(AT_FDCWD, "/dev/shm/systemd-watch-bind-DFLrJu", 0x7f3cd4002710, 4096) = -1 EINVAL (Invalid argument)
1548  <... writev resumed>)             = 51
1549  inotify_add_watch(6, "/dev/shm/systemd-watch-bind-DFLrJu/this", IN_ATTRIB|IN_MOVED_TO|IN_CREATE|IN_DELETE_SELF|IN_MOVE_SELF|IN_DONT_FOLLOW <unfinished ...>
1548  readlinkat(AT_FDCWD, "/dev/shm",  <unfinished ...>
1549  <... inotify_add_watch resumed>)  = 5
1548  <... readlinkat resumed>0x7f3cdc001970, 4096) = -1 EINVAL (Invalid argument)
1549  writev(2, [{iov_base="Added inotify watch for /dev/shm/systemd-watch-bind-DFLrJu/this on bus client2: 5", iov_len=81}, {iov_base="\n", iov_len=1}], 2 <unfinished ...>
1548  inotify_add_watch(3, "/dev/shm/systemd-watch-bind-DFLrJu", IN_ATTRIB|IN_MOVED_TO|IN_CREATE|IN_DELETE_SELF|IN_MOVE_SELF|IN_DONT_FOLLOW <unfinished ...>
1549  <... writev resumed>)             = 82
1548  <... inotify_add_watch resumed>)  = 4
1549  readlinkat(AT_FDCWD, "/dev/shm/systemd-watch-bind-DFLrJu/this",  <unfinished ...>
1548  writev(2, [{iov_base="Added inotify watch for /dev/shm/systemd-watch-bind-DFLrJu on bus client1: 4", iov_len=76}, {iov_base="\n", iov_len=1}], 2 <unfinished ...>
1549  <... readlinkat resumed>0x7f3cd4002710, 4096) = -1 EINVAL (Invalid argument)
1549  inotify_add_watch(6, "/dev/shm/systemd-watch-bind-DFLrJu/this/is", IN_ATTRIB|IN_MOVED_TO|IN_CREATE|IN_DELETE_SELF|IN_MOVE_SELF|IN_DONT_FOLLOW <unfinished ...>
1548  <... writev resumed>)             = 77
1549  <... inotify_add_watch resumed>)  = 6
1548  readlinkat(AT_FDCWD, "/dev/shm/systemd-watch-bind-DFLrJu",  <unfinished ...>
1549  writev(2, [{iov_base="Added inotify watch for /dev/shm/systemd-watch-bind-DFLrJu/this/is on bus client2: 6", iov_len=84}, {iov_base="\n", iov_len=1}], 2 <unfinished ...>
1548  <... readlinkat resumed>0x7f3cdc001970, 4096) = -1 EINVAL (Invalid argument)
1549  <... writev resumed>)             = 85
1548  inotify_add_watch(3, "/dev/shm/systemd-watch-bind-DFLrJu/this", IN_ATTRIB|IN_MOVED_TO|IN_CREATE|IN_DELETE_SELF|IN_MOVE_SELF|IN_DONT_FOLLOW <unfinished ...>
1549  readlinkat(AT_FDCWD, "/dev/shm/systemd-watch-bind-DFLrJu/this/is",  <unfinished ...>
1548  <... inotify_add_watch resumed>)  = 5
1549  <... readlinkat resumed>0x7f3cd4002750, 4096) = -1 EINVAL (Invalid argument)
1548  writev(2, [{iov_base="Added inotify watch for /dev/shm/systemd-watch-bind-DFLrJu/this on bus client1: 5", iov_len=81}, {iov_base="\n", iov_len=1}], 2 <unfinished ...>
1549  inotify_add_watch(6, "/dev/shm/systemd-watch-bind-DFLrJu/this/is/a", IN_ATTRIB|IN_MOVED_TO|IN_CREATE|IN_DELETE_SELF|IN_MOVE_SELF|IN_DONT_FOLLOW) = 7
1548  <... writev resumed>)             = 82
1549  writev(2, [{iov_base="Added inotify watch for /dev/shm/systemd-watch-bind-DFLrJu/this/is/a on bus client2: 7", iov_len=86}, {iov_base="\n", iov_len=1}], 2 <unfinished ...>
1548  readlinkat(AT_FDCWD, "/dev/shm/systemd-watch-bind-DFLrJu/this",  <unfinished ...>
1549  <... writev resumed>)             = 87
1548  <... readlinkat resumed>0x7f3cdc001970, 4096) = -1 EINVAL (Invalid argument)
1549  readlinkat(AT_FDCWD, "/dev/shm/systemd-watch-bind-DFLrJu/this/is/a",  <unfinished ...>
1548  inotify_add_watch(3, "/dev/shm/systemd-watch-bind-DFLrJu/this/is", IN_ATTRIB|IN_MOVED_TO|IN_CREATE|IN_DELETE_SELF|IN_MOVE_SELF|IN_DONT_FOLLOW <unfinished ...>
1549  <... readlinkat resumed>0x7f3cd4002750, 4096) = -1 EINVAL (Invalid argument)
1548  <... inotify_add_watch resumed>)  = 6
1549  inotify_add_watch(6, "/dev/shm/systemd-watch-bind-DFLrJu/this/is/a/socket", IN_ATTRIB|IN_MOVED_TO|IN_CREATE|IN_DELETE_SELF|IN_MOVE_SELF|IN_DONT_FOLLOW <unfinished ...>
1548  writev(2, [{iov_base="Added inotify watch for /dev/shm/systemd-watch-bind-DFLrJu/this/is on bus client1: 6", iov_len=84}, {iov_base="\n", iov_len=1}], 2 <unfinished ...>
1549  <... inotify_add_watch resumed>)  = -1 ENOENT (No such file or directory)
1549  writev(2, [{iov_base="Added inotify watch for /dev/shm/systemd-watch-bind-DFLrJu/this/is/a/socket on bus client2: -1", iov_len=94}, {iov_base="\n", iov_len=1}], 2 <unfinished ...>
1548  <... writev resumed>)             = 85
1548  readlinkat(AT_FDCWD, "/dev/shm/systemd-watch-bind-DFLrJu/this/is",  <unfinished ...>
1549  <... writev resumed>)             = 95
1548  <... readlinkat resumed>0x7f3cdc0019b0, 4096) = -1 EINVAL (Invalid argument)
1549  writev(2, [{iov_base="sd-bus: starting bus client2 by connecting to /dev/shm/systemd-watch-bind-DFLrJu/this/is/a/socket...", iov_len=100}, {iov_base="\n", iov_len=1}], 2 <unfinished ...>
1548  inotify_add_watch(3, "/dev/shm/systemd-watch-bind-DFLrJu/this/is/a", IN_ATTRIB|IN_MOVED_TO|IN_CREATE|IN_DELETE_SELF|IN_MOVE_SELF|IN_DONT_FOLLOW <unfinished ...>
1549  <... writev resumed>)             = 101
1548  <... inotify_add_watch resumed>)  = 7
1549  socket(AF_UNIX, SOCK_STREAM|SOCK_CLOEXEC|SOCK_NONBLOCK, 0 <unfinished ...>
1548  writev(2, [{iov_base="Added inotify watch for /dev/shm/systemd-watch-bind-DFLrJu/this/is/a on bus client1: 7", iov_len=86}, {iov_base="\n", iov_len=1}], 2 <unfinished ...>
1549  <... socket resumed>)             = 7
1549  getsockopt(7, SOL_SOCKET, SO_RCVBUF,  <unfinished ...>
1548  <... writev resumed>)             = 87
1549  <... getsockopt resumed>[212992], [4]) = 0
1548  readlinkat(AT_FDCWD, "/dev/shm/systemd-watch-bind-DFLrJu/this/is/a",  <unfinished ...>
1549  setsockopt(7, SOL_SOCKET, SO_RCVBUF, [8388608], 4 <unfinished ...>
1548  <... readlinkat resumed>0x7f3cdc0019b0, 4096) = -1 EINVAL (Invalid argument)
1549  <... setsockopt resumed>)         = 0
1548  inotify_add_watch(3, "/dev/shm/systemd-watch-bind-DFLrJu/this/is/a/socket", IN_ATTRIB|IN_MOVED_TO|IN_CREATE|IN_DELETE_SELF|IN_MOVE_SELF|IN_DONT_FOLLOW <unfinished ...>
1549  getsockopt(7, SOL_SOCKET, SO_RCVBUF,  <unfinished ...>
1548  <... inotify_add_watch resumed>)  = -1 ENOENT (No such file or directory)
1549  <... getsockopt resumed>[425984], [4]) = 0
1548  writev(2, [{iov_base="Added inotify watch for /dev/shm/systemd-watch-bind-DFLrJu/this/is/a/socket on bus client1: -1", iov_len=94}, {iov_base="\n", iov_len=1}], 2 <unfinished ...>
1549  setsockopt(7, SOL_SOCKET, SO_RCVBUFFORCE, [8388608], 4 <unfinished ...>
1548  <... writev resumed>)             = 95
1549  <... setsockopt resumed>)         = -1 EPERM (Operation not permitted)
1548  writev(2, [{iov_base="sd-bus: starting bus client1 by connecting to /dev/shm/systemd-watch-bind-DFLrJu/this/is/a/socket...", iov_len=100}, {iov_base="\n", iov_len=1}], 2 <unfinished ...>
1549  getsockopt(7, SOL_SOCKET, SO_SNDBUF, [212992], [4]) = 0
1548  <... writev resumed>)             = 101
1549  setsockopt(7, SOL_SOCKET, SO_SNDBUF, [8388608], 4 <unfinished ...>
1548  socket(AF_UNIX, SOCK_STREAM|SOCK_CLOEXEC|SOCK_NONBLOCK, 0 <unfinished ...>
1549  <... setsockopt resumed>)         = 0
1548  <... socket resumed>)             = 8
1549  getsockopt(7, SOL_SOCKET, SO_SNDBUF,  <unfinished ...>
1548  getsockopt(8, SOL_SOCKET, SO_RCVBUF,  <unfinished ...>
1549  <... getsockopt resumed>[425984], [4]) = 0
1548  <... getsockopt resumed>[212992], [4]) = 0
1549  setsockopt(7, SOL_SOCKET, SO_SNDBUFFORCE, [8388608], 4 <unfinished ...>
1548  setsockopt(8, SOL_SOCKET, SO_RCVBUF, [8388608], 4 <unfinished ...>
1549  <... setsockopt resumed>)         = -1 EPERM (Operation not permitted)
1548  <... setsockopt resumed>)         = 0
1549  connect(7, {sa_family=AF_UNIX, sun_path="/dev/shm/systemd-watch-bind-DFLrJu/this/is/a/socket"}, 54 <unfinished ...>
1548  getsockopt(8, SOL_SOCKET, SO_RCVBUF,  <unfinished ...>
1549  <... connect resumed>)            = -1 ENOENT (No such file or directory)
1548  <... getsockopt resumed>[425984], [4]) = 0
1549  close(7 <unfinished ...>
1548  setsockopt(8, SOL_SOCKET, SO_RCVBUFFORCE, [8388608], 4 <unfinished ...>
1549  <... close resumed>)              = 0
1548  <... setsockopt resumed>)         = -1 EPERM (Operation not permitted)
1549  epoll_wait(4,  <unfinished ...>
1548  getsockopt(8, SOL_SOCKET, SO_SNDBUF, [212992], [4]) = 0
1548  setsockopt(8, SOL_SOCKET, SO_SNDBUF, [8388608], 4) = 0
1548  getsockopt(8, SOL_SOCKET, SO_SNDBUF, [425984], [4]) = 0
1548  setsockopt(8, SOL_SOCKET, SO_SNDBUFFORCE, [8388608], 4) = -1 EPERM (Operation not permitted)
1548  connect(8, {sa_family=AF_UNIX, sun_path="/dev/shm/systemd-watch-bind-DFLrJu/this/is/a/socket"}, 54) = -1 ENOENT (No such file or directory)
1548  close(8)                          = 0
1548  ppoll([{fd=3, events=POLLIN}], 1, {tv_sec=0, tv_nsec=0}, NULL, 8) = 0 (Timeout)
1548  ppoll([{fd=3, events=POLLIN}], 1, NULL, NULL, 8 <unfinished ...>
1547  <... clock_nanosleep resumed>NULL) = 0
1547  mmap(0x7f3cd8000000, 67108864, PROT_NONE, MAP_PRIVATE|MAP_ANONYMOUS|MAP_NORESERVE, -1, 0) = 0x7f3cd8000000
1547  mprotect(0x7f3cd8000000, 135168, PROT_READ|PROT_WRITE) = 0
1547  rename("/dev/shm/systemd-watch-bind-DFLrJu/this/is/a", "/dev/shm/systemd-watch-bind-DFLrJu/this/is/a.e8e5f44f8f771b1b" <unfinished ...>
1549  <... epoll_wait resumed>[{events=EPOLLIN, data={u32=3556777568, u64=139899231542880}}], 6, -1) = 1
1547  <... rename resumed>)             = 0
1549  ppoll([{fd=6, events=POLLIN}], 1, {tv_sec=0, tv_nsec=0}, NULL, 8 <unfinished ...>
1548  <... ppoll resumed>)              = 1 ([{fd=3, revents=POLLIN}])
1549  <... ppoll resumed>)              = 1 ([{fd=6, revents=POLLIN}], left {tv_sec=0, tv_nsec=0})
1547  clock_nanosleep(CLOCK_REALTIME, 0, {tv_sec=0, tv_nsec=100000000},  <unfinished ...>
1549  read(6,  <unfinished ...>
1548  ppoll([{fd=3, events=POLLIN}], 1, {tv_sec=0, tv_nsec=0}, NULL, 8 <unfinished ...>
1549  <... read resumed>"\6\0\0\0\200\0\0@\371wO\0 \0\0\0a.e8e5f44f8f771b1b\0\0\0\0\0\0\0\0\0\0\0\0\0\0\7\0\0\0\0\10\0\0\0\0\0\0\0\0\0\0", 2048) = 64
1548  <... ppoll resumed>)              = 1 ([{fd=3, revents=POLLIN}], left {tv_sec=0, tv_nsec=0})
1549  ppoll([{fd=6, events=POLLIN}], 1, {tv_sec=0, tv_nsec=0}, NULL, 8 <unfinished ...>
1548  read(3,  <unfinished ...>
1549  <... ppoll resumed>)              = 0 (Timeout)
1548  <... read resumed>"\6\0\0\0\200\0\0@\371wO\0 \0\0\0a.e8e5f44f8f771b1b\0\0\0\0\0\0\0\0\0\0\0\0\0\0\7\0\0\0\0\10\0\0\0\0\0\0\0\0\0\0", 2048) = 64
1549  writev(2, [{iov_base="Got inotify event on bus client2.", iov_len=33}, {iov_base="\n", iov_len=1}], 2 <unfinished ...>
1548  ppoll([{fd=3, events=POLLIN}], 1, {tv_sec=0, tv_nsec=0}, NULL, 8) = 0 (Timeout)
1549  <... writev resumed>)             = 34
1548  writev(2, [{iov_base="Got inotify event on bus client1.", iov_len=33}, {iov_base="\n", iov_len=1}], 2 <unfinished ...>
1549  writev(2, [{iov_base="sd-bus: starting bus client2 by connecting to /dev/shm/systemd-watch-bind-DFLrJu/this/is/a/socket...", iov_len=100}, {iov_base="\n", iov_len=1}], 2 <unfinished ...>
1548  <... writev resumed>)             = 34
1549  <... writev resumed>)             = 101
1548  writev(2, [{iov_base="sd-bus: starting bus client1 by connecting to /dev/shm/systemd-watch-bind-DFLrJu/this/is/a/socket...", iov_len=100}, {iov_base="\n", iov_len=1}], 2 <unfinished ...>
1549  socket(AF_UNIX, SOCK_STREAM|SOCK_CLOEXEC|SOCK_NONBLOCK, 0) = 7
1548  <... writev resumed>)             = 101
1549  getsockopt(7, SOL_SOCKET, SO_RCVBUF,  <unfinished ...>
1548  socket(AF_UNIX, SOCK_STREAM|SOCK_CLOEXEC|SOCK_NONBLOCK, 0 <unfinished ...>
1549  <... getsockopt resumed>[212992], [4]) = 0
1548  <... socket resumed>)             = 8
1549  setsockopt(7, SOL_SOCKET, SO_RCVBUF, [8388608], 4 <unfinished ...>
1548  getsockopt(8, SOL_SOCKET, SO_RCVBUF,  <unfinished ...>
1549  <... setsockopt resumed>)         = 0
1548  <... getsockopt resumed>[212992], [4]) = 0
1549  getsockopt(7, SOL_SOCKET, SO_RCVBUF,  <unfinished ...>
1548  setsockopt(8, SOL_SOCKET, SO_RCVBUF, [8388608], 4 <unfinished ...>
1549  <... getsockopt resumed>[425984], [4]) = 0
1548  <... setsockopt resumed>)         = 0
1549  setsockopt(7, SOL_SOCKET, SO_RCVBUFFORCE, [8388608], 4 <unfinished ...>
1548  getsockopt(8, SOL_SOCKET, SO_RCVBUF,  <unfinished ...>
1549  <... setsockopt resumed>)         = -1 EPERM (Operation not permitted)
1548  <... getsockopt resumed>[425984], [4]) = 0
1549  getsockopt(7, SOL_SOCKET, SO_SNDBUF,  <unfinished ...>
1548  setsockopt(8, SOL_SOCKET, SO_RCVBUFFORCE, [8388608], 4 <unfinished ...>
1549  <... getsockopt resumed>[212992], [4]) = 0
1548  <... setsockopt resumed>)         = -1 EPERM (Operation not permitted)
1549  setsockopt(7, SOL_SOCKET, SO_SNDBUF, [8388608], 4 <unfinished ...>
1548  getsockopt(8, SOL_SOCKET, SO_SNDBUF,  <unfinished ...>
1549  <... setsockopt resumed>)         = 0
1548  <... getsockopt resumed>[212992], [4]) = 0
1549  getsockopt(7, SOL_SOCKET, SO_SNDBUF,  <unfinished ...>
1548  setsockopt(8, SOL_SOCKET, SO_SNDBUF, [8388608], 4 <unfinished ...>
1549  <... getsockopt resumed>[425984], [4]) = 0
1548  <... setsockopt resumed>)         = 0
1549  setsockopt(7, SOL_SOCKET, SO_SNDBUFFORCE, [8388608], 4 <unfinished ...>
1548  getsockopt(8, SOL_SOCKET, SO_SNDBUF,  <unfinished ...>
1549  <... setsockopt resumed>)         = -1 EPERM (Operation not permitted)
1548  <... getsockopt resumed>[425984], [4]) = 0
1549  connect(7, {sa_family=AF_UNIX, sun_path="/dev/shm/systemd-watch-bind-DFLrJu/this/is/a/socket"}, 54 <unfinished ...>
1548  setsockopt(8, SOL_SOCKET, SO_SNDBUFFORCE, [8388608], 4 <unfinished ...>
1549  <... connect resumed>)            = -1 ENOENT (No such file or directory)
1548  <... setsockopt resumed>)         = -1 EPERM (Operation not permitted)
1549  close(7 <unfinished ...>
1548  connect(8, {sa_family=AF_UNIX, sun_path="/dev/shm/systemd-watch-bind-DFLrJu/this/is/a/socket"}, 54 <unfinished ...>
1549  <... close resumed>)              = 0
1548  <... connect resumed>)            = -1 ENOENT (No such file or directory)
1549  inotify_add_watch(6, "/", IN_MOVED_TO|IN_CREATE <unfinished ...>
1548  close(8 <unfinished ...>
1549  <... inotify_add_watch resumed>)  = 1
1548  <... close resumed>)              = 0
1549  inotify_add_watch(6, "/dev", IN_ATTRIB|IN_MOVED_TO|IN_CREATE|IN_DELETE_SELF|IN_MOVE_SELF|IN_DONT_FOLLOW <unfinished ...>
1548  inotify_add_watch(3, "/", IN_MOVED_TO|IN_CREATE <unfinished ...>
1549  <... inotify_add_watch resumed>)  = 2
1548  <... inotify_add_watch resumed>)  = 1
1549  writev(2, [{iov_base="Added inotify watch for /dev on bus client2: 2", iov_len=46}, {iov_base="\n", iov_len=1}], 2 <unfinished ...>
1548  inotify_add_watch(3, "/dev", IN_ATTRIB|IN_MOVED_TO|IN_CREATE|IN_DELETE_SELF|IN_MOVE_SELF|IN_DONT_FOLLOW) = 2
1549  <... writev resumed>)             = 47
1548  writev(2, [{iov_base="Added inotify watch for /dev on bus client1: 2", iov_len=46}, {iov_base="\n", iov_len=1}], 2 <unfinished ...>
1549  readlinkat(AT_FDCWD, "/dev", 0x7f3cd4002750, 4096) = -1 EINVAL (Invalid argument)
1548  <... writev resumed>)             = 47
1549  inotify_add_watch(6, "/dev/shm", IN_ATTRIB|IN_MOVED_TO|IN_CREATE|IN_DELETE_SELF|IN_MOVE_SELF|IN_DONT_FOLLOW <unfinished ...>
1548  readlinkat(AT_FDCWD, "/dev",  <unfinished ...>
1549  <... inotify_add_watch resumed>)  = 3
1548  <... readlinkat resumed>0x7f3cdc0019b0, 4096) = -1 EINVAL (Invalid argument)
1549  writev(2, [{iov_base="Added inotify watch for /dev/shm on bus client2: 3", iov_len=50}, {iov_base="\n", iov_len=1}], 2 <unfinished ...>
1548  inotify_add_watch(3, "/dev/shm", IN_ATTRIB|IN_MOVED_TO|IN_CREATE|IN_DELETE_SELF|IN_MOVE_SELF|IN_DONT_FOLLOW <unfinished ...>
1549  <... writev resumed>)             = 51
1548  <... inotify_add_watch resumed>)  = 3
1549  readlinkat(AT_FDCWD, "/dev/shm",  <unfinished ...>
1548  writev(2, [{iov_base="Added inotify watch for /dev/shm on bus client1: 3", iov_len=50}, {iov_base="\n", iov_len=1}], 2 <unfinished ...>
1549  <... readlinkat resumed>0x7f3cd4002750, 4096) = -1 EINVAL (Invalid argument)
1549  inotify_add_watch(6, "/dev/shm/systemd-watch-bind-DFLrJu", IN_ATTRIB|IN_MOVED_TO|IN_CREATE|IN_DELETE_SELF|IN_MOVE_SELF|IN_DONT_FOLLOW <unfinished ...>
1548  <... writev resumed>)             = 51
1549  <... inotify_add_watch resumed>)  = 4
1548  readlinkat(AT_FDCWD, "/dev/shm",  <unfinished ...>
1549  writev(2, [{iov_base="Added inotify watch for /dev/shm/systemd-watch-bind-DFLrJu on bus client2: 4", iov_len=76}, {iov_base="\n", iov_len=1}], 2 <unfinished ...>
1548  <... readlinkat resumed>0x7f3cdc0019b0, 4096) = -1 EINVAL (Invalid argument)
1549  <... writev resumed>)             = 77
1548  inotify_add_watch(3, "/dev/shm/systemd-watch-bind-DFLrJu", IN_ATTRIB|IN_MOVED_TO|IN_CREATE|IN_DELETE_SELF|IN_MOVE_SELF|IN_DONT_FOLLOW <unfinished ...>
1549  readlinkat(AT_FDCWD, "/dev/shm/systemd-watch-bind-DFLrJu",  <unfinished ...>
1548  <... inotify_add_watch resumed>)  = 4
1549  <... readlinkat resumed>0x7f3cd4002750, 4096) = -1 EINVAL (Invalid argument)
1548  writev(2, [{iov_base="Added inotify watch for /dev/shm/systemd-watch-bind-DFLrJu on bus client1: 4", iov_len=76}, {iov_base="\n", iov_len=1}], 2 <unfinished ...>
1549  inotify_add_watch(6, "/dev/shm/systemd-watch-bind-DFLrJu/this", IN_ATTRIB|IN_MOVED_TO|IN_CREATE|IN_DELETE_SELF|IN_MOVE_SELF|IN_DONT_FOLLOW) = 5
1548  <... writev resumed>)             = 77
1549  writev(2, [{iov_base="Added inotify watch for /dev/shm/systemd-watch-bind-DFLrJu/this on bus client2: 5", iov_len=81}, {iov_base="\n", iov_len=1}], 2 <unfinished ...>
1548  readlinkat(AT_FDCWD, "/dev/shm/systemd-watch-bind-DFLrJu",  <unfinished ...>
1549  <... writev resumed>)             = 82
1548  <... readlinkat resumed>0x7f3cdc0019b0, 4096) = -1 EINVAL (Invalid argument)
1549  readlinkat(AT_FDCWD, "/dev/shm/systemd-watch-bind-DFLrJu/this",  <unfinished ...>
1548  inotify_add_watch(3, "/dev/shm/systemd-watch-bind-DFLrJu/this", IN_ATTRIB|IN_MOVED_TO|IN_CREATE|IN_DELETE_SELF|IN_MOVE_SELF|IN_DONT_FOLLOW <unfinished ...>
1549  <... readlinkat resumed>0x7f3cd4002750, 4096) = -1 EINVAL (Invalid argument)
1548  <... inotify_add_watch resumed>)  = 5
1549  inotify_add_watch(6, "/dev/shm/systemd-watch-bind-DFLrJu/this/is", IN_ATTRIB|IN_MOVED_TO|IN_CREATE|IN_DELETE_SELF|IN_MOVE_SELF|IN_DONT_FOLLOW <unfinished ...>
1548  writev(2, [{iov_base="Added inotify watch for /dev/shm/systemd-watch-bind-DFLrJu/this on bus client1: 5", iov_len=81}, {iov_base="\n", iov_len=1}], 2 <unfinished ...>
1549  <... inotify_add_watch resumed>)  = 6
1549  writev(2, [{iov_base="Added inotify watch for /dev/shm/systemd-watch-bind-DFLrJu/this/is on bus client2: 6", iov_len=84}, {iov_base="\n", iov_len=1}], 2 <unfinished ...>
1548  <... writev resumed>)             = 82
1549  <... writev resumed>)             = 85
1548  readlinkat(AT_FDCWD, "/dev/shm/systemd-watch-bind-DFLrJu/this",  <unfinished ...>
1549  readlinkat(AT_FDCWD, "/dev/shm/systemd-watch-bind-DFLrJu/this/is",  <unfinished ...>
1548  <... readlinkat resumed>0x7f3cdc0019b0, 4096) = -1 EINVAL (Invalid argument)
1549  <... readlinkat resumed>0x7f3cd4002750, 4096) = -1 EINVAL (Invalid argument)
1548  inotify_add_watch(3, "/dev/shm/systemd-watch-bind-DFLrJu/this/is", IN_ATTRIB|IN_MOVED_TO|IN_CREATE|IN_DELETE_SELF|IN_MOVE_SELF|IN_DONT_FOLLOW <unfinished ...>
1549  inotify_add_watch(6, "/dev/shm/systemd-watch-bind-DFLrJu/this/is/a", IN_ATTRIB|IN_MOVED_TO|IN_CREATE|IN_DELETE_SELF|IN_MOVE_SELF|IN_DONT_FOLLOW <unfinished ...>
1548  <... inotify_add_watch resumed>)  = 6
1549  <... inotify_add_watch resumed>)  = -1 ENOENT (No such file or directory)
1548  writev(2, [{iov_base="Added inotify watch for /dev/shm/systemd-watch-bind-DFLrJu/this/is on bus client1: 6", iov_len=84}, {iov_base="\n", iov_len=1}], 2 <unfinished ...>
1549  writev(2, [{iov_base="Added inotify watch for /dev/shm/systemd-watch-bind-DFLrJu/this/is/a on bus client2: -1", iov_len=87}, {iov_base="\n", iov_len=1}], 2 <unfinished ...>
1548  <... writev resumed>)             = 85
1549  <... writev resumed>)             = 88
1548  readlinkat(AT_FDCWD, "/dev/shm/systemd-watch-bind-DFLrJu/this/is",  <unfinished ...>
1549  inotify_rm_watch(6, 7 <unfinished ...>
1548  <... readlinkat resumed>0x7f3cdc0019b0, 4096) = -1 EINVAL (Invalid argument)
1549  <... inotify_rm_watch resumed>)   = 0
1548  inotify_add_watch(3, "/dev/shm/systemd-watch-bind-DFLrJu/this/is/a", IN_ATTRIB|IN_MOVED_TO|IN_CREATE|IN_DELETE_SELF|IN_MOVE_SELF|IN_DONT_FOLLOW <unfinished ...>
1549  writev(2, [{iov_base="sd-bus: starting bus client2 by connecting to /dev/shm/systemd-watch-bind-DFLrJu/this/is/a/socket...", iov_len=100}, {iov_base="\n", iov_len=1}], 2 <unfinished ...>
1548  <... inotify_add_watch resumed>)  = -1 ENOENT (No such file or directory)
1549  <... writev resumed>)             = 101
1548  writev(2, [{iov_base="Added inotify watch for /dev/shm/systemd-watch-bind-DFLrJu/this/is/a on bus client1: -1", iov_len=87}, {iov_base="\n", iov_len=1}], 2 <unfinished ...>
1549  socket(AF_UNIX, SOCK_STREAM|SOCK_CLOEXEC|SOCK_NONBLOCK, 0) = 7
1548  <... writev resumed>)             = 88
1549  getsockopt(7, SOL_SOCKET, SO_RCVBUF,  <unfinished ...>
1548  inotify_rm_watch(3, 7 <unfinished ...>
1549  <... getsockopt resumed>[212992], [4]) = 0
1548  <... inotify_rm_watch resumed>)   = 0
1549  setsockopt(7, SOL_SOCKET, SO_RCVBUF, [8388608], 4 <unfinished ...>
1548  writev(2, [{iov_base="sd-bus: starting bus client1 by connecting to /dev/shm/systemd-watch-bind-DFLrJu/this/is/a/socket...", iov_len=100}, {iov_base="\n", iov_len=1}], 2 <unfinished ...>
1549  <... setsockopt resumed>)         = 0
1549  getsockopt(7, SOL_SOCKET, SO_RCVBUF,  <unfinished ...>
1548  <... writev resumed>)             = 101
1549  <... getsockopt resumed>[425984], [4]) = 0
1548  socket(AF_UNIX, SOCK_STREAM|SOCK_CLOEXEC|SOCK_NONBLOCK, 0 <unfinished ...>
1549  setsockopt(7, SOL_SOCKET, SO_RCVBUFFORCE, [8388608], 4 <unfinished ...>
1548  <... socket resumed>)             = 8
1549  <... setsockopt resumed>)         = -1 EPERM (Operation not permitted)
1548  getsockopt(8, SOL_SOCKET, SO_RCVBUF,  <unfinished ...>
1549  getsockopt(7, SOL_SOCKET, SO_SNDBUF,  <unfinished ...>
1548  <... getsockopt resumed>[212992], [4]) = 0
1549  <... getsockopt resumed>[212992], [4]) = 0
1548  setsockopt(8, SOL_SOCKET, SO_RCVBUF, [8388608], 4 <unfinished ...>
1549  setsockopt(7, SOL_SOCKET, SO_SNDBUF, [8388608], 4 <unfinished ...>
1548  <... setsockopt resumed>)         = 0
1549  <... setsockopt resumed>)         = 0
1548  getsockopt(8, SOL_SOCKET, SO_RCVBUF,  <unfinished ...>
1549  getsockopt(7, SOL_SOCKET, SO_SNDBUF,  <unfinished ...>
1548  <... getsockopt resumed>[425984], [4]) = 0
1549  <... getsockopt resumed>[425984], [4]) = 0
1548  setsockopt(8, SOL_SOCKET, SO_RCVBUFFORCE, [8388608], 4 <unfinished ...>
1549  setsockopt(7, SOL_SOCKET, SO_SNDBUFFORCE, [8388608], 4 <unfinished ...>
1548  <... setsockopt resumed>)         = -1 EPERM (Operation not permitted)
1549  <... setsockopt resumed>)         = -1 EPERM (Operation not permitted)
1548  getsockopt(8, SOL_SOCKET, SO_SNDBUF,  <unfinished ...>
1549  connect(7, {sa_family=AF_UNIX, sun_path="/dev/shm/systemd-watch-bind-DFLrJu/this/is/a/socket"}, 54 <unfinished ...>
1548  <... getsockopt resumed>[212992], [4]) = 0
1549  <... connect resumed>)            = -1 ENOENT (No such file or directory)
1548  setsockopt(8, SOL_SOCKET, SO_SNDBUF, [8388608], 4 <unfinished ...>
1549  close(7 <unfinished ...>
1548  <... setsockopt resumed>)         = 0
1549  <... close resumed>)              = 0
1548  getsockopt(8, SOL_SOCKET, SO_SNDBUF,  <unfinished ...>
1549  epoll_wait(4,  <unfinished ...>
1548  <... getsockopt resumed>[425984], [4]) = 0
1549  <... epoll_wait resumed>[{events=EPOLLIN, data={u32=3556777568, u64=139899231542880}}], 6, -1) = 1
1548  setsockopt(8, SOL_SOCKET, SO_SNDBUFFORCE, [8388608], 4 <unfinished ...>
1549  ppoll([{fd=6, events=POLLIN}], 1, {tv_sec=0, tv_nsec=0}, NULL, 8 <unfinished ...>
1548  <... setsockopt resumed>)         = -1 EPERM (Operation not permitted)
1549  <... ppoll resumed>)              = 1 ([{fd=6, revents=POLLIN}], left {tv_sec=0, tv_nsec=0})
1548  connect(8, {sa_family=AF_UNIX, sun_path="/dev/shm/systemd-watch-bind-DFLrJu/this/is/a/socket"}, 54 <unfinished ...>
1549  read(6,  <unfinished ...>
1548  <... connect resumed>)            = -1 ENOENT (No such file or directory)
1549  <... read resumed>"\7\0\0\0\0\200\0\0\0\0\0\0\0\0\0\0", 2048) = 16
1548  close(8 <unfinished ...>
1549  ppoll([{fd=6, events=POLLIN}], 1, {tv_sec=0, tv_nsec=0}, NULL, 8 <unfinished ...>
1548  <... close resumed>)              = 0
1549  <... ppoll resumed>)              = 0 (Timeout)
1548  ppoll([{fd=3, events=POLLIN}], 1, {tv_sec=0, tv_nsec=0}, NULL, 8 <unfinished ...>
1549  writev(2, [{iov_base="Got inotify event on bus client2.", iov_len=33}, {iov_base="\n", iov_len=1}], 2 <unfinished ...>
1548  <... ppoll resumed>)              = 1 ([{fd=3, revents=POLLIN}], left {tv_sec=0, tv_nsec=0})
1549  <... writev resumed>)             = 34
1548  read(3,  <unfinished ...>
1549  writev(2, [{iov_base="sd-bus: starting bus client2 by connecting to /dev/shm/systemd-watch-bind-DFLrJu/this/is/a/socket...", iov_len=100}, {iov_base="\n", iov_len=1}], 2 <unfinished ...>
1548  <... read resumed>"\7\0\0\0\0\200\0\0\0\0\0\0\0\0\0\0", 2048) = 16
1549  <... writev resumed>)             = 101
1548  ppoll([{fd=3, events=POLLIN}], 1, {tv_sec=0, tv_nsec=0}, NULL, 8 <unfinished ...>
1549  socket(AF_UNIX, SOCK_STREAM|SOCK_CLOEXEC|SOCK_NONBLOCK, 0 <unfinished ...>
1548  <... ppoll resumed>)              = 0 (Timeout)
1549  <... socket resumed>)             = 7
1548  writev(2, [{iov_base="Got inotify event on bus client1.", iov_len=33}, {iov_base="\n", iov_len=1}], 2 <unfinished ...>
1549  getsockopt(7, SOL_SOCKET, SO_RCVBUF, [212992], [4]) = 0
1548  <... writev resumed>)             = 34
1549  setsockopt(7, SOL_SOCKET, SO_RCVBUF, [8388608], 4 <unfinished ...>
1548  writev(2, [{iov_base="sd-bus: starting bus client1 by connecting to /dev/shm/systemd-watch-bind-DFLrJu/this/is/a/socket...", iov_len=100}, {iov_base="\n", iov_len=1}], 2 <unfinished ...>
1549  <... setsockopt resumed>)         = 0
1549  getsockopt(7, SOL_SOCKET, SO_RCVBUF,  <unfinished ...>
1548  <... writev resumed>)             = 101
1549  <... getsockopt resumed>[425984], [4]) = 0
1548  socket(AF_UNIX, SOCK_STREAM|SOCK_CLOEXEC|SOCK_NONBLOCK, 0 <unfinished ...>
1549  setsockopt(7, SOL_SOCKET, SO_RCVBUFFORCE, [8388608], 4 <unfinished ...>
1548  <... socket resumed>)             = 8
1549  <... setsockopt resumed>)         = -1 EPERM (Operation not permitted)
1548  getsockopt(8, SOL_SOCKET, SO_RCVBUF,  <unfinished ...>
1549  getsockopt(7, SOL_SOCKET, SO_SNDBUF,  <unfinished ...>
1548  <... getsockopt resumed>[212992], [4]) = 0
1549  <... getsockopt resumed>[212992], [4]) = 0
1548  setsockopt(8, SOL_SOCKET, SO_RCVBUF, [8388608], 4 <unfinished ...>
1549  setsockopt(7, SOL_SOCKET, SO_SNDBUF, [8388608], 4 <unfinished ...>
1548  <... setsockopt resumed>)         = 0
1549  <... setsockopt resumed>)         = 0
1548  getsockopt(8, SOL_SOCKET, SO_RCVBUF,  <unfinished ...>
1549  getsockopt(7, SOL_SOCKET, SO_SNDBUF,  <unfinished ...>
1548  <... getsockopt resumed>[425984], [4]) = 0
1549  <... getsockopt resumed>[425984], [4]) = 0
1548  setsockopt(8, SOL_SOCKET, SO_RCVBUFFORCE, [8388608], 4 <unfinished ...>
1549  setsockopt(7, SOL_SOCKET, SO_SNDBUFFORCE, [8388608], 4 <unfinished ...>
1548  <... setsockopt resumed>)         = -1 EPERM (Operation not permitted)
1549  <... setsockopt resumed>)         = -1 EPERM (Operation not permitted)
1548  getsockopt(8, SOL_SOCKET, SO_SNDBUF,  <unfinished ...>
1549  connect(7, {sa_family=AF_UNIX, sun_path="/dev/shm/systemd-watch-bind-DFLrJu/this/is/a/socket"}, 54 <unfinished ...>
1548  <... getsockopt resumed>[212992], [4]) = 0
1549  <... connect resumed>)            = -1 ENOENT (No such file or directory)
1548  setsockopt(8, SOL_SOCKET, SO_SNDBUF, [8388608], 4 <unfinished ...>
1549  close(7 <unfinished ...>
1548  <... setsockopt resumed>)         = 0
1549  <... close resumed>)              = 0
1548  getsockopt(8, SOL_SOCKET, SO_SNDBUF,  <unfinished ...>
1549  inotify_add_watch(6, "/", IN_MOVED_TO|IN_CREATE <unfinished ...>
1548  <... getsockopt resumed>[425984], [4]) = 0
1549  <... inotify_add_watch resumed>)  = 1
1548  setsockopt(8, SOL_SOCKET, SO_SNDBUFFORCE, [8388608], 4 <unfinished ...>
1549  inotify_add_watch(6, "/dev", IN_ATTRIB|IN_MOVED_TO|IN_CREATE|IN_DELETE_SELF|IN_MOVE_SELF|IN_DONT_FOLLOW <unfinished ...>
1548  <... setsockopt resumed>)         = -1 EPERM (Operation not permitted)
1549  <... inotify_add_watch resumed>)  = 2
1548  connect(8, {sa_family=AF_UNIX, sun_path="/dev/shm/systemd-watch-bind-DFLrJu/this/is/a/socket"}, 54 <unfinished ...>
1549  writev(2, [{iov_base="Added inotify watch for /dev on bus client2: 2", iov_len=46}, {iov_base="\n", iov_len=1}], 2 <unfinished ...>
1548  <... connect resumed>)            = -1 ENOENT (No such file or directory)
1549  <... writev resumed>)             = 47
1548  close(8 <unfinished ...>
1549  readlinkat(AT_FDCWD, "/dev",  <unfinished ...>
1548  <... close resumed>)              = 0
1549  <... readlinkat resumed>0x7f3cd4002750, 4096) = -1 EINVAL (Invalid argument)
1548  inotify_add_watch(3, "/", IN_MOVED_TO|IN_CREATE <unfinished ...>
1549  inotify_add_watch(6, "/dev/shm", IN_ATTRIB|IN_MOVED_TO|IN_CREATE|IN_DELETE_SELF|IN_MOVE_SELF|IN_DONT_FOLLOW <unfinished ...>
1548  <... inotify_add_watch resumed>)  = 1
1549  <... inotify_add_watch resumed>)  = 3
1548  inotify_add_watch(3, "/dev", IN_ATTRIB|IN_MOVED_TO|IN_CREATE|IN_DELETE_SELF|IN_MOVE_SELF|IN_DONT_FOLLOW <unfinished ...>
1549  writev(2, [{iov_base="Added inotify watch for /dev/shm on bus client2: 3", iov_len=50}, {iov_base="\n", iov_len=1}], 2 <unfinished ...>
1548  <... inotify_add_watch resumed>)  = 2
1549  <... writev resumed>)             = 51
1548  writev(2, [{iov_base="Added inotify watch for /dev on bus client1: 2", iov_len=46}, {iov_base="\n", iov_len=1}], 2 <unfinished ...>
1549  readlinkat(AT_FDCWD, "/dev/shm", 0x7f3cd4002750, 4096) = -1 EINVAL (Invalid argument)
1548  <... writev resumed>)             = 47
1549  inotify_add_watch(6, "/dev/shm/systemd-watch-bind-DFLrJu", IN_ATTRIB|IN_MOVED_TO|IN_CREATE|IN_DELETE_SELF|IN_MOVE_SELF|IN_DONT_FOLLOW <unfinished ...>
1548  readlinkat(AT_FDCWD, "/dev",  <unfinished ...>
1549  <... inotify_add_watch resumed>)  = 4
1548  <... readlinkat resumed>0x7f3cdc0019b0, 4096) = -1 EINVAL (Invalid argument)
1549  writev(2, [{iov_base="Added inotify watch for /dev/shm/systemd-watch-bind-DFLrJu on bus client2: 4", iov_len=76}, {iov_base="\n", iov_len=1}], 2 <unfinished ...>
1548  inotify_add_watch(3, "/dev/shm", IN_ATTRIB|IN_MOVED_TO|IN_CREATE|IN_DELETE_SELF|IN_MOVE_SELF|IN_DONT_FOLLOW <unfinished ...>
1549  <... writev resumed>)             = 77
1548  <... inotify_add_watch resumed>)  = 3
1549  readlinkat(AT_FDCWD, "/dev/shm/systemd-watch-bind-DFLrJu",  <unfinished ...>
1548  writev(2, [{iov_base="Added inotify watch for /dev/shm on bus client1: 3", iov_len=50}, {iov_base="\n", iov_len=1}], 2 <unfinished ...>
1549  <... readlinkat resumed>0x7f3cd4002750, 4096) = -1 EINVAL (Invalid argument)
1549  inotify_add_watch(6, "/dev/shm/systemd-watch-bind-DFLrJu/this", IN_ATTRIB|IN_MOVED_TO|IN_CREATE|IN_DELETE_SELF|IN_MOVE_SELF|IN_DONT_FOLLOW <unfinished ...>
1548  <... writev resumed>)             = 51
1549  <... inotify_add_watch resumed>)  = 5
1548  readlinkat(AT_FDCWD, "/dev/shm",  <unfinished ...>
1549  writev(2, [{iov_base="Added inotify watch for /dev/shm/systemd-watch-bind-DFLrJu/this on bus client2: 5", iov_len=81}, {iov_base="\n", iov_len=1}], 2 <unfinished ...>
1548  <... readlinkat resumed>0x7f3cdc0019b0, 4096) = -1 EINVAL (Invalid argument)
1549  <... writev resumed>)             = 82
1548  inotify_add_watch(3, "/dev/shm/systemd-watch-bind-DFLrJu", IN_ATTRIB|IN_MOVED_TO|IN_CREATE|IN_DELETE_SELF|IN_MOVE_SELF|IN_DONT_FOLLOW <unfinished ...>
1549  readlinkat(AT_FDCWD, "/dev/shm/systemd-watch-bind-DFLrJu/this",  <unfinished ...>
1548  <... inotify_add_watch resumed>)  = 4
1549  <... readlinkat resumed>0x7f3cd4002750, 4096) = -1 EINVAL (Invalid argument)
1548  writev(2, [{iov_base="Added inotify watch for /dev/shm/systemd-watch-bind-DFLrJu on bus client1: 4", iov_len=76}, {iov_base="\n", iov_len=1}], 2 <unfinished ...>
1549  inotify_add_watch(6, "/dev/shm/systemd-watch-bind-DFLrJu/this/is", IN_ATTRIB|IN_MOVED_TO|IN_CREATE|IN_DELETE_SELF|IN_MOVE_SELF|IN_DONT_FOLLOW) = 6
1548  <... writev resumed>)             = 77
1549  writev(2, [{iov_base="Added inotify watch for /dev/shm/systemd-watch-bind-DFLrJu/this/is on bus client2: 6", iov_len=84}, {iov_base="\n", iov_len=1}], 2 <unfinished ...>
1548  readlinkat(AT_FDCWD, "/dev/shm/systemd-watch-bind-DFLrJu",  <unfinished ...>
1549  <... writev resumed>)             = 85
1548  <... readlinkat resumed>0x7f3cdc0019b0, 4096) = -1 EINVAL (Invalid argument)
1549  readlinkat(AT_FDCWD, "/dev/shm/systemd-watch-bind-DFLrJu/this/is",  <unfinished ...>
1548  inotify_add_watch(3, "/dev/shm/systemd-watch-bind-DFLrJu/this", IN_ATTRIB|IN_MOVED_TO|IN_CREATE|IN_DELETE_SELF|IN_MOVE_SELF|IN_DONT_FOLLOW <unfinished ...>
1549  <... readlinkat resumed>0x7f3cd4002750, 4096) = -1 EINVAL (Invalid argument)
1548  <... inotify_add_watch resumed>)  = 5
1549  inotify_add_watch(6, "/dev/shm/systemd-watch-bind-DFLrJu/this/is/a", IN_ATTRIB|IN_MOVED_TO|IN_CREATE|IN_DELETE_SELF|IN_MOVE_SELF|IN_DONT_FOLLOW <unfinished ...>
1548  writev(2, [{iov_base="Added inotify watch for /dev/shm/systemd-watch-bind-DFLrJu/this on bus client1: 5", iov_len=81}, {iov_base="\n", iov_len=1}], 2 <unfinished ...>
1549  <... inotify_add_watch resumed>)  = -1 ENOENT (No such file or directory)
1548  <... writev resumed>)             = 82
1549  writev(2, [{iov_base="Added inotify watch for /dev/shm/systemd-watch-bind-DFLrJu/this/is/a on bus client2: -1", iov_len=87}, {iov_base="\n", iov_len=1}], 2 <unfinished ...>
1548  readlinkat(AT_FDCWD, "/dev/shm/systemd-watch-bind-DFLrJu/this",  <unfinished ...>
1549  <... writev resumed>)             = 88
1548  <... readlinkat resumed>0x7f3cdc0019b0, 4096) = -1 EINVAL (Invalid argument)
1549  writev(2, [{iov_base="sd-bus: starting bus client2 by connecting to /dev/shm/systemd-watch-bind-DFLrJu/this/is/a/socket...", iov_len=100}, {iov_base="\n", iov_len=1}], 2 <unfinished ...>
1548  inotify_add_watch(3, "/dev/shm/systemd-watch-bind-DFLrJu/this/is", IN_ATTRIB|IN_MOVED_TO|IN_CREATE|IN_DELETE_SELF|IN_MOVE_SELF|IN_DONT_FOLLOW <unfinished ...>
1549  <... writev resumed>)             = 101
1548  <... inotify_add_watch resumed>)  = 6
1549  socket(AF_UNIX, SOCK_STREAM|SOCK_CLOEXEC|SOCK_NONBLOCK, 0 <unfinished ...>
1548  writev(2, [{iov_base="Added inotify watch for /dev/shm/systemd-watch-bind-DFLrJu/this/is on bus client1: 6", iov_len=84}, {iov_base="\n", iov_len=1}], 2 <unfinished ...>
1549  <... socket resumed>)             = 7
1549  getsockopt(7, SOL_SOCKET, SO_RCVBUF,  <unfinished ...>
1548  <... writev resumed>)             = 85
1549  <... getsockopt resumed>[212992], [4]) = 0
1548  readlinkat(AT_FDCWD, "/dev/shm/systemd-watch-bind-DFLrJu/this/is",  <unfinished ...>
1549  setsockopt(7, SOL_SOCKET, SO_RCVBUF, [8388608], 4 <unfinished ...>
1548  <... readlinkat resumed>0x7f3cdc0019b0, 4096) = -1 EINVAL (Invalid argument)
1549  <... setsockopt resumed>)         = 0
1548  inotify_add_watch(3, "/dev/shm/systemd-watch-bind-DFLrJu/this/is/a", IN_ATTRIB|IN_MOVED_TO|IN_CREATE|IN_DELETE_SELF|IN_MOVE_SELF|IN_DONT_FOLLOW <unfinished ...>
1549  getsockopt(7, SOL_SOCKET, SO_RCVBUF,  <unfinished ...>
1548  <... inotify_add_watch resumed>)  = -1 ENOENT (No such file or directory)
1549  <... getsockopt resumed>[425984], [4]) = 0
1548  writev(2, [{iov_base="Added inotify watch for /dev/shm/systemd-watch-bind-DFLrJu/this/is/a on bus client1: -1", iov_len=87}, {iov_base="\n", iov_len=1}], 2 <unfinished ...>
1549  setsockopt(7, SOL_SOCKET, SO_RCVBUFFORCE, [8388608], 4 <unfinished ...>
1548  <... writev resumed>)             = 88
1549  <... setsockopt resumed>)         = -1 EPERM (Operation not permitted)
1548  writev(2, [{iov_base="sd-bus: starting bus client1 by connecting to /dev/shm/systemd-watch-bind-DFLrJu/this/is/a/socket...", iov_len=100}, {iov_base="\n", iov_len=1}], 2 <unfinished ...>
1549  getsockopt(7, SOL_SOCKET, SO_SNDBUF, [212992], [4]) = 0
1548  <... writev resumed>)             = 101
1549  setsockopt(7, SOL_SOCKET, SO_SNDBUF, [8388608], 4 <unfinished ...>
1548  socket(AF_UNIX, SOCK_STREAM|SOCK_CLOEXEC|SOCK_NONBLOCK, 0 <unfinished ...>
1549  <... setsockopt resumed>)         = 0
1548  <... socket resumed>)             = 8
1549  getsockopt(7, SOL_SOCKET, SO_SNDBUF,  <unfinished ...>
1548  getsockopt(8, SOL_SOCKET, SO_RCVBUF,  <unfinished ...>
1549  <... getsockopt resumed>[425984], [4]) = 0
1548  <... getsockopt resumed>[212992], [4]) = 0
1549  setsockopt(7, SOL_SOCKET, SO_SNDBUFFORCE, [8388608], 4 <unfinished ...>
1548  setsockopt(8, SOL_SOCKET, SO_RCVBUF, [8388608], 4 <unfinished ...>
1549  <... setsockopt resumed>)         = -1 EPERM (Operation not permitted)
1548  <... setsockopt resumed>)         = 0
1549  connect(7, {sa_family=AF_UNIX, sun_path="/dev/shm/systemd-watch-bind-DFLrJu/this/is/a/socket"}, 54 <unfinished ...>
1548  getsockopt(8, SOL_SOCKET, SO_RCVBUF,  <unfinished ...>
1549  <... connect resumed>)            = -1 ENOENT (No such file or directory)
1548  <... getsockopt resumed>[425984], [4]) = 0
1549  close(7 <unfinished ...>
1548  setsockopt(8, SOL_SOCKET, SO_RCVBUFFORCE, [8388608], 4 <unfinished ...>
1549  <... close resumed>)              = 0
1548  <... setsockopt resumed>)         = -1 EPERM (Operation not permitted)
1549  epoll_wait(4,  <unfinished ...>
1548  getsockopt(8, SOL_SOCKET, SO_SNDBUF, [212992], [4]) = 0
1548  setsockopt(8, SOL_SOCKET, SO_SNDBUF, [8388608], 4) = 0
1548  getsockopt(8, SOL_SOCKET, SO_SNDBUF, [425984], [4]) = 0
1548  setsockopt(8, SOL_SOCKET, SO_SNDBUFFORCE, [8388608], 4) = -1 EPERM (Operation not permitted)
1548  connect(8, {sa_family=AF_UNIX, sun_path="/dev/shm/systemd-watch-bind-DFLrJu/this/is/a/socket"}, 54) = -1 ENOENT (No such file or directory)
1548  close(8)                          = 0
1548  ppoll([{fd=3, events=POLLIN}], 1, {tv_sec=0, tv_nsec=0}, NULL, 8) = 0 (Timeout)
1548  ppoll([{fd=3, events=POLLIN}], 1, NULL, NULL, 8 <unfinished ...>
1547  <... clock_nanosleep resumed>NULL) = 0
1547  symlink("/dev/shm/systemd-watch-bind-DFLrJu/this/is/a.a7a75adaea7bbf24", "/dev/shm/systemd-watch-bind-DFLrJu/this/is/a" <unfinished ...>
1549  <... epoll_wait resumed>[{events=EPOLLIN, data={u32=3556777568, u64=139899231542880}}], 6, -1) = 1
1548  <... ppoll resumed>)              = 1 ([{fd=3, revents=POLLIN}])
1547  <... symlink resumed>)            = 0
1549  ppoll([{fd=6, events=POLLIN}], 1, {tv_sec=0, tv_nsec=0}, NULL, 8 <unfinished ...>
1548  ppoll([{fd=3, events=POLLIN}], 1, {tv_sec=0, tv_nsec=0}, NULL, 8 <unfinished ...>
1549  <... ppoll resumed>)              = 1 ([{fd=6, revents=POLLIN}], left {tv_sec=0, tv_nsec=0})
1547  clock_nanosleep(CLOCK_REALTIME, 0, {tv_sec=0, tv_nsec=100000000},  <unfinished ...>
1549  read(6,  <unfinished ...>
1548  <... ppoll resumed>)              = 1 ([{fd=3, revents=POLLIN}], left {tv_sec=0, tv_nsec=0})
1549  <... read resumed>"\6\0\0\0\0\1\0\0\0\0\0\0\20\0\0\0a\0\0\0\0\0\0\0\0\0\0\0\0\0\0\0", 2048) = 32
1548  read(3,  <unfinished ...>
1549  ppoll([{fd=6, events=POLLIN}], 1, {tv_sec=0, tv_nsec=0}, NULL, 8 <unfinished ...>
1548  <... read resumed>"\6\0\0\0\0\1\0\0\0\0\0\0\20\0\0\0a\0\0\0\0\0\0\0\0\0\0\0\0\0\0\0", 2048) = 32
1549  <... ppoll resumed>)              = 0 (Timeout)
1548  ppoll([{fd=3, events=POLLIN}], 1, {tv_sec=0, tv_nsec=0}, NULL, 8 <unfinished ...>
1549  writev(2, [{iov_base="Got inotify event on bus client2.", iov_len=33}, {iov_base="\n", iov_len=1}], 2 <unfinished ...>
1548  <... ppoll resumed>)              = 0 (Timeout)
1549  <... writev resumed>)             = 34
1548  writev(2, [{iov_base="Got inotify event on bus client1.", iov_len=33}, {iov_base="\n", iov_len=1}], 2 <unfinished ...>
1549  writev(2, [{iov_base="sd-bus: starting bus client2 by connecting to /dev/shm/systemd-watch-bind-DFLrJu/this/is/a/socket...", iov_len=100}, {iov_base="\n", iov_len=1}], 2 <unfinished ...>
1548  <... writev resumed>)             = 34
1549  <... writev resumed>)             = 101
1548  writev(2, [{iov_base="sd-bus: starting bus client1 by connecting to /dev/shm/systemd-watch-bind-DFLrJu/this/is/a/socket...", iov_len=100}, {iov_base="\n", iov_len=1}], 2 <unfinished ...>
1549  socket(AF_UNIX, SOCK_STREAM|SOCK_CLOEXEC|SOCK_NONBLOCK, 0) = 7
1548  <... writev resumed>)             = 101
1549  getsockopt(7, SOL_SOCKET, SO_RCVBUF,  <unfinished ...>
1548  socket(AF_UNIX, SOCK_STREAM|SOCK_CLOEXEC|SOCK_NONBLOCK, 0 <unfinished ...>
1549  <... getsockopt resumed>[212992], [4]) = 0
1548  <... socket resumed>)             = 8
1549  setsockopt(7, SOL_SOCKET, SO_RCVBUF, [8388608], 4 <unfinished ...>
1548  getsockopt(8, SOL_SOCKET, SO_RCVBUF,  <unfinished ...>
1549  <... setsockopt resumed>)         = 0
1548  <... getsockopt resumed>[212992], [4]) = 0
1549  getsockopt(7, SOL_SOCKET, SO_RCVBUF,  <unfinished ...>
1548  setsockopt(8, SOL_SOCKET, SO_RCVBUF, [8388608], 4 <unfinished ...>
1549  <... getsockopt resumed>[425984], [4]) = 0
1548  <... setsockopt resumed>)         = 0
1549  setsockopt(7, SOL_SOCKET, SO_RCVBUFFORCE, [8388608], 4 <unfinished ...>
1548  getsockopt(8, SOL_SOCKET, SO_RCVBUF,  <unfinished ...>
1549  <... setsockopt resumed>)         = -1 EPERM (Operation not permitted)
1548  <... getsockopt resumed>[425984], [4]) = 0
1549  getsockopt(7, SOL_SOCKET, SO_SNDBUF,  <unfinished ...>
1548  setsockopt(8, SOL_SOCKET, SO_RCVBUFFORCE, [8388608], 4 <unfinished ...>
1549  <... getsockopt resumed>[212992], [4]) = 0
1548  <... setsockopt resumed>)         = -1 EPERM (Operation not permitted)
1549  setsockopt(7, SOL_SOCKET, SO_SNDBUF, [8388608], 4 <unfinished ...>
1548  getsockopt(8, SOL_SOCKET, SO_SNDBUF,  <unfinished ...>
1549  <... setsockopt resumed>)         = 0
1548  <... getsockopt resumed>[212992], [4]) = 0
1549  getsockopt(7, SOL_SOCKET, SO_SNDBUF,  <unfinished ...>
1548  setsockopt(8, SOL_SOCKET, SO_SNDBUF, [8388608], 4 <unfinished ...>
1549  <... getsockopt resumed>[425984], [4]) = 0
1548  <... setsockopt resumed>)         = 0
1549  setsockopt(7, SOL_SOCKET, SO_SNDBUFFORCE, [8388608], 4 <unfinished ...>
1548  getsockopt(8, SOL_SOCKET, SO_SNDBUF,  <unfinished ...>
1549  <... setsockopt resumed>)         = -1 EPERM (Operation not permitted)
1548  <... getsockopt resumed>[425984], [4]) = 0
1549  connect(7, {sa_family=AF_UNIX, sun_path="/dev/shm/systemd-watch-bind-DFLrJu/this/is/a/socket"}, 54 <unfinished ...>
1548  setsockopt(8, SOL_SOCKET, SO_SNDBUFFORCE, [8388608], 4 <unfinished ...>
1549  <... connect resumed>)            = -1 ENOENT (No such file or directory)
