1549  <... inotify_add_watch resumed>)  = 5
1549  writev(2, [{iov_base="Added inotify watch for /dev/shm/systemd-watch-bind-DFLrJu/this on bus client2: 5", iov_len=81}, {iov_base="\n", iov_len=1}], 2 <unfinished ...>
1548  <... writev resumed>)             = 77
1549  <... writev resumed>)             = 82
1548  readlinkat(AT_FDCWD, "/dev/shm/systemd-watch-bind-DFLrJu",  <unfinished ...>
1549  readlinkat(AT_FDCWD, "/dev/shm/systemd-watch-bind-DFLrJu/this",  <unfinished ...>
1548  <... readlinkat resumed>0x7f3cdc002a10, 4096) = -1 EINVAL (Invalid argument)
1549  <... readlinkat resumed>0x7f3cd40037b0, 4096) = -1 EINVAL (Invalid argument)
1548  inotify_add_watch(3, "/dev/shm/systemd-watch-bind-DFLrJu/this", IN_ATTRIB|IN_MOVED_TO|IN_CREATE|IN_DELETE_SELF|IN_MOVE_SELF|IN_DONT_FOLLOW <unfinished ...>
1549  inotify_add_watch(6, "/dev/shm/systemd-watch-bind-DFLrJu/this/is", IN_ATTRIB|IN_MOVED_TO|IN_CREATE|IN_DELETE_SELF|IN_MOVE_SELF|IN_DONT_FOLLOW <unfinished ...>
1548  <... inotify_add_watch resumed>)  = 5
1549  <... inotify_add_watch resumed>)  = 6
1548  writev(2, [{iov_base="Added inotify watch for /dev/shm/systemd-watch-bind-DFLrJu/this on bus client1: 5", iov_len=81}, {iov_base="\n", iov_len=1}], 2 <unfinished ...>
1549  writev(2, [{iov_base="Added inotify watch for /dev/shm/systemd-watch-bind-DFLrJu/this/is on bus client2: 6", iov_len=84}, {iov_base="\n", iov_len=1}], 2 <unfinished ...>
1548  <... writev resumed>)             = 82
1549  <... writev resumed>)             = 85
1548  readlinkat(AT_FDCWD, "/dev/shm/systemd-watch-bind-DFLrJu/this",  <unfinished ...>
1549  readlinkat(AT_FDCWD, "/dev/shm/systemd-watch-bind-DFLrJu/this/is",  <unfinished ...>
1548  <... readlinkat resumed>0x7f3cdc002a10, 4096) = -1 EINVAL (Invalid argument)
1549  <... readlinkat resumed>0x7f3cd40037b0, 4096) = -1 EINVAL (Invalid argument)
1548  inotify_add_watch(3, "/dev/shm/systemd-watch-bind-DFLrJu/this/is", IN_ATTRIB|IN_MOVED_TO|IN_CREATE|IN_DELETE_SELF|IN_MOVE_SELF|IN_DONT_FOLLOW <unfinished ...>
1549  inotify_add_watch(6, "/dev/shm/systemd-watch-bind-DFLrJu/this/is/a", IN_ATTRIB|IN_MOVED_TO|IN_CREATE|IN_DELETE_SELF|IN_MOVE_SELF|IN_DONT_FOLLOW <unfinished ...>
1548  <... inotify_add_watch resumed>)  = 6
1549  <... inotify_add_watch resumed>)  = 8
1548  writev(2, [{iov_base="Added inotify watch for /dev/shm/systemd-watch-bind-DFLrJu/this/is on bus client1: 6", iov_len=84}, {iov_base="\n", iov_len=1}], 2 <unfinished ...>
1549  writev(2, [{iov_base="Added inotify watch for /dev/shm/systemd-watch-bind-DFLrJu/this/is/a on bus client2: 8", iov_len=86}, {iov_base="\n", iov_len=1}], 2 <unfinished ...>
1548  <... writev resumed>)             = 85
1549  <... writev resumed>)             = 87
1548  readlinkat(AT_FDCWD, "/dev/shm/systemd-watch-bind-DFLrJu/this/is",  <unfinished ...>
1549  readlinkat(AT_FDCWD, "/dev/shm/systemd-watch-bind-DFLrJu/this/is/a",  <unfinished ...>
1548  <... readlinkat resumed>0x7f3cdc002a10, 4096) = -1 EINVAL (Invalid argument)
1549  <... readlinkat resumed>"/dev/shm/systemd-watch-bind-DFLrJu/this/is/a.a7a75adaea7bbf24", 4096) = 61
1548  inotify_add_watch(3, "/dev/shm/systemd-watch-bind-DFLrJu/this/is/a", IN_ATTRIB|IN_MOVED_TO|IN_CREATE|IN_DELETE_SELF|IN_MOVE_SELF|IN_DONT_FOLLOW <unfinished ...>
1549  inotify_add_watch(6, "/dev", IN_ATTRIB|IN_MOVED_TO|IN_CREATE|IN_DELETE_SELF|IN_MOVE_SELF|IN_DONT_FOLLOW <unfinished ...>
1548  <... inotify_add_watch resumed>)  = 8
1549  <... inotify_add_watch resumed>)  = 2
1548  writev(2, [{iov_base="Added inotify watch for /dev/shm/systemd-watch-bind-DFLrJu/this/is/a on bus client1: 8", iov_len=86}, {iov_base="\n", iov_len=1}], 2 <unfinished ...>
1549  writev(2, [{iov_base="Added inotify watch for /dev on bus client2: 2", iov_len=46}, {iov_base="\n", iov_len=1}], 2 <unfinished ...>
1548  <... writev resumed>)             = 87
1549  <... writev resumed>)             = 47
1548  readlinkat(AT_FDCWD, "/dev/shm/systemd-watch-bind-DFLrJu/this/is/a",  <unfinished ...>
1549  readlinkat(AT_FDCWD, "/dev",  <unfinished ...>
1548  <... readlinkat resumed>"/dev/shm/systemd-watch-bind-DFLrJu/this/is/a.a7a75adaea7bbf24", 4096) = 61
1549  <... readlinkat resumed>0x7f3cd40037b0, 4096) = -1 EINVAL (Invalid argument)
1548  inotify_add_watch(3, "/dev", IN_ATTRIB|IN_MOVED_TO|IN_CREATE|IN_DELETE_SELF|IN_MOVE_SELF|IN_DONT_FOLLOW <unfinished ...>
1549  inotify_add_watch(6, "/dev/shm", IN_ATTRIB|IN_MOVED_TO|IN_CREATE|IN_DELETE_SELF|IN_MOVE_SELF|IN_DONT_FOLLOW <unfinished ...>
1548  <... inotify_add_watch resumed>)  = 2
1549  <... inotify_add_watch resumed>)  = 3
1548  writev(2, [{iov_base="Added inotify watch for /dev on bus client1: 2", iov_len=46}, {iov_base="\n", iov_len=1}], 2 <unfinished ...>
1549  writev(2, [{iov_base="Added inotify watch for /dev/shm on bus client2: 3", iov_len=50}, {iov_base="\n", iov_len=1}], 2 <unfinished ...>
1548  <... writev resumed>)             = 47
1549  <... writev resumed>)             = 51
1548  readlinkat(AT_FDCWD, "/dev",  <unfinished ...>
1549  readlinkat(AT_FDCWD, "/dev/shm",  <unfinished ...>
1548  <... readlinkat resumed>0x7f3cdc002a10, 4096) = -1 EINVAL (Invalid argument)
1549  <... readlinkat resumed>0x7f3cd40037b0, 4096) = -1 EINVAL (Invalid argument)
1548  inotify_add_watch(3, "/dev/shm", IN_ATTRIB|IN_MOVED_TO|IN_CREATE|IN_DELETE_SELF|IN_MOVE_SELF|IN_DONT_FOLLOW <unfinished ...>
1549  inotify_add_watch(6, "/dev/shm/systemd-watch-bind-DFLrJu", IN_ATTRIB|IN_MOVED_TO|IN_CREATE|IN_DELETE_SELF|IN_MOVE_SELF|IN_DONT_FOLLOW <unfinished ...>
1548  <... inotify_add_watch resumed>)  = 3
1549  <... inotify_add_watch resumed>)  = 4
1548  writev(2, [{iov_base="Added inotify watch for /dev/shm on bus client1: 3", iov_len=50}, {iov_base="\n", iov_len=1}], 2 <unfinished ...>
1549  writev(2, [{iov_base="Added inotify watch for /dev/shm/systemd-watch-bind-DFLrJu on bus client2: 4", iov_len=76}, {iov_base="\n", iov_len=1}], 2 <unfinished ...>
1548  <... writev resumed>)             = 51
1549  <... writev resumed>)             = 77
1548  readlinkat(AT_FDCWD, "/dev/shm",  <unfinished ...>
1549  readlinkat(AT_FDCWD, "/dev/shm/systemd-watch-bind-DFLrJu",  <unfinished ...>
1548  <... readlinkat resumed>0x7f3cdc002a10, 4096) = -1 EINVAL (Invalid argument)
1549  <... readlinkat resumed>0x7f3cd40037b0, 4096) = -1 EINVAL (Invalid argument)
1548  inotify_add_watch(3, "/dev/shm/systemd-watch-bind-DFLrJu", IN_ATTRIB|IN_MOVED_TO|IN_CREATE|IN_DELETE_SELF|IN_MOVE_SELF|IN_DONT_FOLLOW <unfinished ...>
1549  inotify_add_watch(6, "/dev/shm/systemd-watch-bind-DFLrJu/this", IN_ATTRIB|IN_MOVED_TO|IN_CREATE|IN_DELETE_SELF|IN_MOVE_SELF|IN_DONT_FOLLOW <unfinished ...>
1548  <... inotify_add_watch resumed>)  = 4
1549  <... inotify_add_watch resumed>)  = 5
1548  writev(2, [{iov_base="Added inotify watch for /dev/shm/systemd-watch-bind-DFLrJu on bus client1: 4", iov_len=76}, {iov_base="\n", iov_len=1}], 2 <unfinished ...>
1549  writev(2, [{iov_base="Added inotify watch for /dev/shm/systemd-watch-bind-DFLrJu/this on bus client2: 5", iov_len=81}, {iov_base="\n", iov_len=1}], 2 <unfinished ...>
1548  <... writev resumed>)             = 77
1549  <... writev resumed>)             = 82
1548  readlinkat(AT_FDCWD, "/dev/shm/systemd-watch-bind-DFLrJu",  <unfinished ...>
1549  readlinkat(AT_FDCWD, "/dev/shm/systemd-watch-bind-DFLrJu/this",  <unfinished ...>
1548  <... readlinkat resumed>0x7f3cdc002a10, 4096) = -1 EINVAL (Invalid argument)
1549  <... readlinkat resumed>0x7f3cd40037b0, 4096) = -1 EINVAL (Invalid argument)
1548  inotify_add_watch(3, "/dev/shm/systemd-watch-bind-DFLrJu/this", IN_ATTRIB|IN_MOVED_TO|IN_CREATE|IN_DELETE_SELF|IN_MOVE_SELF|IN_DONT_FOLLOW <unfinished ...>
1549  inotify_add_watch(6, "/dev/shm/systemd-watch-bind-DFLrJu/this/is", IN_ATTRIB|IN_MOVED_TO|IN_CREATE|IN_DELETE_SELF|IN_MOVE_SELF|IN_DONT_FOLLOW <unfinished ...>
1548  <... inotify_add_watch resumed>)  = 5
1549  <... inotify_add_watch resumed>)  = 6
1548  writev(2, [{iov_base="Added inotify watch for /dev/shm/systemd-watch-bind-DFLrJu/this on bus client1: 5", iov_len=81}, {iov_base="\n", iov_len=1}], 2 <unfinished ...>
1549  writev(2, [{iov_base="Added inotify watch for /dev/shm/systemd-watch-bind-DFLrJu/this/is on bus client2: 6", iov_len=84}, {iov_base="\n", iov_len=1}], 2 <unfinished ...>
1548  <... writev resumed>)             = 82
1549  <... writev resumed>)             = 85
1548  readlinkat(AT_FDCWD, "/dev/shm/systemd-watch-bind-DFLrJu/this",  <unfinished ...>
1549  readlinkat(AT_FDCWD, "/dev/shm/systemd-watch-bind-DFLrJu/this/is",  <unfinished ...>
1548  <... readlinkat resumed>0x7f3cdc002a10, 4096) = -1 EINVAL (Invalid argument)
1549  <... readlinkat resumed>0x7f3cd40037b0, 4096) = -1 EINVAL (Invalid argument)
1548  inotify_add_watch(3, "/dev/shm/systemd-watch-bind-DFLrJu/this/is", IN_ATTRIB|IN_MOVED_TO|IN_CREATE|IN_DELETE_SELF|IN_MOVE_SELF|IN_DONT_FOLLOW <unfinished ...>
1549  inotify_add_watch(6, "/dev/shm/systemd-watch-bind-DFLrJu/this/is/a.a7a75adaea7bbf24", IN_ATTRIB|IN_MOVED_TO|IN_CREATE|IN_DELETE_SELF|IN_MOVE_SELF|IN_DONT_FOLLOW <unfinished ...>
1548  <... inotify_add_watch resumed>)  = 6
1549  <... inotify_add_watch resumed>)  = 9
1548  writev(2, [{iov_base="Added inotify watch for /dev/shm/systemd-watch-bind-DFLrJu/this/is on bus client1: 6", iov_len=84}, {iov_base="\n", iov_len=1}], 2 <unfinished ...>
1549  writev(2, [{iov_base="Added inotify watch for /dev/shm/systemd-watch-bind-DFLrJu/this/is/a.a7a75adaea7bbf24 on bus client2: 9", iov_len=103}, {iov_base="\n", iov_len=1}], 2 <unfinished ...>
1548  <... writev resumed>)             = 85
1548  readlinkat(AT_FDCWD, "/dev/shm/systemd-watch-bind-DFLrJu/this/is",  <unfinished ...>
1549  <... writev resumed>)             = 104
1548  <... readlinkat resumed>0x7f3cdc002a10, 4096) = -1 EINVAL (Invalid argument)
1549  readlinkat(AT_FDCWD, "/dev/shm/systemd-watch-bind-DFLrJu/this/is/a.a7a75adaea7bbf24",  <unfinished ...>
1548  inotify_add_watch(3, "/dev/shm/systemd-watch-bind-DFLrJu/this/is/a.a7a75adaea7bbf24", IN_ATTRIB|IN_MOVED_TO|IN_CREATE|IN_DELETE_SELF|IN_MOVE_SELF|IN_DONT_FOLLOW <unfinished ...>
1549  <... readlinkat resumed>"a.e8e5f44f8f771b1b", 4096) = 18
1548  <... inotify_add_watch resumed>)  = 9
1549  inotify_add_watch(6, "/dev/shm/systemd-watch-bind-DFLrJu/this/is/a.e8e5f44f8f771b1b", IN_ATTRIB|IN_MOVED_TO|IN_CREATE|IN_DELETE_SELF|IN_MOVE_SELF|IN_DONT_FOLLOW <unfinished ...>
1548  writev(2, [{iov_base="Added inotify watch for /dev/shm/systemd-watch-bind-DFLrJu/this/is/a.a7a75adaea7bbf24 on bus client1: 9", iov_len=103}, {iov_base="\n", iov_len=1}], 2 <unfinished ...>
1549  <... inotify_add_watch resumed>)  = 10
1549  writev(2, [{iov_base="Added inotify watch for /dev/shm/systemd-watch-bind-DFLrJu/this/is/a.e8e5f44f8f771b1b on bus client2: 10", iov_len=104}, {iov_base="\n", iov_len=1}], 2 <unfinished ...>
1548  <... writev resumed>)             = 104
1549  <... writev resumed>)             = 105
1548  readlinkat(AT_FDCWD, "/dev/shm/systemd-watch-bind-DFLrJu/this/is/a.a7a75adaea7bbf24",  <unfinished ...>
1549  readlinkat(AT_FDCWD, "/dev/shm/systemd-watch-bind-DFLrJu/this/is/a.e8e5f44f8f771b1b",  <unfinished ...>
1548  <... readlinkat resumed>"a.e8e5f44f8f771b1b", 4096) = 18
1549  <... readlinkat resumed>0x7f3cd40037b0, 4096) = -1 EINVAL (Invalid argument)
1548  inotify_add_watch(3, "/dev/shm/systemd-watch-bind-DFLrJu/this/is/a.e8e5f44f8f771b1b", IN_ATTRIB|IN_MOVED_TO|IN_CREATE|IN_DELETE_SELF|IN_MOVE_SELF|IN_DONT_FOLLOW <unfinished ...>
1549  inotify_add_watch(6, "/dev/shm/systemd-watch-bind-DFLrJu/this/is/a.e8e5f44f8f771b1b/socket", IN_ATTRIB|IN_MOVED_TO|IN_CREATE|IN_DELETE_SELF|IN_MOVE_SELF|IN_DONT_FOLLOW <unfinished ...>
1548  <... inotify_add_watch resumed>)  = 10
1549  <... inotify_add_watch resumed>)  = 11
1548  writev(2, [{iov_base="Added inotify watch for /dev/shm/systemd-watch-bind-DFLrJu/this/is/a.e8e5f44f8f771b1b on bus client1: 10", iov_len=104}, {iov_base="\n", iov_len=1}], 2 <unfinished ...>
1549  writev(2, [{iov_base="Added inotify watch for /dev/shm/systemd-watch-bind-DFLrJu/this/is/a.e8e5f44f8f771b1b/socket on bus client2: 11", iov_len=111}, {iov_base="\n", iov_len=1}], 2 <unfinished ...>
1548  <... writev resumed>)             = 105
1549  <... writev resumed>)             = 112
1548  readlinkat(AT_FDCWD, "/dev/shm/systemd-watch-bind-DFLrJu/this/is/a.e8e5f44f8f771b1b",  <unfinished ...>
1549  readlinkat(AT_FDCWD, "/dev/shm/systemd-watch-bind-DFLrJu/this/is/a.e8e5f44f8f771b1b/socket",  <unfinished ...>
1548  <... readlinkat resumed>0x7f3cdc002a10, 4096) = -1 EINVAL (Invalid argument)
1549  <... readlinkat resumed>0x7f3cd40037b0, 4096) = -1 EINVAL (Invalid argument)
1548  inotify_add_watch(3, "/dev/shm/systemd-watch-bind-DFLrJu/this/is/a.e8e5f44f8f771b1b/socket", IN_ATTRIB|IN_MOVED_TO|IN_CREATE|IN_DELETE_SELF|IN_MOVE_SELF|IN_DONT_FOLLOW <unfinished ...>
1549  writev(2, [{iov_base="sd-bus: starting bus client2 by connecting to /dev/shm/systemd-watch-bind-DFLrJu/this/is/a/socket...", iov_len=100}, {iov_base="\n", iov_len=1}], 2 <unfinished ...>
1548  <... inotify_add_watch resumed>)  = 11
1549  <... writev resumed>)             = 101
1548  writev(2, [{iov_base="Added inotify watch for /dev/shm/systemd-watch-bind-DFLrJu/this/is/a.e8e5f44f8f771b1b/socket on bus client1: 11", iov_len=111}, {iov_base="\n", iov_len=1}], 2 <unfinished ...>
1549  socket(AF_UNIX, SOCK_STREAM|SOCK_CLOEXEC|SOCK_NONBLOCK, 0) = 8
1548  <... writev resumed>)             = 112
1549  getsockopt(8, SOL_SOCKET, SO_RCVBUF,  <unfinished ...>
1548  readlinkat(AT_FDCWD, "/dev/shm/systemd-watch-bind-DFLrJu/this/is/a.e8e5f44f8f771b1b/socket",  <unfinished ...>
1549  <... getsockopt resumed>[212992], [4]) = 0
1548  <... readlinkat resumed>0x7f3cdc002a10, 4096) = -1 EINVAL (Invalid argument)
1549  setsockopt(8, SOL_SOCKET, SO_RCVBUF, [8388608], 4 <unfinished ...>
1548  writev(2, [{iov_base="sd-bus: starting bus client1 by connecting to /dev/shm/systemd-watch-bind-DFLrJu/this/is/a/socket...", iov_len=100}, {iov_base="\n", iov_len=1}], 2 <unfinished ...>
1549  <... setsockopt resumed>)         = 0
1549  getsockopt(8, SOL_SOCKET, SO_RCVBUF,  <unfinished ...>
1548  <... writev resumed>)             = 101
1549  <... getsockopt resumed>[425984], [4]) = 0
1548  socket(AF_UNIX, SOCK_STREAM|SOCK_CLOEXEC|SOCK_NONBLOCK, 0 <unfinished ...>
1549  setsockopt(8, SOL_SOCKET, SO_RCVBUFFORCE, [8388608], 4 <unfinished ...>
1548  <... socket resumed>)             = 9
1549  <... setsockopt resumed>)         = -1 EPERM (Operation not permitted)
1548  getsockopt(9, SOL_SOCKET, SO_RCVBUF,  <unfinished ...>
1549  getsockopt(8, SOL_SOCKET, SO_SNDBUF,  <unfinished ...>
1548  <... getsockopt resumed>[212992], [4]) = 0
1549  <... getsockopt resumed>[212992], [4]) = 0
1548  setsockopt(9, SOL_SOCKET, SO_RCVBUF, [8388608], 4 <unfinished ...>
1549  setsockopt(8, SOL_SOCKET, SO_SNDBUF, [8388608], 4 <unfinished ...>
1548  <... setsockopt resumed>)         = 0
1549  <... setsockopt resumed>)         = 0
1548  getsockopt(9, SOL_SOCKET, SO_RCVBUF,  <unfinished ...>
1549  getsockopt(8, SOL_SOCKET, SO_SNDBUF,  <unfinished ...>
1548  <... getsockopt resumed>[425984], [4]) = 0
1549  <... getsockopt resumed>[425984], [4]) = 0
1548  setsockopt(9, SOL_SOCKET, SO_RCVBUFFORCE, [8388608], 4 <unfinished ...>
1549  setsockopt(8, SOL_SOCKET, SO_SNDBUFFORCE, [8388608], 4 <unfinished ...>
1548  <... setsockopt resumed>)         = -1 EPERM (Operation not permitted)
1549  <... setsockopt resumed>)         = -1 EPERM (Operation not permitted)
1548  getsockopt(9, SOL_SOCKET, SO_SNDBUF,  <unfinished ...>
1549  connect(8, {sa_family=AF_UNIX, sun_path="/dev/shm/systemd-watch-bind-DFLrJu/this/is/a/socket"}, 54 <unfinished ...>
1548  <... getsockopt resumed>[212992], [4]) = 0
1549  <... connect resumed>)            = -1 ECONNREFUSED (Connection refused)
1548  setsockopt(9, SOL_SOCKET, SO_SNDBUF, [8388608], 4 <unfinished ...>
1549  close(8 <unfinished ...>
1548  <... setsockopt resumed>)         = 0
1549  <... close resumed>)              = 0
1548  getsockopt(9, SOL_SOCKET, SO_SNDBUF,  <unfinished ...>
1549  epoll_wait(4,  <unfinished ...>
1548  <... getsockopt resumed>[425984], [4]) = 0
1548  setsockopt(9, SOL_SOCKET, SO_SNDBUFFORCE, [8388608], 4) = -1 EPERM (Operation not permitted)
1548  connect(9, {sa_family=AF_UNIX, sun_path="/dev/shm/systemd-watch-bind-DFLrJu/this/is/a/socket"}, 54) = -1 ECONNREFUSED (Connection refused)
1548  close(9)                          = 0
1548  ppoll([{fd=3, events=POLLIN}], 1, {tv_sec=0, tv_nsec=0}, NULL, 8) = 0 (Timeout)
1548  ppoll([{fd=3, events=POLLIN}], 1, NULL, NULL, 8 <unfinished ...>
1547  <... clock_nanosleep resumed>NULL) = 0
1547  listen(7, 4096)                   = 0
1547  clock_nanosleep(CLOCK_REALTIME, 0, {tv_sec=0, tv_nsec=100000000}, NULL) = 0
1547  openat(AT_FDCWD, "/dev/shm/systemd-watch-bind-DFLrJu/this/is/a/socket", O_RDONLY|O_NOFOLLOW|O_CLOEXEC|O_PATH) = 8
1547  newfstatat(8, "", {st_mode=S_IFSOCK|0755, st_size=0, ...}, AT_EMPTY_PATH) = 0
1547  utimensat(AT_FDCWD, "/proc/self/fd/8", NULL, 0) = 0
1549  <... epoll_wait resumed>[{events=EPOLLIN, data={u32=3556777568, u64=139899231542880}}], 6, -1) = 1
1548  <... ppoll resumed>)              = 1 ([{fd=3, revents=POLLIN}])
1549  ppoll([{fd=6, events=POLLIN}], 1, {tv_sec=0, tv_nsec=0}, NULL, 8 <unfinished ...>
1547  close(8 <unfinished ...>
1549  <... ppoll resumed>)              = 1 ([{fd=6, revents=POLLIN}], left {tv_sec=0, tv_nsec=0})
1548  ppoll([{fd=3, events=POLLIN}], 1, {tv_sec=0, tv_nsec=0}, NULL, 8 <unfinished ...>
1549  read(6,  <unfinished ...>
1547  <... close resumed>)              = 0
1549  <... read resumed>"\n\0\0\0\4\0\0\0\0\0\0\0\20\0\0\0socket\0\0\0\0\0\0\0\0\0\0\v\0\0\0\4\0\0\0\0\0\0\0\0\0\0\0", 2048) = 48
1548  <... ppoll resumed>)              = 1 ([{fd=3, revents=POLLIN}], left {tv_sec=0, tv_nsec=0})
1549  ppoll([{fd=6, events=POLLIN}], 1, {tv_sec=0, tv_nsec=0}, NULL, 8 <unfinished ...>
1547  clock_nanosleep(CLOCK_REALTIME, 0, {tv_sec=0, tv_nsec=100000000},  <unfinished ...>
1549  <... ppoll resumed>)              = 0 (Timeout)
1548  read(3,  <unfinished ...>
1549  writev(2, [{iov_base="Got inotify event on bus client2.", iov_len=33}, {iov_base="\n", iov_len=1}], 2 <unfinished ...>
1548  <... read resumed>"\n\0\0\0\4\0\0\0\0\0\0\0\20\0\0\0socket\0\0\0\0\0\0\0\0\0\0\v\0\0\0\4\0\0\0\0\0\0\0\0\0\0\0", 2048) = 48
1549  <... writev resumed>)             = 34
1548  ppoll([{fd=3, events=POLLIN}], 1, {tv_sec=0, tv_nsec=0}, NULL, 8 <unfinished ...>
1549  writev(2, [{iov_base="sd-bus: starting bus client2 by connecting to /dev/shm/systemd-watch-bind-DFLrJu/this/is/a/socket...", iov_len=100}, {iov_base="\n", iov_len=1}], 2 <unfinished ...>
1548  <... ppoll resumed>)              = 0 (Timeout)
1549  <... writev resumed>)             = 101
1548  writev(2, [{iov_base="Got inotify event on bus client1.", iov_len=33}, {iov_base="\n", iov_len=1}], 2 <unfinished ...>
1549  socket(AF_UNIX, SOCK_STREAM|SOCK_CLOEXEC|SOCK_NONBLOCK, 0) = 8
1548  <... writev resumed>)             = 34
1549  getsockopt(8, SOL_SOCKET, SO_RCVBUF,  <unfinished ...>
1548  writev(2, [{iov_base="sd-bus: starting bus client1 by connecting to /dev/shm/systemd-watch-bind-DFLrJu/this/is/a/socket...", iov_len=100}, {iov_base="\n", iov_len=1}], 2 <unfinished ...>
1549  <... getsockopt resumed>[212992], [4]) = 0
1548  <... writev resumed>)             = 101
1549  setsockopt(8, SOL_SOCKET, SO_RCVBUF, [8388608], 4 <unfinished ...>
1548  socket(AF_UNIX, SOCK_STREAM|SOCK_CLOEXEC|SOCK_NONBLOCK, 0 <unfinished ...>
1549  <... setsockopt resumed>)         = 0
1548  <... socket resumed>)             = 9
1549  getsockopt(8, SOL_SOCKET, SO_RCVBUF,  <unfinished ...>
1548  getsockopt(9, SOL_SOCKET, SO_RCVBUF,  <unfinished ...>
1549  <... getsockopt resumed>[425984], [4]) = 0
1548  <... getsockopt resumed>[212992], [4]) = 0
1549  setsockopt(8, SOL_SOCKET, SO_RCVBUFFORCE, [8388608], 4 <unfinished ...>
1548  setsockopt(9, SOL_SOCKET, SO_RCVBUF, [8388608], 4 <unfinished ...>
1549  <... setsockopt resumed>)         = -1 EPERM (Operation not permitted)
1548  <... setsockopt resumed>)         = 0
1549  getsockopt(8, SOL_SOCKET, SO_SNDBUF,  <unfinished ...>
1548  getsockopt(9, SOL_SOCKET, SO_RCVBUF,  <unfinished ...>
1549  <... getsockopt resumed>[212992], [4]) = 0
1548  <... getsockopt resumed>[425984], [4]) = 0
1549  setsockopt(8, SOL_SOCKET, SO_SNDBUF, [8388608], 4 <unfinished ...>
1548  setsockopt(9, SOL_SOCKET, SO_RCVBUFFORCE, [8388608], 4 <unfinished ...>
1549  <... setsockopt resumed>)         = 0
1548  <... setsockopt resumed>)         = -1 EPERM (Operation not permitted)
1549  getsockopt(8, SOL_SOCKET, SO_SNDBUF,  <unfinished ...>
1548  getsockopt(9, SOL_SOCKET, SO_SNDBUF,  <unfinished ...>
1549  <... getsockopt resumed>[425984], [4]) = 0
1548  <... getsockopt resumed>[212992], [4]) = 0
1549  setsockopt(8, SOL_SOCKET, SO_SNDBUFFORCE, [8388608], 4 <unfinished ...>
1548  setsockopt(9, SOL_SOCKET, SO_SNDBUF, [8388608], 4 <unfinished ...>
1549  <... setsockopt resumed>)         = -1 EPERM (Operation not permitted)
1548  <... setsockopt resumed>)         = 0
1549  connect(8, {sa_family=AF_UNIX, sun_path="/dev/shm/systemd-watch-bind-DFLrJu/this/is/a/socket"}, 54 <unfinished ...>
1548  getsockopt(9, SOL_SOCKET, SO_SNDBUF,  <unfinished ...>
1549  <... connect resumed>)            = 0
1548  <... getsockopt resumed>[425984], [4]) = 0
1549  epoll_ctl(4, EPOLL_CTL_DEL, 6, NULL <unfinished ...>
1548  setsockopt(9, SOL_SOCKET, SO_SNDBUFFORCE, [8388608], 4 <unfinished ...>
1549  <... epoll_ctl resumed>)          = 0
1548  <... setsockopt resumed>)         = -1 EPERM (Operation not permitted)
1549  close(6 <unfinished ...>
1548  connect(9, {sa_family=AF_UNIX, sun_path="/dev/shm/systemd-watch-bind-DFLrJu/this/is/a/socket"}, 54 <unfinished ...>
1549  <... close resumed>)              = 0
1548  <... connect resumed>)            = 0
1549  getsockopt(8, SOL_SOCKET, SO_PEERCRED,  <unfinished ...>
1548  close(3 <unfinished ...>
1549  <... getsockopt resumed>{pid=1542, uid=0, gid=0}, [12]) = 0
1549  getsockopt(8, SOL_SOCKET, SO_PEERSEC, 0x7f3cd40027f0, [64]) = -1 ENOPROTOOPT (Protocol not available)
1549  getsockopt(8, SOL_SOCKET, SO_PEERGROUPS, 0x7f3cd4002840, [256 => 0]) = 0
1549  writev(2, [{iov_base="Bus client2: changing state WATCH_BIND \342\206\222 AUTHENTICATING", iov_len=57}, {iov_base="\n", iov_len=1}], 2) = 58
1549  newfstatat(8, "", {st_mode=S_IFSOCK|0777, st_size=0, ...}, AT_EMPTY_PATH) = 0
1549  getsockopt(8, SOL_SOCKET, SO_ACCEPTCONN, [0], [4]) = 0
1549  getsockname(8, {sa_family=AF_UNIX}, [128 => 2]) = 0
1549  sendmsg(8, {msg_name=NULL, msg_namelen=0, msg_iov=[{iov_base="\0AUTH EXTERNAL\r\nDATA\r\n", iov_len=22}, {iov_base="NEGOTIATE_UNIX_FD\r\n", iov_len=19}, {iov_base="BEGIN\r\n", iov_len=7}], msg_iovlen=3, msg_controllen=0, msg_flags=0}, MSG_DONTWAIT|MSG_NOSIGNAL) = 48
1549  epoll_ctl(4, EPOLL_CTL_ADD, 8, {events=0, data={u32=3556780368, u64=139899231545680}}) = 0
1549  epoll_ctl(4, EPOLL_CTL_MOD, 8, {events=EPOLLIN, data={u32=3556780368, u64=139899231545680}}) = 0
1549  openat(AT_FDCWD, "/proc/sys/kernel/random/boot_id", O_RDONLY|O_NOCTTY|O_CLOEXEC) = 3
1549  read(3, "8ba904ba-ecfb-4a9b-a6d7-64851a3ddd05\n", 38) = 37
1549  read(3, "", 1)                    = 0
1549  close(3)                          = 0
1549  timerfd_settime(5, TFD_TIMER_ABSTIME, {it_interval={tv_sec=0, tv_nsec=0}, it_value={tv_sec=45022, tv_nsec=715773000}}, NULL) = 0
1549  epoll_wait(4,  <unfinished ...>
1548  <... close resumed>)              = 0
1548  getsockopt(9, SOL_SOCKET, SO_PEERCRED, {pid=1542, uid=0, gid=0}, [12]) = 0
1548  getsockopt(9, SOL_SOCKET, SO_PEERSEC, 0x7f3cdc001a50, [64]) = -1 ENOPROTOOPT (Protocol not available)
1548  getsockopt(9, SOL_SOCKET, SO_PEERGROUPS, 0x7f3cdc001aa0, [256 => 0]) = 0
1548  writev(2, [{iov_base="Bus client1: changing state WATCH_BIND \342\206\222 AUTHENTICATING", iov_len=57}, {iov_base="\n", iov_len=1}], 2) = 58
1548  newfstatat(9, "", {st_mode=S_IFSOCK|0777, st_size=0, ...}, AT_EMPTY_PATH) = 0
1548  getsockopt(9, SOL_SOCKET, SO_ACCEPTCONN, [0], [4]) = 0
1548  getsockname(9, {sa_family=AF_UNIX}, [128 => 2]) = 0
1548  sendmsg(9, {msg_name=NULL, msg_namelen=0, msg_iov=[{iov_base="\0AUTH EXTERNAL\r\nDATA\r\n", iov_len=22}, {iov_base="NEGOTIATE_UNIX_FD\r\n", iov_len=19}, {iov_base="BEGIN\r\n", iov_len=7}], msg_iovlen=3, msg_controllen=0, msg_flags=0}, MSG_DONTWAIT|MSG_NOSIGNAL) = 48
1548  recvmsg(9, {msg_namelen=0}, MSG_DONTWAIT|MSG_CMSG_CLOEXEC) = -1 EAGAIN (Resource temporarily unavailable)
1548  ppoll([{fd=9, events=POLLIN}], 1, {tv_sec=89, tv_nsec=997222000}, NULL, 8 <unfinished ...>
1547  <... clock_nanosleep resumed>NULL) = 0
1547  writev(2, [{iov_base="Initialized server", iov_len=18}, {iov_base="\n", iov_len=1}], 2) = 19
1547  epoll_create1(EPOLL_CLOEXEC)      = 3
1547  accept4(7, NULL, NULL, SOCK_CLOEXEC|SOCK_NONBLOCK) = 6
1547  writev(2, [{iov_base="Accepted server connection", iov_len=26}, {iov_base="\n", iov_len=1}], 2) = 27
1547  timerfd_create(CLOCK_MONOTONIC, TFD_CLOEXEC|TFD_NONBLOCK) = 10
1547  epoll_ctl(3, EPOLL_CTL_ADD, 10, {events=EPOLLIN, data={u32=3623881984, u64=139899298647296}}) = 0
1547  epoll_ctl(3, EPOLL_CTL_ADD, 6, {events=0, data={u32=3623886048, u64=139899298651360}}) = 0
1547  gettid()                          = 1547
1547  writev(2, [{iov_base="Bus server: changing state UNSET \342\206\222 OPENING", iov_len=44}, {iov_base="\n", iov_len=1}], 2) = 45
1547  readlinkat(AT_FDCWD, "/proc/self/fd/6", "socket:[2499942]", 4096) = 16
1547  readlinkat(AT_FDCWD, "/proc/self/fd/6", "socket:[2499942]", 4096) = 16
1547  writev(2, [{iov_base="sd-bus: starting bus server on fds 6/6 (socket:[2499942], socket:[2499942])...", iov_len=78}, {iov_base="\n", iov_len=1}], 2) = 79
1547  fcntl(6, F_GETFL)                 = 0x802 (flags O_RDWR|O_NONBLOCK)
1547  fcntl(6, F_GETFD)                 = 0x1 (flags FD_CLOEXEC)
1547  newfstatat(6, "", {st_mode=S_IFSOCK|0777, st_size=0, ...}, AT_EMPTY_PATH) = 0
1547  getsockopt(6, SOL_SOCKET, SO_RCVBUF, [212992], [4]) = 0
1547  setsockopt(6, SOL_SOCKET, SO_RCVBUF, [8388608], 4) = 0
1547  getsockopt(6, SOL_SOCKET, SO_RCVBUF, [425984], [4]) = 0
1547  setsockopt(6, SOL_SOCKET, SO_RCVBUFFORCE, [8388608], 4) = -1 EPERM (Operation not permitted)
1547  getsockopt(6, SOL_SOCKET, SO_SNDBUF, [212992], [4]) = 0
1547  setsockopt(6, SOL_SOCKET, SO_SNDBUF, [8388608], 4) = 0
1547  getsockopt(6, SOL_SOCKET, SO_SNDBUF, [425984], [4]) = 0
1547  setsockopt(6, SOL_SOCKET, SO_SNDBUFFORCE, [8388608], 4) = -1 EPERM (Operation not permitted)
1547  getsockopt(6, SOL_SOCKET, SO_PEERCRED, {pid=1542, uid=0, gid=0}, [12]) = 0
1547  getsockopt(6, SOL_SOCKET, SO_PEERSEC, 0x7f3cd8002220, [64]) = -1 ENOPROTOOPT (Protocol not available)
1547  getsockopt(6, SOL_SOCKET, SO_PEERGROUPS, 0x7f3cd8002270, [256 => 0]) = 0
1547  writev(2, [{iov_base="Bus server: changing state OPENING \342\206\222 AUTHENTICATING", iov_len=53}, {iov_base="\n", iov_len=1}], 2) = 54
1547  newfstatat(6, "", {st_mode=S_IFSOCK|0777, st_size=0, ...}, AT_EMPTY_PATH) = 0
1547  getsockopt(6, SOL_SOCKET, SO_ACCEPTCONN, [0], [4]) = 0
1547  getsockname(6, {sa_family=AF_UNIX, sun_path="/dev/shm/systemd-watch-bind-DFLrJu/this/is/a/socket"}, [128 => 54]) = 0
1547  recvmsg(6, {msg_name=NULL, msg_namelen=0, msg_iov=[{iov_base="\0AUTH EXTERNAL\r\nDATA\r\nNEGOTIATE_UNIX_FD\r\nBEGIN\r\n", iov_len=256}], msg_iovlen=1, msg_controllen=0, msg_flags=MSG_CMSG_CLOEXEC}, MSG_DONTWAIT|MSG_CMSG_CLOEXEC) = 48
1547  epoll_ctl(3, EPOLL_CTL_MOD, 6, {events=EPOLLIN|EPOLLOUT, data={u32=3623886048, u64=139899298651360}}) = 0
1547  openat(AT_FDCWD, "/proc/sys/kernel/random/boot_id", O_RDONLY|O_NOCTTY|O_CLOEXEC) = 11
1547  read(11, "8ba904ba-ecfb-4a9b-a6d7-64851a3ddd05\n", 38) = 37
1547  read(11, "", 1)                   = 0
1547  close(11)                         = 0
1547  timerfd_settime(10, TFD_TIMER_ABSTIME, {it_interval={tv_sec=0, tv_nsec=0}, it_value={tv_sec=45022, tv_nsec=715773000}}, NULL) = 0
1547  epoll_wait(3, [{events=EPOLLOUT, data={u32=3623886048, u64=139899298651360}}], 6, -1) = 1
1547  sendmsg(6, {msg_name=NULL, msg_namelen=0, msg_iov=[{iov_base="DATA\r\nOK 7fd0e9b191fd4533add11709aa51fde0\r\nAGREE_UNIX_FD\r\n", iov_len=58}, {iov_base=NULL, iov_len=0}, {iov_base=NULL, iov_len=0}], msg_iovlen=3, msg_controllen=0, msg_flags=0}, MSG_DONTWAIT|MSG_NOSIGNAL <unfinished ...>
1549  <... epoll_wait resumed>[{events=EPOLLIN, data={u32=3556780368, u64=139899231545680}}], 6, -1) = 1
1547  <... sendmsg resumed>)            = 58
1549  recvmsg(8,  <unfinished ...>
1547  epoll_ctl(3, EPOLL_CTL_MOD, 6, {events=EPOLLIN, data={u32=3623886048, u64=139899298651360}} <unfinished ...>
1549  <... recvmsg resumed>{msg_name=NULL, msg_namelen=0, msg_iov=[{iov_base="DATA\r\nOK 7fd0e9b191fd4533add11709aa51fde0\r\nAGREE_UNIX_FD\r\n", iov_len=256}], msg_iovlen=1, msg_controllen=0, msg_flags=MSG_CMSG_CLOEXEC}, MSG_DONTWAIT|MSG_CMSG_CLOEXEC) = 58
1547  <... epoll_ctl resumed>)          = 0
1549  writev(2, [{iov_base="Bus client2: changing state AUTHENTICATING \342\206\222 RUNNING", iov_len=54}, {iov_base="\n", iov_len=1}], 2 <unfinished ...>
1547  epoll_wait(3,  <unfinished ...>
1549  <... writev resumed>)             = 55
1549  epoll_ctl(4, EPOLL_CTL_MOD, 8, {events=EPOLLIN|EPOLLOUT, data={u32=3556780368, u64=139899231545680}}) = 0
1549  timerfd_settime(5, TFD_TIMER_ABSTIME, {it_interval={tv_sec=0, tv_nsec=0}, it_value={tv_sec=44957, tv_nsec=715773000}}, NULL) = 0
1549  epoll_wait(4, [{events=EPOLLOUT, data={u32=3556780368, u64=139899231545680}}], 6, -1) = 1
1549  sendmsg(8, {msg_name=NULL, msg_namelen=0, msg_iov=[{iov_base="l\1\0\1\0\0\0\0\1\0\0\0P\0\0\0\1\1o\0\4\0\0\0/foo\0\0\0\0\3\1s\0\6\0\0\0Foobar\0\0\2\1s\0\21\0\0\0foo.TestInterface\0\0\0\0\0\0\0\6\1s\0\7\0\0\0foo.bar\0", iov_len=96}], msg_iovlen=1, msg_controllen=0, msg_flags=0}, MSG_DONTWAIT|MSG_NOSIGNAL) = 96
1547  <... epoll_wait resumed>[{events=EPOLLIN, data={u32=3623886048, u64=139899298651360}}], 6, -1) = 1
1549  writev(2, [{iov_base="Sent message type=method_call sender=n/a destination=foo.bar path=/foo interface=foo.TestInterface member=Foobar cookie=1 reply_"..., iov_len=183}, {iov_base="\n", iov_len=1}], 2 <unfinished ...>
1547  writev(2, [{iov_base="Bus server: changing state AUTHENTICATING \342\206\222 RUNNING", iov_len=53}, {iov_base="\n", iov_len=1}], 2 <unfinished ...>
1549  <... writev resumed>)             = 184
1549  epoll_ctl(4, EPOLL_CTL_MOD, 8, {events=EPOLLIN, data={u32=3556780368, u64=139899231545680}} <unfinished ...>
1547  <... writev resumed>)             = 54
1549  <... epoll_ctl resumed>)          = 0
1547  timerfd_settime(10, TFD_TIMER_ABSTIME, {it_interval={tv_sec=0, tv_nsec=0}, it_value={tv_sec=0, tv_nsec=0}},  <unfinished ...>
1549  epoll_wait(4,  <unfinished ...>
1547  <... timerfd_settime resumed>NULL) = 0
1547  epoll_wait(3, [{events=EPOLLIN, data={u32=3623886048, u64=139899298651360}}], 6, -1) = 1
1547  recvmsg(6, {msg_name=NULL, msg_namelen=0, msg_iov=[{iov_base="l\1\0\1\0\0\0\0\1\0\0\0P\0\0\0\1\1o\0\4\0\0\0", iov_len=24}], msg_iovlen=1, msg_controllen=0, msg_flags=MSG_CMSG_CLOEXEC}, MSG_DONTWAIT|MSG_CMSG_CLOEXEC) = 24
1547  recvmsg(6, {msg_name=NULL, msg_namelen=0, msg_iov=[{iov_base="/foo\0\0\0\0\3\1s\0\6\0\0\0Foobar\0\0\2\1s\0\21\0\0\0foo.TestInterface\0\0\0\0\0\0\0\6\1s\0\7\0\0\0foo.bar\0", iov_len=72}], msg_iovlen=1, msg_controllen=0, msg_flags=MSG_CMSG_CLOEXEC}, MSG_DONTWAIT|MSG_CMSG_CLOEXEC) = 72
1547  writev(2, [{iov_base="Got message type=method_call sender=n/a destination=foo.bar path=/foo interface=foo.TestInterface member=Foobar cookie=1 reply_c"..., iov_len=182}, {iov_base="\n", iov_len=1}], 2) = 183
1547  writev(2, [{iov_base="Got Foobar() call.", iov_len=18}, {iov_base="\n", iov_len=1}], 2) = 19
1547  sendmsg(6, {msg_name=NULL, msg_namelen=0, msg_iov=[{iov_base="l\2\1\1\0\0\0\0\1\0\0\0\10\0\0\0\5\1u\0\1\0\0\0", iov_len=24}], msg_iovlen=1, msg_controllen=0, msg_flags=0}, MSG_DONTWAIT|MSG_NOSIGNAL <unfinished ...>
1549  <... epoll_wait resumed>[{events=EPOLLIN, data={u32=3556780368, u64=139899231545680}}], 6, -1) = 1
1547  <... sendmsg resumed>)            = 24
1549  recvmsg(8,  <unfinished ...>
1547  writev(2, [{iov_base="Sent message type=method_return sender=n/a destination=n/a path=n/a interface=n/a member=n/a cookie=1 reply_cookie=1 signature=n"..., iov_len=163}, {iov_base="\n", iov_len=1}], 2 <unfinished ...>
1549  <... recvmsg resumed>{msg_name=NULL, msg_namelen=0, msg_iov=[{iov_base="l\2\1\1\0\0\0\0\1\0\0\0\10\0\0\0\5\1u\0\1\0\0\0", iov_len=24}], msg_iovlen=1, msg_controllen=0, msg_flags=MSG_CMSG_CLOEXEC}, MSG_DONTWAIT|MSG_CMSG_CLOEXEC) = 24
1547  <... writev resumed>)             = 164
1549  writev(2, [{iov_base="Got message type=method_return sender=n/a destination=n/a path=n/a interface=n/a member=n/a cookie=1 reply_cookie=1 signature=n/"..., iov_len=162}, {iov_base="\n", iov_len=1}], 2 <unfinished ...>
1547  writev(2, [{iov_base="Bus server: changing state RUNNING \342\206\222 CLOSED", iov_len=45}, {iov_base="\n", iov_len=1}], 2 <unfinished ...>
1549  <... writev resumed>)             = 163
1549  writev(2, [{iov_base="Bus client2: changing state RUNNING \342\206\222 CLOSED", iov_len=46}, {iov_base="\n", iov_len=1}], 2 <unfinished ...>
1547  <... writev resumed>)             = 46
1549  <... writev resumed>)             = 47
1547  epoll_ctl(3, EPOLL_CTL_DEL, 6, NULL <unfinished ...>
1549  epoll_ctl(4, EPOLL_CTL_DEL, 8, NULL <unfinished ...>
1547  <... epoll_ctl resumed>)          = 0
1549  <... epoll_ctl resumed>)          = 0
1547  close(6 <unfinished ...>
1549  close(8 <unfinished ...>
1547  <... close resumed>)              = 0
1549  <... close resumed>)              = 0
1547  close(3 <unfinished ...>
1549  writev(2, [{iov_base="Client2 done", iov_len=12}, {iov_base="\n", iov_len=1}], 2 <unfinished ...>
1547  <... close resumed>)              = 0
1549  <... writev resumed>)             = 13
1547  close(10 <unfinished ...>
1549  close(4 <unfinished ...>
1547  <... close resumed>)              = 0
1549  <... close resumed>)              = 0
1547  epoll_create1(EPOLL_CLOEXEC <unfinished ...>
1549  close(5 <unfinished ...>
1547  <... epoll_create1 resumed>)      = 3
1549  <... close resumed>)              = 0
1547  accept4(7, NULL, NULL, SOCK_CLOEXEC|SOCK_NONBLOCK <unfinished ...>
1549  rt_sigprocmask(SIG_BLOCK, ~[RT_1],  <unfinished ...>
1547  <... accept4 resumed>)            = 4
1549  <... rt_sigprocmask resumed>NULL, 8) = 0
1547  writev(2, [{iov_base="Accepted server connection", iov_len=26}, {iov_base="\n", iov_len=1}], 2 <unfinished ...>
1549  madvise(0x7f3ce0c2a000, 8368128, MADV_DONTNEED <unfinished ...>
1547  <... writev resumed>)             = 27
1549  <... madvise resumed>)            = 0
1547  timerfd_create(CLOCK_MONOTONIC, TFD_CLOEXEC|TFD_NONBLOCK <unfinished ...>
1549  exit(0 <unfinished ...>
1547  <... timerfd_create resumed>)     = 5
1549  <... exit resumed>)               = ?
1547  epoll_ctl(3, EPOLL_CTL_ADD, 5, {events=EPOLLIN, data={u32=3623881984, u64=139899298647296}} <unfinished ...>
1549  +++ exited with 0 +++
1547  <... epoll_ctl resumed>)          = 0
1547  epoll_ctl(3, EPOLL_CTL_ADD, 4, {events=0, data={u32=3623886048, u64=139899298651360}}) = 0
1547  writev(2, [{iov_base="Bus server: changing state UNSET \342\206\222 OPENING", iov_len=44}, {iov_base="\n", iov_len=1}], 2) = 45
1547  readlinkat(AT_FDCWD, "/proc/self/fd/4", "socket:[2499944]", 4096) = 16
1547  readlinkat(AT_FDCWD, "/proc/self/fd/4", "socket:[2499944]", 4096) = 16
1547  writev(2, [{iov_base="sd-bus: starting bus server on fds 4/4 (socket:[2499944], socket:[2499944])...", iov_len=78}, {iov_base="\n", iov_len=1}], 2) = 79
1547  fcntl(4, F_GETFL)                 = 0x802 (flags O_RDWR|O_NONBLOCK)
1547  fcntl(4, F_GETFD)                 = 0x1 (flags FD_CLOEXEC)
1547  newfstatat(4, "", {st_mode=S_IFSOCK|0777, st_size=0, ...}, AT_EMPTY_PATH) = 0
1547  getsockopt(4, SOL_SOCKET, SO_RCVBUF, [212992], [4]) = 0
1547  setsockopt(4, SOL_SOCKET, SO_RCVBUF, [8388608], 4) = 0
1547  getsockopt(4, SOL_SOCKET, SO_RCVBUF, [425984], [4]) = 0
1547  setsockopt(4, SOL_SOCKET, SO_RCVBUFFORCE, [8388608], 4) = -1 EPERM (Operation not permitted)
1547  getsockopt(4, SOL_SOCKET, SO_SNDBUF, [212992], [4]) = 0
1547  setsockopt(4, SOL_SOCKET, SO_SNDBUF, [8388608], 4) = 0
1547  getsockopt(4, SOL_SOCKET, SO_SNDBUF, [425984], [4]) = 0
1547  setsockopt(4, SOL_SOCKET, SO_SNDBUFFORCE, [8388608], 4) = -1 EPERM (Operation not permitted)
1547  getsockopt(4, SOL_SOCKET, SO_PEERCRED, {pid=1542, uid=0, gid=0}, [12]) = 0
1547  getsockopt(4, SOL_SOCKET, SO_PEERSEC, 0x7f3cd8002fe0, [64]) = -1 ENOPROTOOPT (Protocol not available)
1547  getsockopt(4, SOL_SOCKET, SO_PEERGROUPS, 0x7f3cd8001930, [256 => 0]) = 0
1547  writev(2, [{iov_base="Bus server: changing state OPENING \342\206\222 AUTHENTICATING", iov_len=53}, {iov_base="\n", iov_len=1}], 2) = 54
1547  newfstatat(4, "", {st_mode=S_IFSOCK|0777, st_size=0, ...}, AT_EMPTY_PATH) = 0
1547  getsockopt(4, SOL_SOCKET, SO_ACCEPTCONN, [0], [4]) = 0
1547  getsockname(4, {sa_family=AF_UNIX, sun_path="/dev/shm/systemd-watch-bind-DFLrJu/this/is/a/socket"}, [128 => 54]) = 0
1547  recvmsg(4, {msg_name=NULL, msg_namelen=0, msg_iov=[{iov_base="\0AUTH EXTERNAL\r\nDATA\r\nNEGOTIATE_UNIX_FD\r\nBEGIN\r\n", iov_len=256}], msg_iovlen=1, msg_controllen=0, msg_flags=MSG_CMSG_CLOEXEC}, MSG_DONTWAIT|MSG_CMSG_CLOEXEC) = 48
1547  epoll_ctl(3, EPOLL_CTL_MOD, 4, {events=EPOLLIN|EPOLLOUT, data={u32=3623886048, u64=139899298651360}}) = 0
1547  timerfd_settime(5, TFD_TIMER_ABSTIME, {it_interval={tv_sec=0, tv_nsec=0}, it_value={tv_sec=45022, tv_nsec=715773000}}, NULL) = 0
1547  epoll_wait(3, [{events=EPOLLOUT, data={u32=3623886048, u64=139899298651360}}], 6, -1) = 1
1547  sendmsg(4, {msg_name=NULL, msg_namelen=0, msg_iov=[{iov_base="DATA\r\nOK 5c0e63016a0c432c86e408ae52641f15\r\nAGREE_UNIX_FD\r\n", iov_len=58}, {iov_base=NULL, iov_len=0}, {iov_base=NULL, iov_len=0}], msg_iovlen=3, msg_controllen=0, msg_flags=0}, MSG_DONTWAIT|MSG_NOSIGNAL <unfinished ...>
1548  <... ppoll resumed>)              = 1 ([{fd=9, revents=POLLIN}], left {tv_sec=89, tv_nsec=907548456})
1547  <... sendmsg resumed>)            = 58
1548  recvmsg(9,  <unfinished ...>
1547  epoll_ctl(3, EPOLL_CTL_MOD, 4, {events=EPOLLIN, data={u32=3623886048, u64=139899298651360}} <unfinished ...>
1548  <... recvmsg resumed>{msg_name=NULL, msg_namelen=0, msg_iov=[{iov_base="DATA\r\nOK 5c0e63016a0c432c86e408ae52641f15\r\nAGREE_UNIX_FD\r\n", iov_len=256}], msg_iovlen=1, msg_controllen=0, msg_flags=MSG_CMSG_CLOEXEC}, MSG_DONTWAIT|MSG_CMSG_CLOEXEC) = 58
1547  <... epoll_ctl resumed>)          = 0
1548  writev(2, [{iov_base="Bus client1: changing state AUTHENTICATING \342\206\222 RUNNING", iov_len=54}, {iov_base="\n", iov_len=1}], 2 <unfinished ...>
1547  epoll_wait(3,  <unfinished ...>
1548  <... writev resumed>)             = 55
1548  sendmsg(9, {msg_name=NULL, msg_namelen=0, msg_iov=[{iov_base="l\1\0\1\0\0\0\0\1\0\0\0P\0\0\0\1\1o\0\4\0\0\0/foo\0\0\0\0\3\1s\0\6\0\0\0Foobar\0\0\2\1s\0\21\0\0\0foo.TestInterface\0\0\0\0\0\0\0\6\1s\0\7\0\0\0foo.bar\0", iov_len=96}], msg_iovlen=1, msg_controllen=0, msg_flags=0}, MSG_DONTWAIT|MSG_NOSIGNAL) = 96
1547  <... epoll_wait resumed>[{events=EPOLLIN, data={u32=3623886048, u64=139899298651360}}], 6, -1) = 1
1548  writev(2, [{iov_base="Sent message type=method_call sender=n/a destination=foo.bar path=/foo interface=foo.TestInterface member=Foobar cookie=1 reply_"..., iov_len=183}, {iov_base="\n", iov_len=1}], 2 <unfinished ...>
1547  writev(2, [{iov_base="Bus server: changing state AUTHENTICATING \342\206\222 RUNNING", iov_len=53}, {iov_base="\n", iov_len=1}], 2 <unfinished ...>
1548  <... writev resumed>)             = 184
1548  recvmsg(9,  <unfinished ...>
1547  <... writev resumed>)             = 54
1548  <... recvmsg resumed>{msg_namelen=0}, MSG_DONTWAIT|MSG_CMSG_CLOEXEC) = -1 EAGAIN (Resource temporarily unavailable)
1547  timerfd_settime(5, TFD_TIMER_ABSTIME, {it_interval={tv_sec=0, tv_nsec=0}, it_value={tv_sec=0, tv_nsec=0}},  <unfinished ...>
1548  ppoll([{fd=9, events=POLLIN}], 1, {tv_sec=24, tv_nsec=999407000}, NULL, 8 <unfinished ...>
1547  <... timerfd_settime resumed>NULL) = 0
1547  epoll_wait(3, [{events=EPOLLIN, data={u32=3623886048, u64=139899298651360}}], 6, -1) = 1
1547  recvmsg(4, {msg_name=NULL, msg_namelen=0, msg_iov=[{iov_base="l\1\0\1\0\0\0\0\1\0\0\0P\0\0\0\1\1o\0\4\0\0\0", iov_len=24}], msg_iovlen=1, msg_controllen=0, msg_flags=MSG_CMSG_CLOEXEC}, MSG_DONTWAIT|MSG_CMSG_CLOEXEC) = 24
1547  recvmsg(4, {msg_name=NULL, msg_namelen=0, msg_iov=[{iov_base="/foo\0\0\0\0\3\1s\0\6\0\0\0Foobar\0\0\2\1s\0\21\0\0\0foo.TestInterface\0\0\0\0\0\0\0\6\1s\0\7\0\0\0foo.bar\0", iov_len=72}], msg_iovlen=1, msg_controllen=0, msg_flags=MSG_CMSG_CLOEXEC}, MSG_DONTWAIT|MSG_CMSG_CLOEXEC) = 72
1547  writev(2, [{iov_base="Got message type=method_call sender=n/a destination=foo.bar path=/foo interface=foo.TestInterface member=Foobar cookie=1 reply_c"..., iov_len=182}, {iov_base="\n", iov_len=1}], 2) = 183
1547  writev(2, [{iov_base="Got Foobar() call.", iov_len=18}, {iov_base="\n", iov_len=1}], 2) = 19
1547  sendmsg(4, {msg_name=NULL, msg_namelen=0, msg_iov=[{iov_base="l\2\1\1\0\0\0\0\1\0\0\0\10\0\0\0\5\1u\0\1\0\0\0", iov_len=24}], msg_iovlen=1, msg_controllen=0, msg_flags=0}, MSG_DONTWAIT|MSG_NOSIGNAL <unfinished ...>
1548  <... ppoll resumed>)              = 1 ([{fd=9, revents=POLLIN}], left {tv_sec=24, tv_nsec=996555715})
1547  <... sendmsg resumed>)            = 24
1548  recvmsg(9,  <unfinished ...>
1547  writev(2, [{iov_base="Sent message type=method_return sender=n/a destination=n/a path=n/a interface=n/a member=n/a cookie=1 reply_cookie=1 signature=n"..., iov_len=163}, {iov_base="\n", iov_len=1}], 2 <unfinished ...>
1548  <... recvmsg resumed>{msg_name=NULL, msg_namelen=0, msg_iov=[{iov_base="l\2\1\1\0\0\0\0\1\0\0\0\10\0\0\0\5\1u\0\1\0\0\0", iov_len=24}], msg_iovlen=1, msg_controllen=0, msg_flags=MSG_CMSG_CLOEXEC}, MSG_DONTWAIT|MSG_CMSG_CLOEXEC) = 24
1547  <... writev resumed>)             = 164
1548  writev(2, [{iov_base="Got message type=method_return sender=n/a destination=n/a path=n/a interface=n/a member=n/a cookie=1 reply_cookie=1 signature=n/"..., iov_len=162}, {iov_base="\n", iov_len=1}], 2 <unfinished ...>
1547  writev(2, [{iov_base="Bus server: changing state RUNNING \342\206\222 CLOSED", iov_len=45}, {iov_base="\n", iov_len=1}], 2 <unfinished ...>
1548  <... writev resumed>)             = 163
1548  writev(2, [{iov_base="Client1 done", iov_len=12}, {iov_base="\n", iov_len=1}], 2 <unfinished ...>
1547  <... writev resumed>)             = 46
1548  <... writev resumed>)             = 13
1547  epoll_ctl(3, EPOLL_CTL_DEL, 4, NULL <unfinished ...>
1548  writev(2, [{iov_base="Bus client1: changing state RUNNING \342\206\222 CLOSED", iov_len=46}, {iov_base="\n", iov_len=1}], 2 <unfinished ...>
1547  <... epoll_ctl resumed>)          = 0
1548  <... writev resumed>)             = 47
1547  close(4 <unfinished ...>
1548  close(9 <unfinished ...>
1547  <... close resumed>)              = 0
1548  <... close resumed>)              = 0
1547  close(3 <unfinished ...>
1548  rt_sigprocmask(SIG_BLOCK, ~[RT_1],  <unfinished ...>
1547  <... close resumed>)              = 0
1548  <... rt_sigprocmask resumed>NULL, 8) = 0
1547  close(5 <unfinished ...>
1548  madvise(0x7f3ce142b000, 8368128, MADV_DONTNEED <unfinished ...>
1547  <... close resumed>)              = 0
1548  <... madvise resumed>)            = 0
1547  epoll_create1(EPOLL_CLOEXEC <unfinished ...>
1548  exit(0 <unfinished ...>
1547  <... epoll_create1 resumed>)      = 3
1548  <... exit resumed>)               = ?
1547  accept4(7, NULL, NULL, SOCK_CLOEXEC|SOCK_NONBLOCK <unfinished ...>
1548  +++ exited with 0 +++
1542  <... futex resumed>)              = 0
1542  writev(2, [{iov_base="Bus request-exit: changing state UNSET \342\206\222 OPENING", iov_len=50}, {iov_base="\n", iov_len=1}], 2) = 51
1542  writev(2, [{iov_base="sd-bus: starting bus request-exit by connecting to /dev/shm/systemd-watch-bind-DFLrJu/this/is/a/socket...", iov_len=105}, {iov_base="\n", iov_len=1}], 2) = 106
1542  socket(AF_UNIX, SOCK_STREAM|SOCK_CLOEXEC|SOCK_NONBLOCK, 0) = 5
1542  getsockopt(5, SOL_SOCKET, SO_RCVBUF, [212992], [4]) = 0
1542  setsockopt(5, SOL_SOCKET, SO_RCVBUF, [8388608], 4) = 0
1542  getsockopt(5, SOL_SOCKET, SO_RCVBUF, [425984], [4]) = 0
1542  setsockopt(5, SOL_SOCKET, SO_RCVBUFFORCE, [8388608], 4) = -1 EPERM (Operation not permitted)
1542  getsockopt(5, SOL_SOCKET, SO_SNDBUF, [212992], [4]) = 0
1542  setsockopt(5, SOL_SOCKET, SO_SNDBUF, [8388608], 4) = 0
1542  getsockopt(5, SOL_SOCKET, SO_SNDBUF, [425984], [4]) = 0
1542  setsockopt(5, SOL_SOCKET, SO_SNDBUFFORCE, [8388608], 4) = -1 EPERM (Operation not permitted)
1542  connect(5, {sa_family=AF_UNIX, sun_path="/dev/shm/systemd-watch-bind-DFLrJu/this/is/a/socket"}, 54 <unfinished ...>
1547  <... accept4 resumed>)            = 4
1542  <... connect resumed>)            = 0
1547  writev(2, [{iov_base="Accepted server connection", iov_len=26}, {iov_base="\n", iov_len=1}], 2 <unfinished ...>
1542  getsockopt(5, SOL_SOCKET, SO_PEERCRED,  <unfinished ...>
1547  <... writev resumed>)             = 27
1542  <... getsockopt resumed>{pid=1542, uid=0, gid=0}, [12]) = 0
1547  timerfd_create(CLOCK_MONOTONIC, TFD_CLOEXEC|TFD_NONBLOCK <unfinished ...>
1542  getsockopt(5, SOL_SOCKET, SO_PEERSEC,  <unfinished ...>
1547  <... timerfd_create resumed>)     = 6
1542  <... getsockopt resumed>0x55f8b60af660, [64]) = -1 ENOPROTOOPT (Protocol not available)
1547  epoll_ctl(3, EPOLL_CTL_ADD, 6, {events=EPOLLIN, data={u32=3623881984, u64=139899298647296}} <unfinished ...>
1542  getsockopt(5, SOL_SOCKET, SO_PEERGROUPS,  <unfinished ...>
1547  <... epoll_ctl resumed>)          = 0
1542  <... getsockopt resumed>0x55f8b60af6b0, [256 => 0]) = 0
1547  epoll_ctl(3, EPOLL_CTL_ADD, 4, {events=0, data={u32=3623886048, u64=139899298651360}} <unfinished ...>
1542  writev(2, [{iov_base="Bus request-exit: changing state OPENING \342\206\222 AUTHENTICATING", iov_len=59}, {iov_base="\n", iov_len=1}], 2 <unfinished ...>
1547  <... epoll_ctl resumed>)          = 0
1542  <... writev resumed>)             = 60
1547  writev(2, [{iov_base="Bus server: changing state UNSET \342\206\222 OPENING", iov_len=44}, {iov_base="\n", iov_len=1}], 2 <unfinished ...>
1542  newfstatat(5, "",  <unfinished ...>
1547  <... writev resumed>)             = 45
1542  <... newfstatat resumed>{st_mode=S_IFSOCK|0777, st_size=0, ...}, AT_EMPTY_PATH) = 0
1547  readlinkat(AT_FDCWD, "/proc/self/fd/4",  <unfinished ...>
1542  getsockopt(5, SOL_SOCKET, SO_ACCEPTCONN,  <unfinished ...>
1547  <... readlinkat resumed>"socket:[2499946]", 4096) = 16
1542  <... getsockopt resumed>[0], [4]) = 0
1547  readlinkat(AT_FDCWD, "/proc/self/fd/4",  <unfinished ...>
1542  getsockname(5,  <unfinished ...>
1547  <... readlinkat resumed>"socket:[2499946]", 4096) = 16
1542  <... getsockname resumed>{sa_family=AF_UNIX}, [128 => 2]) = 0
1547  writev(2, [{iov_base="sd-bus: starting bus server on fds 4/4 (socket:[2499946], socket:[2499946])...", iov_len=78}, {iov_base="\n", iov_len=1}], 2 <unfinished ...>
1542  sendmsg(5, {msg_name=NULL, msg_namelen=0, msg_iov=[{iov_base="\0AUTH EXTERNAL\r\nDATA\r\n", iov_len=22}, {iov_base="NEGOTIATE_UNIX_FD\r\n", iov_len=19}, {iov_base="BEGIN\r\n", iov_len=7}], msg_iovlen=3, msg_controllen=0, msg_flags=0}, MSG_DONTWAIT|MSG_NOSIGNAL <unfinished ...>
1547  <... writev resumed>)             = 79
1542  <... sendmsg resumed>)            = 48
1547  fcntl(4, F_GETFL <unfinished ...>
1542  recvmsg(5,  <unfinished ...>
1547  <... fcntl resumed>)              = 0x802 (flags O_RDWR|O_NONBLOCK)
1542  <... recvmsg resumed>{msg_namelen=0}, MSG_DONTWAIT|MSG_CMSG_CLOEXEC) = -1 EAGAIN (Resource temporarily unavailable)
1547  fcntl(4, F_GETFD <unfinished ...>
1542  ppoll([{fd=5, events=POLLIN}], 1, {tv_sec=89, tv_nsec=995981000}, NULL, 8 <unfinished ...>
1547  <... fcntl resumed>)              = 0x1 (flags FD_CLOEXEC)
1547  newfstatat(4, "", {st_mode=S_IFSOCK|0777, st_size=0, ...}, AT_EMPTY_PATH) = 0
1547  getsockopt(4, SOL_SOCKET, SO_RCVBUF, [212992], [4]) = 0
1547  setsockopt(4, SOL_SOCKET, SO_RCVBUF, [8388608], 4) = 0
1547  getsockopt(4, SOL_SOCKET, SO_RCVBUF, [425984], [4]) = 0
1547  setsockopt(4, SOL_SOCKET, SO_RCVBUFFORCE, [8388608], 4) = -1 EPERM (Operation not permitted)
1547  getsockopt(4, SOL_SOCKET, SO_SNDBUF, [212992], [4]) = 0
1547  setsockopt(4, SOL_SOCKET, SO_SNDBUF, [8388608], 4) = 0
1547  getsockopt(4, SOL_SOCKET, SO_SNDBUF, [425984], [4]) = 0
1547  setsockopt(4, SOL_SOCKET, SO_SNDBUFFORCE, [8388608], 4) = -1 EPERM (Operation not permitted)
1547  getsockopt(4, SOL_SOCKET, SO_PEERCRED, {pid=1542, uid=0, gid=0}, [12]) = 0
1547  getsockopt(4, SOL_SOCKET, SO_PEERSEC, 0x7f3cd8003940, [64]) = -1 ENOPROTOOPT (Protocol not available)
1547  getsockopt(4, SOL_SOCKET, SO_PEERGROUPS, 0x7f3cd8001bb0, [256 => 0]) = 0
1547  writev(2, [{iov_base="Bus server: changing state OPENING \342\206\222 AUTHENTICATING", iov_len=53}, {iov_base="\n", iov_len=1}], 2) = 54
1547  newfstatat(4, "", {st_mode=S_IFSOCK|0777, st_size=0, ...}, AT_EMPTY_PATH) = 0
1547  getsockopt(4, SOL_SOCKET, SO_ACCEPTCONN, [0], [4]) = 0
1547  getsockname(4, {sa_family=AF_UNIX, sun_path="/dev/shm/systemd-watch-bind-DFLrJu/this/is/a/socket"}, [128 => 54]) = 0
1547  recvmsg(4, {msg_name=NULL, msg_namelen=0, msg_iov=[{iov_base="\0AUTH EXTERNAL\r\nDATA\r\nNEGOTIATE_UNIX_FD\r\nBEGIN\r\n", iov_len=256}], msg_iovlen=1, msg_controllen=0, msg_flags=MSG_CMSG_CLOEXEC}, MSG_DONTWAIT|MSG_CMSG_CLOEXEC) = 48
1547  epoll_ctl(3, EPOLL_CTL_MOD, 4, {events=EPOLLIN|EPOLLOUT, data={u32=3623886048, u64=139899298651360}}) = 0
1547  timerfd_settime(6, TFD_TIMER_ABSTIME, {it_interval={tv_sec=0, tv_nsec=0}, it_value={tv_sec=45022, tv_nsec=965773000}}, NULL) = 0
1547  epoll_wait(3, [{events=EPOLLOUT, data={u32=3623886048, u64=139899298651360}}], 6, -1) = 1
1547  sendmsg(4, {msg_name=NULL, msg_namelen=0, msg_iov=[{iov_base="DATA\r\nOK 94aeb6b64a194d67b4bd294acebaac2d\r\nAGREE_UNIX_FD\r\n", iov_len=58}, {iov_base=NULL, iov_len=0}, {iov_base=NULL, iov_len=0}], msg_iovlen=3, msg_controllen=0, msg_flags=0}, MSG_DONTWAIT|MSG_NOSIGNAL) = 58
