3555  rseq(0x7fbf6ed6afe0, 0x20, 0, 0x53053053 <unfinished ...>
3554  futex(0x7fbf9408d828, FUTEX_WAKE_PRIVATE, 1 <unfinished ...>
3555  <... rseq resumed>)               = 0
3552  <... clone resumed>, parent_tid=[3555], tls=0x7fbf6ed6a640, child_tidptr=0x7fbf6ed6a910) = 3555
3555  set_robust_list(0x7fbf6ed6a920, 24 <unfinished ...>
3554  <... futex resumed>)              = 0
3555  <... set_robust_list resumed>)    = 0
3552  rt_sigprocmask(SIG_SETMASK, [QUIT],  <unfinished ...>
3555  rt_sigprocmask(SIG_SETMASK, [QUIT],  <unfinished ...>
3554  futex(0x7fbf9408d87c, FUTEX_WAIT_BITSET_PRIVATE, 0, {tv_sec=15317, tv_nsec=146854159}, FUTEX_BITSET_MATCH_ANY <unfinished ...>
3555  <... rt_sigprocmask resumed>NULL, 8) = 0
3552  <... rt_sigprocmask resumed>NULL, 8) = 0
3555  mmap(NULL, 134217728, PROT_NONE, MAP_PRIVATE|MAP_ANONYMOUS|MAP_NORESERVE, -1, 0 <unfinished ...>
3554  <... futex resumed>)              = -1 ETIMEDOUT (Connection timed out)
3555  <... mmap resumed>)               = 0x7fbf60000000
3552  futex(0x7fbf94017678, FUTEX_WAIT_BITSET_PRIVATE|FUTEX_CLOCK_REALTIME, 0, NULL, FUTEX_BITSET_MATCH_ANY <unfinished ...>
3555  munmap(0x7fbf64000000, 67108864 <unfinished ...>
3554  futex(0x7fbf9408d828, FUTEX_WAKE_PRIVATE, 1 <unfinished ...>
3555  <... munmap resumed>)             = 0
3554  <... futex resumed>)              = 0
3555  mprotect(0x7fbf60000000, 135168, PROT_READ|PROT_WRITE <unfinished ...>
3554  futex(0x7fbf9408d87c, FUTEX_WAIT_BITSET_PRIVATE, 0, {tv_sec=15317, tv_nsec=154519677}, FUTEX_BITSET_MATCH_ANY <unfinished ...>
3555  <... mprotect resumed>)           = 0
3554  <... futex resumed>)              = -1 ETIMEDOUT (Connection timed out)
3555  sched_getaffinity(3555, 32,  <unfinished ...>
3554  futex(0x7fbf9408d828, FUTEX_WAKE_PRIVATE, 1 <unfinished ...>
3555  <... sched_getaffinity resumed>[0, 1, 2, 3, 4, 5, 6, 7]) = 32
3554  <... futex resumed>)              = 0
3555  sched_getaffinity(3555, 32,  <unfinished ...>
3554  futex(0x7fbf9408d87c, FUTEX_WAIT_BITSET_PRIVATE, 0, {tv_sec=15317, tv_nsec=157981948}, FUTEX_BITSET_MATCH_ANY <unfinished ...>
3555  <... sched_getaffinity resumed>[0, 1, 2, 3, 4, 5, 6, 7]) = 32
3554  <... futex resumed>)              = -1 ETIMEDOUT (Connection timed out)
3555  getpid( <unfinished ...>
3554  futex(0x7fbf9408d828, FUTEX_WAKE_PRIVATE, 1 <unfinished ...>
3555  <... getpid resumed>)             = 3550
3554  <... futex resumed>)              = 0
3555  gettid( <unfinished ...>
3554  futex(0x7fbf9408d87c, FUTEX_WAIT_BITSET_PRIVATE, 0, {tv_sec=15317, tv_nsec=161759698}, FUTEX_BITSET_MATCH_ANY <unfinished ...>
3555  <... gettid resumed>)             = 3555
3554  <... futex resumed>)              = -1 ETIMEDOUT (Connection timed out)
3555  rt_sigprocmask(SIG_BLOCK, NULL,  <unfinished ...>
3554  futex(0x7fbf9408d828, FUTEX_WAKE_PRIVATE, 1 <unfinished ...>
3555  <... rt_sigprocmask resumed>[QUIT], 8) = 0
3554  <... futex resumed>)              = 0
3555  rt_sigprocmask(SIG_UNBLOCK, [HUP INT ILL BUS FPE SEGV USR2 TERM],  <unfinished ...>
3554  futex(0x7fbf9408d87c, FUTEX_WAIT_BITSET_PRIVATE, 0, {tv_sec=15317, tv_nsec=165280660}, FUTEX_BITSET_MATCH_ANY <unfinished ...>
3555  <... rt_sigprocmask resumed>NULL, 8) = 0
3554  <... futex resumed>)              = -1 ETIMEDOUT (Connection timed out)
3555  rt_sigprocmask(SIG_BLOCK, [QUIT],  <unfinished ...>
3554  futex(0x7fbf9408d828, FUTEX_WAKE_PRIVATE, 1 <unfinished ...>
3555  <... rt_sigprocmask resumed>NULL, 8) = 0
3554  <... futex resumed>)              = 0
3555  futex(0x7fbf94017678, FUTEX_WAKE_PRIVATE, 1 <unfinished ...>
3554  futex(0x7fbf9408d87c, FUTEX_WAIT_BITSET_PRIVATE, 0, {tv_sec=15317, tv_nsec=169301202}, FUTEX_BITSET_MATCH_ANY <unfinished ...>
3555  <... futex resumed>)              = 1
3552  <... futex resumed>)              = 0
3555  futex(0x7fbf9408f578, FUTEX_WAIT_BITSET_PRIVATE|FUTEX_CLOCK_REALTIME, 0, NULL, FUTEX_BITSET_MATCH_ANY <unfinished ...>
3554  <... futex resumed>)              = -1 ETIMEDOUT (Connection timed out)
3552  futex(0x7fbf94017628, FUTEX_WAKE_PRIVATE, 1 <unfinished ...>
3554  futex(0x7fbf9408d828, FUTEX_WAKE_PRIVATE, 1 <unfinished ...>
3552  <... futex resumed>)              = 0
3554  <... futex resumed>)              = 0
3552  futex(0x7fbf9408f578, FUTEX_WAKE_PRIVATE, 1 <unfinished ...>
3554  futex(0x7fbf9408d87c, FUTEX_WAIT_BITSET_PRIVATE, 0, {tv_sec=15317, tv_nsec=173834683}, FUTEX_BITSET_MATCH_ANY <unfinished ...>
3555  <... futex resumed>)              = 0
3552  <... futex resumed>)              = 1
3555  futex(0x7fbf9408f528, FUTEX_WAKE_PRIVATE, 1 <unfinished ...>
3554  <... futex resumed>)              = -1 ETIMEDOUT (Connection timed out)
3555  <... futex resumed>)              = 0
3552  mmap(NULL, 33554432, PROT_NONE, MAP_PRIVATE|MAP_ANONYMOUS|MAP_NORESERVE, -1, 0 <unfinished ...>
3555  prctl(PR_SET_NAME, "G1 Conc#0" <unfinished ...>
3554  futex(0x7fbf9408d828, FUTEX_WAKE_PRIVATE, 1 <unfinished ...>
3555  <... prctl resumed>)              = 0
3552  <... mmap resumed>)               = 0x7fbf6cc69000
3555  futex(0x7fbf9408de50, FUTEX_WAIT_BITSET_PRIVATE|FUTEX_CLOCK_REALTIME, 0, NULL, FUTEX_BITSET_MATCH_ANY <unfinished ...>
3554  <... futex resumed>)              = 0
3552  mmap(0x7fbf6cc69000, 33554432, PROT_READ|PROT_WRITE, MAP_PRIVATE|MAP_FIXED|MAP_ANONYMOUS, -1, 0 <unfinished ...>
3554  futex(0x7fbf9408d87c, FUTEX_WAIT_BITSET_PRIVATE, 0, {tv_sec=15317, tv_nsec=181715505}, FUTEX_BITSET_MATCH_ANY <unfinished ...>
3552  <... mmap resumed>)               = 0x7fbf6cc69000
3554  <... futex resumed>)              = -1 ETIMEDOUT (Connection timed out)
3552  mmap(NULL, 1052672, PROT_READ|PROT_WRITE, MAP_PRIVATE|MAP_ANONYMOUS, -1, 0 <unfinished ...>
3554  futex(0x7fbf9408d828, FUTEX_WAKE_PRIVATE, 1 <unfinished ...>
3552  <... mmap resumed>)               = 0x7fbf6cb68000
3554  <... futex resumed>)              = 0
3552  mprotect(0x7fbf94090000, 16384, PROT_READ|PROT_WRITE <unfinished ...>
3554  futex(0x7fbf9408d87c, FUTEX_WAIT_BITSET_PRIVATE, 0, {tv_sec=15317, tv_nsec=185914869}, FUTEX_BITSET_MATCH_ANY <unfinished ...>
3552  <... mprotect resumed>)           = 0
3554  <... futex resumed>)              = -1 ETIMEDOUT (Connection timed out)
3552  mmap(NULL, 1052672, PROT_READ|PROT_WRITE, MAP_PRIVATE|MAP_ANONYMOUS, -1, 0 <unfinished ...>
3554  futex(0x7fbf9408d828, FUTEX_WAKE_PRIVATE, 1 <unfinished ...>
3552  <... mmap resumed>)               = 0x7fbf6ca67000
3554  <... futex resumed>)              = 0
3552  mprotect(0x7fbf94094000, 4096, PROT_READ|PROT_WRITE <unfinished ...>
3554  futex(0x7fbf9408d87c, FUTEX_WAIT_BITSET_PRIVATE, 0, {tv_sec=15317, tv_nsec=190311949}, FUTEX_BITSET_MATCH_ANY <unfinished ...>
3552  <... mprotect resumed>)           = 0
3554  <... futex resumed>)              = -1 ETIMEDOUT (Connection timed out)
3552  mprotect(0x7fbf94095000, 16384, PROT_READ|PROT_WRITE <unfinished ...>
3554  futex(0x7fbf9408d828, FUTEX_WAKE_PRIVATE, 1 <unfinished ...>
3552  <... mprotect resumed>)           = 0
3554  <... futex resumed>)              = 0
3552  mmap(NULL, 1052672, PROT_READ|PROT_WRITE, MAP_PRIVATE|MAP_ANONYMOUS, -1, 0 <unfinished ...>
3554  futex(0x7fbf9408d87c, FUTEX_WAIT_BITSET_PRIVATE, 0, {tv_sec=15317, tv_nsec=193721167}, FUTEX_BITSET_MATCH_ANY <unfinished ...>
3552  <... mmap resumed>)               = 0x7fbf6c966000
3554  <... futex resumed>)              = -1 ETIMEDOUT (Connection timed out)
3552  mprotect(0x7fbf94099000, 16384, PROT_READ|PROT_WRITE <unfinished ...>
3554  futex(0x7fbf9408d828, FUTEX_WAKE_PRIVATE, 1 <unfinished ...>
3552  <... mprotect resumed>)           = 0
3554  <... futex resumed>)              = 0
3552  mmap(NULL, 1052672, PROT_READ|PROT_WRITE, MAP_PRIVATE|MAP_ANONYMOUS, -1, 0 <unfinished ...>
3554  futex(0x7fbf9408d87c, FUTEX_WAIT_BITSET_PRIVATE, 0, {tv_sec=15317, tv_nsec=197265193}, FUTEX_BITSET_MATCH_ANY <unfinished ...>
3552  <... mmap resumed>)               = 0x7fbf6c865000
3554  <... futex resumed>)              = -1 ETIMEDOUT (Connection timed out)
3552  mprotect(0x7fbf9409d000, 16384, PROT_READ|PROT_WRITE <unfinished ...>
3554  futex(0x7fbf9408d828, FUTEX_WAKE_PRIVATE, 1 <unfinished ...>
3552  <... mprotect resumed>)           = 0
3554  <... futex resumed>)              = 0
3552  mmap(NULL, 1052672, PROT_READ|PROT_WRITE, MAP_PRIVATE|MAP_ANONYMOUS, -1, 0 <unfinished ...>
3554  futex(0x7fbf9408d87c, FUTEX_WAIT_BITSET_PRIVATE, 0, {tv_sec=15317, tv_nsec=200510533}, FUTEX_BITSET_MATCH_ANY <unfinished ...>
3552  <... mmap resumed>)               = 0x7fbf6c764000
3554  <... futex resumed>)              = -1 ETIMEDOUT (Connection timed out)
3552  mprotect(0x7fbf940a1000, 16384, PROT_READ|PROT_WRITE <unfinished ...>
3554  futex(0x7fbf9408d828, FUTEX_WAKE_PRIVATE, 1 <unfinished ...>
3552  <... mprotect resumed>)           = 0
3554  <... futex resumed>)              = 0
3552  mmap(NULL, 1052672, PROT_READ|PROT_WRITE, MAP_PRIVATE|MAP_ANONYMOUS, -1, 0 <unfinished ...>
3554  futex(0x7fbf9408d87c, FUTEX_WAIT_BITSET_PRIVATE, 0, {tv_sec=15317, tv_nsec=203842235}, FUTEX_BITSET_MATCH_ANY <unfinished ...>
3552  <... mmap resumed>)               = 0x7fbf6c663000
3554  <... futex resumed>)              = -1 ETIMEDOUT (Connection timed out)
3552  mprotect(0x7fbf940a5000, 16384, PROT_READ|PROT_WRITE <unfinished ...>
3554  futex(0x7fbf9408d828, FUTEX_WAKE_PRIVATE, 1 <unfinished ...>
3552  <... mprotect resumed>)           = 0
3554  <... futex resumed>)              = 0
3552  mmap(NULL, 1052672, PROT_READ|PROT_WRITE, MAP_PRIVATE|MAP_ANONYMOUS, -1, 0 <unfinished ...>
3554  futex(0x7fbf9408d87c, FUTEX_WAIT_BITSET_PRIVATE, 0, {tv_sec=15317, tv_nsec=207397443}, FUTEX_BITSET_MATCH_ANY <unfinished ...>
3552  <... mmap resumed>)               = 0x7fbf6c562000
3554  <... futex resumed>)              = -1 ETIMEDOUT (Connection timed out)
3552  mprotect(0x7fbf940a9000, 16384, PROT_READ|PROT_WRITE <unfinished ...>
3554  futex(0x7fbf9408d828, FUTEX_WAKE_PRIVATE, 1 <unfinished ...>
3552  <... mprotect resumed>)           = 0
3554  <... futex resumed>)              = 0
3552  mmap(NULL, 1052672, PROT_READ|PROT_WRITE, MAP_PRIVATE|MAP_ANONYMOUS, -1, 0 <unfinished ...>
3554  futex(0x7fbf9408d87c, FUTEX_WAIT_BITSET_PRIVATE, 0, {tv_sec=15317, tv_nsec=211175121}, FUTEX_BITSET_MATCH_ANY <unfinished ...>
3552  <... mmap resumed>)               = 0x7fbf6c461000
3554  <... futex resumed>)              = -1 ETIMEDOUT (Connection timed out)
3552  mprotect(0x7fbf940ad000, 4096, PROT_READ|PROT_WRITE <unfinished ...>
3554  futex(0x7fbf9408d828, FUTEX_WAKE_PRIVATE, 1 <unfinished ...>
3552  <... mprotect resumed>)           = 0
3554  <... futex resumed>)              = 0
3552  mprotect(0x7fbf940ae000, 16384, PROT_READ|PROT_WRITE <unfinished ...>
3554  futex(0x7fbf9408d87c, FUTEX_WAIT_BITSET_PRIVATE, 0, {tv_sec=15317, tv_nsec=215452730}, FUTEX_BITSET_MATCH_ANY <unfinished ...>
3552  <... mprotect resumed>)           = 0
3554  <... futex resumed>)              = -1 ETIMEDOUT (Connection timed out)
3552  mmap(0x709200000, 260046848, PROT_READ|PROT_WRITE, MAP_PRIVATE|MAP_FIXED|MAP_ANONYMOUS, -1, 0 <unfinished ...>
3554  futex(0x7fbf9408d828, FUTEX_WAKE_PRIVATE, 1 <unfinished ...>
3552  <... mmap resumed>)               = 0x709200000
3554  <... futex resumed>)              = 0
3552  mmap(0x7fbf72b23000, 4063232, PROT_READ|PROT_WRITE, MAP_PRIVATE|MAP_FIXED|MAP_ANONYMOUS, -1, 0 <unfinished ...>
3554  futex(0x7fbf9408d87c, FUTEX_WAIT_BITSET_PRIVATE, 0, {tv_sec=15317, tv_nsec=219799965}, FUTEX_BITSET_MATCH_ANY <unfinished ...>
3552  <... mmap resumed>)               = 0x7fbf72b23000
3554  <... futex resumed>)              = -1 ETIMEDOUT (Connection timed out)
3552  mmap(0x7fbf6ed6b000, 4063232, PROT_READ|PROT_WRITE, MAP_PRIVATE|MAP_FIXED|MAP_ANONYMOUS, -1, 0 <unfinished ...>
3554  futex(0x7fbf9408d828, FUTEX_WAKE_PRIVATE, 1 <unfinished ...>
3552  <... mmap resumed>)               = 0x7fbf6ed6b000
3554  <... futex resumed>)              = 0
3552  mmap(0x7fbf77849000, 4096, PROT_READ|PROT_WRITE, MAP_PRIVATE|MAP_FIXED|MAP_ANONYMOUS, -1, 0 <unfinished ...>
3554  futex(0x7fbf9408d87c, FUTEX_WAIT_BITSET_PRIVATE, 0, {tv_sec=15317, tv_nsec=223652766}, FUTEX_BITSET_MATCH_ANY <unfinished ...>
3552  <... mmap resumed>)               = 0x7fbf77849000
3554  <... futex resumed>)              = -1 ETIMEDOUT (Connection timed out)
3552  mmap(0x7fbf7784a000, 4096, PROT_READ|PROT_WRITE, MAP_PRIVATE|MAP_FIXED|MAP_ANONYMOUS, -1, 0 <unfinished ...>
3554  futex(0x7fbf9408d828, FUTEX_WAKE_PRIVATE, 1 <unfinished ...>
3552  <... mmap resumed>)               = 0x7fbf7784a000
3554  <... futex resumed>)              = 0
3552  mmap(0x7fbf7784b000, 4096, PROT_READ|PROT_WRITE, MAP_PRIVATE|MAP_FIXED|MAP_ANONYMOUS, -1, 0 <unfinished ...>
3554  futex(0x7fbf9408d87c, FUTEX_WAIT_BITSET_PRIVATE, 0, {tv_sec=15317, tv_nsec=227494127}, FUTEX_BITSET_MATCH_ANY <unfinished ...>
3552  <... mmap resumed>)               = 0x7fbf7784b000
3554  <... futex resumed>)              = -1 ETIMEDOUT (Connection timed out)
3552  mmap(0x7fbf7784c000, 4096, PROT_READ|PROT_WRITE, MAP_PRIVATE|MAP_FIXED|MAP_ANONYMOUS, -1, 0 <unfinished ...>
3554  futex(0x7fbf9408d828, FUTEX_WAKE_PRIVATE, 1 <unfinished ...>
3552  <... mmap resumed>)               = 0x7fbf7784c000
3554  <... futex resumed>)              = 0
3552  mmap(0x7fbf7784d000, 4096, PROT_READ|PROT_WRITE, MAP_PRIVATE|MAP_FIXED|MAP_ANONYMOUS, -1, 0 <unfinished ...>
3554  futex(0x7fbf9408d87c, FUTEX_WAIT_BITSET_PRIVATE, 0, {tv_sec=15317, tv_nsec=230875946}, FUTEX_BITSET_MATCH_ANY <unfinished ...>
3552  <... mmap resumed>)               = 0x7fbf7784d000
3554  <... futex resumed>)              = -1 ETIMEDOUT (Connection timed out)
3552  mmap(0x7fbf7784e000, 4096, PROT_READ|PROT_WRITE, MAP_PRIVATE|MAP_FIXED|MAP_ANONYMOUS, -1, 0 <unfinished ...>
3554  futex(0x7fbf9408d828, FUTEX_WAKE_PRIVATE, 1 <unfinished ...>
3552  <... mmap resumed>)               = 0x7fbf7784e000
3554  <... futex resumed>)              = 0
3552  mmap(0x7fbf7784f000, 4096, PROT_READ|PROT_WRITE, MAP_PRIVATE|MAP_FIXED|MAP_ANONYMOUS, -1, 0 <unfinished ...>
3554  futex(0x7fbf9408d87c, FUTEX_WAIT_BITSET_PRIVATE, 0, {tv_sec=15317, tv_nsec=234263951}, FUTEX_BITSET_MATCH_ANY <unfinished ...>
3552  <... mmap resumed>)               = 0x7fbf7784f000
3554  <... futex resumed>)              = -1 ETIMEDOUT (Connection timed out)
3552  mmap(0x7fbf77850000, 4096, PROT_READ|PROT_WRITE, MAP_PRIVATE|MAP_FIXED|MAP_ANONYMOUS, -1, 0 <unfinished ...>
3554  futex(0x7fbf9408d828, FUTEX_WAKE_PRIVATE, 1 <unfinished ...>
3552  <... mmap resumed>)               = 0x7fbf77850000
3554  <... futex resumed>)              = 0
3552  mmap(0x7fbf77851000, 4096, PROT_READ|PROT_WRITE, MAP_PRIVATE|MAP_FIXED|MAP_ANONYMOUS, -1, 0 <unfinished ...>
3554  futex(0x7fbf9408d87c, FUTEX_WAIT_BITSET_PRIVATE, 0, {tv_sec=15317, tv_nsec=237379271}, FUTEX_BITSET_MATCH_ANY <unfinished ...>
3552  <... mmap resumed>)               = 0x7fbf77851000
3554  <... futex resumed>)              = -1 ETIMEDOUT (Connection timed out)
3552  mmap(0x7fbf77852000, 4096, PROT_READ|PROT_WRITE, MAP_PRIVATE|MAP_FIXED|MAP_ANONYMOUS, -1, 0 <unfinished ...>
3554  futex(0x7fbf9408d828, FUTEX_WAKE_PRIVATE, 1 <unfinished ...>
3552  <... mmap resumed>)               = 0x7fbf77852000
3554  <... futex resumed>)              = 0
3552  mmap(0x7fbf77853000, 4096, PROT_READ|PROT_WRITE, MAP_PRIVATE|MAP_FIXED|MAP_ANONYMOUS, -1, 0 <unfinished ...>
3554  futex(0x7fbf9408d87c, FUTEX_WAIT_BITSET_PRIVATE, 0, {tv_sec=15317, tv_nsec=240786918}, FUTEX_BITSET_MATCH_ANY <unfinished ...>
3552  <... mmap resumed>)               = 0x7fbf77853000
3554  <... futex resumed>)              = -1 ETIMEDOUT (Connection timed out)
3552  mmap(0x7fbf77854000, 4096, PROT_READ|PROT_WRITE, MAP_PRIVATE|MAP_FIXED|MAP_ANONYMOUS, -1, 0 <unfinished ...>
3554  futex(0x7fbf9408d828, FUTEX_WAKE_PRIVATE, 1 <unfinished ...>
3552  <... mmap resumed>)               = 0x7fbf77854000
3554  <... futex resumed>)              = 0
3552  mmap(0x7fbf77855000, 4096, PROT_READ|PROT_WRITE, MAP_PRIVATE|MAP_FIXED|MAP_ANONYMOUS, -1, 0 <unfinished ...>
3554  futex(0x7fbf9408d87c, FUTEX_WAIT_BITSET_PRIVATE, 0, {tv_sec=15317, tv_nsec=245623820}, FUTEX_BITSET_MATCH_ANY <unfinished ...>
3552  <... mmap resumed>)               = 0x7fbf77855000
3554  <... futex resumed>)              = -1 ETIMEDOUT (Connection timed out)
3552  mmap(0x7fbf77856000, 4096, PROT_READ|PROT_WRITE, MAP_PRIVATE|MAP_FIXED|MAP_ANONYMOUS, -1, 0 <unfinished ...>
3554  futex(0x7fbf9408d828, FUTEX_WAKE_PRIVATE, 1 <unfinished ...>
3552  <... mmap resumed>)               = 0x7fbf77856000
3554  <... futex resumed>)              = 0
3552  mmap(0x7fbf77857000, 4096, PROT_READ|PROT_WRITE, MAP_PRIVATE|MAP_FIXED|MAP_ANONYMOUS, -1, 0 <unfinished ...>
3554  futex(0x7fbf9408d87c, FUTEX_WAIT_BITSET_PRIVATE, 0, {tv_sec=15317, tv_nsec=249509646}, FUTEX_BITSET_MATCH_ANY <unfinished ...>
3552  <... mmap resumed>)               = 0x7fbf77857000
3554  <... futex resumed>)              = -1 ETIMEDOUT (Connection timed out)
3552  mmap(0x7fbf77858000, 4096, PROT_READ|PROT_WRITE, MAP_PRIVATE|MAP_FIXED|MAP_ANONYMOUS, -1, 0 <unfinished ...>
3554  futex(0x7fbf9408d828, FUTEX_WAKE_PRIVATE, 1 <unfinished ...>
3552  <... mmap resumed>)               = 0x7fbf77858000
3554  <... futex resumed>)              = 0
3552  mmap(0x7fbf77859000, 4096, PROT_READ|PROT_WRITE, MAP_PRIVATE|MAP_FIXED|MAP_ANONYMOUS, -1, 0 <unfinished ...>
3554  futex(0x7fbf9408d87c, FUTEX_WAIT_BITSET_PRIVATE, 0, {tv_sec=15317, tv_nsec=253606166}, FUTEX_BITSET_MATCH_ANY <unfinished ...>
3552  <... mmap resumed>)               = 0x7fbf77859000
3554  <... futex resumed>)              = -1 ETIMEDOUT (Connection timed out)
3552  mmap(0x7fbf7785a000, 4096, PROT_READ|PROT_WRITE, MAP_PRIVATE|MAP_FIXED|MAP_ANONYMOUS, -1, 0 <unfinished ...>
3554  futex(0x7fbf9408d828, FUTEX_WAKE_PRIVATE, 1 <unfinished ...>
3552  <... mmap resumed>)               = 0x7fbf7785a000
3554  <... futex resumed>)              = 0
3552  mmap(0x7fbf7785b000, 4096, PROT_READ|PROT_WRITE, MAP_PRIVATE|MAP_FIXED|MAP_ANONYMOUS, -1, 0 <unfinished ...>
3554  futex(0x7fbf9408d87c, FUTEX_WAIT_BITSET_PRIVATE, 0, {tv_sec=15317, tv_nsec=257465846}, FUTEX_BITSET_MATCH_ANY <unfinished ...>
3552  <... mmap resumed>)               = 0x7fbf7785b000
3554  <... futex resumed>)              = -1 ETIMEDOUT (Connection timed out)
3552  mmap(0x7fbf7785c000, 4096, PROT_READ|PROT_WRITE, MAP_PRIVATE|MAP_FIXED|MAP_ANONYMOUS, -1, 0 <unfinished ...>
3554  futex(0x7fbf9408d828, FUTEX_WAKE_PRIVATE, 1 <unfinished ...>
3552  <... mmap resumed>)               = 0x7fbf7785c000
3554  <... futex resumed>)              = 0
3552  mmap(0x7fbf7785d000, 4096, PROT_READ|PROT_WRITE, MAP_PRIVATE|MAP_FIXED|MAP_ANONYMOUS, -1, 0 <unfinished ...>
3554  futex(0x7fbf9408d87c, FUTEX_WAIT_BITSET_PRIVATE, 0, {tv_sec=15317, tv_nsec=261038620}, FUTEX_BITSET_MATCH_ANY <unfinished ...>
3552  <... mmap resumed>)               = 0x7fbf7785d000
3554  <... futex resumed>)              = -1 ETIMEDOUT (Connection timed out)
3552  mmap(0x7fbf7785e000, 4096, PROT_READ|PROT_WRITE, MAP_PRIVATE|MAP_FIXED|MAP_ANONYMOUS, -1, 0 <unfinished ...>
3554  futex(0x7fbf9408d828, FUTEX_WAKE_PRIVATE, 1 <unfinished ...>
3552  <... mmap resumed>)               = 0x7fbf7785e000
3554  <... futex resumed>)              = 0
3552  mmap(0x7fbf7785f000, 4096, PROT_READ|PROT_WRITE, MAP_PRIVATE|MAP_FIXED|MAP_ANONYMOUS, -1, 0 <unfinished ...>
3554  futex(0x7fbf9408d87c, FUTEX_WAIT_BITSET_PRIVATE, 0, {tv_sec=15317, tv_nsec=264695086}, FUTEX_BITSET_MATCH_ANY <unfinished ...>
3552  <... mmap resumed>)               = 0x7fbf7785f000
3554  <... futex resumed>)              = -1 ETIMEDOUT (Connection timed out)
3552  mmap(0x7fbf77860000, 4096, PROT_READ|PROT_WRITE, MAP_PRIVATE|MAP_FIXED|MAP_ANONYMOUS, -1, 0 <unfinished ...>
3554  futex(0x7fbf9408d828, FUTEX_WAKE_PRIVATE, 1 <unfinished ...>
3552  <... mmap resumed>)               = 0x7fbf77860000
3554  <... futex resumed>)              = 0
3552  mmap(0x7fbf77861000, 4096, PROT_READ|PROT_WRITE, MAP_PRIVATE|MAP_FIXED|MAP_ANONYMOUS, -1, 0 <unfinished ...>
3554  futex(0x7fbf9408d87c, FUTEX_WAIT_BITSET_PRIVATE, 0, {tv_sec=15317, tv_nsec=268755635}, FUTEX_BITSET_MATCH_ANY <unfinished ...>
3552  <... mmap resumed>)               = 0x7fbf77861000
3554  <... futex resumed>)              = -1 ETIMEDOUT (Connection timed out)
3552  mmap(0x7fbf77862000, 4096, PROT_READ|PROT_WRITE, MAP_PRIVATE|MAP_FIXED|MAP_ANONYMOUS, -1, 0 <unfinished ...>
3554  futex(0x7fbf9408d828, FUTEX_WAKE_PRIVATE, 1 <unfinished ...>
3552  <... mmap resumed>)               = 0x7fbf77862000
3554  <... futex resumed>)              = 0
3552  mmap(0x7fbf77863000, 4096, PROT_READ|PROT_WRITE, MAP_PRIVATE|MAP_FIXED|MAP_ANONYMOUS, -1, 0 <unfinished ...>
3554  futex(0x7fbf9408d87c, FUTEX_WAIT_BITSET_PRIVATE, 0, {tv_sec=15317, tv_nsec=272509841}, FUTEX_BITSET_MATCH_ANY <unfinished ...>
3552  <... mmap resumed>)               = 0x7fbf77863000
3554  <... futex resumed>)              = -1 ETIMEDOUT (Connection timed out)
3552  mmap(0x7fbf77864000, 4096, PROT_READ|PROT_WRITE, MAP_PRIVATE|MAP_FIXED|MAP_ANONYMOUS, -1, 0 <unfinished ...>
3554  futex(0x7fbf9408d828, FUTEX_WAKE_PRIVATE, 1 <unfinished ...>
3552  <... mmap resumed>)               = 0x7fbf77864000
3554  <... futex resumed>)              = 0
3552  mmap(0x7fbf77865000, 4096, PROT_READ|PROT_WRITE, MAP_PRIVATE|MAP_FIXED|MAP_ANONYMOUS, -1, 0 <unfinished ...>
3554  futex(0x7fbf9408d87c, FUTEX_WAIT_BITSET_PRIVATE, 0, {tv_sec=15317, tv_nsec=276266313}, FUTEX_BITSET_MATCH_ANY <unfinished ...>
3552  <... mmap resumed>)               = 0x7fbf77865000
3554  <... futex resumed>)              = -1 ETIMEDOUT (Connection timed out)
3552  mmap(0x7fbf77866000, 4096, PROT_READ|PROT_WRITE, MAP_PRIVATE|MAP_FIXED|MAP_ANONYMOUS, -1, 0 <unfinished ...>
3554  futex(0x7fbf9408d828, FUTEX_WAKE_PRIVATE, 1 <unfinished ...>
3552  <... mmap resumed>)               = 0x7fbf77866000
3554  <... futex resumed>)              = 0
3552  mmap(0x7fbf77867000, 4096, PROT_READ|PROT_WRITE, MAP_PRIVATE|MAP_FIXED|MAP_ANONYMOUS, -1, 0 <unfinished ...>
3554  futex(0x7fbf9408d87c, FUTEX_WAIT_BITSET_PRIVATE, 0, {tv_sec=15317, tv_nsec=279885860}, FUTEX_BITSET_MATCH_ANY <unfinished ...>
3552  <... mmap resumed>)               = 0x7fbf77867000
3554  <... futex resumed>)              = -1 ETIMEDOUT (Connection timed out)
3552  mmap(0x7fbf77868000, 4096, PROT_READ|PROT_WRITE, MAP_PRIVATE|MAP_FIXED|MAP_ANONYMOUS, -1, 0 <unfinished ...>
3554  futex(0x7fbf9408d828, FUTEX_WAKE_PRIVATE, 1 <unfinished ...>
3552  <... mmap resumed>)               = 0x7fbf77868000
3554  <... futex resumed>)              = 0
3552  mmap(0x7fbf77869000, 4096, PROT_READ|PROT_WRITE, MAP_PRIVATE|MAP_FIXED|MAP_ANONYMOUS, -1, 0 <unfinished ...>
3554  futex(0x7fbf9408d87c, FUTEX_WAIT_BITSET_PRIVATE, 0, {tv_sec=15317, tv_nsec=283526528}, FUTEX_BITSET_MATCH_ANY <unfinished ...>
3552  <... mmap resumed>)               = 0x7fbf77869000
3554  <... futex resumed>)              = -1 ETIMEDOUT (Connection timed out)
3552  mmap(0x7fbf7786a000, 4096, PROT_READ|PROT_WRITE, MAP_PRIVATE|MAP_FIXED|MAP_ANONYMOUS, -1, 0 <unfinished ...>
3554  futex(0x7fbf9408d828, FUTEX_WAKE_PRIVATE, 1 <unfinished ...>
3552  <... mmap resumed>)               = 0x7fbf7786a000
3554  <... futex resumed>)              = 0
3552  mmap(0x7fbf7786b000, 4096, PROT_READ|PROT_WRITE, MAP_PRIVATE|MAP_FIXED|MAP_ANONYMOUS, -1, 0 <unfinished ...>
3554  futex(0x7fbf9408d87c, FUTEX_WAIT_BITSET_PRIVATE, 0, {tv_sec=15317, tv_nsec=287698123}, FUTEX_BITSET_MATCH_ANY <unfinished ...>
3552  <... mmap resumed>)               = 0x7fbf7786b000
3554  <... futex resumed>)              = -1 ETIMEDOUT (Connection timed out)
3552  mmap(0x7fbf7786c000, 4096, PROT_READ|PROT_WRITE, MAP_PRIVATE|MAP_FIXED|MAP_ANONYMOUS, -1, 0 <unfinished ...>
3554  futex(0x7fbf9408d828, FUTEX_WAKE_PRIVATE, 1 <unfinished ...>
3552  <... mmap resumed>)               = 0x7fbf7786c000
3554  <... futex resumed>)              = 0
3552  mmap(0x7fbf7786d000, 4096, PROT_READ|PROT_WRITE, MAP_PRIVATE|MAP_FIXED|MAP_ANONYMOUS, -1, 0 <unfinished ...>
3554  futex(0x7fbf9408d87c, FUTEX_WAIT_BITSET_PRIVATE, 0, {tv_sec=15317, tv_nsec=290982674}, FUTEX_BITSET_MATCH_ANY <unfinished ...>
3552  <... mmap resumed>)               = 0x7fbf7786d000
3554  <... futex resumed>)              = -1 ETIMEDOUT (Connection timed out)
3552  mmap(0x7fbf7786e000, 4096, PROT_READ|PROT_WRITE, MAP_PRIVATE|MAP_FIXED|MAP_ANONYMOUS, -1, 0 <unfinished ...>
3554  futex(0x7fbf9408d828, FUTEX_WAKE_PRIVATE, 1 <unfinished ...>
3552  <... mmap resumed>)               = 0x7fbf7786e000
3554  <... futex resumed>)              = 0
3552  mmap(0x7fbf7786f000, 4096, PROT_READ|PROT_WRITE, MAP_PRIVATE|MAP_FIXED|MAP_ANONYMOUS, -1, 0 <unfinished ...>
3554  futex(0x7fbf9408d87c, FUTEX_WAIT_BITSET_PRIVATE, 0, {tv_sec=15317, tv_nsec=294141806}, FUTEX_BITSET_MATCH_ANY <unfinished ...>
3552  <... mmap resumed>)               = 0x7fbf7786f000
3554  <... futex resumed>)              = -1 ETIMEDOUT (Connection timed out)
3552  mmap(0x7fbf77870000, 4096, PROT_READ|PROT_WRITE, MAP_PRIVATE|MAP_FIXED|MAP_ANONYMOUS, -1, 0 <unfinished ...>
3554  futex(0x7fbf9408d828, FUTEX_WAKE_PRIVATE, 1 <unfinished ...>
3552  <... mmap resumed>)               = 0x7fbf77870000
3554  <... futex resumed>)              = 0
3552  mmap(0x7fbf77871000, 4096, PROT_READ|PROT_WRITE, MAP_PRIVATE|MAP_FIXED|MAP_ANONYMOUS, -1, 0 <unfinished ...>
3554  futex(0x7fbf9408d87c, FUTEX_WAIT_BITSET_PRIVATE, 0, {tv_sec=15317, tv_nsec=297931104}, FUTEX_BITSET_MATCH_ANY <unfinished ...>
3552  <... mmap resumed>)               = 0x7fbf77871000
3554  <... futex resumed>)              = -1 ETIMEDOUT (Connection timed out)
3552  mmap(0x7fbf77872000, 4096, PROT_READ|PROT_WRITE, MAP_PRIVATE|MAP_FIXED|MAP_ANONYMOUS, -1, 0 <unfinished ...>
3554  futex(0x7fbf9408d828, FUTEX_WAKE_PRIVATE, 1 <unfinished ...>
3552  <... mmap resumed>)               = 0x7fbf77872000
3554  <... futex resumed>)              = 0
3552  mmap(0x7fbf77873000, 4096, PROT_READ|PROT_WRITE, MAP_PRIVATE|MAP_FIXED|MAP_ANONYMOUS, -1, 0 <unfinished ...>
3554  futex(0x7fbf9408d87c, FUTEX_WAIT_BITSET_PRIVATE, 0, {tv_sec=15317, tv_nsec=302523832}, FUTEX_BITSET_MATCH_ANY <unfinished ...>
3552  <... mmap resumed>)               = 0x7fbf77873000
3554  <... futex resumed>)              = -1 ETIMEDOUT (Connection timed out)
3552  mmap(0x7fbf77874000, 4096, PROT_READ|PROT_WRITE, MAP_PRIVATE|MAP_FIXED|MAP_ANONYMOUS, -1, 0 <unfinished ...>
3554  futex(0x7fbf9408d828, FUTEX_WAKE_PRIVATE, 1 <unfinished ...>
3552  <... mmap resumed>)               = 0x7fbf77874000
3554  <... futex resumed>)              = 0
3552  mmap(0x7fbf77875000, 4096, PROT_READ|PROT_WRITE, MAP_PRIVATE|MAP_FIXED|MAP_ANONYMOUS, -1, 0 <unfinished ...>
3554  futex(0x7fbf9408d87c, FUTEX_WAIT_BITSET_PRIVATE, 0, {tv_sec=15317, tv_nsec=306290891}, FUTEX_BITSET_MATCH_ANY <unfinished ...>
3552  <... mmap resumed>)               = 0x7fbf77875000
3554  <... futex resumed>)              = -1 ETIMEDOUT (Connection timed out)
3552  mmap(0x7fbf77876000, 4096, PROT_READ|PROT_WRITE, MAP_PRIVATE|MAP_FIXED|MAP_ANONYMOUS, -1, 0 <unfinished ...>
3554  futex(0x7fbf9408d828, FUTEX_WAKE_PRIVATE, 1 <unfinished ...>
3552  <... mmap resumed>)               = 0x7fbf77876000
3554  <... futex resumed>)              = 0
3552  mmap(0x7fbf77877000, 4096, PROT_READ|PROT_WRITE, MAP_PRIVATE|MAP_FIXED|MAP_ANONYMOUS, -1, 0 <unfinished ...>
3554  futex(0x7fbf9408d87c, FUTEX_WAIT_BITSET_PRIVATE, 0, {tv_sec=15317, tv_nsec=309829745}, FUTEX_BITSET_MATCH_ANY <unfinished ...>
3552  <... mmap resumed>)               = 0x7fbf77877000
3554  <... futex resumed>)              = -1 ETIMEDOUT (Connection timed out)
3552  mmap(0x7fbf77878000, 4096, PROT_READ|PROT_WRITE, MAP_PRIVATE|MAP_FIXED|MAP_ANONYMOUS, -1, 0 <unfinished ...>
3554  futex(0x7fbf9408d828, FUTEX_WAKE_PRIVATE, 1 <unfinished ...>
3552  <... mmap resumed>)               = 0x7fbf77878000
3554  <... futex resumed>)              = 0
3552  mmap(0x7fbf77879000, 4096, PROT_READ|PROT_WRITE, MAP_PRIVATE|MAP_FIXED|MAP_ANONYMOUS, -1, 0 <unfinished ...>
3554  futex(0x7fbf9408d87c, FUTEX_WAIT_BITSET_PRIVATE, 0, {tv_sec=15317, tv_nsec=313363472}, FUTEX_BITSET_MATCH_ANY <unfinished ...>
3552  <... mmap resumed>)               = 0x7fbf77879000
3554  <... futex resumed>)              = -1 ETIMEDOUT (Connection timed out)
3552  mmap(0x7fbf7787a000, 4096, PROT_READ|PROT_WRITE, MAP_PRIVATE|MAP_FIXED|MAP_ANONYMOUS, -1, 0 <unfinished ...>
3554  futex(0x7fbf9408d828, FUTEX_WAKE_PRIVATE, 1 <unfinished ...>
3552  <... mmap resumed>)               = 0x7fbf7787a000
3554  <... futex resumed>)              = 0
3552  mmap(0x7fbf7787b000, 4096, PROT_READ|PROT_WRITE, MAP_PRIVATE|MAP_FIXED|MAP_ANONYMOUS, -1, 0 <unfinished ...>
3554  futex(0x7fbf9408d87c, FUTEX_WAIT_BITSET_PRIVATE, 0, {tv_sec=15317, tv_nsec=317230389}, FUTEX_BITSET_MATCH_ANY <unfinished ...>
3552  <... mmap resumed>)               = 0x7fbf7787b000
3554  <... futex resumed>)              = -1 ETIMEDOUT (Connection timed out)
3552  mmap(0x7fbf7787c000, 4096, PROT_READ|PROT_WRITE, MAP_PRIVATE|MAP_FIXED|MAP_ANONYMOUS, -1, 0 <unfinished ...>
3554  futex(0x7fbf9408d828, FUTEX_WAKE_PRIVATE, 1 <unfinished ...>
3552  <... mmap resumed>)               = 0x7fbf7787c000
3554  <... futex resumed>)              = 0
3552  mmap(0x7fbf7787d000, 4096, PROT_READ|PROT_WRITE, MAP_PRIVATE|MAP_FIXED|MAP_ANONYMOUS, -1, 0 <unfinished ...>
3554  futex(0x7fbf9408d87c, FUTEX_WAIT_BITSET_PRIVATE, 0, {tv_sec=15317, tv_nsec=322621820}, FUTEX_BITSET_MATCH_ANY <unfinished ...>
3552  <... mmap resumed>)               = 0x7fbf7787d000
3554  <... futex resumed>)              = -1 ETIMEDOUT (Connection timed out)
3552  mmap(0x7fbf7787e000, 4096, PROT_READ|PROT_WRITE, MAP_PRIVATE|MAP_FIXED|MAP_ANONYMOUS, -1, 0 <unfinished ...>
3554  futex(0x7fbf9408d828, FUTEX_WAKE_PRIVATE, 1 <unfinished ...>
3552  <... mmap resumed>)               = 0x7fbf7787e000
3554  <... futex resumed>)              = 0
3552  mmap(0x7fbf7787f000, 4096, PROT_READ|PROT_WRITE, MAP_PRIVATE|MAP_FIXED|MAP_ANONYMOUS, -1, 0 <unfinished ...>
3554  futex(0x7fbf9408d87c, FUTEX_WAIT_BITSET_PRIVATE, 0, {tv_sec=15317, tv_nsec=326061999}, FUTEX_BITSET_MATCH_ANY <unfinished ...>
3552  <... mmap resumed>)               = 0x7fbf7787f000
3554  <... futex resumed>)              = -1 ETIMEDOUT (Connection timed out)
3552  mmap(0x7fbf77880000, 4096, PROT_READ|PROT_WRITE, MAP_PRIVATE|MAP_FIXED|MAP_ANONYMOUS, -1, 0 <unfinished ...>
3554  futex(0x7fbf9408d828, FUTEX_WAKE_PRIVATE, 1 <unfinished ...>
3552  <... mmap resumed>)               = 0x7fbf77880000
3554  <... futex resumed>)              = 0
3552  mmap(0x7fbf77881000, 4096, PROT_READ|PROT_WRITE, MAP_PRIVATE|MAP_FIXED|MAP_ANONYMOUS, -1, 0 <unfinished ...>
3554  futex(0x7fbf9408d87c, FUTEX_WAIT_BITSET_PRIVATE, 0, {tv_sec=15317, tv_nsec=329625656}, FUTEX_BITSET_MATCH_ANY <unfinished ...>
3552  <... mmap resumed>)               = 0x7fbf77881000
3554  <... futex resumed>)              = -1 ETIMEDOUT (Connection timed out)
3552  mmap(0x7fbf77882000, 4096, PROT_READ|PROT_WRITE, MAP_PRIVATE|MAP_FIXED|MAP_ANONYMOUS, -1, 0 <unfinished ...>
3554  futex(0x7fbf9408d828, FUTEX_WAKE_PRIVATE, 1 <unfinished ...>
3552  <... mmap resumed>)               = 0x7fbf77882000
3554  <... futex resumed>)              = 0
3552  mmap(0x7fbf77883000, 4096, PROT_READ|PROT_WRITE, MAP_PRIVATE|MAP_FIXED|MAP_ANONYMOUS, -1, 0 <unfinished ...>
3554  futex(0x7fbf9408d87c, FUTEX_WAIT_BITSET_PRIVATE, 0, {tv_sec=15317, tv_nsec=333452067}, FUTEX_BITSET_MATCH_ANY <unfinished ...>
3552  <... mmap resumed>)               = 0x7fbf77883000
3554  <... futex resumed>)              = -1 ETIMEDOUT (Connection timed out)
3552  mmap(0x7fbf77884000, 4096, PROT_READ|PROT_WRITE, MAP_PRIVATE|MAP_FIXED|MAP_ANONYMOUS, -1, 0 <unfinished ...>
3554  futex(0x7fbf9408d828, FUTEX_WAKE_PRIVATE, 1 <unfinished ...>
3552  <... mmap resumed>)               = 0x7fbf77884000
3554  <... futex resumed>)              = 0
3552  mmap(0x7fbf77885000, 4096, PROT_READ|PROT_WRITE, MAP_PRIVATE|MAP_FIXED|MAP_ANONYMOUS, -1, 0 <unfinished ...>
3554  futex(0x7fbf9408d87c, FUTEX_WAIT_BITSET_PRIVATE, 0, {tv_sec=15317, tv_nsec=337513230}, FUTEX_BITSET_MATCH_ANY <unfinished ...>
3552  <... mmap resumed>)               = 0x7fbf77885000
3554  <... futex resumed>)              = -1 ETIMEDOUT (Connection timed out)
3552  mmap(0x7fbf77886000, 4096, PROT_READ|PROT_WRITE, MAP_PRIVATE|MAP_FIXED|MAP_ANONYMOUS, -1, 0 <unfinished ...>
3554  futex(0x7fbf9408d828, FUTEX_WAKE_PRIVATE, 1 <unfinished ...>
3552  <... mmap resumed>)               = 0x7fbf77886000
3554  <... futex resumed>)              = 0
3552  mmap(0x7fbf77887000, 4096, PROT_READ|PROT_WRITE, MAP_PRIVATE|MAP_FIXED|MAP_ANONYMOUS, -1, 0 <unfinished ...>
3554  futex(0x7fbf9408d87c, FUTEX_WAIT_BITSET_PRIVATE, 0, {tv_sec=15317, tv_nsec=340806524}, FUTEX_BITSET_MATCH_ANY <unfinished ...>
3552  <... mmap resumed>)               = 0x7fbf77887000
3554  <... futex resumed>)              = -1 ETIMEDOUT (Connection timed out)
3552  mmap(0x7fbf77888000, 4096, PROT_READ|PROT_WRITE, MAP_PRIVATE|MAP_FIXED|MAP_ANONYMOUS, -1, 0 <unfinished ...>
3554  futex(0x7fbf9408d828, FUTEX_WAKE_PRIVATE, 1 <unfinished ...>
3552  <... mmap resumed>)               = 0x7fbf77888000
3554  <... futex resumed>)              = 0
3552  mmap(0x7fbf77889000, 4096, PROT_READ|PROT_WRITE, MAP_PRIVATE|MAP_FIXED|MAP_ANONYMOUS, -1, 0 <unfinished ...>
3554  futex(0x7fbf9408d87c, FUTEX_WAIT_BITSET_PRIVATE, 0, {tv_sec=15317, tv_nsec=344410856}, FUTEX_BITSET_MATCH_ANY <unfinished ...>
3552  <... mmap resumed>)               = 0x7fbf77889000
3554  <... futex resumed>)              = -1 ETIMEDOUT (Connection timed out)
3552  mmap(0x7fbf7788a000, 4096, PROT_READ|PROT_WRITE, MAP_PRIVATE|MAP_FIXED|MAP_ANONYMOUS, -1, 0 <unfinished ...>
3554  futex(0x7fbf9408d828, FUTEX_WAKE_PRIVATE, 1 <unfinished ...>
3552  <... mmap resumed>)               = 0x7fbf7788a000
3554  <... futex resumed>)              = 0
3552  mmap(0x7fbf7788b000, 4096, PROT_READ|PROT_WRITE, MAP_PRIVATE|MAP_FIXED|MAP_ANONYMOUS, -1, 0 <unfinished ...>
3554  futex(0x7fbf9408d87c, FUTEX_WAIT_BITSET_PRIVATE, 0, {tv_sec=15317, tv_nsec=349110201}, FUTEX_BITSET_MATCH_ANY <unfinished ...>
3552  <... mmap resumed>)               = 0x7fbf7788b000
3554  <... futex resumed>)              = -1 ETIMEDOUT (Connection timed out)
3552  mmap(0x7fbf7788c000, 4096, PROT_READ|PROT_WRITE, MAP_PRIVATE|MAP_FIXED|MAP_ANONYMOUS, -1, 0 <unfinished ...>
3554  futex(0x7fbf9408d828, FUTEX_WAKE_PRIVATE, 1 <unfinished ...>
3552  <... mmap resumed>)               = 0x7fbf7788c000
3554  <... futex resumed>)              = 0
3552  mmap(0x7fbf7788d000, 4096, PROT_READ|PROT_WRITE, MAP_PRIVATE|MAP_FIXED|MAP_ANONYMOUS, -1, 0 <unfinished ...>
3554  futex(0x7fbf9408d87c, FUTEX_WAIT_BITSET_PRIVATE, 0, {tv_sec=15317, tv_nsec=354051448}, FUTEX_BITSET_MATCH_ANY <unfinished ...>
3552  <... mmap resumed>)               = 0x7fbf7788d000
3554  <... futex resumed>)              = -1 ETIMEDOUT (Connection timed out)
3552  mmap(0x7fbf7788e000, 4096, PROT_READ|PROT_WRITE, MAP_PRIVATE|MAP_FIXED|MAP_ANONYMOUS, -1, 0 <unfinished ...>
3554  futex(0x7fbf9408d828, FUTEX_WAKE_PRIVATE, 1 <unfinished ...>
3552  <... mmap resumed>)               = 0x7fbf7788e000
3554  <... futex resumed>)              = 0
3552  mmap(0x7fbf7788f000, 4096, PROT_READ|PROT_WRITE, MAP_PRIVATE|MAP_FIXED|MAP_ANONYMOUS, -1, 0 <unfinished ...>
3554  futex(0x7fbf9408d87c, FUTEX_WAIT_BITSET_PRIVATE, 0, {tv_sec=15317, tv_nsec=358100031}, FUTEX_BITSET_MATCH_ANY <unfinished ...>
3552  <... mmap resumed>)               = 0x7fbf7788f000
3554  <... futex resumed>)              = -1 ETIMEDOUT (Connection timed out)
3552  mmap(0x7fbf77890000, 4096, PROT_READ|PROT_WRITE, MAP_PRIVATE|MAP_FIXED|MAP_ANONYMOUS, -1, 0 <unfinished ...>
3554  futex(0x7fbf9408d828, FUTEX_WAKE_PRIVATE, 1 <unfinished ...>
3552  <... mmap resumed>)               = 0x7fbf77890000
3554  <... futex resumed>)              = 0
3552  mmap(0x7fbf77891000, 4096, PROT_READ|PROT_WRITE, MAP_PRIVATE|MAP_FIXED|MAP_ANONYMOUS, -1, 0 <unfinished ...>
3554  futex(0x7fbf9408d87c, FUTEX_WAIT_BITSET_PRIVATE, 0, {tv_sec=15317, tv_nsec=362142913}, FUTEX_BITSET_MATCH_ANY <unfinished ...>
3552  <... mmap resumed>)               = 0x7fbf77891000
3554  <... futex resumed>)              = -1 ETIMEDOUT (Connection timed out)
3552  mmap(0x7fbf77892000, 4096, PROT_READ|PROT_WRITE, MAP_PRIVATE|MAP_FIXED|MAP_ANONYMOUS, -1, 0 <unfinished ...>
3554  futex(0x7fbf9408d828, FUTEX_WAKE_PRIVATE, 1 <unfinished ...>
3552  <... mmap resumed>)               = 0x7fbf77892000
3554  <... futex resumed>)              = 0
3552  mmap(0x7fbf77893000, 4096, PROT_READ|PROT_WRITE, MAP_PRIVATE|MAP_FIXED|MAP_ANONYMOUS, -1, 0 <unfinished ...>
3554  futex(0x7fbf9408d87c, FUTEX_WAIT_BITSET_PRIVATE, 0, {tv_sec=15317, tv_nsec=366235996}, FUTEX_BITSET_MATCH_ANY <unfinished ...>
3552  <... mmap resumed>)               = 0x7fbf77893000
3554  <... futex resumed>)              = -1 ETIMEDOUT (Connection timed out)
3552  mmap(0x7fbf77894000, 4096, PROT_READ|PROT_WRITE, MAP_PRIVATE|MAP_FIXED|MAP_ANONYMOUS, -1, 0 <unfinished ...>
3554  futex(0x7fbf9408d828, FUTEX_WAKE_PRIVATE, 1 <unfinished ...>
3552  <... mmap resumed>)               = 0x7fbf77894000
3554  <... futex resumed>)              = 0
3552  mmap(0x7fbf77895000, 4096, PROT_READ|PROT_WRITE, MAP_PRIVATE|MAP_FIXED|MAP_ANONYMOUS, -1, 0 <unfinished ...>
3554  futex(0x7fbf9408d87c, FUTEX_WAIT_BITSET_PRIVATE, 0, {tv_sec=15317, tv_nsec=370502843}, FUTEX_BITSET_MATCH_ANY <unfinished ...>
3552  <... mmap resumed>)               = 0x7fbf77895000
3554  <... futex resumed>)              = -1 ETIMEDOUT (Connection timed out)
3552  mmap(0x7fbf77896000, 4096, PROT_READ|PROT_WRITE, MAP_PRIVATE|MAP_FIXED|MAP_ANONYMOUS, -1, 0 <unfinished ...>
3554  futex(0x7fbf9408d828, FUTEX_WAKE_PRIVATE, 1 <unfinished ...>
3552  <... mmap resumed>)               = 0x7fbf77896000
3554  <... futex resumed>)              = 0
3552  mmap(0x7fbf77897000, 4096, PROT_READ|PROT_WRITE, MAP_PRIVATE|MAP_FIXED|MAP_ANONYMOUS, -1, 0 <unfinished ...>
3554  futex(0x7fbf9408d87c, FUTEX_WAIT_BITSET_PRIVATE, 0, {tv_sec=15317, tv_nsec=373846231}, FUTEX_BITSET_MATCH_ANY <unfinished ...>
3552  <... mmap resumed>)               = 0x7fbf77897000
3554  <... futex resumed>)              = -1 ETIMEDOUT (Connection timed out)
3552  mmap(0x7fbf77898000, 4096, PROT_READ|PROT_WRITE, MAP_PRIVATE|MAP_FIXED|MAP_ANONYMOUS, -1, 0 <unfinished ...>
3554  futex(0x7fbf9408d828, FUTEX_WAKE_PRIVATE, 1 <unfinished ...>
3552  <... mmap resumed>)               = 0x7fbf77898000
3554  <... futex resumed>)              = 0
3552  mmap(0x7fbf77899000, 4096, PROT_READ|PROT_WRITE, MAP_PRIVATE|MAP_FIXED|MAP_ANONYMOUS, -1, 0 <unfinished ...>
3554  futex(0x7fbf9408d87c, FUTEX_WAIT_BITSET_PRIVATE, 0, {tv_sec=15317, tv_nsec=376932114}, FUTEX_BITSET_MATCH_ANY <unfinished ...>
3552  <... mmap resumed>)               = 0x7fbf77899000
3554  <... futex resumed>)              = -1 ETIMEDOUT (Connection timed out)
3552  mmap(0x7fbf7789a000, 4096, PROT_READ|PROT_WRITE, MAP_PRIVATE|MAP_FIXED|MAP_ANONYMOUS, -1, 0 <unfinished ...>
3554  futex(0x7fbf9408d828, FUTEX_WAKE_PRIVATE, 1 <unfinished ...>
3552  <... mmap resumed>)               = 0x7fbf7789a000
3554  <... futex resumed>)              = 0
3552  mmap(0x7fbf7789b000, 4096, PROT_READ|PROT_WRITE, MAP_PRIVATE|MAP_FIXED|MAP_ANONYMOUS, -1, 0 <unfinished ...>
3554  futex(0x7fbf9408d87c, FUTEX_WAIT_BITSET_PRIVATE, 0, {tv_sec=15317, tv_nsec=380345398}, FUTEX_BITSET_MATCH_ANY <unfinished ...>
3552  <... mmap resumed>)               = 0x7fbf7789b000
3554  <... futex resumed>)              = -1 ETIMEDOUT (Connection timed out)
3552  mmap(0x7fbf7789c000, 4096, PROT_READ|PROT_WRITE, MAP_PRIVATE|MAP_FIXED|MAP_ANONYMOUS, -1, 0 <unfinished ...>
3554  futex(0x7fbf9408d828, FUTEX_WAKE_PRIVATE, 1 <unfinished ...>
3552  <... mmap resumed>)               = 0x7fbf7789c000
3554  <... futex resumed>)              = 0
3552  mmap(0x7fbf7789d000, 4096, PROT_READ|PROT_WRITE, MAP_PRIVATE|MAP_FIXED|MAP_ANONYMOUS, -1, 0 <unfinished ...>
3554  futex(0x7fbf9408d87c, FUTEX_WAIT_BITSET_PRIVATE, 0, {tv_sec=15317, tv_nsec=383941284}, FUTEX_BITSET_MATCH_ANY <unfinished ...>
3552  <... mmap resumed>)               = 0x7fbf7789d000
3554  <... futex resumed>)              = -1 ETIMEDOUT (Connection timed out)
3552  mmap(0x7fbf7789e000, 4096, PROT_READ|PROT_WRITE, MAP_PRIVATE|MAP_FIXED|MAP_ANONYMOUS, -1, 0 <unfinished ...>
3554  futex(0x7fbf9408d828, FUTEX_WAKE_PRIVATE, 1 <unfinished ...>
3552  <... mmap resumed>)               = 0x7fbf7789e000
3554  <... futex resumed>)              = 0
3552  mmap(0x7fbf7789f000, 4096, PROT_READ|PROT_WRITE, MAP_PRIVATE|MAP_FIXED|MAP_ANONYMOUS, -1, 0 <unfinished ...>
3554  futex(0x7fbf9408d87c, FUTEX_WAIT_BITSET_PRIVATE, 0, {tv_sec=15317, tv_nsec=387999391}, FUTEX_BITSET_MATCH_ANY <unfinished ...>
3552  <... mmap resumed>)               = 0x7fbf7789f000
3554  <... futex resumed>)              = -1 ETIMEDOUT (Connection timed out)
3552  mmap(0x7fbf778a0000, 4096, PROT_READ|PROT_WRITE, MAP_PRIVATE|MAP_FIXED|MAP_ANONYMOUS, -1, 0 <unfinished ...>
3554  futex(0x7fbf9408d828, FUTEX_WAKE_PRIVATE, 1 <unfinished ...>
3552  <... mmap resumed>)               = 0x7fbf778a0000
3554  <... futex resumed>)              = 0
3552  mmap(0x7fbf778a1000, 4096, PROT_READ|PROT_WRITE, MAP_PRIVATE|MAP_FIXED|MAP_ANONYMOUS, -1, 0 <unfinished ...>
3554  futex(0x7fbf9408d87c, FUTEX_WAIT_BITSET_PRIVATE, 0, {tv_sec=15317, tv_nsec=392042405}, FUTEX_BITSET_MATCH_ANY <unfinished ...>
3552  <... mmap resumed>)               = 0x7fbf778a1000
3554  <... futex resumed>)              = -1 ETIMEDOUT (Connection timed out)
3552  mmap(0x7fbf778a2000, 4096, PROT_READ|PROT_WRITE, MAP_PRIVATE|MAP_FIXED|MAP_ANONYMOUS, -1, 0 <unfinished ...>
3554  futex(0x7fbf9408d828, FUTEX_WAKE_PRIVATE, 1 <unfinished ...>
3552  <... mmap resumed>)               = 0x7fbf778a2000
3554  <... futex resumed>)              = 0
3552  mmap(0x7fbf778a3000, 4096, PROT_READ|PROT_WRITE, MAP_PRIVATE|MAP_FIXED|MAP_ANONYMOUS, -1, 0 <unfinished ...>
3554  futex(0x7fbf9408d87c, FUTEX_WAIT_BITSET_PRIVATE, 0, {tv_sec=15317, tv_nsec=396008500}, FUTEX_BITSET_MATCH_ANY <unfinished ...>
3552  <... mmap resumed>)               = 0x7fbf778a3000
3554  <... futex resumed>)              = -1 ETIMEDOUT (Connection timed out)
3552  mmap(0x7fbf778a4000, 4096, PROT_READ|PROT_WRITE, MAP_PRIVATE|MAP_FIXED|MAP_ANONYMOUS, -1, 0 <unfinished ...>
3554  futex(0x7fbf9408d828, FUTEX_WAKE_PRIVATE, 1 <unfinished ...>
3552  <... mmap resumed>)               = 0x7fbf778a4000
3554  <... futex resumed>)              = 0
3552  mmap(0x7fbf778a5000, 4096, PROT_READ|PROT_WRITE, MAP_PRIVATE|MAP_FIXED|MAP_ANONYMOUS, -1, 0 <unfinished ...>
3554  futex(0x7fbf9408d87c, FUTEX_WAIT_BITSET_PRIVATE, 0, {tv_sec=15317, tv_nsec=399839748}, FUTEX_BITSET_MATCH_ANY <unfinished ...>
3552  <... mmap resumed>)               = 0x7fbf778a5000
3554  <... futex resumed>)              = -1 ETIMEDOUT (Connection timed out)
3552  mmap(0x7fbf778a6000, 4096, PROT_READ|PROT_WRITE, MAP_PRIVATE|MAP_FIXED|MAP_ANONYMOUS, -1, 0 <unfinished ...>
3554  futex(0x7fbf9408d828, FUTEX_WAKE_PRIVATE, 1 <unfinished ...>
3552  <... mmap resumed>)               = 0x7fbf778a6000
3554  <... futex resumed>)              = 0
3552  mmap(0x7fbf778a7000, 4096, PROT_READ|PROT_WRITE, MAP_PRIVATE|MAP_FIXED|MAP_ANONYMOUS, -1, 0 <unfinished ...>
3554  futex(0x7fbf9408d87c, FUTEX_WAIT_BITSET_PRIVATE, 0, {tv_sec=15317, tv_nsec=403504459}, FUTEX_BITSET_MATCH_ANY <unfinished ...>
3552  <... mmap resumed>)               = 0x7fbf778a7000
3554  <... futex resumed>)              = -1 ETIMEDOUT (Connection timed out)
3552  mmap(0x7fbf778a8000, 4096, PROT_READ|PROT_WRITE, MAP_PRIVATE|MAP_FIXED|MAP_ANONYMOUS, -1, 0 <unfinished ...>
3554  futex(0x7fbf9408d828, FUTEX_WAKE_PRIVATE, 1 <unfinished ...>
3552  <... mmap resumed>)               = 0x7fbf778a8000
3554  <... futex resumed>)              = 0
3552  mmap(0x7fbf778a9000, 4096, PROT_READ|PROT_WRITE, MAP_PRIVATE|MAP_FIXED|MAP_ANONYMOUS, -1, 0 <unfinished ...>
3554  futex(0x7fbf9408d87c, FUTEX_WAIT_BITSET_PRIVATE, 0, {tv_sec=15317, tv_nsec=406982072}, FUTEX_BITSET_MATCH_ANY <unfinished ...>
3552  <... mmap resumed>)               = 0x7fbf778a9000
3554  <... futex resumed>)              = -1 ETIMEDOUT (Connection timed out)
3552  mmap(0x7fbf778aa000, 4096, PROT_READ|PROT_WRITE, MAP_PRIVATE|MAP_FIXED|MAP_ANONYMOUS, -1, 0 <unfinished ...>
3554  futex(0x7fbf9408d828, FUTEX_WAKE_PRIVATE, 1 <unfinished ...>
3552  <... mmap resumed>)               = 0x7fbf778aa000
3554  <... futex resumed>)              = 0
3552  mmap(0x7fbf778ab000, 4096, PROT_READ|PROT_WRITE, MAP_PRIVATE|MAP_FIXED|MAP_ANONYMOUS, -1, 0 <unfinished ...>
3554  futex(0x7fbf9408d87c, FUTEX_WAIT_BITSET_PRIVATE, 0, {tv_sec=15317, tv_nsec=410276599}, FUTEX_BITSET_MATCH_ANY <unfinished ...>
3552  <... mmap resumed>)               = 0x7fbf778ab000
3554  <... futex resumed>)              = -1 ETIMEDOUT (Connection timed out)
3552  mmap(0x7fbf778ac000, 4096, PROT_READ|PROT_WRITE, MAP_PRIVATE|MAP_FIXED|MAP_ANONYMOUS, -1, 0 <unfinished ...>
3554  futex(0x7fbf9408d828, FUTEX_WAKE_PRIVATE, 1 <unfinished ...>
3552  <... mmap resumed>)               = 0x7fbf778ac000
3554  <... futex resumed>)              = 0
3552  mmap(0x7fbf778ad000, 4096, PROT_READ|PROT_WRITE, MAP_PRIVATE|MAP_FIXED|MAP_ANONYMOUS, -1, 0 <unfinished ...>
3554  futex(0x7fbf9408d87c, FUTEX_WAIT_BITSET_PRIVATE, 0, {tv_sec=15317, tv_nsec=414336103}, FUTEX_BITSET_MATCH_ANY <unfinished ...>
3552  <... mmap resumed>)               = 0x7fbf778ad000
3554  <... futex resumed>)              = -1 ETIMEDOUT (Connection timed out)
3552  mmap(0x7fbf778ae000, 4096, PROT_READ|PROT_WRITE, MAP_PRIVATE|MAP_FIXED|MAP_ANONYMOUS, -1, 0 <unfinished ...>
3554  futex(0x7fbf9408d828, FUTEX_WAKE_PRIVATE, 1 <unfinished ...>
3552  <... mmap resumed>)               = 0x7fbf778ae000
3554  <... futex resumed>)              = 0
3552  mmap(0x7fbf778af000, 4096, PROT_READ|PROT_WRITE, MAP_PRIVATE|MAP_FIXED|MAP_ANONYMOUS, -1, 0 <unfinished ...>
3554  futex(0x7fbf9408d87c, FUTEX_WAIT_BITSET_PRIVATE, 0, {tv_sec=15317, tv_nsec=418069117}, FUTEX_BITSET_MATCH_ANY <unfinished ...>
3552  <... mmap resumed>)               = 0x7fbf778af000
3554  <... futex resumed>)              = -1 ETIMEDOUT (Connection timed out)
3552  mmap(0x7fbf778b0000, 4096, PROT_READ|PROT_WRITE, MAP_PRIVATE|MAP_FIXED|MAP_ANONYMOUS, -1, 0 <unfinished ...>
3554  futex(0x7fbf9408d828, FUTEX_WAKE_PRIVATE, 1 <unfinished ...>
3552  <... mmap resumed>)               = 0x7fbf778b0000
3554  <... futex resumed>)              = 0
3552  mmap(0x7fbf778b1000, 4096, PROT_READ|PROT_WRITE, MAP_PRIVATE|MAP_FIXED|MAP_ANONYMOUS, -1, 0 <unfinished ...>
3554  futex(0x7fbf9408d87c, FUTEX_WAIT_BITSET_PRIVATE, 0, {tv_sec=15317, tv_nsec=421896131}, FUTEX_BITSET_MATCH_ANY <unfinished ...>
3552  <... mmap resumed>)               = 0x7fbf778b1000
3554  <... futex resumed>)              = -1 ETIMEDOUT (Connection timed out)
3552  mmap(0x7fbf778b2000, 4096, PROT_READ|PROT_WRITE, MAP_PRIVATE|MAP_FIXED|MAP_ANONYMOUS, -1, 0 <unfinished ...>
3554  futex(0x7fbf9408d828, FUTEX_WAKE_PRIVATE, 1 <unfinished ...>
3552  <... mmap resumed>)               = 0x7fbf778b2000
3554  <... futex resumed>)              = 0
3552  mmap(0x7fbf778b3000, 4096, PROT_READ|PROT_WRITE, MAP_PRIVATE|MAP_FIXED|MAP_ANONYMOUS, -1, 0 <unfinished ...>
3554  futex(0x7fbf9408d87c, FUTEX_WAIT_BITSET_PRIVATE, 0, {tv_sec=15317, tv_nsec=425580254}, FUTEX_BITSET_MATCH_ANY <unfinished ...>
3552  <... mmap resumed>)               = 0x7fbf778b3000
3554  <... futex resumed>)              = -1 ETIMEDOUT (Connection timed out)
3552  mmap(0x7fbf778b4000, 4096, PROT_READ|PROT_WRITE, MAP_PRIVATE|MAP_FIXED|MAP_ANONYMOUS, -1, 0 <unfinished ...>
3554  futex(0x7fbf9408d828, FUTEX_WAKE_PRIVATE, 1 <unfinished ...>
3552  <... mmap resumed>)               = 0x7fbf778b4000
3554  <... futex resumed>)              = 0
3552  mmap(0x7fbf778b5000, 4096, PROT_READ|PROT_WRITE, MAP_PRIVATE|MAP_FIXED|MAP_ANONYMOUS, -1, 0 <unfinished ...>
3554  futex(0x7fbf9408d87c, FUTEX_WAIT_BITSET_PRIVATE, 0, {tv_sec=15317, tv_nsec=429986127}, FUTEX_BITSET_MATCH_ANY <unfinished ...>
3552  <... mmap resumed>)               = 0x7fbf778b5000
3554  <... futex resumed>)              = -1 ETIMEDOUT (Connection timed out)
3552  mmap(0x7fbf778b6000, 4096, PROT_READ|PROT_WRITE, MAP_PRIVATE|MAP_FIXED|MAP_ANONYMOUS, -1, 0 <unfinished ...>
3554  futex(0x7fbf9408d828, FUTEX_WAKE_PRIVATE, 1 <unfinished ...>
3552  <... mmap resumed>)               = 0x7fbf778b6000
3554  <... futex resumed>)              = 0
3552  mmap(0x7fbf778b7000, 4096, PROT_READ|PROT_WRITE, MAP_PRIVATE|MAP_FIXED|MAP_ANONYMOUS, -1, 0 <unfinished ...>
3554  futex(0x7fbf9408d87c, FUTEX_WAIT_BITSET_PRIVATE, 0, {tv_sec=15317, tv_nsec=434767756}, FUTEX_BITSET_MATCH_ANY <unfinished ...>
3552  <... mmap resumed>)               = 0x7fbf778b7000
3554  <... futex resumed>)              = -1 ETIMEDOUT (Connection timed out)
3552  mmap(0x7fbf778b8000, 4096, PROT_READ|PROT_WRITE, MAP_PRIVATE|MAP_FIXED|MAP_ANONYMOUS, -1, 0 <unfinished ...>
3554  futex(0x7fbf9408d828, FUTEX_WAKE_PRIVATE, 1 <unfinished ...>
3552  <... mmap resumed>)               = 0x7fbf778b8000
3554  <... futex resumed>)              = 0
3552  mmap(0x7fbf778b9000, 4096, PROT_READ|PROT_WRITE, MAP_PRIVATE|MAP_FIXED|MAP_ANONYMOUS, -1, 0 <unfinished ...>
3554  futex(0x7fbf9408d87c, FUTEX_WAIT_BITSET_PRIVATE, 0, {tv_sec=15317, tv_nsec=438267703}, FUTEX_BITSET_MATCH_ANY <unfinished ...>
3552  <... mmap resumed>)               = 0x7fbf778b9000
3554  <... futex resumed>)              = -1 ETIMEDOUT (Connection timed out)
3552  mmap(0x7fbf778ba000, 4096, PROT_READ|PROT_WRITE, MAP_PRIVATE|MAP_FIXED|MAP_ANONYMOUS, -1, 0 <unfinished ...>
3554  futex(0x7fbf9408d828, FUTEX_WAKE_PRIVATE, 1 <unfinished ...>
3552  <... mmap resumed>)               = 0x7fbf778ba000
3554  <... futex resumed>)              = 0
3552  mmap(0x7fbf778bb000, 4096, PROT_READ|PROT_WRITE, MAP_PRIVATE|MAP_FIXED|MAP_ANONYMOUS, -1, 0 <unfinished ...>
