1754  epoll_pwait(4,  <unfinished ...>
1755  <... futex resumed>)              = 1
1749  <... futex resumed>)              = 0
1755  futex(0xc000052948, FUTEX_WAIT_PRIVATE, 0, NULL <unfinished ...>
1754  <... epoll_pwait resumed>[], 128, 0, NULL, 140730273112208) = 0
1755  <... futex resumed>)              = -1 EAGAIN (Resource temporarily unavailable)
1749  futex(0xc000052948, FUTEX_WAKE_PRIVATE, 1 <unfinished ...>
1755  nanosleep({tv_sec=0, tv_nsec=3000},  <unfinished ...>
1754  nanosleep({tv_sec=0, tv_nsec=20000},  <unfinished ...>
1755  <... nanosleep resumed>NULL)      = 0
1749  <... futex resumed>)              = 0
1755  futex(0xc000052d48, FUTEX_WAKE_PRIVATE, 1 <unfinished ...>
1754  <... nanosleep resumed>NULL)      = 0
1756  <... futex resumed>)              = 0
1755  <... futex resumed>)              = 1
1749  futex(0x55d5fe6a5a28, FUTEX_WAIT_PRIVATE, 0, NULL <unfinished ...>
1756  futex(0xc000052d48, FUTEX_WAIT_PRIVATE, 0, NULL <unfinished ...>
1755  futex(0xc000052d48, FUTEX_WAKE_PRIVATE, 1 <unfinished ...>
1754  nanosleep({tv_sec=0, tv_nsec=20000},  <unfinished ...>
1756  <... futex resumed>)              = -1 EAGAIN (Resource temporarily unavailable)
1755  <... futex resumed>)              = 0
1756  nanosleep({tv_sec=0, tv_nsec=3000},  <unfinished ...>
1754  <... nanosleep resumed>NULL)      = 0
1756  <... nanosleep resumed>NULL)      = 0
1755  futex(0x55d5fe6a5a28, FUTEX_WAKE_PRIVATE, 1 <unfinished ...>
1756  futex(0xc000052d48, FUTEX_WAIT_PRIVATE, 0, NULL <unfinished ...>
1754  nanosleep({tv_sec=0, tv_nsec=20000},  <unfinished ...>
1755  <... futex resumed>)              = 1
1749  <... futex resumed>)              = 0
1755  futex(0xc000052948, FUTEX_WAIT_PRIVATE, 0, NULL <unfinished ...>
1754  <... nanosleep resumed>NULL)      = 0
1755  <... futex resumed>)              = -1 EAGAIN (Resource temporarily unavailable)
1749  futex(0xc000052948, FUTEX_WAKE_PRIVATE, 1 <unfinished ...>
1755  nanosleep({tv_sec=0, tv_nsec=3000},  <unfinished ...>
1754  epoll_pwait(4,  <unfinished ...>
1755  <... nanosleep resumed>NULL)      = 0
1749  <... futex resumed>)              = 0
1755  futex(0xc000052d48, FUTEX_WAKE_PRIVATE, 1 <unfinished ...>
1754  <... epoll_pwait resumed>[], 128, 0, NULL, 140730273112208) = 0
1756  <... futex resumed>)              = 0
1755  <... futex resumed>)              = 1
1749  futex(0x55d5fe6a5a28, FUTEX_WAIT_PRIVATE, 0, NULL <unfinished ...>
1756  futex(0xc000052d48, FUTEX_WAIT_PRIVATE, 0, NULL <unfinished ...>
1755  futex(0xc000052d48, FUTEX_WAKE_PRIVATE, 1 <unfinished ...>
1754  nanosleep({tv_sec=0, tv_nsec=20000},  <unfinished ...>
1756  <... futex resumed>)              = -1 EAGAIN (Resource temporarily unavailable)
1755  <... futex resumed>)              = 0
1756  nanosleep({tv_sec=0, tv_nsec=3000},  <unfinished ...>
1754  <... nanosleep resumed>NULL)      = 0
1756  <... nanosleep resumed>NULL)      = 0
1755  futex(0x55d5fe6a5a28, FUTEX_WAKE_PRIVATE, 1 <unfinished ...>
1756  futex(0xc000052d48, FUTEX_WAIT_PRIVATE, 0, NULL <unfinished ...>
1754  nanosleep({tv_sec=0, tv_nsec=20000},  <unfinished ...>
1755  <... futex resumed>)              = 1
1749  <... futex resumed>)              = 0
1755  futex(0xc000052948, FUTEX_WAIT_PRIVATE, 0, NULL <unfinished ...>
1754  <... nanosleep resumed>NULL)      = 0
1755  <... futex resumed>)              = -1 EAGAIN (Resource temporarily unavailable)
1749  futex(0xc000052948, FUTEX_WAKE_PRIVATE, 1 <unfinished ...>
1755  nanosleep({tv_sec=0, tv_nsec=3000},  <unfinished ...>
1754  nanosleep({tv_sec=0, tv_nsec=20000},  <unfinished ...>
1755  <... nanosleep resumed>NULL)      = 0
1749  <... futex resumed>)              = 0
1755  futex(0xc000052d48, FUTEX_WAKE_PRIVATE, 1 <unfinished ...>
1754  <... nanosleep resumed>NULL)      = 0
1756  <... futex resumed>)              = 0
1755  <... futex resumed>)              = 1
1749  futex(0x55d5fe6a5a28, FUTEX_WAIT_PRIVATE, 0, NULL <unfinished ...>
1756  futex(0xc000052d48, FUTEX_WAIT_PRIVATE, 0, NULL <unfinished ...>
1755  futex(0xc000052d48, FUTEX_WAKE_PRIVATE, 1 <unfinished ...>
1754  nanosleep({tv_sec=0, tv_nsec=20000},  <unfinished ...>
1756  <... futex resumed>)              = -1 EAGAIN (Resource temporarily unavailable)
1755  <... futex resumed>)              = 0
1756  nanosleep({tv_sec=0, tv_nsec=3000},  <unfinished ...>
1754  <... nanosleep resumed>NULL)      = 0
1756  <... nanosleep resumed>NULL)      = 0
1755  futex(0x55d5fe6a5a28, FUTEX_WAKE_PRIVATE, 1 <unfinished ...>
1756  futex(0xc000052d48, FUTEX_WAIT_PRIVATE, 0, NULL <unfinished ...>
1754  epoll_pwait(4,  <unfinished ...>
1755  <... futex resumed>)              = 1
1749  <... futex resumed>)              = 0
1755  futex(0xc000052948, FUTEX_WAIT_PRIVATE, 0, NULL <unfinished ...>
1754  <... epoll_pwait resumed>[], 128, 0, NULL, 140730273112208) = 0
1755  <... futex resumed>)              = -1 EAGAIN (Resource temporarily unavailable)
1749  futex(0xc000052948, FUTEX_WAKE_PRIVATE, 1 <unfinished ...>
1755  nanosleep({tv_sec=0, tv_nsec=3000},  <unfinished ...>
1754  nanosleep({tv_sec=0, tv_nsec=20000},  <unfinished ...>
1755  <... nanosleep resumed>NULL)      = 0
1749  <... futex resumed>)              = 0
1755  futex(0xc000052d48, FUTEX_WAKE_PRIVATE, 1 <unfinished ...>
1754  <... nanosleep resumed>NULL)      = 0
1756  <... futex resumed>)              = 0
1755  <... futex resumed>)              = 1
1749  futex(0x55d5fe6a5a28, FUTEX_WAIT_PRIVATE, 0, NULL <unfinished ...>
1756  futex(0xc000052d48, FUTEX_WAIT_PRIVATE, 0, NULL <unfinished ...>
1755  futex(0xc000052d48, FUTEX_WAKE_PRIVATE, 1 <unfinished ...>
1754  nanosleep({tv_sec=0, tv_nsec=20000},  <unfinished ...>
1756  <... futex resumed>)              = -1 EAGAIN (Resource temporarily unavailable)
1755  <... futex resumed>)              = 0
1756  nanosleep({tv_sec=0, tv_nsec=3000},  <unfinished ...>
1754  <... nanosleep resumed>NULL)      = 0
1756  <... nanosleep resumed>NULL)      = 0
1755  futex(0x55d5fe6a5a28, FUTEX_WAKE_PRIVATE, 1 <unfinished ...>
1756  futex(0xc000052d48, FUTEX_WAIT_PRIVATE, 0, NULL <unfinished ...>
1754  nanosleep({tv_sec=0, tv_nsec=20000},  <unfinished ...>
1755  <... futex resumed>)              = 1
1749  <... futex resumed>)              = 0
1755  futex(0xc000052948, FUTEX_WAIT_PRIVATE, 0, NULL <unfinished ...>
1754  <... nanosleep resumed>NULL)      = 0
1755  <... futex resumed>)              = -1 EAGAIN (Resource temporarily unavailable)
1749  futex(0xc000052948, FUTEX_WAKE_PRIVATE, 1 <unfinished ...>
1755  nanosleep({tv_sec=0, tv_nsec=3000},  <unfinished ...>
1754  nanosleep({tv_sec=0, tv_nsec=20000},  <unfinished ...>
1755  <... nanosleep resumed>NULL)      = 0
1749  <... futex resumed>)              = 0
1755  futex(0xc000052d48, FUTEX_WAKE_PRIVATE, 1 <unfinished ...>
1754  <... nanosleep resumed>NULL)      = 0
1756  <... futex resumed>)              = 0
1755  <... futex resumed>)              = 1
1749  futex(0x55d5fe6a5a28, FUTEX_WAIT_PRIVATE, 0, NULL <unfinished ...>
1756  futex(0xc000052d48, FUTEX_WAIT_PRIVATE, 0, NULL <unfinished ...>
1755  futex(0xc000052d48, FUTEX_WAKE_PRIVATE, 1 <unfinished ...>
1754  nanosleep({tv_sec=0, tv_nsec=20000},  <unfinished ...>
1756  <... futex resumed>)              = -1 EAGAIN (Resource temporarily unavailable)
1755  <... futex resumed>)              = 0
1756  nanosleep({tv_sec=0, tv_nsec=3000},  <unfinished ...>
1754  <... nanosleep resumed>NULL)      = 0
1756  <... nanosleep resumed>NULL)      = 0
1755  futex(0x55d5fe6a5a28, FUTEX_WAKE_PRIVATE, 1 <unfinished ...>
1756  futex(0xc000052d48, FUTEX_WAIT_PRIVATE, 0, NULL <unfinished ...>
1754  epoll_pwait(4,  <unfinished ...>
1755  <... futex resumed>)              = 1
1749  <... futex resumed>)              = 0
1755  futex(0xc000052948, FUTEX_WAIT_PRIVATE, 0, NULL <unfinished ...>
1754  <... epoll_pwait resumed>[], 128, 0, NULL, 140730273112208) = 0
1755  <... futex resumed>)              = -1 EAGAIN (Resource temporarily unavailable)
1749  futex(0xc000052948, FUTEX_WAKE_PRIVATE, 1 <unfinished ...>
1755  nanosleep({tv_sec=0, tv_nsec=3000},  <unfinished ...>
1754  nanosleep({tv_sec=0, tv_nsec=20000},  <unfinished ...>
1755  <... nanosleep resumed>NULL)      = 0
1749  <... futex resumed>)              = 0
1755  futex(0xc000052d48, FUTEX_WAKE_PRIVATE, 1 <unfinished ...>
1754  <... nanosleep resumed>NULL)      = 0
1756  <... futex resumed>)              = 0
1755  <... futex resumed>)              = 1
1749  futex(0x55d5fe6a5a28, FUTEX_WAIT_PRIVATE, 0, NULL <unfinished ...>
1756  futex(0xc000052d48, FUTEX_WAIT_PRIVATE, 0, NULL <unfinished ...>
1755  futex(0xc000052d48, FUTEX_WAKE_PRIVATE, 1 <unfinished ...>
1754  nanosleep({tv_sec=0, tv_nsec=20000},  <unfinished ...>
1756  <... futex resumed>)              = -1 EAGAIN (Resource temporarily unavailable)
1755  <... futex resumed>)              = 0
1756  nanosleep({tv_sec=0, tv_nsec=3000},  <unfinished ...>
1754  <... nanosleep resumed>NULL)      = 0
1756  <... nanosleep resumed>NULL)      = 0
1755  futex(0x55d5fe6a5a28, FUTEX_WAKE_PRIVATE, 1 <unfinished ...>
1756  futex(0xc000052d48, FUTEX_WAIT_PRIVATE, 0, NULL <unfinished ...>
1754  nanosleep({tv_sec=0, tv_nsec=20000},  <unfinished ...>
1755  <... futex resumed>)              = 1
1749  <... futex resumed>)              = 0
1755  futex(0xc000052948, FUTEX_WAIT_PRIVATE, 0, NULL <unfinished ...>
1754  <... nanosleep resumed>NULL)      = 0
1755  <... futex resumed>)              = -1 EAGAIN (Resource temporarily unavailable)
1749  futex(0xc000052948, FUTEX_WAKE_PRIVATE, 1 <unfinished ...>
1755  nanosleep({tv_sec=0, tv_nsec=3000},  <unfinished ...>
1754  nanosleep({tv_sec=0, tv_nsec=20000},  <unfinished ...>
1755  <... nanosleep resumed>NULL)      = 0
1749  <... futex resumed>)              = 0
1755  futex(0xc000052d48, FUTEX_WAKE_PRIVATE, 1 <unfinished ...>
1754  <... nanosleep resumed>NULL)      = 0
1756  <... futex resumed>)              = 0
1755  <... futex resumed>)              = 1
1749  futex(0x55d5fe6a5a28, FUTEX_WAIT_PRIVATE, 0, NULL <unfinished ...>
1756  futex(0xc000052d48, FUTEX_WAIT_PRIVATE, 0, NULL <unfinished ...>
1755  futex(0xc000052d48, FUTEX_WAKE_PRIVATE, 1 <unfinished ...>
1754  nanosleep({tv_sec=0, tv_nsec=20000},  <unfinished ...>
1756  <... futex resumed>)              = -1 EAGAIN (Resource temporarily unavailable)
1755  <... futex resumed>)              = 0
1756  nanosleep({tv_sec=0, tv_nsec=3000},  <unfinished ...>
1754  <... nanosleep resumed>NULL)      = 0
1756  <... nanosleep resumed>NULL)      = 0
1755  futex(0x55d5fe6a5a28, FUTEX_WAKE_PRIVATE, 1 <unfinished ...>
1756  futex(0xc000052d48, FUTEX_WAIT_PRIVATE, 0, NULL <unfinished ...>
1754  epoll_pwait(4,  <unfinished ...>
1755  <... futex resumed>)              = 1
1749  <... futex resumed>)              = 0
1755  futex(0xc000052948, FUTEX_WAIT_PRIVATE, 0, NULL <unfinished ...>
1754  <... epoll_pwait resumed>[], 128, 0, NULL, 140730273112208) = 0
1755  <... futex resumed>)              = -1 EAGAIN (Resource temporarily unavailable)
1749  futex(0xc000052948, FUTEX_WAKE_PRIVATE, 1 <unfinished ...>
1755  nanosleep({tv_sec=0, tv_nsec=3000},  <unfinished ...>
1754  nanosleep({tv_sec=0, tv_nsec=20000},  <unfinished ...>
1755  <... nanosleep resumed>NULL)      = 0
1749  <... futex resumed>)              = 0
1755  futex(0xc000052d48, FUTEX_WAKE_PRIVATE, 1 <unfinished ...>
1754  <... nanosleep resumed>NULL)      = 0
1756  <... futex resumed>)              = 0
1755  <... futex resumed>)              = 1
1749  futex(0x55d5fe6a5a28, FUTEX_WAIT_PRIVATE, 0, NULL <unfinished ...>
1756  futex(0xc000052d48, FUTEX_WAIT_PRIVATE, 0, NULL <unfinished ...>
1755  futex(0xc000052d48, FUTEX_WAKE_PRIVATE, 1 <unfinished ...>
1754  nanosleep({tv_sec=0, tv_nsec=20000},  <unfinished ...>
1756  <... futex resumed>)              = -1 EAGAIN (Resource temporarily unavailable)
1755  <... futex resumed>)              = 0
1756  nanosleep({tv_sec=0, tv_nsec=3000},  <unfinished ...>
1754  <... nanosleep resumed>NULL)      = 0
1756  <... nanosleep resumed>NULL)      = 0
1755  futex(0x55d5fe6a5a28, FUTEX_WAKE_PRIVATE, 1 <unfinished ...>
1756  futex(0xc000052d48, FUTEX_WAIT_PRIVATE, 0, NULL <unfinished ...>
1754  nanosleep({tv_sec=0, tv_nsec=20000},  <unfinished ...>
1755  <... futex resumed>)              = 1
1749  <... futex resumed>)              = 0
1755  futex(0xc000052948, FUTEX_WAIT_PRIVATE, 0, NULL <unfinished ...>
1754  <... nanosleep resumed>NULL)      = 0
1755  <... futex resumed>)              = -1 EAGAIN (Resource temporarily unavailable)
1749  futex(0xc000052948, FUTEX_WAKE_PRIVATE, 1 <unfinished ...>
1755  nanosleep({tv_sec=0, tv_nsec=3000},  <unfinished ...>
1754  nanosleep({tv_sec=0, tv_nsec=20000},  <unfinished ...>
1755  <... nanosleep resumed>NULL)      = 0
1749  <... futex resumed>)              = 0
1755  futex(0xc000052d48, FUTEX_WAKE_PRIVATE, 1 <unfinished ...>
1754  <... nanosleep resumed>NULL)      = 0
1756  <... futex resumed>)              = 0
1755  <... futex resumed>)              = 1
1749  futex(0x55d5fe6a5a28, FUTEX_WAIT_PRIVATE, 0, NULL <unfinished ...>
1756  futex(0xc000052d48, FUTEX_WAIT_PRIVATE, 0, NULL <unfinished ...>
1755  futex(0xc000052d48, FUTEX_WAKE_PRIVATE, 1 <unfinished ...>
1754  nanosleep({tv_sec=0, tv_nsec=20000},  <unfinished ...>
1756  <... futex resumed>)              = -1 EAGAIN (Resource temporarily unavailable)
1755  <... futex resumed>)              = 0
1756  nanosleep({tv_sec=0, tv_nsec=3000},  <unfinished ...>
1754  <... nanosleep resumed>NULL)      = 0
1756  <... nanosleep resumed>NULL)      = 0
1755  futex(0x55d5fe6a5a28, FUTEX_WAKE_PRIVATE, 1 <unfinished ...>
1756  futex(0xc000052d48, FUTEX_WAIT_PRIVATE, 0, NULL <unfinished ...>
1754  nanosleep({tv_sec=0, tv_nsec=20000},  <unfinished ...>
1755  <... futex resumed>)              = 1
1749  <... futex resumed>)              = 0
1755  futex(0xc000052948, FUTEX_WAIT_PRIVATE, 0, NULL <unfinished ...>
1754  <... nanosleep resumed>NULL)      = 0
1755  <... futex resumed>)              = -1 EAGAIN (Resource temporarily unavailable)
1749  futex(0xc000052948, FUTEX_WAKE_PRIVATE, 1 <unfinished ...>
1755  nanosleep({tv_sec=0, tv_nsec=3000},  <unfinished ...>
1754  epoll_pwait(4,  <unfinished ...>
1749  <... futex resumed>)              = 0
1755  <... nanosleep resumed>NULL)      = 0
1754  <... epoll_pwait resumed>[], 128, 0, NULL, 140730273112208) = 0
1755  futex(0xc000088148, FUTEX_WAKE_PRIVATE, 1 <unfinished ...>
1749  futex(0xc000052d48, FUTEX_WAKE_PRIVATE, 1 <unfinished ...>
1757  <... futex resumed>)              = 0
1755  <... futex resumed>)              = 1
1754  nanosleep({tv_sec=0, tv_nsec=20000},  <unfinished ...>
1757  futex(0xc000088148, FUTEX_WAIT_PRIVATE, 0, NULL <unfinished ...>
1756  <... futex resumed>)              = 0
1755  futex(0xc000088148, FUTEX_WAKE_PRIVATE, 1 <unfinished ...>
1749  <... futex resumed>)              = 1
1757  <... futex resumed>)              = -1 EAGAIN (Resource temporarily unavailable)
1756  nanosleep({tv_sec=0, tv_nsec=3000},  <unfinished ...>
1755  <... futex resumed>)              = 0
1754  <... nanosleep resumed>NULL)      = 0
1757  nanosleep({tv_sec=0, tv_nsec=3000},  <unfinished ...>
1756  <... nanosleep resumed>NULL)      = 0
1755  futex(0x55d5fe6a5a28, FUTEX_WAKE_PRIVATE, 1 <unfinished ...>
1749  futex(0x55d5fe6a5a28, FUTEX_WAIT_PRIVATE, 0, NULL <unfinished ...>
1757  <... nanosleep resumed>NULL)      = 0
1756  futex(0xc000052d48, FUTEX_WAIT_PRIVATE, 0, NULL <unfinished ...>
1755  <... futex resumed>)              = 0
1754  nanosleep({tv_sec=0, tv_nsec=20000},  <unfinished ...>
1757  futex(0xc000088148, FUTEX_WAIT_PRIVATE, 0, NULL <unfinished ...>
1755  futex(0xc000052948, FUTEX_WAIT_PRIVATE, 0, NULL <unfinished ...>
1749  <... futex resumed>)              = -1 EAGAIN (Resource temporarily unavailable)
1754  <... nanosleep resumed>NULL)      = 0
1749  futex(0xc000052948, FUTEX_WAKE_PRIVATE, 1 <unfinished ...>
1754  nanosleep({tv_sec=0, tv_nsec=20000},  <unfinished ...>
1755  <... futex resumed>)              = 0
1749  <... futex resumed>)              = 1
1755  nanosleep({tv_sec=0, tv_nsec=3000},  <unfinished ...>
1754  <... nanosleep resumed>NULL)      = 0
1755  <... nanosleep resumed>NULL)      = 0
1749  futex(0xc000088148, FUTEX_WAKE_PRIVATE, 1 <unfinished ...>
1755  futex(0xc000052d48, FUTEX_WAKE_PRIVATE, 1 <unfinished ...>
1754  nanosleep({tv_sec=0, tv_nsec=20000},  <unfinished ...>
1757  <... futex resumed>)              = 0
1756  <... futex resumed>)              = 0
1755  <... futex resumed>)              = 1
1749  <... futex resumed>)              = 1
1757  futex(0xc000088148, FUTEX_WAIT_PRIVATE, 0, NULL <unfinished ...>
1756  futex(0xc000052d48, FUTEX_WAIT_PRIVATE, 0, NULL <unfinished ...>
1755  futex(0xc000052d48, FUTEX_WAKE_PRIVATE, 1 <unfinished ...>
1754  <... nanosleep resumed>NULL)      = 0
1756  <... futex resumed>)              = -1 EAGAIN (Resource temporarily unavailable)
1755  <... futex resumed>)              = 0
1749  futex(0x55d5fe6a5a28, FUTEX_WAIT_PRIVATE, 0, NULL <unfinished ...>
1756  nanosleep({tv_sec=0, tv_nsec=3000},  <unfinished ...>
1755  futex(0x55d5fe6a5a28, FUTEX_WAKE_PRIVATE, 1 <unfinished ...>
1754  epoll_pwait(4,  <unfinished ...>
1756  <... nanosleep resumed>NULL)      = 0
1755  <... futex resumed>)              = 0
1749  <... futex resumed>)              = -1 EAGAIN (Resource temporarily unavailable)
1756  futex(0xc000052d48, FUTEX_WAIT_PRIVATE, 0, NULL <unfinished ...>
1755  futex(0xc000052948, FUTEX_WAIT_PRIVATE, 0, NULL <unfinished ...>
1754  <... epoll_pwait resumed>[], 128, 0, NULL, 140730273112208) = 0
1755  <... futex resumed>)              = -1 EAGAIN (Resource temporarily unavailable)
1749  futex(0xc000052948, FUTEX_WAKE_PRIVATE, 1 <unfinished ...>
1755  nanosleep({tv_sec=0, tv_nsec=3000},  <unfinished ...>
1754  nanosleep({tv_sec=0, tv_nsec=20000},  <unfinished ...>
1755  <... nanosleep resumed>NULL)      = 0
1749  <... futex resumed>)              = 0
1755  futex(0xc000052d48, FUTEX_WAKE_PRIVATE, 1 <unfinished ...>
1754  <... nanosleep resumed>NULL)      = 0
1756  <... futex resumed>)              = 0
1755  <... futex resumed>)              = 1
1749  futex(0x55d5fe6a5a28, FUTEX_WAIT_PRIVATE, 0, NULL <unfinished ...>
1756  futex(0xc000052d48, FUTEX_WAIT_PRIVATE, 0, NULL <unfinished ...>
1755  futex(0xc000052d48, FUTEX_WAKE_PRIVATE, 1 <unfinished ...>
1754  nanosleep({tv_sec=0, tv_nsec=20000},  <unfinished ...>
1756  <... futex resumed>)              = -1 EAGAIN (Resource temporarily unavailable)
1755  <... futex resumed>)              = 0
1756  nanosleep({tv_sec=0, tv_nsec=3000},  <unfinished ...>
1754  <... nanosleep resumed>NULL)      = 0
1756  <... nanosleep resumed>NULL)      = 0
1755  futex(0x55d5fe6a5a28, FUTEX_WAKE_PRIVATE, 1 <unfinished ...>
1756  futex(0xc000052d48, FUTEX_WAIT_PRIVATE, 0, NULL <unfinished ...>
1754  nanosleep({tv_sec=0, tv_nsec=20000},  <unfinished ...>
1755  <... futex resumed>)              = 1
1749  <... futex resumed>)              = 0
1755  futex(0xc000052948, FUTEX_WAIT_PRIVATE, 0, NULL <unfinished ...>
1754  <... nanosleep resumed>NULL)      = 0
1755  <... futex resumed>)              = -1 EAGAIN (Resource temporarily unavailable)
1749  futex(0xc000052948, FUTEX_WAKE_PRIVATE, 1 <unfinished ...>
1755  nanosleep({tv_sec=0, tv_nsec=3000},  <unfinished ...>
1754  nanosleep({tv_sec=0, tv_nsec=20000},  <unfinished ...>
1755  <... nanosleep resumed>NULL)      = 0
1749  <... futex resumed>)              = 0
1755  futex(0xc000052d48, FUTEX_WAKE_PRIVATE, 1 <unfinished ...>
1754  <... nanosleep resumed>NULL)      = 0
1756  <... futex resumed>)              = 0
1755  <... futex resumed>)              = 1
1749  futex(0x55d5fe6a5a28, FUTEX_WAIT_PRIVATE, 0, NULL <unfinished ...>
1756  futex(0xc000052d48, FUTEX_WAIT_PRIVATE, 0, NULL <unfinished ...>
1755  futex(0xc000052d48, FUTEX_WAKE_PRIVATE, 1 <unfinished ...>
1754  nanosleep({tv_sec=0, tv_nsec=20000},  <unfinished ...>
1756  <... futex resumed>)              = -1 EAGAIN (Resource temporarily unavailable)
1755  <... futex resumed>)              = 0
1756  nanosleep({tv_sec=0, tv_nsec=3000},  <unfinished ...>
1754  <... nanosleep resumed>NULL)      = 0
1756  <... nanosleep resumed>NULL)      = 0
1755  futex(0x55d5fe6a5a28, FUTEX_WAKE_PRIVATE, 1 <unfinished ...>
1756  futex(0xc000052d48, FUTEX_WAIT_PRIVATE, 0, NULL <unfinished ...>
1754  epoll_pwait(4,  <unfinished ...>
1755  <... futex resumed>)              = 1
1749  <... futex resumed>)              = 0
1755  futex(0xc000052948, FUTEX_WAIT_PRIVATE, 0, NULL <unfinished ...>
1754  <... epoll_pwait resumed>[], 128, 0, NULL, 140730273112208) = 0
1755  <... futex resumed>)              = -1 EAGAIN (Resource temporarily unavailable)
1749  futex(0xc000052948, FUTEX_WAKE_PRIVATE, 1 <unfinished ...>
1755  nanosleep({tv_sec=0, tv_nsec=3000},  <unfinished ...>
1754  nanosleep({tv_sec=0, tv_nsec=20000},  <unfinished ...>
1755  <... nanosleep resumed>NULL)      = 0
1749  <... futex resumed>)              = 0
1755  futex(0xc000052d48, FUTEX_WAKE_PRIVATE, 1 <unfinished ...>
1754  <... nanosleep resumed>NULL)      = 0
1756  <... futex resumed>)              = 0
1755  <... futex resumed>)              = 1
1749  futex(0x55d5fe6a5a28, FUTEX_WAIT_PRIVATE, 0, NULL <unfinished ...>
1756  futex(0xc000052d48, FUTEX_WAIT_PRIVATE, 0, NULL <unfinished ...>
1755  futex(0xc000052d48, FUTEX_WAKE_PRIVATE, 1 <unfinished ...>
1754  nanosleep({tv_sec=0, tv_nsec=20000},  <unfinished ...>
1756  <... futex resumed>)              = -1 EAGAIN (Resource temporarily unavailable)
1755  <... futex resumed>)              = 0
1756  nanosleep({tv_sec=0, tv_nsec=3000},  <unfinished ...>
1754  <... nanosleep resumed>NULL)      = 0
1756  <... nanosleep resumed>NULL)      = 0
1755  futex(0x55d5fe6a5a28, FUTEX_WAKE_PRIVATE, 1 <unfinished ...>
1756  futex(0xc000052d48, FUTEX_WAIT_PRIVATE, 0, NULL <unfinished ...>
1754  nanosleep({tv_sec=0, tv_nsec=20000},  <unfinished ...>
1755  <... futex resumed>)              = 1
1749  <... futex resumed>)              = 0
1755  futex(0xc000052948, FUTEX_WAIT_PRIVATE, 0, NULL <unfinished ...>
1754  <... nanosleep resumed>NULL)      = 0
1755  <... futex resumed>)              = -1 EAGAIN (Resource temporarily unavailable)
1749  futex(0xc000052948, FUTEX_WAKE_PRIVATE, 1 <unfinished ...>
1755  nanosleep({tv_sec=0, tv_nsec=3000},  <unfinished ...>
1754  nanosleep({tv_sec=0, tv_nsec=20000},  <unfinished ...>
1755  <... nanosleep resumed>NULL)      = 0
1749  <... futex resumed>)              = 0
1755  futex(0xc000052d48, FUTEX_WAKE_PRIVATE, 1 <unfinished ...>
1754  <... nanosleep resumed>NULL)      = 0
1756  <... futex resumed>)              = 0
1755  <... futex resumed>)              = 1
1749  futex(0x55d5fe6a5a28, FUTEX_WAIT_PRIVATE, 0, NULL <unfinished ...>
1756  futex(0xc000052d48, FUTEX_WAIT_PRIVATE, 0, NULL <unfinished ...>
1755  futex(0xc000052d48, FUTEX_WAKE_PRIVATE, 1 <unfinished ...>
1754  nanosleep({tv_sec=0, tv_nsec=20000},  <unfinished ...>
1756  <... futex resumed>)              = -1 EAGAIN (Resource temporarily unavailable)
1755  <... futex resumed>)              = 0
1756  nanosleep({tv_sec=0, tv_nsec=3000},  <unfinished ...>
1754  <... nanosleep resumed>NULL)      = 0
1756  <... nanosleep resumed>NULL)      = 0
1755  futex(0x55d5fe6a5a28, FUTEX_WAKE_PRIVATE, 1 <unfinished ...>
1756  futex(0xc000052d48, FUTEX_WAIT_PRIVATE, 0, NULL <unfinished ...>
1754  epoll_pwait(4,  <unfinished ...>
1755  <... futex resumed>)              = 1
1749  <... futex resumed>)              = 0
1755  futex(0xc000052948, FUTEX_WAIT_PRIVATE, 0, NULL <unfinished ...>
1754  <... epoll_pwait resumed>[], 128, 0, NULL, 140730273112208) = 0
1755  <... futex resumed>)              = -1 EAGAIN (Resource temporarily unavailable)
1749  futex(0xc000052948, FUTEX_WAKE_PRIVATE, 1 <unfinished ...>
1755  nanosleep({tv_sec=0, tv_nsec=3000},  <unfinished ...>
1754  nanosleep({tv_sec=0, tv_nsec=20000},  <unfinished ...>
1755  <... nanosleep resumed>NULL)      = 0
1749  <... futex resumed>)              = 0
1755  futex(0xc000052d48, FUTEX_WAKE_PRIVATE, 1 <unfinished ...>
1754  <... nanosleep resumed>NULL)      = 0
1756  <... futex resumed>)              = 0
1755  <... futex resumed>)              = 1
1749  futex(0x55d5fe6a5a28, FUTEX_WAIT_PRIVATE, 0, NULL <unfinished ...>
1756  futex(0xc000052d48, FUTEX_WAIT_PRIVATE, 0, NULL <unfinished ...>
1755  futex(0xc000052d48, FUTEX_WAKE_PRIVATE, 1 <unfinished ...>
1754  nanosleep({tv_sec=0, tv_nsec=20000},  <unfinished ...>
1756  <... futex resumed>)              = -1 EAGAIN (Resource temporarily unavailable)
1755  <... futex resumed>)              = 0
1756  nanosleep({tv_sec=0, tv_nsec=3000},  <unfinished ...>
1754  <... nanosleep resumed>NULL)      = 0
1756  <... nanosleep resumed>NULL)      = 0
1755  futex(0x55d5fe6a5a28, FUTEX_WAKE_PRIVATE, 1 <unfinished ...>
1756  futex(0xc000052d48, FUTEX_WAIT_PRIVATE, 0, NULL <unfinished ...>
1754  nanosleep({tv_sec=0, tv_nsec=20000},  <unfinished ...>
1755  <... futex resumed>)              = 1
1749  <... futex resumed>)              = 0
1755  futex(0xc000052948, FUTEX_WAIT_PRIVATE, 0, NULL <unfinished ...>
1754  <... nanosleep resumed>NULL)      = 0
1755  <... futex resumed>)              = -1 EAGAIN (Resource temporarily unavailable)
1749  futex(0xc000052948, FUTEX_WAKE_PRIVATE, 1 <unfinished ...>
1755  nanosleep({tv_sec=0, tv_nsec=3000},  <unfinished ...>
1754  nanosleep({tv_sec=0, tv_nsec=20000},  <unfinished ...>
1755  <... nanosleep resumed>NULL)      = 0
1749  <... futex resumed>)              = 0
1755  futex(0xc000052d48, FUTEX_WAKE_PRIVATE, 1 <unfinished ...>
1754  <... nanosleep resumed>NULL)      = 0
1756  <... futex resumed>)              = 0
1755  <... futex resumed>)              = 1
1749  futex(0x55d5fe6a5a28, FUTEX_WAIT_PRIVATE, 0, NULL <unfinished ...>
1756  futex(0xc000052d48, FUTEX_WAIT_PRIVATE, 0, NULL <unfinished ...>
1755  futex(0xc000052d48, FUTEX_WAKE_PRIVATE, 1 <unfinished ...>
1754  nanosleep({tv_sec=0, tv_nsec=20000},  <unfinished ...>
1756  <... futex resumed>)              = -1 EAGAIN (Resource temporarily unavailable)
1755  <... futex resumed>)              = 0
1756  nanosleep({tv_sec=0, tv_nsec=3000},  <unfinished ...>
1754  <... nanosleep resumed>NULL)      = 0
1756  <... nanosleep resumed>NULL)      = 0
1755  futex(0x55d5fe6a5a28, FUTEX_WAKE_PRIVATE, 1 <unfinished ...>
1756  futex(0xc000052d48, FUTEX_WAIT_PRIVATE, 0, NULL <unfinished ...>
1754  epoll_pwait(4,  <unfinished ...>
1755  <... futex resumed>)              = 1
1749  <... futex resumed>)              = 0
1755  futex(0xc000052948, FUTEX_WAIT_PRIVATE, 0, NULL <unfinished ...>
1754  <... epoll_pwait resumed>[], 128, 0, NULL, 140730273112208) = 0
1755  <... futex resumed>)              = -1 EAGAIN (Resource temporarily unavailable)
1749  futex(0xc000052948, FUTEX_WAKE_PRIVATE, 1 <unfinished ...>
1755  nanosleep({tv_sec=0, tv_nsec=3000},  <unfinished ...>
1754  nanosleep({tv_sec=0, tv_nsec=20000},  <unfinished ...>
1755  <... nanosleep resumed>NULL)      = 0
1749  <... futex resumed>)              = 0
1755  futex(0xc000052d48, FUTEX_WAKE_PRIVATE, 1 <unfinished ...>
1754  <... nanosleep resumed>NULL)      = 0
1756  <... futex resumed>)              = 0
1755  <... futex resumed>)              = 1
1749  futex(0x55d5fe6a5a28, FUTEX_WAIT_PRIVATE, 0, NULL <unfinished ...>
1756  futex(0xc000052d48, FUTEX_WAIT_PRIVATE, 0, NULL <unfinished ...>
1755  futex(0xc000052d48, FUTEX_WAKE_PRIVATE, 1 <unfinished ...>
1754  nanosleep({tv_sec=0, tv_nsec=20000},  <unfinished ...>
1756  <... futex resumed>)              = -1 EAGAIN (Resource temporarily unavailable)
1755  <... futex resumed>)              = 0
1756  nanosleep({tv_sec=0, tv_nsec=3000},  <unfinished ...>
1754  <... nanosleep resumed>NULL)      = 0
1756  <... nanosleep resumed>NULL)      = 0
1755  futex(0x55d5fe6a5a28, FUTEX_WAKE_PRIVATE, 1 <unfinished ...>
1756  futex(0xc000052d48, FUTEX_WAIT_PRIVATE, 0, NULL <unfinished ...>
1754  nanosleep({tv_sec=0, tv_nsec=20000},  <unfinished ...>
1755  <... futex resumed>)              = 1
1749  <... futex resumed>)              = 0
1755  futex(0xc000052948, FUTEX_WAIT_PRIVATE, 0, NULL <unfinished ...>
1754  <... nanosleep resumed>NULL)      = 0
1755  <... futex resumed>)              = -1 EAGAIN (Resource temporarily unavailable)
1749  futex(0xc000052948, FUTEX_WAKE_PRIVATE, 1 <unfinished ...>
1755  nanosleep({tv_sec=0, tv_nsec=3000},  <unfinished ...>
1754  nanosleep({tv_sec=0, tv_nsec=40000},  <unfinished ...>
1755  <... nanosleep resumed>NULL)      = 0
1749  <... futex resumed>)              = 0
1755  futex(0xc000052d48, FUTEX_WAKE_PRIVATE, 1 <unfinished ...>
1754  <... nanosleep resumed>NULL)      = 0
1756  <... futex resumed>)              = 0
1755  <... futex resumed>)              = 1
1749  futex(0x55d5fe6a5a28, FUTEX_WAIT_PRIVATE, 0, NULL <unfinished ...>
1756  futex(0xc000052d48, FUTEX_WAIT_PRIVATE, 0, NULL <unfinished ...>
1755  futex(0xc000052d48, FUTEX_WAKE_PRIVATE, 1 <unfinished ...>
1754  epoll_pwait(4,  <unfinished ...>
1756  <... futex resumed>)              = -1 EAGAIN (Resource temporarily unavailable)
1755  <... futex resumed>)              = 0
1756  nanosleep({tv_sec=0, tv_nsec=3000},  <unfinished ...>
1754  <... epoll_pwait resumed>[], 128, 0, NULL, 140730273112208) = 0
1756  <... nanosleep resumed>NULL)      = 0
1755  futex(0x55d5fe6a5a28, FUTEX_WAKE_PRIVATE, 1 <unfinished ...>
1756  futex(0xc000052d48, FUTEX_WAIT_PRIVATE, 0, NULL <unfinished ...>
1754  nanosleep({tv_sec=0, tv_nsec=80000},  <unfinished ...>
1755  <... futex resumed>)              = 1
1749  <... futex resumed>)              = 0
1755  futex(0xc000052948, FUTEX_WAIT_PRIVATE, 0, NULL <unfinished ...>
1754  <... nanosleep resumed>NULL)      = 0
1755  <... futex resumed>)              = -1 EAGAIN (Resource temporarily unavailable)
1749  futex(0xc000052948, FUTEX_WAKE_PRIVATE, 1 <unfinished ...>
1755  nanosleep({tv_sec=0, tv_nsec=3000},  <unfinished ...>
1754  nanosleep({tv_sec=0, tv_nsec=160000},  <unfinished ...>
1755  <... nanosleep resumed>NULL)      = 0
1749  <... futex resumed>)              = 0
1755  futex(0xc000052d48, FUTEX_WAKE_PRIVATE, 1 <unfinished ...>
1754  <... nanosleep resumed>NULL)      = 0
1756  <... futex resumed>)              = 0
1755  <... futex resumed>)              = 1
1749  futex(0x55d5fe6a5a28, FUTEX_WAIT_PRIVATE, 0, NULL <unfinished ...>
1756  futex(0xc000052d48, FUTEX_WAIT_PRIVATE, 0, NULL <unfinished ...>
1755  futex(0xc000052d48, FUTEX_WAKE_PRIVATE, 1 <unfinished ...>
1754  nanosleep({tv_sec=0, tv_nsec=320000},  <unfinished ...>
1756  <... futex resumed>)              = -1 EAGAIN (Resource temporarily unavailable)
1755  <... futex resumed>)              = 0
1756  nanosleep({tv_sec=0, tv_nsec=3000},  <unfinished ...>
1754  <... nanosleep resumed>NULL)      = 0
1756  <... nanosleep resumed>NULL)      = 0
1755  futex(0x55d5fe6a5a28, FUTEX_WAKE_PRIVATE, 1 <unfinished ...>
1756  futex(0xc000052d48, FUTEX_WAIT_PRIVATE, 0, NULL <unfinished ...>
1754  nanosleep({tv_sec=0, tv_nsec=640000},  <unfinished ...>
1755  <... futex resumed>)              = 1
1749  <... futex resumed>)              = 0
1755  futex(0xc000052948, FUTEX_WAIT_PRIVATE, 0, NULL <unfinished ...>
1754  <... nanosleep resumed>NULL)      = 0
1749  futex(0xc000052948, FUTEX_WAKE_PRIVATE, 1 <unfinished ...>
1755  <... futex resumed>)              = -1 EAGAIN (Resource temporarily unavailable)
1754  epoll_pwait(4,  <unfinished ...>
1755  nanosleep({tv_sec=0, tv_nsec=3000},  <unfinished ...>
1749  <... futex resumed>)              = 0
1755  <... nanosleep resumed>NULL)      = 0
1754  <... epoll_pwait resumed>[], 128, 0, NULL, 140730273112208) = 0
1755  futex(0xc000088148, FUTEX_WAKE_PRIVATE, 1 <unfinished ...>
1749  futex(0xc000052d48, FUTEX_WAKE_PRIVATE, 1 <unfinished ...>
1757  <... futex resumed>)              = 0
1755  <... futex resumed>)              = 1
1754  nanosleep({tv_sec=0, tv_nsec=1280000},  <unfinished ...>
1757  futex(0xc000088148, FUTEX_WAIT_PRIVATE, 0, NULL <unfinished ...>
1756  <... futex resumed>)              = 0
1755  futex(0xc000088148, FUTEX_WAKE_PRIVATE, 1 <unfinished ...>
1749  <... futex resumed>)              = 1
1757  <... futex resumed>)              = -1 EAGAIN (Resource temporarily unavailable)
1756  nanosleep({tv_sec=0, tv_nsec=3000},  <unfinished ...>
1755  <... futex resumed>)              = 0
1757  nanosleep({tv_sec=0, tv_nsec=3000},  <unfinished ...>
1756  <... nanosleep resumed>NULL)      = 0
1754  <... nanosleep resumed>NULL)      = 0
1749  futex(0x55d5fe6a5a28, FUTEX_WAIT_PRIVATE, 0, NULL <unfinished ...>
1757  <... nanosleep resumed>NULL)      = 0
1756  futex(0xc000052d48, FUTEX_WAIT_PRIVATE, 0, NULL <unfinished ...>
1755  futex(0x55d5fe6a5a28, FUTEX_WAKE_PRIVATE, 1 <unfinished ...>
1754  nanosleep({tv_sec=0, tv_nsec=2560000},  <unfinished ...>
1757  futex(0xc000088148, FUTEX_WAIT_PRIVATE, 0, NULL <unfinished ...>
1755  <... futex resumed>)              = 0
1749  <... futex resumed>)              = -1 EAGAIN (Resource temporarily unavailable)
1755  futex(0xc000052948, FUTEX_WAIT_PRIVATE, 0, NULL <unfinished ...>
1749  futex(0xc000052948, FUTEX_WAKE_PRIVATE, 1 <unfinished ...>
1755  <... futex resumed>)              = -1 EAGAIN (Resource temporarily unavailable)
1749  <... futex resumed>)              = 0
1755  nanosleep({tv_sec=0, tv_nsec=3000},  <unfinished ...>
1749  futex(0xc000088148, FUTEX_WAKE_PRIVATE, 1 <unfinished ...>
1755  <... nanosleep resumed>NULL)      = 0
1757  <... futex resumed>)              = 0
1749  <... futex resumed>)              = 1
1757  futex(0xc000088148, FUTEX_WAIT_PRIVATE, 0, NULL <unfinished ...>
1755  futex(0xc000052d48, FUTEX_WAKE_PRIVATE, 1 <unfinished ...>
1754  <... nanosleep resumed>NULL)      = 0
1756  <... futex resumed>)              = 0
1755  <... futex resumed>)              = 1
1749  futex(0x55d5fe6a5a28, FUTEX_WAIT_PRIVATE, 0, NULL <unfinished ...>
1756  futex(0xc000052d48, FUTEX_WAIT_PRIVATE, 0, NULL <unfinished ...>
1755  futex(0xc000052d48, FUTEX_WAKE_PRIVATE, 1 <unfinished ...>
1754  epoll_pwait(4,  <unfinished ...>
1756  <... futex resumed>)              = -1 EAGAIN (Resource temporarily unavailable)
1755  <... futex resumed>)              = 0
1756  nanosleep({tv_sec=0, tv_nsec=3000},  <unfinished ...>
1754  <... epoll_pwait resumed>[], 128, 0, NULL, 140730273112208) = 0
1756  <... nanosleep resumed>NULL)      = 0
1755  futex(0x55d5fe6a5a28, FUTEX_WAKE_PRIVATE, 1 <unfinished ...>
1756  futex(0xc000052d48, FUTEX_WAIT_PRIVATE, 0, NULL <unfinished ...>
1754  nanosleep({tv_sec=0, tv_nsec=5120000},  <unfinished ...>
1755  <... futex resumed>)              = 1
1749  <... futex resumed>)              = 0
1755  futex(0xc000052948, FUTEX_WAIT_PRIVATE, 0, NULL <unfinished ...>
1749  futex(0xc000052948, FUTEX_WAKE_PRIVATE, 1 <unfinished ...>
1755  <... futex resumed>)              = -1 EAGAIN (Resource temporarily unavailable)
1749  <... futex resumed>)              = 0
1755  nanosleep({tv_sec=0, tv_nsec=3000},  <unfinished ...>
1749  futex(0xc000052d48, FUTEX_WAKE_PRIVATE, 1 <unfinished ...>
1755  <... nanosleep resumed>NULL)      = 0
1756  <... futex resumed>)              = 0
1749  <... futex resumed>)              = 1
1756  futex(0xc000052d48, FUTEX_WAIT_PRIVATE, 0, NULL <unfinished ...>
1755  futex(0xc000088148, FUTEX_WAKE_PRIVATE, 1 <unfinished ...>
1749  futex(0x55d5fe6a5a28, FUTEX_WAIT_PRIVATE, 0, NULL <unfinished ...>
1757  <... futex resumed>)              = 0
1755  <... futex resumed>)              = 1
1757  futex(0xc000088148, FUTEX_WAIT_PRIVATE, 0, NULL <unfinished ...>
1755  futex(0xc000088148, FUTEX_WAKE_PRIVATE, 1 <unfinished ...>
1757  <... futex resumed>)              = -1 EAGAIN (Resource temporarily unavailable)
1755  <... futex resumed>)              = 0
1757  nanosleep({tv_sec=0, tv_nsec=3000},  <unfinished ...>
1755  futex(0x55d5fe6a5a28, FUTEX_WAKE_PRIVATE, 1 <unfinished ...>
1754  <... nanosleep resumed>NULL)      = 0
1757  <... nanosleep resumed>NULL)      = 0
1755  <... futex resumed>)              = 1
1749  <... futex resumed>)              = 0
1757  futex(0xc000088148, FUTEX_WAIT_PRIVATE, 0, NULL <unfinished ...>
1755  futex(0xc000052948, FUTEX_WAIT_PRIVATE, 0, NULL <unfinished ...>
1754  nanosleep({tv_sec=0, tv_nsec=10000000},  <unfinished ...>
1755  <... futex resumed>)              = -1 EAGAIN (Resource temporarily unavailable)
1749  futex(0xc000052948, FUTEX_WAKE_PRIVATE, 1 <unfinished ...>
1755  nanosleep({tv_sec=0, tv_nsec=3000},  <unfinished ...>
1749  <... futex resumed>)              = 0
1755  <... nanosleep resumed>NULL)      = 0
1749  futex(0xc000088148, FUTEX_WAKE_PRIVATE, 1 <unfinished ...>
1755  futex(0xc000052d48, FUTEX_WAKE_PRIVATE, 1 <unfinished ...>
1757  <... futex resumed>)              = 0
1749  <... futex resumed>)              = 1
1757  futex(0xc000088148, FUTEX_WAIT_PRIVATE, 0, NULL <unfinished ...>
1756  <... futex resumed>)              = 0
1755  <... futex resumed>)              = 1
1756  futex(0xc000052d48, FUTEX_WAIT_PRIVATE, 0, NULL <unfinished ...>
1749  futex(0x55d5fe6a5a28, FUTEX_WAIT_PRIVATE, 0, NULL <unfinished ...>
1756  <... futex resumed>)              = -1 EAGAIN (Resource temporarily unavailable)
1755  futex(0xc000052d48, FUTEX_WAKE_PRIVATE, 1 <unfinished ...>
1756  nanosleep({tv_sec=0, tv_nsec=3000},  <unfinished ...>
1755  <... futex resumed>)              = 0
1756  <... nanosleep resumed>NULL)      = 0
1755  futex(0x55d5fe6a5a28, FUTEX_WAKE_PRIVATE, 1 <unfinished ...>
1756  futex(0xc000052d48, FUTEX_WAIT_PRIVATE, 0, NULL <unfinished ...>
1755  <... futex resumed>)              = 1
1749  <... futex resumed>)              = 0
1755  futex(0xc000052948, FUTEX_WAIT_PRIVATE, 0, NULL <unfinished ...>
1749  futex(0xc000052948, FUTEX_WAKE_PRIVATE, 1 <unfinished ...>
1755  <... futex resumed>)              = -1 EAGAIN (Resource temporarily unavailable)
1749  <... futex resumed>)              = 0
1755  nanosleep({tv_sec=0, tv_nsec=3000},  <unfinished ...>
1749  futex(0xc000052d48, FUTEX_WAKE_PRIVATE, 1 <unfinished ...>
1755  <... nanosleep resumed>NULL)      = 0
1756  <... futex resumed>)              = 0
1749  <... futex resumed>)              = 1
1756  futex(0xc000052d48, FUTEX_WAIT_PRIVATE, 0, NULL <unfinished ...>
1755  futex(0xc000088148, FUTEX_WAKE_PRIVATE, 1 <unfinished ...>
1749  futex(0x55d5fe6a5a28, FUTEX_WAIT_PRIVATE, 0, NULL <unfinished ...>
1757  <... futex resumed>)              = 0
1755  <... futex resumed>)              = 1
1757  futex(0xc000088148, FUTEX_WAIT_PRIVATE, 0, NULL <unfinished ...>
1755  futex(0xc000088148, FUTEX_WAKE_PRIVATE, 1 <unfinished ...>
1757  <... futex resumed>)              = -1 EAGAIN (Resource temporarily unavailable)
1755  <... futex resumed>)              = 0
1757  nanosleep({tv_sec=0, tv_nsec=3000},  <unfinished ...>
1755  futex(0x55d5fe6a5a28, FUTEX_WAKE_PRIVATE, 1 <unfinished ...>
1754  <... nanosleep resumed>NULL)      = 0
1757  <... nanosleep resumed>NULL)      = 0
1755  <... futex resumed>)              = 1
1749  <... futex resumed>)              = 0
1757  futex(0xc000088148, FUTEX_WAIT_PRIVATE, 0, NULL <unfinished ...>
1755  futex(0xc000052948, FUTEX_WAIT_PRIVATE, 0, NULL <unfinished ...>
1754  epoll_pwait(4,  <unfinished ...>
1755  <... futex resumed>)              = -1 EAGAIN (Resource temporarily unavailable)
1749  futex(0xc000052948, FUTEX_WAKE_PRIVATE, 1 <unfinished ...>
1755  nanosleep({tv_sec=0, tv_nsec=3000},  <unfinished ...>
1754  <... epoll_pwait resumed>[], 128, 0, NULL, 140730273112208) = 0
1755  <... nanosleep resumed>NULL)      = 0
1749  <... futex resumed>)              = 0
1755  futex(0xc000088148, FUTEX_WAKE_PRIVATE, 1 <unfinished ...>
1754  nanosleep({tv_sec=0, tv_nsec=10000000},  <unfinished ...>
1757  <... futex resumed>)              = 0
1755  <... futex resumed>)              = 1
1749  futex(0x55d5fe6a5a28, FUTEX_WAIT_PRIVATE, 0, NULL <unfinished ...>
1757  futex(0xc000088148, FUTEX_WAIT_PRIVATE, 0, NULL <unfinished ...>
1755  futex(0xc000088148, FUTEX_WAKE_PRIVATE, 1 <unfinished ...>
1757  <... futex resumed>)              = -1 EAGAIN (Resource temporarily unavailable)
1755  <... futex resumed>)              = 0
1757  nanosleep({tv_sec=0, tv_nsec=3000},  <unfinished ...>
1755  futex(0x55d5fe6a5a28, FUTEX_WAKE_PRIVATE, 1 <unfinished ...>
1757  <... nanosleep resumed>NULL)      = 0
1755  <... futex resumed>)              = 1
1749  <... futex resumed>)              = 0
1757  futex(0xc000088148, FUTEX_WAIT_PRIVATE, 0, NULL <unfinished ...>
1755  futex(0xc000052948, FUTEX_WAIT_PRIVATE, 0, NULL <unfinished ...>
1749  futex(0xc000052948, FUTEX_WAKE_PRIVATE, 1 <unfinished ...>
1755  <... futex resumed>)              = -1 EAGAIN (Resource temporarily unavailable)
1749  <... futex resumed>)              = 0
1755  nanosleep({tv_sec=0, tv_nsec=3000},  <unfinished ...>
1749  futex(0xc000088148, FUTEX_WAKE_PRIVATE, 1 <unfinished ...>
1755  <... nanosleep resumed>NULL)      = 0
1757  <... futex resumed>)              = 0
1749  <... futex resumed>)              = 1
1757  futex(0xc000088148, FUTEX_WAIT_PRIVATE, 0, NULL <unfinished ...>
1755  futex(0xc000052d48, FUTEX_WAKE_PRIVATE, 1 <unfinished ...>
1749  futex(0x55d5fe6a5a28, FUTEX_WAIT_PRIVATE, 0, NULL <unfinished ...>
1756  <... futex resumed>)              = 0
1755  <... futex resumed>)              = 1
1756  futex(0xc000052d48, FUTEX_WAIT_PRIVATE, 0, NULL <unfinished ...>
1755  futex(0xc000052d48, FUTEX_WAKE_PRIVATE, 1 <unfinished ...>
1756  <... futex resumed>)              = -1 EAGAIN (Resource temporarily unavailable)
1755  <... futex resumed>)              = 0
1756  nanosleep({tv_sec=0, tv_nsec=3000},  <unfinished ...>
1755  futex(0x55d5fe6a5a28, FUTEX_WAKE_PRIVATE, 1 <unfinished ...>
1756  <... nanosleep resumed>NULL)      = 0
1755  <... futex resumed>)              = 1
1749  <... futex resumed>)              = 0
1756  futex(0xc000052d48, FUTEX_WAIT_PRIVATE, 0, NULL <unfinished ...>
1755  futex(0xc000052948, FUTEX_WAIT_PRIVATE, 0, NULL <unfinished ...>
1749  futex(0xc000052948, FUTEX_WAKE_PRIVATE, 1 <unfinished ...>
1755  <... futex resumed>)              = -1 EAGAIN (Resource temporarily unavailable)
1749  <... futex resumed>)              = 0
1755  nanosleep({tv_sec=0, tv_nsec=3000},  <unfinished ...>
1754  <... nanosleep resumed>NULL)      = 0
1749  futex(0xc000052d48, FUTEX_WAKE_PRIVATE, 1 <unfinished ...>
1755  <... nanosleep resumed>NULL)      = 0
1754  epoll_pwait(4,  <unfinished ...>
1756  <... futex resumed>)              = 0
1755  futex(0xc000088148, FUTEX_WAKE_PRIVATE, 1 <unfinished ...>
1749  <... futex resumed>)              = 1
1757  <... futex resumed>)              = 0
1756  futex(0xc000052d48, FUTEX_WAIT_PRIVATE, 0, NULL <unfinished ...>
1755  <... futex resumed>)              = 1
1754  <... epoll_pwait resumed>[], 128, 0, NULL, 140730273112208) = 0
1757  futex(0xc000088148, FUTEX_WAIT_PRIVATE, 0, NULL <unfinished ...>
1755  futex(0xc000088148, FUTEX_WAKE_PRIVATE, 1 <unfinished ...>
1749  futex(0x55d5fe6a5a28, FUTEX_WAIT_PRIVATE, 0, NULL <unfinished ...>
1757  <... futex resumed>)              = -1 EAGAIN (Resource temporarily unavailable)
1755  <... futex resumed>)              = 0
1754  nanosleep({tv_sec=0, tv_nsec=10000000},  <unfinished ...>
1757  nanosleep({tv_sec=0, tv_nsec=3000},  <unfinished ...>
1755  futex(0x55d5fe6a5a28, FUTEX_WAKE_PRIVATE, 1 <unfinished ...>
1757  <... nanosleep resumed>NULL)      = 0
1755  <... futex resumed>)              = 1
1749  <... futex resumed>)              = 0
1757  futex(0xc000088148, FUTEX_WAIT_PRIVATE, 0, NULL <unfinished ...>
1755  futex(0xc000052948, FUTEX_WAIT_PRIVATE, 0, NULL <unfinished ...>
1749  futex(0xc000052948, FUTEX_WAKE_PRIVATE, 1 <unfinished ...>
1755  <... futex resumed>)              = -1 EAGAIN (Resource temporarily unavailable)
1749  <... futex resumed>)              = 0
1755  nanosleep({tv_sec=0, tv_nsec=3000},  <unfinished ...>
1749  futex(0xc000088148, FUTEX_WAKE_PRIVATE, 1 <unfinished ...>
1755  <... nanosleep resumed>NULL)      = 0
1757  <... futex resumed>)              = 0
1749  <... futex resumed>)              = 1
1757  futex(0xc000088148, FUTEX_WAIT_PRIVATE, 0, NULL <unfinished ...>
1755  futex(0xc000052d48, FUTEX_WAKE_PRIVATE, 1 <unfinished ...>
1749  futex(0x55d5fe6a5a28, FUTEX_WAIT_PRIVATE, 0, NULL <unfinished ...>
1756  <... futex resumed>)              = 0
1755  <... futex resumed>)              = 1
1756  futex(0xc000052d48, FUTEX_WAIT_PRIVATE, 0, NULL <unfinished ...>
1755  futex(0xc000052d48, FUTEX_WAKE_PRIVATE, 1 <unfinished ...>
1756  <... futex resumed>)              = -1 EAGAIN (Resource temporarily unavailable)
1755  <... futex resumed>)              = 0
1756  nanosleep({tv_sec=0, tv_nsec=3000},  <unfinished ...>
1755  futex(0x55d5fe6a5a28, FUTEX_WAKE_PRIVATE, 1 <unfinished ...>
1756  <... nanosleep resumed>NULL)      = 0
1755  <... futex resumed>)              = 1
1749  <... futex resumed>)              = 0
1756  futex(0xc000052d48, FUTEX_WAIT_PRIVATE, 0, NULL <unfinished ...>
1755  futex(0xc000052948, FUTEX_WAIT_PRIVATE, 0, NULL <unfinished ...>
1749  futex(0xc000052948, FUTEX_WAKE_PRIVATE, 1 <unfinished ...>
1755  <... futex resumed>)              = -1 EAGAIN (Resource temporarily unavailable)
1749  <... futex resumed>)              = 0
1755  nanosleep({tv_sec=0, tv_nsec=3000},  <unfinished ...>
1749  futex(0xc000052d48, FUTEX_WAKE_PRIVATE, 1 <unfinished ...>
1755  <... nanosleep resumed>NULL)      = 0
1756  <... futex resumed>)              = 0
1749  <... futex resumed>)              = 1
1756  futex(0xc000052d48, FUTEX_WAIT_PRIVATE, 0, NULL <unfinished ...>
1755  futex(0xc000088148, FUTEX_WAKE_PRIVATE, 1 <unfinished ...>
1754  <... nanosleep resumed>NULL)      = 0
1749  futex(0x55d5fe6a5a28, FUTEX_WAIT_PRIVATE, 0, NULL <unfinished ...>
1757  <... futex resumed>)              = 0
1755  <... futex resumed>)              = 1
1754  epoll_pwait(4,  <unfinished ...>
1757  futex(0xc000088148, FUTEX_WAIT_PRIVATE, 0, NULL <unfinished ...>
1755  futex(0xc000088148, FUTEX_WAKE_PRIVATE, 1 <unfinished ...>
1757  <... futex resumed>)              = -1 EAGAIN (Resource temporarily unavailable)
1754  <... epoll_pwait resumed>[], 128, 0, NULL, 140730273112208) = 0
1757  nanosleep({tv_sec=0, tv_nsec=3000},  <unfinished ...>
1755  <... futex resumed>)              = 0
1757  <... nanosleep resumed>NULL)      = 0
1754  nanosleep({tv_sec=0, tv_nsec=10000000},  <unfinished ...>
1757  futex(0xc000088148, FUTEX_WAIT_PRIVATE, 0, NULL <unfinished ...>
1755  futex(0x55d5fe6a5a28, FUTEX_WAKE_PRIVATE, 1) = 1
1749  <... futex resumed>)              = 0
1755  futex(0xc000052948, FUTEX_WAIT_PRIVATE, 0, NULL <unfinished ...>
1749  mmap(NULL, 262144, PROT_READ|PROT_WRITE, MAP_PRIVATE|MAP_ANONYMOUS, -1, 0) = 0x7f738c98a000
1749  openat(AT_FDCWD, "/proc/cmdline", O_RDONLY|O_CLOEXEC) = 7
1749  epoll_ctl(4, EPOLL_CTL_ADD, 7, {events=EPOLLIN|EPOLLOUT|EPOLLRDHUP|EPOLLET, data={u32=2359101272, u64=140134257067864}}) = 0
1749  fcntl(7, F_GETFL)                 = 0x8000 (flags O_RDONLY|O_LARGEFILE)
1749  fcntl(7, F_SETFL, O_RDONLY|O_NONBLOCK|O_LARGEFILE) = 0
1749  fstat(7, {st_mode=S_IFREG|0444, st_size=0, ...}) = 0
1749  read(7, "initrd=\\initrd.img panic=-1 nr_cpus=8 swiotlb=force pty.legacy_count=0\n", 512) = 71
1749  read(7, "", 441)                  = 0
1749  epoll_ctl(4, EPOLL_CTL_DEL, 7, 0xc00031fa6c) = 0
1749  close(7)                          = 0
1749  getuid()                          = 0
1749  openat(AT_FDCWD, "/proc/cmdline", O_RDONLY|O_CLOEXEC) = 7
1749  epoll_ctl(4, EPOLL_CTL_ADD, 7, {events=EPOLLIN|EPOLLOUT|EPOLLRDHUP|EPOLLET, data={u32=2359101272, u64=140134257067864}}) = 0
1749  fcntl(7, F_GETFL)                 = 0x8000 (flags O_RDONLY|O_LARGEFILE)
1754  <... nanosleep resumed>NULL)      = 0
1749  fcntl(7, F_SETFL, O_RDONLY|O_NONBLOCK|O_LARGEFILE <unfinished ...>
1754  epoll_pwait(4,  <unfinished ...>
1749  <... fcntl resumed>)              = 0
1754  <... epoll_pwait resumed>[{events=EPOLLIN|EPOLLOUT, data={u32=2359101272, u64=140134257067864}}], 128, 0, NULL, 140730273112208) = 1
1749  fstat(7,  <unfinished ...>
1754  nanosleep({tv_sec=0, tv_nsec=10000000},  <unfinished ...>
1749  <... fstat resumed>{st_mode=S_IFREG|0444, st_size=0, ...}) = 0
1749  read(7, "initrd=\\initrd.img panic=-1 nr_cpus=8 swiotlb=force pty.legacy_count=0\n", 512) = 71
1749  read(7, "", 441)                  = 0
1749  epoll_ctl(4, EPOLL_CTL_DEL, 7, 0xc00031fb5c) = 0
1749  close(7)                          = 0
1749  write(2, "error: Please specify one command of: initramfs-mounts or recovery-chooser-trigger\n", 83) = 83
1749  exit_group(1 <unfinished ...>
1758  <... futex resumed>)              = ?
1757  <... futex resumed>)              = ?
1756  <... futex resumed>)              = ?
1755  <... futex resumed>)              = ?
1754  <... nanosleep resumed> <unfinished ...>) = ?
1749  <... exit_group resumed>)         = ?
1758  +++ exited with 1 +++
1757  +++ exited with 1 +++
1756  +++ exited with 1 +++
1755  +++ exited with 1 +++
1754  +++ exited with 1 +++
1749  +++ exited with 1 +++
