746   timerfd_settime(9, 0, {it_interval={tv_sec=0, tv_nsec=0}, it_value={tv_sec=0, tv_nsec=0}},  <unfinished ...>
758   <... read resumed>0x7f32de5e8c80, 32) = -1 EAGAIN (Resource temporarily unavailable)
746   <... timerfd_settime resumed>NULL) = 0
758   write(11, "!", 1 <unfinished ...>
746   read(7,  <unfinished ...>
758   <... write resumed>)              = 1
746   <... read resumed>"!", 32)        = 1
758   ppoll([{fd=10, events=POLLIN|POLLRDNORM}], 1, NULL, NULL, 8 <unfinished ...>
746   read(7,  <unfinished ...>
758   <... ppoll resumed>)              = 1 ([{fd=10, revents=POLLIN|POLLRDNORM}])
746   <... read resumed>0x7f32dea78a10, 32) = -1 EAGAIN (Resource temporarily unavailable)
758   read(10,  <unfinished ...>
746   write(8, "!", 1 <unfinished ...>
758   <... read resumed>"!", 32)        = 1
746   <... write resumed>)              = 1
758   read(10,  <unfinished ...>
746   timerfd_settime(9, 0, {it_interval={tv_sec=0, tv_nsec=0}, it_value={tv_sec=0, tv_nsec=948883021}},  <unfinished ...>
758   <... read resumed>0x7f32de5e8c80, 32) = -1 EAGAIN (Resource temporarily unavailable)
746   <... timerfd_settime resumed>NULL) = 0
758   write(11, "!", 1 <unfinished ...>
746   epoll_wait(6,  <unfinished ...>
758   <... write resumed>)              = 1
746   <... epoll_wait resumed>[{events=EPOLLIN, data={u32=7, u64=140728898420743}}], 512, -1) = 1
758   ppoll([{fd=10, events=POLLIN|POLLRDNORM}], 1, NULL, NULL, 8 <unfinished ...>
746   timerfd_settime(9, 0, {it_interval={tv_sec=0, tv_nsec=0}, it_value={tv_sec=0, tv_nsec=0}},  <unfinished ...>
758   <... ppoll resumed>)              = 1 ([{fd=10, revents=POLLIN|POLLRDNORM}])
746   <... timerfd_settime resumed>NULL) = 0
758   read(10,  <unfinished ...>
746   read(7,  <unfinished ...>
758   <... read resumed>"!", 32)        = 1
746   <... read resumed>"!", 32)        = 1
758   read(10,  <unfinished ...>
746   read(7,  <unfinished ...>
758   <... read resumed>0x7f32de5e8c80, 32) = -1 EAGAIN (Resource temporarily unavailable)
746   <... read resumed>0x7f32dea78a10, 32) = -1 EAGAIN (Resource temporarily unavailable)
758   ppoll([{fd=10, events=POLLIN|POLLRDNORM}], 1, NULL, NULL, 8 <unfinished ...>
746   write(8, "!", 1)                  = 1
746   timerfd_settime(9, 0, {it_interval={tv_sec=0, tv_nsec=0}, it_value={tv_sec=0, tv_nsec=944862871}}, NULL) = 0
746   epoll_wait(6, [{events=EPOLLIN, data={u32=7, u64=140728898420743}}], 512, -1) = 1
746   timerfd_settime(9, 0, {it_interval={tv_sec=0, tv_nsec=0}, it_value={tv_sec=0, tv_nsec=0}}, NULL) = 0
746   read(7, "!", 32)                  = 1
746   read(7, 0x7f32dea78a10, 32)       = -1 EAGAIN (Resource temporarily unavailable)
746   mprotect(0x7f32d000c000, 16384, PROT_READ|PROT_WRITE) = 0
746   futex(0x7f32e0eac590, FUTEX_WAKE_PRIVATE, 1) = 1
757   <... futex resumed>)              = 0
746   write(11, "!", 1 <unfinished ...>
757   getcwd( <unfinished ...>
758   <... ppoll resumed>)              = 1 ([{fd=10, revents=POLLIN|POLLRDNORM}])
746   <... write resumed>)              = 1
758   read(10,  <unfinished ...>
757   <... getcwd resumed>"/tmp", 256)  = 5
758   <... read resumed>"!", 32)        = 1
746   timerfd_settime(9, 0, {it_interval={tv_sec=0, tv_nsec=0}, it_value={tv_sec=0, tv_nsec=940763030}},  <unfinished ...>
758   read(10,  <unfinished ...>
757   write(8, "!", 1 <unfinished ...>
758   <... read resumed>0x7f32de5e8c80, 32) = -1 EAGAIN (Resource temporarily unavailable)
746   <... timerfd_settime resumed>NULL) = 0
758   write(11, "!", 1 <unfinished ...>
757   <... write resumed>)              = 1
758   <... write resumed>)              = 1
746   epoll_wait(6,  <unfinished ...>
758   ppoll([{fd=10, events=POLLIN|POLLRDNORM}], 1, NULL, NULL, 8 <unfinished ...>
757   sched_yield( <unfinished ...>
758   <... ppoll resumed>)              = 1 ([{fd=10, revents=POLLIN|POLLRDNORM}])
746   <... epoll_wait resumed>[{events=EPOLLIN, data={u32=7, u64=140728898420743}}], 512, -1) = 1
758   read(10,  <unfinished ...>
757   <... sched_yield resumed>)        = 0
758   <... read resumed>"!", 32)        = 1
746   timerfd_settime(9, 0, {it_interval={tv_sec=0, tv_nsec=0}, it_value={tv_sec=0, tv_nsec=0}},  <unfinished ...>
758   read(10,  <unfinished ...>
757   sched_yield( <unfinished ...>
758   <... read resumed>0x7f32de5e8c80, 32) = -1 EAGAIN (Resource temporarily unavailable)
746   <... timerfd_settime resumed>NULL) = 0
758   write(11, "!", 1 <unfinished ...>
757   <... sched_yield resumed>)        = 0
758   <... write resumed>)              = 1
746   read(7,  <unfinished ...>
758   ppoll([{fd=10, events=POLLIN|POLLRDNORM}], 1, NULL, NULL, 8 <unfinished ...>
757   sched_yield( <unfinished ...>
758   <... ppoll resumed>)              = 1 ([{fd=10, revents=POLLIN|POLLRDNORM}])
746   <... read resumed>"!", 32)        = 1
758   read(10,  <unfinished ...>
757   <... sched_yield resumed>)        = 0
758   <... read resumed>"!", 32)        = 1
746   read(7,  <unfinished ...>
758   read(10,  <unfinished ...>
757   sched_yield( <unfinished ...>
758   <... read resumed>0x7f32de5e8c80, 32) = -1 EAGAIN (Resource temporarily unavailable)
746   <... read resumed>0x7f32dea78a10, 32) = -1 EAGAIN (Resource temporarily unavailable)
758   write(11, "!", 1 <unfinished ...>
757   <... sched_yield resumed>)        = 0
758   <... write resumed>)              = 1
746   timerfd_settime(9, 0, {it_interval={tv_sec=0, tv_nsec=0}, it_value={tv_sec=0, tv_nsec=933840208}},  <unfinished ...>
758   ppoll([{fd=10, events=POLLIN|POLLRDNORM}], 1, NULL, NULL, 8 <unfinished ...>
757   openat(AT_FDCWD, "./no_dot_erlang.boot", O_RDONLY <unfinished ...>
758   <... ppoll resumed>)              = 1 ([{fd=10, revents=POLLIN|POLLRDNORM}])
746   <... timerfd_settime resumed>NULL) = 0
758   read(10,  <unfinished ...>
757   <... openat resumed>)             = -1 ENOENT (No such file or directory)
758   <... read resumed>"!", 32)        = 1
746   epoll_wait(6,  <unfinished ...>
758   read(10,  <unfinished ...>
757   write(8, "!", 1 <unfinished ...>
758   <... read resumed>0x7f32de5e8c80, 32) = -1 EAGAIN (Resource temporarily unavailable)
757   <... write resumed>)              = 1
746   <... epoll_wait resumed>[{events=EPOLLIN, data={u32=7, u64=140728898420743}}], 512, -1) = 1
758   write(11, "!", 1 <unfinished ...>
757   sched_yield( <unfinished ...>
758   <... write resumed>)              = 1
746   timerfd_settime(9, 0, {it_interval={tv_sec=0, tv_nsec=0}, it_value={tv_sec=0, tv_nsec=0}},  <unfinished ...>
758   ppoll([{fd=10, events=POLLIN|POLLRDNORM}], 1, NULL, NULL, 8 <unfinished ...>
757   <... sched_yield resumed>)        = 0
758   <... ppoll resumed>)              = 1 ([{fd=10, revents=POLLIN|POLLRDNORM}])
746   <... timerfd_settime resumed>NULL) = 0
758   read(10,  <unfinished ...>
757   sched_yield( <unfinished ...>
758   <... read resumed>"!", 32)        = 1
746   read(7,  <unfinished ...>
758   read(10,  <unfinished ...>
757   <... sched_yield resumed>)        = 0
758   <... read resumed>0x7f32de5e8c80, 32) = -1 EAGAIN (Resource temporarily unavailable)
746   <... read resumed>"!", 32)        = 1
758   ppoll([{fd=10, events=POLLIN|POLLRDNORM}], 1, NULL, NULL, 8 <unfinished ...>
757   sched_yield( <unfinished ...>
746   read(7,  <unfinished ...>
757   <... sched_yield resumed>)        = 0
746   <... read resumed>0x7f32dea78a10, 32) = -1 EAGAIN (Resource temporarily unavailable)
757   sched_yield( <unfinished ...>
746   write(11, "!", 1 <unfinished ...>
757   <... sched_yield resumed>)        = 0
758   <... ppoll resumed>)              = 1 ([{fd=10, revents=POLLIN|POLLRDNORM}])
746   <... write resumed>)              = 1
758   read(10,  <unfinished ...>
757   openat(AT_FDCWD, "/usr/lib/erlang/bin/no_dot_erlang.boot", O_RDONLY <unfinished ...>
758   <... read resumed>"!", 32)        = 1
746   timerfd_settime(9, 0, {it_interval={tv_sec=0, tv_nsec=0}, it_value={tv_sec=0, tv_nsec=926481086}},  <unfinished ...>
758   read(10,  <unfinished ...>
757   <... openat resumed>)             = 17
758   <... read resumed>0x7f32de5e8c80, 32) = -1 EAGAIN (Resource temporarily unavailable)
746   <... timerfd_settime resumed>NULL) = 0
758   write(11, "!", 1 <unfinished ...>
757   newfstatat(17, "",  <unfinished ...>
758   <... write resumed>)              = 1
746   epoll_wait(6,  <unfinished ...>
758   ppoll([{fd=10, events=POLLIN|POLLRDNORM}], 1, NULL, NULL, 8 <unfinished ...>
757   <... newfstatat resumed>{st_mode=S_IFREG|0644, st_size=6928, ...}, AT_EMPTY_PATH) = 0
758   <... ppoll resumed>)              = 1 ([{fd=10, revents=POLLIN|POLLRDNORM}])
757   newfstatat(17, "",  <unfinished ...>
758   read(10,  <unfinished ...>
757   <... newfstatat resumed>{st_mode=S_IFREG|0644, st_size=6928, ...}, AT_EMPTY_PATH) = 0
758   <... read resumed>"!", 32)        = 1
757   geteuid( <unfinished ...>
758   read(10,  <unfinished ...>
757   <... geteuid resumed>)            = 0
758   <... read resumed>0x7f32de5e8c80, 32) = -1 EAGAIN (Resource temporarily unavailable)
757   readv(17,  <unfinished ...>
758   write(11, "!", 1 <unfinished ...>
757   <... readv resumed>[{iov_base="\203h\3d\0\6scripth\2k\0\nErlang/OTPk\0\00224l\0\0\0\25h\2d\0\tpreLoadedl\0\0\0\25d\0\7atomicsd\0\10countersd\0\10erl_initd\0\17erl_prim_loaderd\0\nerl_tracerd\0\6erlang"..., iov_len=6928}], 1) = 6928
758   <... write resumed>)              = 1
757   write(8, "!", 1 <unfinished ...>
758   ppoll([{fd=10, events=POLLIN|POLLRDNORM}], 1, NULL, NULL, 8 <unfinished ...>
757   <... write resumed>)              = 1
746   <... epoll_wait resumed>[{events=EPOLLIN, data={u32=7, u64=140728898420743}}], 512, -1) = 1
758   <... ppoll resumed>)              = 1 ([{fd=10, revents=POLLIN|POLLRDNORM}])
757   close(17 <unfinished ...>
758   read(10,  <unfinished ...>
746   timerfd_settime(9, 0, {it_interval={tv_sec=0, tv_nsec=0}, it_value={tv_sec=0, tv_nsec=0}},  <unfinished ...>
758   <... read resumed>"!", 32)        = 1
757   <... close resumed>)              = 0
758   read(10,  <unfinished ...>
746   <... timerfd_settime resumed>NULL) = 0
758   <... read resumed>0x7f32de5e8c80, 32) = -1 EAGAIN (Resource temporarily unavailable)
757   sched_yield( <unfinished ...>
758   write(11, "!", 1 <unfinished ...>
746   read(7,  <unfinished ...>
758   <... write resumed>)              = 1
757   <... sched_yield resumed>)        = 0
758   ppoll([{fd=10, events=POLLIN|POLLRDNORM}], 1, NULL, NULL, 8 <unfinished ...>
746   <... read resumed>"!", 32)        = 1
758   <... ppoll resumed>)              = 1 ([{fd=10, revents=POLLIN|POLLRDNORM}])
757   sched_yield( <unfinished ...>
758   read(10,  <unfinished ...>
746   read(7,  <unfinished ...>
758   <... read resumed>"!", 32)        = 1
757   <... sched_yield resumed>)        = 0
758   read(10,  <unfinished ...>
746   <... read resumed>0x7f32dea78a10, 32) = -1 EAGAIN (Resource temporarily unavailable)
758   <... read resumed>0x7f32de5e8c80, 32) = -1 EAGAIN (Resource temporarily unavailable)
757   sched_yield( <unfinished ...>
758   write(11, "!", 1 <unfinished ...>
746   write(8, "!", 1 <unfinished ...>
758   <... write resumed>)              = 1
757   <... sched_yield resumed>)        = 0
758   ppoll([{fd=10, events=POLLIN|POLLRDNORM}], 1, NULL, NULL, 8 <unfinished ...>
746   <... write resumed>)              = 1
758   <... ppoll resumed>)              = 1 ([{fd=10, revents=POLLIN|POLLRDNORM}])
757   getcwd( <unfinished ...>
758   read(10,  <unfinished ...>
746   timerfd_settime(9, 0, {it_interval={tv_sec=0, tv_nsec=0}, it_value={tv_sec=0, tv_nsec=915781910}},  <unfinished ...>
758   <... read resumed>"!", 32)        = 1
757   <... getcwd resumed>"/tmp", 256)  = 5
758   read(10,  <unfinished ...>
746   <... timerfd_settime resumed>NULL) = 0
758   <... read resumed>0x7f32de5e8c80, 32) = -1 EAGAIN (Resource temporarily unavailable)
757   sched_yield( <unfinished ...>
758   write(11, "!", 1 <unfinished ...>
746   epoll_wait(6,  <unfinished ...>
758   <... write resumed>)              = 1
757   <... sched_yield resumed>)        = 0
758   ppoll([{fd=10, events=POLLIN|POLLRDNORM}], 1, NULL, NULL, 8 <unfinished ...>
746   <... epoll_wait resumed>[{events=EPOLLIN, data={u32=7, u64=140728898420743}}], 512, -1) = 1
758   <... ppoll resumed>)              = 1 ([{fd=10, revents=POLLIN|POLLRDNORM}])
757   sched_yield( <unfinished ...>
758   read(10,  <unfinished ...>
746   timerfd_settime(9, 0, {it_interval={tv_sec=0, tv_nsec=0}, it_value={tv_sec=0, tv_nsec=0}},  <unfinished ...>
758   <... read resumed>"!", 32)        = 1
757   <... sched_yield resumed>)        = 0
758   read(10,  <unfinished ...>
746   <... timerfd_settime resumed>NULL) = 0
758   <... read resumed>0x7f32de5e8c80, 32) = -1 EAGAIN (Resource temporarily unavailable)
757   sched_yield( <unfinished ...>
758   write(11, "!", 1 <unfinished ...>
746   read(7,  <unfinished ...>
758   <... write resumed>)              = 1
757   <... sched_yield resumed>)        = 0
758   ppoll([{fd=10, events=POLLIN|POLLRDNORM}], 1, NULL, NULL, 8 <unfinished ...>
746   <... read resumed>"!", 32)        = 1
758   <... ppoll resumed>)              = 1 ([{fd=10, revents=POLLIN|POLLRDNORM}])
757   sched_yield( <unfinished ...>
758   read(10,  <unfinished ...>
746   read(7,  <unfinished ...>
758   <... read resumed>"!", 32)        = 1
757   <... sched_yield resumed>)        = 0
758   read(10,  <unfinished ...>
746   <... read resumed>0x7f32dea78a10, 32) = -1 EAGAIN (Resource temporarily unavailable)
758   <... read resumed>0x7f32de5e8c80, 32) = -1 EAGAIN (Resource temporarily unavailable)
757   sched_yield( <unfinished ...>
758   write(11, "!", 1 <unfinished ...>
746   write(8, "!", 1 <unfinished ...>
758   <... write resumed>)              = 1
757   <... sched_yield resumed>)        = 0
758   ppoll([{fd=10, events=POLLIN|POLLRDNORM}], 1, NULL, NULL, 8 <unfinished ...>
746   <... write resumed>)              = 1
758   <... ppoll resumed>)              = 1 ([{fd=10, revents=POLLIN|POLLRDNORM}])
757   newfstatat(AT_FDCWD, "/usr/lib/erlang/lib/kernel-8.2/ebin",  <unfinished ...>
758   read(10,  <unfinished ...>
746   timerfd_settime(9, 0, {it_interval={tv_sec=0, tv_nsec=0}, it_value={tv_sec=0, tv_nsec=907490674}},  <unfinished ...>
758   <... read resumed>"!", 32)        = 1
757   <... newfstatat resumed>{st_mode=S_IFDIR|0755, st_size=4096, ...}, 0) = 0
758   read(10,  <unfinished ...>
746   <... timerfd_settime resumed>NULL) = 0
758   <... read resumed>0x7f32de5e8c80, 32) = -1 EAGAIN (Resource temporarily unavailable)
757   access("/usr/lib/erlang/lib/kernel-8.2/ebin", R_OK <unfinished ...>
758   write(11, "!", 1 <unfinished ...>
746   epoll_wait(6,  <unfinished ...>
758   <... write resumed>)              = 1
757   <... access resumed>)             = 0
758   ppoll([{fd=10, events=POLLIN|POLLRDNORM}], 1, NULL, NULL, 8 <unfinished ...>
746   <... epoll_wait resumed>[{events=EPOLLIN, data={u32=7, u64=140728898420743}}], 512, -1) = 1
758   <... ppoll resumed>)              = 1 ([{fd=10, revents=POLLIN|POLLRDNORM}])
757   access("/usr/lib/erlang/lib/kernel-8.2/ebin", W_OK <unfinished ...>
758   read(10,  <unfinished ...>
746   timerfd_settime(9, 0, {it_interval={tv_sec=0, tv_nsec=0}, it_value={tv_sec=0, tv_nsec=0}},  <unfinished ...>
758   <... read resumed>"!", 32)        = 1
757   <... access resumed>)             = 0
758   read(10,  <unfinished ...>
746   <... timerfd_settime resumed>NULL) = 0
758   <... read resumed>0x7f32de5e8c80, 32) = -1 EAGAIN (Resource temporarily unavailable)
757   sched_yield( <unfinished ...>
758   write(11, "!", 1 <unfinished ...>
746   read(7,  <unfinished ...>
758   <... write resumed>)              = 1
757   <... sched_yield resumed>)        = 0
758   ppoll([{fd=10, events=POLLIN|POLLRDNORM}], 1, NULL, NULL, 8 <unfinished ...>
746   <... read resumed>"!", 32)        = 1
758   <... ppoll resumed>)              = 1 ([{fd=10, revents=POLLIN|POLLRDNORM}])
757   sched_yield( <unfinished ...>
758   read(10,  <unfinished ...>
746   read(7,  <unfinished ...>
758   <... read resumed>"!", 32)        = 1
757   <... sched_yield resumed>)        = 0
758   read(10,  <unfinished ...>
746   <... read resumed>0x7f32dea78a10, 32) = -1 EAGAIN (Resource temporarily unavailable)
758   <... read resumed>0x7f32de5e8c80, 32) = -1 EAGAIN (Resource temporarily unavailable)
757   sched_yield( <unfinished ...>
758   write(11, "!", 1 <unfinished ...>
746   timerfd_settime(9, 0, {it_interval={tv_sec=0, tv_nsec=0}, it_value={tv_sec=0, tv_nsec=900918330}},  <unfinished ...>
758   <... write resumed>)              = 1
757   <... sched_yield resumed>)        = 0
758   ppoll([{fd=10, events=POLLIN|POLLRDNORM}], 1, NULL, NULL, 8 <unfinished ...>
746   <... timerfd_settime resumed>NULL) = 0
758   <... ppoll resumed>)              = 1 ([{fd=10, revents=POLLIN|POLLRDNORM}])
757   newfstatat(AT_FDCWD, "/usr/lib/erlang/lib/stdlib-3.17/ebin",  <unfinished ...>
758   read(10,  <unfinished ...>
746   epoll_wait(6,  <unfinished ...>
758   <... read resumed>"!", 32)        = 1
757   <... newfstatat resumed>{st_mode=S_IFDIR|0755, st_size=4096, ...}, 0) = 0
758   read(10,  <unfinished ...>
757   access("/usr/lib/erlang/lib/stdlib-3.17/ebin", R_OK <unfinished ...>
758   <... read resumed>0x7f32de5e8c80, 32) = -1 EAGAIN (Resource temporarily unavailable)
757   <... access resumed>)             = 0
758   write(11, "!", 1 <unfinished ...>
757   access("/usr/lib/erlang/lib/stdlib-3.17/ebin", W_OK <unfinished ...>
758   <... write resumed>)              = 1
757   <... access resumed>)             = 0
758   ppoll([{fd=10, events=POLLIN|POLLRDNORM}], 1, NULL, NULL, 8 <unfinished ...>
757   write(8, "!", 1 <unfinished ...>
758   <... ppoll resumed>)              = 1 ([{fd=10, revents=POLLIN|POLLRDNORM}])
757   <... write resumed>)              = 1
746   <... epoll_wait resumed>[{events=EPOLLIN, data={u32=7, u64=140728898420743}}], 512, -1) = 1
758   read(10,  <unfinished ...>
757   sched_yield( <unfinished ...>
758   <... read resumed>"!", 32)        = 1
746   timerfd_settime(9, 0, {it_interval={tv_sec=0, tv_nsec=0}, it_value={tv_sec=0, tv_nsec=0}},  <unfinished ...>
758   read(10,  <unfinished ...>
757   <... sched_yield resumed>)        = 0
758   <... read resumed>0x7f32de5e8c80, 32) = -1 EAGAIN (Resource temporarily unavailable)
746   <... timerfd_settime resumed>NULL) = 0
758   write(11, "!", 1 <unfinished ...>
757   sched_yield( <unfinished ...>
758   <... write resumed>)              = 1
746   read(7,  <unfinished ...>
758   ppoll([{fd=10, events=POLLIN|POLLRDNORM}], 1, NULL, NULL, 8 <unfinished ...>
757   <... sched_yield resumed>)        = 0
758   <... ppoll resumed>)              = 1 ([{fd=10, revents=POLLIN|POLLRDNORM}])
746   <... read resumed>"!", 32)        = 1
758   read(10,  <unfinished ...>
757   sched_yield( <unfinished ...>
758   <... read resumed>"!", 32)        = 1
746   read(7,  <unfinished ...>
758   read(10,  <unfinished ...>
757   <... sched_yield resumed>)        = 0
758   <... read resumed>0x7f32de5e8c80, 32) = -1 EAGAIN (Resource temporarily unavailable)
746   <... read resumed>0x7f32dea78a10, 32) = -1 EAGAIN (Resource temporarily unavailable)
758   write(11, "!", 1 <unfinished ...>
757   sched_yield( <unfinished ...>
758   <... write resumed>)              = 1
746   futex(0x7f32e0eac550, FUTEX_WAKE_PRIVATE, 1 <unfinished ...>
758   ppoll([{fd=10, events=POLLIN|POLLRDNORM}], 1, NULL, NULL, 8 <unfinished ...>
757   <... sched_yield resumed>)        = 0
758   <... ppoll resumed>)              = 1 ([{fd=10, revents=POLLIN|POLLRDNORM}])
756   <... futex resumed>)              = 0
746   <... futex resumed>)              = 1
758   read(10,  <unfinished ...>
757   openat(AT_FDCWD, "/usr/lib/erlang/lib/kernel-8.2/ebin/error_handler.beam", O_RDONLY <unfinished ...>
756   sched_yield( <unfinished ...>
758   <... read resumed>"!", 32)        = 1
757   <... openat resumed>)             = 17
746   futex(0x7f32e0eac510, FUTEX_WAKE_PRIVATE, 1 <unfinished ...>
758   read(10,  <unfinished ...>
757   newfstatat(17, "",  <unfinished ...>
756   <... sched_yield resumed>)        = 0
758   <... read resumed>0x7f32de5e8c80, 32) = -1 EAGAIN (Resource temporarily unavailable)
757   <... newfstatat resumed>{st_mode=S_IFREG|0644, st_size=4436, ...}, AT_EMPTY_PATH) = 0
755   <... futex resumed>)              = 0
746   <... futex resumed>)              = 1
758   ppoll([{fd=10, events=POLLIN|POLLRDNORM}], 1, NULL, NULL, 8 <unfinished ...>
757   newfstatat(17, "",  <unfinished ...>
756   openat(AT_FDCWD, "/usr/lib/erlang/lib/kernel-8.2/ebin/application.beam", O_RDONLY <unfinished ...>
755   sched_yield( <unfinished ...>
757   <... newfstatat resumed>{st_mode=S_IFREG|0644, st_size=4436, ...}, AT_EMPTY_PATH) = 0
756   <... openat resumed>)             = 18
746   futex(0x7f32e0eac4d0, FUTEX_WAKE_PRIVATE, 1 <unfinished ...>
757   geteuid( <unfinished ...>
756   newfstatat(18, "",  <unfinished ...>
755   <... sched_yield resumed>)        = 0
757   <... geteuid resumed>)            = 0
756   <... newfstatat resumed>{st_mode=S_IFREG|0644, st_size=14980, ...}, AT_EMPTY_PATH) = 0
754   <... futex resumed>)              = 0
746   <... futex resumed>)              = 1
757   readv(17,  <unfinished ...>
756   newfstatat(18, "",  <unfinished ...>
755   openat(AT_FDCWD, "/usr/lib/erlang/lib/kernel-8.2/ebin/application_controller.beam", O_RDONLY <unfinished ...>
754   sched_yield( <unfinished ...>
757   <... readv resumed>[{iov_base="FOR1\0\0\21LBEAMAtU8\0\0\1c\0\0\0\"\rerror_handler\22undefined_function\6module\6erlang\6length\21function_exported\5false\4true\5apply\20undefined_lamb"..., iov_len=4436}], 1) = 4436
756   <... newfstatat resumed>{st_mode=S_IFREG|0644, st_size=14980, ...}, AT_EMPTY_PATH) = 0
755   <... openat resumed>)             = 19
746   write(11, "!", 1 <unfinished ...>
757   close(17 <unfinished ...>
756   geteuid( <unfinished ...>
755   newfstatat(19, "",  <unfinished ...>
754   <... sched_yield resumed>)        = 0
758   <... ppoll resumed>)              = 1 ([{fd=10, revents=POLLIN|POLLRDNORM}])
757   <... close resumed>)              = 0
756   <... geteuid resumed>)            = 0
755   <... newfstatat resumed>{st_mode=S_IFREG|0644, st_size=88932, ...}, AT_EMPTY_PATH) = 0
746   <... write resumed>)              = 1
758   read(10,  <unfinished ...>
757   sched_yield( <unfinished ...>
756   readv(18,  <unfinished ...>
755   newfstatat(19, "",  <unfinished ...>
754   openat(AT_FDCWD, "/usr/lib/erlang/lib/kernel-8.2/ebin/application_master.beam", O_RDONLY <unfinished ...>
758   <... read resumed>"!", 32)        = 1
757   <... sched_yield resumed>)        = 0
756   <... readv resumed>[{iov_base="FOR1\0\0:|BEAMAtU8\0\0\3c\0\0\0C\vapplication\4load\5load1\26application_controller\20load_application\2ok\7dist_ac\5error\22unload_application\6unlo"..., iov_len=14980}], 1) = 14980
755   <... newfstatat resumed>{st_mode=S_IFREG|0644, st_size=88932, ...}, AT_EMPTY_PATH) = 0
746   futex(0x7f32e0eac490, FUTEX_WAKE_PRIVATE, 1 <unfinished ...>
758   read(10,  <unfinished ...>
757   openat(AT_FDCWD, "/usr/lib/erlang/lib/kernel-8.2/ebin/code.beam", O_RDONLY <unfinished ...>
756   close(18 <unfinished ...>
755   geteuid( <unfinished ...>
754   <... openat resumed>)             = 17
758   <... read resumed>0x7f32de5e8c80, 32) = -1 EAGAIN (Resource temporarily unavailable)
757   <... openat resumed>)             = 20
756   <... close resumed>)              = 0
755   <... geteuid resumed>)            = 0
753   <... futex resumed>)              = 0
746   <... futex resumed>)              = 1
758   ppoll([{fd=10, events=POLLIN|POLLRDNORM}], 1, NULL, NULL, 8 <unfinished ...>
757   newfstatat(20, "",  <unfinished ...>
756   sched_yield( <unfinished ...>
755   readv(19,  <unfinished ...>
754   newfstatat(17, "",  <unfinished ...>
753   sched_yield( <unfinished ...>
757   <... newfstatat resumed>{st_mode=S_IFREG|0644, st_size=42304, ...}, AT_EMPTY_PATH) = 0
756   <... sched_yield resumed>)        = 0
755   <... readv resumed>[{iov_base="FOR1\0\1[\\BEAMAtU8\0\0\22/\0\0\1t\26application_controller\5start\6erlang\4self\nspawn_link\4EXIT\3ack\5error\2ok\20load_application\10infinity\ngen_ser"..., iov_len=88932}], 1) = 88932
754   <... newfstatat resumed>{st_mode=S_IFREG|0644, st_size=15272, ...}, AT_EMPTY_PATH) = 0
746   write(11, "!", 1 <unfinished ...>
757   newfstatat(20, "",  <unfinished ...>
756   openat(AT_FDCWD, "/usr/lib/erlang/lib/kernel-8.2/ebin/code_server.beam", O_RDONLY <unfinished ...>
755   close(19 <unfinished ...>
754   newfstatat(17, "",  <unfinished ...>
753   <... sched_yield resumed>)        = 0
758   <... ppoll resumed>)              = 1 ([{fd=10, revents=POLLIN|POLLRDNORM}])
757   <... newfstatat resumed>{st_mode=S_IFREG|0644, st_size=42304, ...}, AT_EMPTY_PATH) = 0
756   <... openat resumed>)             = 18
755   <... close resumed>)              = 0
754   <... newfstatat resumed>{st_mode=S_IFREG|0644, st_size=15272, ...}, AT_EMPTY_PATH) = 0
746   <... write resumed>)              = 1
758   read(10,  <unfinished ...>
757   geteuid( <unfinished ...>
756   newfstatat(18, "",  <unfinished ...>
755   sched_yield( <unfinished ...>
754   geteuid( <unfinished ...>
753   sched_yield( <unfinished ...>
758   <... read resumed>"!", 32)        = 1
757   <... geteuid resumed>)            = 0
756   <... newfstatat resumed>{st_mode=S_IFREG|0644, st_size=56996, ...}, AT_EMPTY_PATH) = 0
755   <... sched_yield resumed>)        = 0
754   <... geteuid resumed>)            = 0
746   futex(0x7f32e0eac450, FUTEX_WAKE_PRIVATE, 1 <unfinished ...>
758   read(10,  <unfinished ...>
757   mmap(NULL, 1048576, PROT_READ|PROT_WRITE, MAP_PRIVATE|MAP_ANONYMOUS, -1, 0 <unfinished ...>
756   futex(0x56239fa4cd28, FUTEX_WAIT_PRIVATE, 2, NULL <unfinished ...>
755   openat(AT_FDCWD, "/usr/lib/erlang/lib/kernel-8.2/ebin/erl_eval.beam", O_RDONLY <unfinished ...>
754   futex(0x56239fa4cd28, FUTEX_WAIT_PRIVATE, 2, NULL <unfinished ...>
753   <... sched_yield resumed>)        = 0
758   <... read resumed>0x7f32de5e8c80, 32) = -1 EAGAIN (Resource temporarily unavailable)
757   <... mmap resumed>)               = 0x7f32de444000
755   <... openat resumed>)             = -1 ENOENT (No such file or directory)
752   <... futex resumed>)              = 0
746   <... futex resumed>)              = 1
758   futex(0x56239fa4cd28, FUTEX_WAIT_PRIVATE, 2, NULL <unfinished ...>
757   futex(0x56239fa4cd28, FUTEX_WAKE_PRIVATE, 1 <unfinished ...>
755   sched_yield( <unfinished ...>
753   openat(AT_FDCWD, "/usr/lib/erlang/lib/kernel-8.2/ebin/erl_lint.beam", O_RDONLY <unfinished ...>
752   sched_yield( <unfinished ...>
758   <... futex resumed>)              = -1 EAGAIN (Resource temporarily unavailable)
757   <... futex resumed>)              = 1
756   <... futex resumed>)              = 0
755   <... sched_yield resumed>)        = 0
753   <... openat resumed>)             = -1 ENOENT (No such file or directory)
746   futex(0x7f32e0eac410, FUTEX_WAKE_PRIVATE, 1 <unfinished ...>
758   futex(0x56239fa4cd28, FUTEX_WAKE_PRIVATE, 1 <unfinished ...>
757   readv(20,  <unfinished ...>
756   futex(0x56239fa4cd28, FUTEX_WAKE_PRIVATE, 1 <unfinished ...>
755   openat(AT_FDCWD, "/usr/lib/erlang/lib/kernel-8.2/ebin/erl_parse.beam", O_RDONLY <unfinished ...>
753   openat(AT_FDCWD, "/usr/lib/erlang/lib/kernel-8.2/ebin/error_logger.beam", O_RDONLY <unfinished ...>
752   <... sched_yield resumed>)        = 0
758   <... futex resumed>)              = 1
757   <... readv resumed>[{iov_base="FOR1\0\0\2458BEAMAtU8\0\0\v\207\0\0\0\356\4code\tget_chunk\vget_chunk_1\rerts_internal\16beamfile_chunk\5error\16new_stacktrace\6erlang\4EXIT\5raise\20is_modul"..., iov_len=42304}], 1) = 42304
756   <... futex resumed>)              = 0
755   <... openat resumed>)             = -1 ENOENT (No such file or directory)
754   <... futex resumed>)              = 0
753   <... openat resumed>)             = 19
751   <... futex resumed>)              = 0
746   <... futex resumed>)              = 1
758   ppoll([{fd=10, events=POLLIN|POLLRDNORM}], 1, NULL, NULL, 8 <unfinished ...>
757   close(20 <unfinished ...>
756   newfstatat(18, "",  <unfinished ...>
755   sched_yield( <unfinished ...>
754   futex(0x56239fa4cd28, FUTEX_WAKE_PRIVATE, 1 <unfinished ...>
753   newfstatat(19, "",  <unfinished ...>
752   sched_yield( <unfinished ...>
751   sched_yield( <unfinished ...>
757   <... close resumed>)              = 0
756   <... newfstatat resumed>{st_mode=S_IFREG|0644, st_size=56996, ...}, AT_EMPTY_PATH) = 0
755   <... sched_yield resumed>)        = 0
754   <... futex resumed>)              = 0
753   <... newfstatat resumed>{st_mode=S_IFREG|0644, st_size=17992, ...}, AT_EMPTY_PATH) = 0
752   <... sched_yield resumed>)        = 0
746   write(11, "!", 1 <unfinished ...>
757   sched_yield( <unfinished ...>
756   geteuid( <unfinished ...>
755   sched_yield( <unfinished ...>
754   readv(17,  <unfinished ...>
753   newfstatat(19, "",  <unfinished ...>
752   openat(AT_FDCWD, "/usr/lib/erlang/lib/kernel-8.2/ebin/ets.beam", O_RDONLY <unfinished ...>
751   <... sched_yield resumed>)        = 0
758   <... ppoll resumed>)              = 1 ([{fd=10, revents=POLLIN|POLLRDNORM}])
757   <... sched_yield resumed>)        = 0
756   <... geteuid resumed>)            = 0
755   <... sched_yield resumed>)        = 0
754   <... readv resumed>[{iov_base="FOR1\0\0;\240BEAMAtU8\0\0\3\253\0\0\0]\22application_master\nstart_link\26application_controller\6erlang\7whereis\4self\4init\10proc_lib\nstart_type\fgroup"..., iov_len=15272}], 1) = 15272
753   <... newfstatat resumed>{st_mode=S_IFREG|0644, st_size=17992, ...}, AT_EMPTY_PATH) = 0
752   <... openat resumed>)             = -1 ENOENT (No such file or directory)
746   <... write resumed>)              = 1
758   read(10,  <unfinished ...>
757   sched_yield( <unfinished ...>
756   readv(18,  <unfinished ...>
755   sched_yield( <unfinished ...>
754   close(17 <unfinished ...>
753   geteuid( <unfinished ...>
752   sched_yield( <unfinished ...>
751   sched_yield( <unfinished ...>
758   <... read resumed>"!", 32)        = 1
757   <... sched_yield resumed>)        = 0
756   <... readv resumed>[{iov_base="FOR1\0\0\336\234BEAMAtU8\0\0\r\256\0\0\1\37\vcode_server\nstart_link\6erlang\10make_ref\4self\nspawn_link\4init\10register\4true\ttrap_exit\fprocess_flag\4code\3e"..., iov_len=56996}], 1) = 56996
755   <... sched_yield resumed>)        = 0
754   <... close resumed>)              = 0
753   <... geteuid resumed>)            = 0
752   <... sched_yield resumed>)        = 0
746   epoll_wait(6,  <unfinished ...>
758   read(10,  <unfinished ...>
757   sched_yield( <unfinished ...>
756   close(18 <unfinished ...>
755   sched_yield( <unfinished ...>
754   sched_yield( <unfinished ...>
753   readv(19,  <unfinished ...>
752   sched_yield( <unfinished ...>
751   <... sched_yield resumed>)        = 0
758   <... read resumed>0x7f32de5e8c80, 32) = -1 EAGAIN (Resource temporarily unavailable)
757   <... sched_yield resumed>)        = 0
756   <... close resumed>)              = 0
755   <... sched_yield resumed>)        = 0
754   <... sched_yield resumed>)        = 0
753   <... readv resumed>[{iov_base="FOR1\0\0F@BEAMAtU8\0\0\4\331\0\0\0r\ferror_logger\vwarning_map\5undef\6erlang\tnif_error\5start\7whereis\tundefined\nlogger_sup\nsupervisor\vstart_chi"..., iov_len=17992}], 1) = 17992
752   <... sched_yield resumed>)        = 0
746   <... epoll_wait resumed>[], 512, 0) = 0
758   ppoll([{fd=10, events=POLLIN|POLLRDNORM}], 1, NULL, NULL, 8 <unfinished ...>
757   sched_yield( <unfinished ...>
756   sched_yield( <unfinished ...>
755   sched_yield( <unfinished ...>
754   sched_yield( <unfinished ...>
753   close(19 <unfinished ...>
752   sched_yield( <unfinished ...>
751   sched_yield( <unfinished ...>
757   <... sched_yield resumed>)        = 0
756   <... sched_yield resumed>)        = 0
755   <... sched_yield resumed>)        = 0
754   <... sched_yield resumed>)        = 0
753   <... close resumed>)              = 0
752   <... sched_yield resumed>)        = 0
746   write(11, "!", 1 <unfinished ...>
757   sched_yield( <unfinished ...>
756   openat(AT_FDCWD, "/usr/lib/erlang/lib/kernel-8.2/ebin/file.beam", O_RDONLY <unfinished ...>
755   sched_yield( <unfinished ...>
754   sched_yield( <unfinished ...>
753   sched_yield( <unfinished ...>
752   sched_yield( <unfinished ...>
751   <... sched_yield resumed>)        = 0
758   <... ppoll resumed>)              = 1 ([{fd=10, revents=POLLIN|POLLRDNORM}])
757   <... sched_yield resumed>)        = 0
756   <... openat resumed>)             = 17
755   <... sched_yield resumed>)        = 0
754   <... sched_yield resumed>)        = 0
753   <... sched_yield resumed>)        = 0
752   <... sched_yield resumed>)        = 0
746   <... write resumed>)              = 1
758   read(10,  <unfinished ...>
757   sched_yield( <unfinished ...>
756   newfstatat(17, "",  <unfinished ...>
755   sched_yield( <unfinished ...>
754   sched_yield( <unfinished ...>
753   sched_yield( <unfinished ...>
752   sched_yield( <unfinished ...>
751   sched_yield( <unfinished ...>
758   <... read resumed>"!", 32)        = 1
757   <... sched_yield resumed>)        = 0
756   <... newfstatat resumed>{st_mode=S_IFREG|0644, st_size=50832, ...}, AT_EMPTY_PATH) = 0
755   <... sched_yield resumed>)        = 0
754   <... sched_yield resumed>)        = 0
753   <... sched_yield resumed>)        = 0
752   <... sched_yield resumed>)        = 0
746   futex(0x7f32e0eac3d0, FUTEX_WAKE_PRIVATE, 1 <unfinished ...>
758   read(10,  <unfinished ...>
757   openat(AT_FDCWD, "/usr/lib/erlang/lib/kernel-8.2/ebin/filename.beam", O_RDONLY <unfinished ...>
756   newfstatat(17, "",  <unfinished ...>
755   openat(AT_FDCWD, "/usr/lib/erlang/lib/kernel-8.2/ebin/file_server.beam", O_RDONLY <unfinished ...>
754   openat(AT_FDCWD, "/usr/lib/erlang/lib/kernel-8.2/ebin/file_io_server.beam", O_RDONLY <unfinished ...>
753   openat(AT_FDCWD, "/usr/lib/erlang/lib/kernel-8.2/ebin/gen.beam", O_RDONLY <unfinished ...>
752   openat(AT_FDCWD, "/usr/lib/erlang/lib/kernel-8.2/ebin/gen_event.beam", O_RDONLY <unfinished ...>
751   <... sched_yield resumed>)        = 0
758   <... read resumed>0x7f32de5e8c80, 32) = -1 EAGAIN (Resource temporarily unavailable)
757   <... openat resumed>)             = -1 ENOENT (No such file or directory)
756   <... newfstatat resumed>{st_mode=S_IFREG|0644, st_size=50832, ...}, AT_EMPTY_PATH) = 0
755   <... openat resumed>)             = 18
754   <... openat resumed>)             = 19
753   <... openat resumed>)             = -1 ENOENT (No such file or directory)
752   <... openat resumed>)             = -1 ENOENT (No such file or directory)
750   <... futex resumed>)              = 0
746   <... futex resumed>)              = 1
758   ppoll([{fd=10, events=POLLIN|POLLRDNORM}], 1, NULL, NULL, 8 <unfinished ...>
757   sched_yield( <unfinished ...>
756   geteuid( <unfinished ...>
755   newfstatat(18, "",  <unfinished ...>
754   newfstatat(19, "",  <unfinished ...>
753   sched_yield( <unfinished ...>
752   sched_yield( <unfinished ...>
751   openat(AT_FDCWD, "/usr/lib/erlang/lib/kernel-8.2/ebin/gen_server.beam", O_RDONLY <unfinished ...>
750   sched_yield( <unfinished ...>
757   <... sched_yield resumed>)        = 0
756   <... geteuid resumed>)            = 0
755   <... newfstatat resumed>{st_mode=S_IFREG|0644, st_size=11500, ...}, AT_EMPTY_PATH) = 0
754   <... newfstatat resumed>{st_mode=S_IFREG|0644, st_size=40516, ...}, AT_EMPTY_PATH) = 0
753   <... sched_yield resumed>)        = 0
752   <... sched_yield resumed>)        = 0
751   <... openat resumed>)             = -1 ENOENT (No such file or directory)
746   write(11, "!", 1 <unfinished ...>
757   openat(AT_FDCWD, "/usr/lib/erlang/lib/kernel-8.2/ebin/heart.beam", O_RDONLY <unfinished ...>
756   readv(17,  <unfinished ...>
755   newfstatat(18, "",  <unfinished ...>
754   newfstatat(19, "",  <unfinished ...>
753   sched_yield( <unfinished ...>
752   sched_yield( <unfinished ...>
751   openat(AT_FDCWD, "/usr/lib/erlang/lib/kernel-8.2/ebin/kernel.beam", O_RDONLY <unfinished ...>
750   <... sched_yield resumed>)        = 0
758   <... ppoll resumed>)              = 1 ([{fd=10, revents=POLLIN|POLLRDNORM}])
757   <... openat resumed>)             = 20
756   <... readv resumed>[{iov_base="FOR1\0\0\306\210BEAMAtU8\0\0\6\367\0\0\0\261\4file\24native_name_encoding\5undef\6erlang\tnif_error\fformat_error\6io_lib\6format\20undefined_script\6badarg\fsys"..., iov_len=50832}], 1) = 50832
755   <... newfstatat resumed>{st_mode=S_IFREG|0644, st_size=11500, ...}, AT_EMPTY_PATH) = 0
754   <... newfstatat resumed>{st_mode=S_IFREG|0644, st_size=40516, ...}, AT_EMPTY_PATH) = 0
753   <... sched_yield resumed>)        = 0
752   <... sched_yield resumed>)        = 0
751   <... openat resumed>)             = 21
746   <... write resumed>)              = 1
758   read(10,  <unfinished ...>
757   newfstatat(20, "",  <unfinished ...>
756   close(17 <unfinished ...>
755   geteuid( <unfinished ...>
754   geteuid( <unfinished ...>
753   sched_yield( <unfinished ...>
752   sched_yield( <unfinished ...>
751   newfstatat(21, "",  <unfinished ...>
750   sched_yield( <unfinished ...>
758   <... read resumed>"!", 32)        = 1
757   <... newfstatat resumed>{st_mode=S_IFREG|0644, st_size=13328, ...}, AT_EMPTY_PATH) = 0
756   <... close resumed>)              = 0
755   <... geteuid resumed>)            = 0
754   <... geteuid resumed>)            = 0
753   <... sched_yield resumed>)        = 0
752   <... sched_yield resumed>)        = 0
751   <... newfstatat resumed>{st_mode=S_IFREG|0644, st_size=10936, ...}, AT_EMPTY_PATH) = 0
746   futex(0x7f32e0eac390, FUTEX_WAKE_PRIVATE, 1 <unfinished ...>
758   read(10,  <unfinished ...>
757   newfstatat(20, "",  <unfinished ...>
756   openat(AT_FDCWD, "/usr/lib/erlang/lib/kernel-8.2/ebin/logger.beam", O_RDONLY <unfinished ...>
755   readv(18,  <unfinished ...>
754   readv(19,  <unfinished ...>
753   openat(AT_FDCWD, "/usr/lib/erlang/lib/kernel-8.2/ebin/logger_filters.beam", O_RDONLY <unfinished ...>
752   openat(AT_FDCWD, "/usr/lib/erlang/lib/kernel-8.2/ebin/logger_server.beam", O_RDONLY <unfinished ...>
751   newfstatat(21, "",  <unfinished ...>
750   <... sched_yield resumed>)        = 0
758   <... read resumed>0x7f32de5e8c80, 32) = -1 EAGAIN (Resource temporarily unavailable)
757   <... newfstatat resumed>{st_mode=S_IFREG|0644, st_size=13328, ...}, AT_EMPTY_PATH) = 0
756   <... openat resumed>)             = 17
755   <... readv resumed>[{iov_base="FOR1\0\0,\344BEAMAtU8\0\0\3]\0\0\0Y\vfile_server\fformat_error\6io_lib\6format\rerl_posix_msg\7message\5start\nstart_link\4stop\10infinity\rfile_server"..., iov_len=11500}], 1) = 11500
754   <... readv resumed>[{iov_base="FOR1\0\0\236<BEAMAtU8\0\0\4\371\0\0\0\203\16file_io_server\fformat_error\6io_lib\6format\17invalid_unicode\rerl_posix_msg\7message\5start\5spawn\nstart_link\n"..., iov_len=40516}], 1) = 40516
753   <... openat resumed>)             = 22
752   <... openat resumed>)             = 23
751   <... newfstatat resumed>{st_mode=S_IFREG|0644, st_size=10936, ...}, AT_EMPTY_PATH) = 0
749   <... futex resumed>)              = 0
746   <... futex resumed>)              = 1
758   ppoll([{fd=10, events=POLLIN|POLLRDNORM}], 1, NULL, NULL, 8 <unfinished ...>
757   geteuid( <unfinished ...>
756   newfstatat(17, "",  <unfinished ...>
755   close(18 <unfinished ...>
754   close(19 <unfinished ...>
753   newfstatat(22, "",  <unfinished ...>
752   newfstatat(23, "",  <unfinished ...>
751   geteuid( <unfinished ...>
750   sched_yield( <unfinished ...>
749   sched_yield( <unfinished ...>
757   <... geteuid resumed>)            = 0
756   <... newfstatat resumed>{st_mode=S_IFREG|0644, st_size=46424, ...}, AT_EMPTY_PATH) = 0
755   <... close resumed>)              = 0
754   <... close resumed>)              = 0
753   <... newfstatat resumed>{st_mode=S_IFREG|0644, st_size=5416, ...}, AT_EMPTY_PATH) = 0
752   <... newfstatat resumed>{st_mode=S_IFREG|0644, st_size=27708, ...}, AT_EMPTY_PATH) = 0
751   <... geteuid resumed>)            = 0
750   <... sched_yield resumed>)        = 0
746   write(11, "!", 1 <unfinished ...>
757   readv(20,  <unfinished ...>
756   newfstatat(17, "",  <unfinished ...>
755   sched_yield( <unfinished ...>
754   sched_yield( <unfinished ...>
753   newfstatat(22, "",  <unfinished ...>
752   newfstatat(23, "",  <unfinished ...>
751   readv(21,  <unfinished ...>
750   openat(AT_FDCWD, "/usr/lib/erlang/lib/kernel-8.2/ebin/logger_backend.beam", O_RDONLY <unfinished ...>
749   <... sched_yield resumed>)        = 0
758   <... ppoll resumed>)              = 1 ([{fd=10, revents=POLLIN|POLLRDNORM}])
757   <... readv resumed>[{iov_base="FOR1\0\0004\10BEAMAtU8\0\0\3z\0\0\0U\5heart\5start\6erlang\7whereis\tundefined\4self\4init\5spawn\2ok\21wait_for_init_ack\10no_heart\6ignore\5error\4true\ttr"..., iov_len=13328}], 1) = 13328
756   <... newfstatat resumed>{st_mode=S_IFREG|0644, st_size=46424, ...}, AT_EMPTY_PATH) = 0
755   <... sched_yield resumed>)        = 0
754   <... sched_yield resumed>)        = 0
753   <... newfstatat resumed>{st_mode=S_IFREG|0644, st_size=5416, ...}, AT_EMPTY_PATH) = 0
752   <... newfstatat resumed>{st_mode=S_IFREG|0644, st_size=27708, ...}, AT_EMPTY_PATH) = 0
751   <... readv resumed>[{iov_base="FOR1\0\0*\260BEAMAtU8\0\0\2\336\0\0\0=\6kernel\5start\6logger\24internal_init_logger\2ok\nsupervisor\nstart_link\22erl_signal_handler\fadd_handlers\4stop\r"..., iov_len=10936}], 1) = 10936
750   <... openat resumed>)             = 18
746   <... write resumed>)              = 1
758   read(10,  <unfinished ...>
757   close(20 <unfinished ...>
756   geteuid( <unfinished ...>
755   sched_yield( <unfinished ...>
754   sched_yield( <unfinished ...>
753   geteuid( <unfinished ...>
752   geteuid( <unfinished ...>
751   close(21 <unfinished ...>
750   newfstatat(18, "",  <unfinished ...>
749   sched_yield( <unfinished ...>
758   <... read resumed>"!", 32)        = 1
757   <... close resumed>)              = 0
756   <... geteuid resumed>)            = 0
755   <... sched_yield resumed>)        = 0
754   <... sched_yield resumed>)        = 0
753   <... geteuid resumed>)            = 0
752   <... geteuid resumed>)            = 0
751   <... close resumed>)              = 0
750   <... newfstatat resumed>{st_mode=S_IFREG|0644, st_size=6128, ...}, AT_EMPTY_PATH) = 0
746   epoll_wait(6,  <unfinished ...>
758   read(10,  <unfinished ...>
757   openat(AT_FDCWD, "/usr/lib/erlang/lib/kernel-8.2/ebin/logger_config.beam", O_RDONLY <unfinished ...>
756   readv(17,  <unfinished ...>
755   sched_yield( <unfinished ...>
754   sched_yield( <unfinished ...>
753   readv(22,  <unfinished ...>
752   readv(23,  <unfinished ...>
751   sched_yield( <unfinished ...>
750   newfstatat(18, "",  <unfinished ...>
749   <... sched_yield resumed>)        = 0
758   <... read resumed>0x7f32de5e8c80, 32) = -1 EAGAIN (Resource temporarily unavailable)
757   <... openat resumed>)             = 19
756   <... readv resumed>[{iov_base="FOR1\0\0\265PBEAMAtU8\0\0\n\233\0\0\0\330\6logger\temergency\5alert\10critical\5error\7warning\6notice\4info\5debug\3log\5allow\rlogger_config\tmacro_log\21forma"..., iov_len=46424}], 1) = 46424
755   <... sched_yield resumed>)        = 0
754   <... sched_yield resumed>)        = 0
753   <... readv resumed>[{iov_base="FOR1\0\0\25 BEAMAtU8\0\0\1\201\0\0\0001\16logger_filters\6domain\4meta\3log\4stop\5equal\tnot_equal\3sub\5super\tundefined\6badarg\6erlang\5error\5level\2eq\2gt"..., iov_len=5416}], 1) = 5416
752   <... readv resumed>[{iov_base="FOR1\0\0l4BEAMAtU8\0\0\7\227\0\0\0\246\rlogger_server\nstart_link\ngen_server\vadd_handler\2ok\4maps\5merge\5throw\5error\16remove_handler\nadd_filter\7fil"..., iov_len=27708}], 1) = 27708
751   <... sched_yield resumed>)        = 0
750   <... newfstatat resumed>{st_mode=S_IFREG|0644, st_size=6128, ...}, AT_EMPTY_PATH) = 0
746   <... epoll_wait resumed>[], 512, 0) = 0
758   ppoll([{fd=10, events=POLLIN|POLLRDNORM}], 1, NULL, NULL, 8 <unfinished ...>
757   newfstatat(19, "",  <unfinished ...>
756   close(17 <unfinished ...>
755   sched_yield( <unfinished ...>
754   sched_yield( <unfinished ...>
753   close(22 <unfinished ...>
752   close(23 <unfinished ...>
751   sched_yield( <unfinished ...>
750   geteuid( <unfinished ...>
749   sched_yield( <unfinished ...>
757   <... newfstatat resumed>{st_mode=S_IFREG|0644, st_size=8048, ...}, AT_EMPTY_PATH) = 0
756   <... close resumed>)              = 0
755   <... sched_yield resumed>)        = 0
754   <... sched_yield resumed>)        = 0
753   <... close resumed>)              = 0
752   <... close resumed>)              = 0
751   <... sched_yield resumed>)        = 0
750   <... geteuid resumed>)            = 0
746   write(11, "!", 1 <unfinished ...>
757   newfstatat(19, "",  <unfinished ...>
756   sched_yield( <unfinished ...>
755   sched_yield( <unfinished ...>
754   sched_yield( <unfinished ...>
753   sched_yield( <unfinished ...>
752   sched_yield( <unfinished ...>
751   sched_yield( <unfinished ...>
750   readv(18,  <unfinished ...>
749   <... sched_yield resumed>)        = 0
758   <... ppoll resumed>)              = 1 ([{fd=10, revents=POLLIN|POLLRDNORM}])
757   <... newfstatat resumed>{st_mode=S_IFREG|0644, st_size=8048, ...}, AT_EMPTY_PATH) = 0
756   <... sched_yield resumed>)        = 0
755   <... sched_yield resumed>)        = 0
754   <... sched_yield resumed>)        = 0
753   <... sched_yield resumed>)        = 0
752   <... sched_yield resumed>)        = 0
751   <... sched_yield resumed>)        = 0
750   <... readv resumed>[{iov_base="FOR1\0\0\27\350BEAMAtU8\0\0\2\n\0\0\0004\16logger_backend\vlog_allowed\7filters\4maps\3get\7primary\4stop\2ok\10handlers\rcall_handlers\5level\rlogger_config\6"..., iov_len=6128}], 1) = 6128
746   <... write resumed>)              = 1
758   read(10,  <unfinished ...>
757   geteuid( <unfinished ...>
756   sched_yield( <unfinished ...>
755   sched_yield( <unfinished ...>
754   sched_yield( <unfinished ...>
753   sched_yield( <unfinished ...>
752   sched_yield( <unfinished ...>
751   sched_yield( <unfinished ...>
750   close(18 <unfinished ...>
749   sched_yield( <unfinished ...>
758   <... read resumed>"!", 32)        = 1
757   <... geteuid resumed>)            = 0
756   <... sched_yield resumed>)        = 0
755   <... sched_yield resumed>)        = 0
754   <... sched_yield resumed>)        = 0
753   <... sched_yield resumed>)        = 0
752   <... sched_yield resumed>)        = 0
751   <... sched_yield resumed>)        = 0
750   <... close resumed>)              = 0
746   mprotect(0x7f32d0010000, 16384, PROT_READ|PROT_WRITE <unfinished ...>
758   read(10,  <unfinished ...>
757   readv(19,  <unfinished ...>
756   openat(AT_FDCWD, "/usr/lib/erlang/lib/kernel-8.2/ebin/logger_simple_h.beam", O_RDONLY <unfinished ...>
755   sched_yield( <unfinished ...>
754   sched_yield( <unfinished ...>
753   openat(AT_FDCWD, "/usr/lib/erlang/lib/kernel-8.2/ebin/lists.beam", O_RDONLY <unfinished ...>
752   openat(AT_FDCWD, "/usr/lib/erlang/lib/kernel-8.2/ebin/proc_lib.beam", O_RDONLY <unfinished ...>
751   openat(AT_FDCWD, "/usr/lib/erlang/lib/kernel-8.2/ebin/supervisor.beam", O_RDONLY <unfinished ...>
750   sched_yield( <unfinished ...>
749   <... sched_yield resumed>)        = 0
758   <... read resumed>0x7f32de5e8c80, 32) = -1 EAGAIN (Resource temporarily unavailable)
757   <... readv resumed>[{iov_base="FOR1\0\0\37hBEAMAtU8\0\0\2Z\0\0\09\rlogger_config\3new\3ets\7whereis\6delete\tundefined\17persistent_term\3put\5allow\3get\6erlang\1-\23less_or_equal_lev"..., iov_len=8048}], 1) = 8048
756   <... openat resumed>)             = 17
755   <... sched_yield resumed>)        = 0
754   <... sched_yield resumed>)        = 0
753   <... openat resumed>)             = -1 ENOENT (No such file or directory)
752   <... openat resumed>)             = -1 ENOENT (No such file or directory)
751   <... openat resumed>)             = -1 ENOENT (No such file or directory)
750   <... sched_yield resumed>)        = 0
746   <... mprotect resumed>)           = 0
758   ppoll([{fd=10, events=POLLIN|POLLRDNORM}], 1, NULL, NULL, 8 <unfinished ...>
757   close(19 <unfinished ...>
756   newfstatat(17, "",  <unfinished ...>
755   sched_yield( <unfinished ...>
754   sched_yield( <unfinished ...>
753   sched_yield( <unfinished ...>
752   sched_yield( <unfinished ...>
751   sched_yield( <unfinished ...>
750   sched_yield( <unfinished ...>
749   sched_yield( <unfinished ...>
757   <... close resumed>)              = 0
756   <... newfstatat resumed>{st_mode=S_IFREG|0644, st_size=10868, ...}, AT_EMPTY_PATH) = 0
755   <... sched_yield resumed>)        = 0
754   <... sched_yield resumed>)        = 0
753   <... sched_yield resumed>)        = 0
752   <... sched_yield resumed>)        = 0
751   <... sched_yield resumed>)        = 0
750   <... sched_yield resumed>)        = 0
746   mprotect(0x7f32d0014000, 4096, PROT_READ|PROT_WRITE <unfinished ...>
757   sched_yield( <unfinished ...>
756   newfstatat(17, "",  <unfinished ...>
755   sched_yield( <unfinished ...>
754   sched_yield( <unfinished ...>
753   sched_yield( <unfinished ...>
752   sched_yield( <unfinished ...>
751   sched_yield( <unfinished ...>
750   sched_yield( <unfinished ...>
749   <... sched_yield resumed>)        = 0
757   <... sched_yield resumed>)        = 0
756   <... newfstatat resumed>{st_mode=S_IFREG|0644, st_size=10868, ...}, AT_EMPTY_PATH) = 0
755   <... sched_yield resumed>)        = 0
754   <... sched_yield resumed>)        = 0
753   <... sched_yield resumed>)        = 0
752   <... sched_yield resumed>)        = 0
751   <... sched_yield resumed>)        = 0
750   <... sched_yield resumed>)        = 0
746   <... mprotect resumed>)           = 0
757   sched_yield( <unfinished ...>
756   geteuid( <unfinished ...>
755   sched_yield( <unfinished ...>
754   sched_yield( <unfinished ...>
753   sched_yield( <unfinished ...>
752   sched_yield( <unfinished ...>
751   sched_yield( <unfinished ...>
750   sched_yield( <unfinished ...>
749   sched_yield( <unfinished ...>
757   <... sched_yield resumed>)        = 0
756   <... geteuid resumed>)            = 0
755   <... sched_yield resumed>)        = 0
754   <... sched_yield resumed>)        = 0
