915   timerfd_settime(9, 0, {it_interval={tv_sec=0, tv_nsec=0}, it_value={tv_sec=0, tv_nsec=0}},  <unfinished ...>
927   <... read resumed>0x7fb361a6cc80, 32) = -1 EAGAIN (Resource temporarily unavailable)
915   <... timerfd_settime resumed>NULL) = 0
927   write(11, "!", 1 <unfinished ...>
915   read(7,  <unfinished ...>
927   <... write resumed>)              = 1
915   <... read resumed>"!", 32)        = 1
927   ppoll([{fd=10, events=POLLIN|POLLRDNORM}], 1, NULL, NULL, 8 <unfinished ...>
915   read(7,  <unfinished ...>
927   <... ppoll resumed>)              = 1 ([{fd=10, revents=POLLIN|POLLRDNORM}])
915   <... read resumed>0x7fb361efca10, 32) = -1 EAGAIN (Resource temporarily unavailable)
927   read(10,  <unfinished ...>
915   write(8, "!", 1 <unfinished ...>
927   <... read resumed>"!", 32)        = 1
915   <... write resumed>)              = 1
927   read(10,  <unfinished ...>
915   timerfd_settime(9, 0, {it_interval={tv_sec=0, tv_nsec=0}, it_value={tv_sec=0, tv_nsec=940918375}},  <unfinished ...>
927   <... read resumed>0x7fb361a6cc80, 32) = -1 EAGAIN (Resource temporarily unavailable)
915   <... timerfd_settime resumed>NULL) = 0
927   write(11, "!", 1 <unfinished ...>
915   epoll_wait(6,  <unfinished ...>
927   <... write resumed>)              = 1
915   <... epoll_wait resumed>[{events=EPOLLIN, data={u32=7, u64=140724603453447}}], 512, -1) = 1
927   ppoll([{fd=10, events=POLLIN|POLLRDNORM}], 1, NULL, NULL, 8 <unfinished ...>
915   timerfd_settime(9, 0, {it_interval={tv_sec=0, tv_nsec=0}, it_value={tv_sec=0, tv_nsec=0}},  <unfinished ...>
927   <... ppoll resumed>)              = 1 ([{fd=10, revents=POLLIN|POLLRDNORM}])
915   <... timerfd_settime resumed>NULL) = 0
927   read(10,  <unfinished ...>
915   read(7,  <unfinished ...>
927   <... read resumed>"!", 32)        = 1
915   <... read resumed>"!", 32)        = 1
927   read(10,  <unfinished ...>
915   read(7,  <unfinished ...>
927   <... read resumed>0x7fb361a6cc80, 32) = -1 EAGAIN (Resource temporarily unavailable)
915   <... read resumed>0x7fb361efca10, 32) = -1 EAGAIN (Resource temporarily unavailable)
927   ppoll([{fd=10, events=POLLIN|POLLRDNORM}], 1, NULL, NULL, 8 <unfinished ...>
915   write(8, "!", 1)                  = 1
915   timerfd_settime(9, 0, {it_interval={tv_sec=0, tv_nsec=0}, it_value={tv_sec=0, tv_nsec=936834978}}, NULL) = 0
915   epoll_wait(6, [{events=EPOLLIN, data={u32=7, u64=140724603453447}}], 512, -1) = 1
915   timerfd_settime(9, 0, {it_interval={tv_sec=0, tv_nsec=0}, it_value={tv_sec=0, tv_nsec=0}}, NULL) = 0
915   read(7, "!", 32)                  = 1
915   read(7, 0x7fb361efca10, 32)       = -1 EAGAIN (Resource temporarily unavailable)
915   mprotect(0x7fb35400c000, 16384, PROT_READ|PROT_WRITE) = 0
915   futex(0x7fb364330590, FUTEX_WAKE_PRIVATE, 1 <unfinished ...>
926   <... futex resumed>)              = 0
915   <... futex resumed>)              = 1
926   sched_yield( <unfinished ...>
915   write(11, "!", 1 <unfinished ...>
926   <... sched_yield resumed>)        = 0
927   <... ppoll resumed>)              = 1 ([{fd=10, revents=POLLIN|POLLRDNORM}])
915   <... write resumed>)              = 1
927   read(10,  <unfinished ...>
926   getcwd( <unfinished ...>
927   <... read resumed>"!", 32)        = 1
915   timerfd_settime(9, 0, {it_interval={tv_sec=0, tv_nsec=0}, it_value={tv_sec=0, tv_nsec=932412185}},  <unfinished ...>
927   read(10,  <unfinished ...>
926   <... getcwd resumed>"/tmp", 256)  = 5
927   <... read resumed>0x7fb361a6cc80, 32) = -1 EAGAIN (Resource temporarily unavailable)
915   <... timerfd_settime resumed>NULL) = 0
927   write(11, "!", 1 <unfinished ...>
926   write(8, "!", 1 <unfinished ...>
927   <... write resumed>)              = 1
915   epoll_wait(6,  <unfinished ...>
927   ppoll([{fd=10, events=POLLIN|POLLRDNORM}], 1, NULL, NULL, 8 <unfinished ...>
926   <... write resumed>)              = 1
927   <... ppoll resumed>)              = 1 ([{fd=10, revents=POLLIN|POLLRDNORM}])
915   <... epoll_wait resumed>[{events=EPOLLIN, data={u32=7, u64=140724603453447}}], 512, -1) = 1
927   read(10,  <unfinished ...>
926   sched_yield( <unfinished ...>
927   <... read resumed>"!", 32)        = 1
915   timerfd_settime(9, 0, {it_interval={tv_sec=0, tv_nsec=0}, it_value={tv_sec=0, tv_nsec=0}},  <unfinished ...>
927   read(10,  <unfinished ...>
926   <... sched_yield resumed>)        = 0
927   <... read resumed>0x7fb361a6cc80, 32) = -1 EAGAIN (Resource temporarily unavailable)
915   <... timerfd_settime resumed>NULL) = 0
927   write(11, "!", 1 <unfinished ...>
926   sched_yield( <unfinished ...>
927   <... write resumed>)              = 1
915   read(7,  <unfinished ...>
927   ppoll([{fd=10, events=POLLIN|POLLRDNORM}], 1, NULL, NULL, 8 <unfinished ...>
926   <... sched_yield resumed>)        = 0
927   <... ppoll resumed>)              = 1 ([{fd=10, revents=POLLIN|POLLRDNORM}])
915   <... read resumed>"!", 32)        = 1
927   read(10,  <unfinished ...>
926   sched_yield( <unfinished ...>
927   <... read resumed>"!", 32)        = 1
915   read(7,  <unfinished ...>
927   read(10,  <unfinished ...>
926   <... sched_yield resumed>)        = 0
927   <... read resumed>0x7fb361a6cc80, 32) = -1 EAGAIN (Resource temporarily unavailable)
915   <... read resumed>0x7fb361efca10, 32) = -1 EAGAIN (Resource temporarily unavailable)
927   write(11, "!", 1 <unfinished ...>
926   sched_yield( <unfinished ...>
927   <... write resumed>)              = 1
915   timerfd_settime(9, 0, {it_interval={tv_sec=0, tv_nsec=0}, it_value={tv_sec=0, tv_nsec=925344279}},  <unfinished ...>
927   ppoll([{fd=10, events=POLLIN|POLLRDNORM}], 1, NULL, NULL, 8 <unfinished ...>
926   <... sched_yield resumed>)        = 0
927   <... ppoll resumed>)              = 1 ([{fd=10, revents=POLLIN|POLLRDNORM}])
915   <... timerfd_settime resumed>NULL) = 0
927   read(10,  <unfinished ...>
926   openat(AT_FDCWD, "./no_dot_erlang.boot", O_RDONLY <unfinished ...>
927   <... read resumed>"!", 32)        = 1
915   epoll_wait(6,  <unfinished ...>
927   read(10,  <unfinished ...>
926   <... openat resumed>)             = -1 ENOENT (No such file or directory)
927   <... read resumed>0x7fb361a6cc80, 32) = -1 EAGAIN (Resource temporarily unavailable)
926   write(8, "!", 1 <unfinished ...>
927   write(11, "!", 1 <unfinished ...>
926   <... write resumed>)              = 1
915   <... epoll_wait resumed>[{events=EPOLLIN, data={u32=7, u64=140724603453447}}], 512, -1) = 1
927   <... write resumed>)              = 1
926   sched_yield( <unfinished ...>
927   ppoll([{fd=10, events=POLLIN|POLLRDNORM}], 1, NULL, NULL, 8 <unfinished ...>
915   timerfd_settime(9, 0, {it_interval={tv_sec=0, tv_nsec=0}, it_value={tv_sec=0, tv_nsec=0}},  <unfinished ...>
927   <... ppoll resumed>)              = 1 ([{fd=10, revents=POLLIN|POLLRDNORM}])
926   <... sched_yield resumed>)        = 0
927   read(10,  <unfinished ...>
915   <... timerfd_settime resumed>NULL) = 0
927   <... read resumed>"!", 32)        = 1
926   sched_yield( <unfinished ...>
927   read(10,  <unfinished ...>
915   read(7,  <unfinished ...>
927   <... read resumed>0x7fb361a6cc80, 32) = -1 EAGAIN (Resource temporarily unavailable)
926   <... sched_yield resumed>)        = 0
927   ppoll([{fd=10, events=POLLIN|POLLRDNORM}], 1, NULL, NULL, 8 <unfinished ...>
915   <... read resumed>"!", 32)        = 1
926   sched_yield( <unfinished ...>
915   read(7,  <unfinished ...>
926   <... sched_yield resumed>)        = 0
915   <... read resumed>0x7fb361efca10, 32) = -1 EAGAIN (Resource temporarily unavailable)
926   sched_yield( <unfinished ...>
915   write(11, "!", 1 <unfinished ...>
926   <... sched_yield resumed>)        = 0
927   <... ppoll resumed>)              = 1 ([{fd=10, revents=POLLIN|POLLRDNORM}])
915   <... write resumed>)              = 1
927   read(10,  <unfinished ...>
926   openat(AT_FDCWD, "/usr/lib/erlang/bin/no_dot_erlang.boot", O_RDONLY <unfinished ...>
927   <... read resumed>"!", 32)        = 1
915   timerfd_settime(9, 0, {it_interval={tv_sec=0, tv_nsec=0}, it_value={tv_sec=0, tv_nsec=917417197}},  <unfinished ...>
927   read(10,  <unfinished ...>
926   <... openat resumed>)             = 17
927   <... read resumed>0x7fb361a6cc80, 32) = -1 EAGAIN (Resource temporarily unavailable)
915   <... timerfd_settime resumed>NULL) = 0
927   write(11, "!", 1 <unfinished ...>
926   newfstatat(17, "",  <unfinished ...>
927   <... write resumed>)              = 1
915   epoll_wait(6,  <unfinished ...>
927   ppoll([{fd=10, events=POLLIN|POLLRDNORM}], 1, NULL, NULL, 8 <unfinished ...>
926   <... newfstatat resumed>{st_mode=S_IFREG|0644, st_size=6928, ...}, AT_EMPTY_PATH) = 0
927   <... ppoll resumed>)              = 1 ([{fd=10, revents=POLLIN|POLLRDNORM}])
926   newfstatat(17, "",  <unfinished ...>
927   read(10,  <unfinished ...>
926   <... newfstatat resumed>{st_mode=S_IFREG|0644, st_size=6928, ...}, AT_EMPTY_PATH) = 0
927   <... read resumed>"!", 32)        = 1
926   geteuid( <unfinished ...>
927   read(10,  <unfinished ...>
926   <... geteuid resumed>)            = 0
927   <... read resumed>0x7fb361a6cc80, 32) = -1 EAGAIN (Resource temporarily unavailable)
926   readv(17,  <unfinished ...>
927   write(11, "!", 1 <unfinished ...>
926   <... readv resumed>[{iov_base="\203h\3d\0\6scripth\2k\0\nErlang/OTPk\0\00224l\0\0\0\25h\2d\0\tpreLoadedl\0\0\0\25d\0\7atomicsd\0\10countersd\0\10erl_initd\0\17erl_prim_loaderd\0\nerl_tracerd\0\6erlang"..., iov_len=6928}], 1) = 6928
927   <... write resumed>)              = 1
926   write(8, "!", 1 <unfinished ...>
927   ppoll([{fd=10, events=POLLIN|POLLRDNORM}], 1, NULL, NULL, 8 <unfinished ...>
926   <... write resumed>)              = 1
915   <... epoll_wait resumed>[{events=EPOLLIN, data={u32=7, u64=140724603453447}}], 512, -1) = 1
927   <... ppoll resumed>)              = 1 ([{fd=10, revents=POLLIN|POLLRDNORM}])
926   close(17 <unfinished ...>
927   read(10,  <unfinished ...>
915   timerfd_settime(9, 0, {it_interval={tv_sec=0, tv_nsec=0}, it_value={tv_sec=0, tv_nsec=0}},  <unfinished ...>
927   <... read resumed>"!", 32)        = 1
926   <... close resumed>)              = 0
927   read(10,  <unfinished ...>
915   <... timerfd_settime resumed>NULL) = 0
927   <... read resumed>0x7fb361a6cc80, 32) = -1 EAGAIN (Resource temporarily unavailable)
926   sched_yield( <unfinished ...>
927   write(11, "!", 1 <unfinished ...>
915   read(7,  <unfinished ...>
927   <... write resumed>)              = 1
926   <... sched_yield resumed>)        = 0
927   ppoll([{fd=10, events=POLLIN|POLLRDNORM}], 1, NULL, NULL, 8 <unfinished ...>
915   <... read resumed>"!", 32)        = 1
927   <... ppoll resumed>)              = 1 ([{fd=10, revents=POLLIN|POLLRDNORM}])
926   sched_yield( <unfinished ...>
927   read(10,  <unfinished ...>
915   read(7,  <unfinished ...>
927   <... read resumed>"!", 32)        = 1
926   <... sched_yield resumed>)        = 0
927   read(10,  <unfinished ...>
915   <... read resumed>0x7fb361efca10, 32) = -1 EAGAIN (Resource temporarily unavailable)
927   <... read resumed>0x7fb361a6cc80, 32) = -1 EAGAIN (Resource temporarily unavailable)
926   sched_yield( <unfinished ...>
927   write(11, "!", 1 <unfinished ...>
915   write(8, "!", 1 <unfinished ...>
927   <... write resumed>)              = 1
926   <... sched_yield resumed>)        = 0
927   ppoll([{fd=10, events=POLLIN|POLLRDNORM}], 1, NULL, NULL, 8 <unfinished ...>
915   <... write resumed>)              = 1
927   <... ppoll resumed>)              = 1 ([{fd=10, revents=POLLIN|POLLRDNORM}])
926   getcwd( <unfinished ...>
927   read(10,  <unfinished ...>
915   timerfd_settime(9, 0, {it_interval={tv_sec=0, tv_nsec=0}, it_value={tv_sec=0, tv_nsec=906517343}},  <unfinished ...>
927   <... read resumed>"!", 32)        = 1
926   <... getcwd resumed>"/tmp", 256)  = 5
927   read(10,  <unfinished ...>
915   <... timerfd_settime resumed>NULL) = 0
927   <... read resumed>0x7fb361a6cc80, 32) = -1 EAGAIN (Resource temporarily unavailable)
926   sched_yield( <unfinished ...>
927   write(11, "!", 1 <unfinished ...>
915   epoll_wait(6,  <unfinished ...>
927   <... write resumed>)              = 1
926   <... sched_yield resumed>)        = 0
927   ppoll([{fd=10, events=POLLIN|POLLRDNORM}], 1, NULL, NULL, 8 <unfinished ...>
915   <... epoll_wait resumed>[{events=EPOLLIN, data={u32=7, u64=140724603453447}}], 512, -1) = 1
927   <... ppoll resumed>)              = 1 ([{fd=10, revents=POLLIN|POLLRDNORM}])
926   sched_yield( <unfinished ...>
927   read(10,  <unfinished ...>
915   timerfd_settime(9, 0, {it_interval={tv_sec=0, tv_nsec=0}, it_value={tv_sec=0, tv_nsec=0}},  <unfinished ...>
927   <... read resumed>"!", 32)        = 1
926   <... sched_yield resumed>)        = 0
927   read(10,  <unfinished ...>
926   sched_yield( <unfinished ...>
915   <... timerfd_settime resumed>NULL) = 0
927   <... read resumed>0x7fb361a6cc80, 32) = -1 EAGAIN (Resource temporarily unavailable)
926   <... sched_yield resumed>)        = 0
927   write(11, "!", 1 <unfinished ...>
915   read(7,  <unfinished ...>
927   <... write resumed>)              = 1
926   sched_yield( <unfinished ...>
927   ppoll([{fd=10, events=POLLIN|POLLRDNORM}], 1, NULL, NULL, 8 <unfinished ...>
915   <... read resumed>"!", 32)        = 1
927   <... ppoll resumed>)              = 1 ([{fd=10, revents=POLLIN|POLLRDNORM}])
926   <... sched_yield resumed>)        = 0
927   read(10,  <unfinished ...>
915   read(7,  <unfinished ...>
927   <... read resumed>"!", 32)        = 1
926   sched_yield( <unfinished ...>
927   read(10,  <unfinished ...>
915   <... read resumed>0x7fb361efca10, 32) = -1 EAGAIN (Resource temporarily unavailable)
927   <... read resumed>0x7fb361a6cc80, 32) = -1 EAGAIN (Resource temporarily unavailable)
926   <... sched_yield resumed>)        = 0
927   write(11, "!", 1 <unfinished ...>
915   write(8, "!", 1 <unfinished ...>
927   <... write resumed>)              = 1
926   newfstatat(AT_FDCWD, "/usr/lib/erlang/lib/kernel-8.2/ebin",  <unfinished ...>
927   ppoll([{fd=10, events=POLLIN|POLLRDNORM}], 1, NULL, NULL, 8 <unfinished ...>
915   <... write resumed>)              = 1
927   <... ppoll resumed>)              = 1 ([{fd=10, revents=POLLIN|POLLRDNORM}])
926   <... newfstatat resumed>{st_mode=S_IFDIR|0755, st_size=4096, ...}, 0) = 0
927   read(10,  <unfinished ...>
915   timerfd_settime(9, 0, {it_interval={tv_sec=0, tv_nsec=0}, it_value={tv_sec=0, tv_nsec=897729131}},  <unfinished ...>
927   <... read resumed>"!", 32)        = 1
926   access("/usr/lib/erlang/lib/kernel-8.2/ebin", R_OK <unfinished ...>
927   read(10,  <unfinished ...>
915   <... timerfd_settime resumed>NULL) = 0
927   <... read resumed>0x7fb361a6cc80, 32) = -1 EAGAIN (Resource temporarily unavailable)
926   <... access resumed>)             = 0
927   write(11, "!", 1 <unfinished ...>
915   epoll_wait(6,  <unfinished ...>
927   <... write resumed>)              = 1
926   access("/usr/lib/erlang/lib/kernel-8.2/ebin", W_OK <unfinished ...>
927   ppoll([{fd=10, events=POLLIN|POLLRDNORM}], 1, NULL, NULL, 8 <unfinished ...>
915   <... epoll_wait resumed>[{events=EPOLLIN, data={u32=7, u64=140724603453447}}], 512, -1) = 1
927   <... ppoll resumed>)              = 1 ([{fd=10, revents=POLLIN|POLLRDNORM}])
926   <... access resumed>)             = 0
927   read(10,  <unfinished ...>
915   timerfd_settime(9, 0, {it_interval={tv_sec=0, tv_nsec=0}, it_value={tv_sec=0, tv_nsec=0}},  <unfinished ...>
927   <... read resumed>"!", 32)        = 1
926   sched_yield( <unfinished ...>
927   read(10,  <unfinished ...>
915   <... timerfd_settime resumed>NULL) = 0
927   <... read resumed>0x7fb361a6cc80, 32) = -1 EAGAIN (Resource temporarily unavailable)
926   <... sched_yield resumed>)        = 0
927   write(11, "!", 1 <unfinished ...>
915   read(7,  <unfinished ...>
927   <... write resumed>)              = 1
926   sched_yield( <unfinished ...>
927   ppoll([{fd=10, events=POLLIN|POLLRDNORM}], 1, NULL, NULL, 8 <unfinished ...>
915   <... read resumed>"!", 32)        = 1
927   <... ppoll resumed>)              = 1 ([{fd=10, revents=POLLIN|POLLRDNORM}])
926   <... sched_yield resumed>)        = 0
927   read(10,  <unfinished ...>
915   read(7,  <unfinished ...>
927   <... read resumed>"!", 32)        = 1
926   sched_yield( <unfinished ...>
927   read(10,  <unfinished ...>
915   <... read resumed>0x7fb361efca10, 32) = -1 EAGAIN (Resource temporarily unavailable)
927   <... read resumed>0x7fb361a6cc80, 32) = -1 EAGAIN (Resource temporarily unavailable)
926   <... sched_yield resumed>)        = 0
927   write(11, "!", 1 <unfinished ...>
915   timerfd_settime(9, 0, {it_interval={tv_sec=0, tv_nsec=0}, it_value={tv_sec=0, tv_nsec=889727130}},  <unfinished ...>
927   <... write resumed>)              = 1
926   newfstatat(AT_FDCWD, "/usr/lib/erlang/lib/stdlib-3.17/ebin",  <unfinished ...>
927   ppoll([{fd=10, events=POLLIN|POLLRDNORM}], 1, NULL, NULL, 8 <unfinished ...>
915   <... timerfd_settime resumed>NULL) = 0
927   <... ppoll resumed>)              = 1 ([{fd=10, revents=POLLIN|POLLRDNORM}])
926   <... newfstatat resumed>{st_mode=S_IFDIR|0755, st_size=4096, ...}, 0) = 0
927   read(10,  <unfinished ...>
915   epoll_wait(6,  <unfinished ...>
927   <... read resumed>"!", 32)        = 1
926   access("/usr/lib/erlang/lib/stdlib-3.17/ebin", R_OK <unfinished ...>
927   read(10,  <unfinished ...>
926   <... access resumed>)             = 0
927   <... read resumed>0x7fb361a6cc80, 32) = -1 EAGAIN (Resource temporarily unavailable)
926   access("/usr/lib/erlang/lib/stdlib-3.17/ebin", W_OK <unfinished ...>
927   write(11, "!", 1 <unfinished ...>
926   <... access resumed>)             = 0
927   <... write resumed>)              = 1
926   write(8, "!", 1 <unfinished ...>
927   ppoll([{fd=10, events=POLLIN|POLLRDNORM}], 1, NULL, NULL, 8 <unfinished ...>
926   <... write resumed>)              = 1
915   <... epoll_wait resumed>[{events=EPOLLIN, data={u32=7, u64=140724603453447}}], 512, -1) = 1
927   <... ppoll resumed>)              = 1 ([{fd=10, revents=POLLIN|POLLRDNORM}])
926   sched_yield( <unfinished ...>
927   read(10,  <unfinished ...>
915   timerfd_settime(9, 0, {it_interval={tv_sec=0, tv_nsec=0}, it_value={tv_sec=0, tv_nsec=0}},  <unfinished ...>
927   <... read resumed>"!", 32)        = 1
926   <... sched_yield resumed>)        = 0
927   read(10,  <unfinished ...>
915   <... timerfd_settime resumed>NULL) = 0
927   <... read resumed>0x7fb361a6cc80, 32) = -1 EAGAIN (Resource temporarily unavailable)
926   sched_yield( <unfinished ...>
927   write(11, "!", 1 <unfinished ...>
915   read(7,  <unfinished ...>
927   <... write resumed>)              = 1
926   <... sched_yield resumed>)        = 0
927   ppoll([{fd=10, events=POLLIN|POLLRDNORM}], 1, NULL, NULL, 8 <unfinished ...>
915   <... read resumed>"!", 32)        = 1
927   <... ppoll resumed>)              = 1 ([{fd=10, revents=POLLIN|POLLRDNORM}])
926   sched_yield( <unfinished ...>
927   read(10,  <unfinished ...>
915   read(7,  <unfinished ...>
927   <... read resumed>"!", 32)        = 1
926   <... sched_yield resumed>)        = 0
927   read(10,  <unfinished ...>
915   <... read resumed>0x7fb361efca10, 32) = -1 EAGAIN (Resource temporarily unavailable)
927   <... read resumed>0x7fb361a6cc80, 32) = -1 EAGAIN (Resource temporarily unavailable)
926   sched_yield( <unfinished ...>
927   ppoll([{fd=10, events=POLLIN|POLLRDNORM}], 1, NULL, NULL, 8 <unfinished ...>
915   futex(0x7fb364330550, FUTEX_WAKE_PRIVATE, 1 <unfinished ...>
926   <... sched_yield resumed>)        = 0
925   <... futex resumed>)              = 0
915   <... futex resumed>)              = 1
926   openat(AT_FDCWD, "/usr/lib/erlang/lib/kernel-8.2/ebin/error_handler.beam", O_RDONLY <unfinished ...>
925   sched_yield( <unfinished ...>
926   <... openat resumed>)             = 17
915   write(11, "!", 1 <unfinished ...>
926   newfstatat(17, "",  <unfinished ...>
925   <... sched_yield resumed>)        = 0
927   <... ppoll resumed>)              = 1 ([{fd=10, revents=POLLIN|POLLRDNORM}])
926   <... newfstatat resumed>{st_mode=S_IFREG|0644, st_size=4436, ...}, AT_EMPTY_PATH) = 0
915   <... write resumed>)              = 1
927   read(10,  <unfinished ...>
926   newfstatat(17, "",  <unfinished ...>
925   openat(AT_FDCWD, "/usr/lib/erlang/lib/kernel-8.2/ebin/application.beam", O_RDONLY <unfinished ...>
927   <... read resumed>"!", 32)        = 1
926   <... newfstatat resumed>{st_mode=S_IFREG|0644, st_size=4436, ...}, AT_EMPTY_PATH) = 0
915   futex(0x7fb364330510, FUTEX_WAKE_PRIVATE, 1 <unfinished ...>
927   read(10,  <unfinished ...>
926   geteuid( <unfinished ...>
925   <... openat resumed>)             = 18
927   <... read resumed>0x7fb361a6cc80, 32) = -1 EAGAIN (Resource temporarily unavailable)
926   <... geteuid resumed>)            = 0
924   <... futex resumed>)              = 0
915   <... futex resumed>)              = 1
927   ppoll([{fd=10, events=POLLIN|POLLRDNORM}], 1, NULL, NULL, 8 <unfinished ...>
926   readv(17,  <unfinished ...>
925   newfstatat(18, "",  <unfinished ...>
924   sched_yield( <unfinished ...>
926   <... readv resumed>[{iov_base="FOR1\0\0\21LBEAMAtU8\0\0\1c\0\0\0\"\rerror_handler\22undefined_function\6module\6erlang\6length\21function_exported\5false\4true\5apply\20undefined_lamb"..., iov_len=4436}], 1) = 4436
925   <... newfstatat resumed>{st_mode=S_IFREG|0644, st_size=14980, ...}, AT_EMPTY_PATH) = 0
915   write(11, "!", 1 <unfinished ...>
926   close(17 <unfinished ...>
925   newfstatat(18, "",  <unfinished ...>
924   <... sched_yield resumed>)        = 0
927   <... ppoll resumed>)              = 1 ([{fd=10, revents=POLLIN|POLLRDNORM}])
926   <... close resumed>)              = 0
925   <... newfstatat resumed>{st_mode=S_IFREG|0644, st_size=14980, ...}, AT_EMPTY_PATH) = 0
915   <... write resumed>)              = 1
927   read(10,  <unfinished ...>
926   sched_yield( <unfinished ...>
925   geteuid( <unfinished ...>
924   openat(AT_FDCWD, "/usr/lib/erlang/lib/kernel-8.2/ebin/application_controller.beam", O_RDONLY <unfinished ...>
927   <... read resumed>"!", 32)        = 1
926   <... sched_yield resumed>)        = 0
925   <... geteuid resumed>)            = 0
915   futex(0x7fb3643304d0, FUTEX_WAKE_PRIVATE, 1 <unfinished ...>
927   read(10,  <unfinished ...>
926   openat(AT_FDCWD, "/usr/lib/erlang/lib/kernel-8.2/ebin/application_master.beam", O_RDONLY <unfinished ...>
925   readv(18,  <unfinished ...>
924   <... openat resumed>)             = 17
927   <... read resumed>0x7fb361a6cc80, 32) = -1 EAGAIN (Resource temporarily unavailable)
926   <... openat resumed>)             = 19
925   <... readv resumed>[{iov_base="FOR1\0\0:|BEAMAtU8\0\0\3c\0\0\0C\vapplication\4load\5load1\26application_controller\20load_application\2ok\7dist_ac\5error\22unload_application\6unlo"..., iov_len=14980}], 1) = 14980
923   <... futex resumed>)              = 0
915   <... futex resumed>)              = 1
927   ppoll([{fd=10, events=POLLIN|POLLRDNORM}], 1, NULL, NULL, 8 <unfinished ...>
926   newfstatat(19, "",  <unfinished ...>
925   close(18 <unfinished ...>
924   newfstatat(17, "",  <unfinished ...>
923   sched_yield( <unfinished ...>
926   <... newfstatat resumed>{st_mode=S_IFREG|0644, st_size=15272, ...}, AT_EMPTY_PATH) = 0
925   <... close resumed>)              = 0
924   <... newfstatat resumed>{st_mode=S_IFREG|0644, st_size=88932, ...}, AT_EMPTY_PATH) = 0
915   futex(0x7fb364330490, FUTEX_WAKE_PRIVATE, 1 <unfinished ...>
926   newfstatat(19, "",  <unfinished ...>
925   sched_yield( <unfinished ...>
924   newfstatat(17, "",  <unfinished ...>
923   <... sched_yield resumed>)        = 0
926   <... newfstatat resumed>{st_mode=S_IFREG|0644, st_size=15272, ...}, AT_EMPTY_PATH) = 0
925   <... sched_yield resumed>)        = 0
924   <... newfstatat resumed>{st_mode=S_IFREG|0644, st_size=88932, ...}, AT_EMPTY_PATH) = 0
922   <... futex resumed>)              = 0
915   <... futex resumed>)              = 1
926   geteuid( <unfinished ...>
925   sched_yield( <unfinished ...>
924   geteuid( <unfinished ...>
923   openat(AT_FDCWD, "/usr/lib/erlang/lib/kernel-8.2/ebin/code.beam", O_RDONLY <unfinished ...>
922   sched_yield( <unfinished ...>
926   <... geteuid resumed>)            = 0
925   <... sched_yield resumed>)        = 0
924   <... geteuid resumed>)            = 0
923   <... openat resumed>)             = 18
915   write(11, "!", 1 <unfinished ...>
926   readv(19,  <unfinished ...>
925   openat(AT_FDCWD, "/usr/lib/erlang/lib/kernel-8.2/ebin/code_server.beam", O_RDONLY <unfinished ...>
924   readv(17,  <unfinished ...>
923   newfstatat(18, "",  <unfinished ...>
922   <... sched_yield resumed>)        = 0
927   <... ppoll resumed>)              = 1 ([{fd=10, revents=POLLIN|POLLRDNORM}])
926   <... readv resumed>[{iov_base="FOR1\0\0;\240BEAMAtU8\0\0\3\253\0\0\0]\22application_master\nstart_link\26application_controller\6erlang\7whereis\4self\4init\10proc_lib\nstart_type\fgroup"..., iov_len=15272}], 1) = 15272
925   <... openat resumed>)             = 20
924   <... readv resumed>[{iov_base="FOR1\0\1[\\BEAMAtU8\0\0\22/\0\0\1t\26application_controller\5start\6erlang\4self\nspawn_link\4EXIT\3ack\5error\2ok\20load_application\10infinity\ngen_ser"..., iov_len=88932}], 1) = 88932
923   <... newfstatat resumed>{st_mode=S_IFREG|0644, st_size=42304, ...}, AT_EMPTY_PATH) = 0
915   <... write resumed>)              = 1
927   read(10,  <unfinished ...>
926   close(19 <unfinished ...>
925   newfstatat(20, "",  <unfinished ...>
924   close(17 <unfinished ...>
923   newfstatat(18, "",  <unfinished ...>
922   sched_yield( <unfinished ...>
927   <... read resumed>"!", 32)        = 1
926   <... close resumed>)              = 0
925   <... newfstatat resumed>{st_mode=S_IFREG|0644, st_size=56996, ...}, AT_EMPTY_PATH) = 0
924   <... close resumed>)              = 0
923   <... newfstatat resumed>{st_mode=S_IFREG|0644, st_size=42304, ...}, AT_EMPTY_PATH) = 0
915   futex(0x7fb364330450, FUTEX_WAKE_PRIVATE, 1 <unfinished ...>
927   read(10,  <unfinished ...>
926   openat(AT_FDCWD, "/usr/lib/erlang/lib/kernel-8.2/ebin/erl_eval.beam", O_RDONLY <unfinished ...>
925   newfstatat(20, "",  <unfinished ...>
924   sched_yield( <unfinished ...>
923   geteuid( <unfinished ...>
922   <... sched_yield resumed>)        = 0
927   <... read resumed>0x7fb361a6cc80, 32) = -1 EAGAIN (Resource temporarily unavailable)
926   <... openat resumed>)             = -1 ENOENT (No such file or directory)
925   <... newfstatat resumed>{st_mode=S_IFREG|0644, st_size=56996, ...}, AT_EMPTY_PATH) = 0
924   <... sched_yield resumed>)        = 0
923   <... geteuid resumed>)            = 0
921   <... futex resumed>)              = 0
915   <... futex resumed>)              = 1
927   ppoll([{fd=10, events=POLLIN|POLLRDNORM}], 1, NULL, NULL, 8 <unfinished ...>
926   sched_yield( <unfinished ...>
925   geteuid( <unfinished ...>
924   sched_yield( <unfinished ...>
923   mmap(NULL, 1048576, PROT_READ|PROT_WRITE, MAP_PRIVATE|MAP_ANONYMOUS, -1, 0 <unfinished ...>
922   sched_yield( <unfinished ...>
921   sched_yield( <unfinished ...>
926   <... sched_yield resumed>)        = 0
925   <... geteuid resumed>)            = 0
924   <... sched_yield resumed>)        = 0
923   <... mmap resumed>)               = 0x7fb3618c8000
922   <... sched_yield resumed>)        = 0
915   write(11, "!", 1 <unfinished ...>
926   sched_yield( <unfinished ...>
925   futex(0x55b582e13d28, FUTEX_WAIT_PRIVATE, 2, NULL <unfinished ...>
924   openat(AT_FDCWD, "/usr/lib/erlang/lib/kernel-8.2/ebin/erl_lint.beam", O_RDONLY <unfinished ...>
923   futex(0x55b582e13d28, FUTEX_WAKE_PRIVATE, 1 <unfinished ...>
922   sched_yield( <unfinished ...>
921   <... sched_yield resumed>)        = 0
927   <... ppoll resumed>)              = 1 ([{fd=10, revents=POLLIN|POLLRDNORM}])
926   <... sched_yield resumed>)        = 0
925   <... futex resumed>)              = -1 EAGAIN (Resource temporarily unavailable)
924   <... openat resumed>)             = -1 ENOENT (No such file or directory)
923   <... futex resumed>)              = 0
922   <... sched_yield resumed>)        = 0
915   <... write resumed>)              = 1
927   read(10,  <unfinished ...>
926   sched_yield( <unfinished ...>
925   futex(0x55b582e13d28, FUTEX_WAKE_PRIVATE, 1 <unfinished ...>
924   sched_yield( <unfinished ...>
923   readv(18,  <unfinished ...>
922   sched_yield( <unfinished ...>
921   sched_yield( <unfinished ...>
927   <... read resumed>"!", 32)        = 1
926   <... sched_yield resumed>)        = 0
925   <... futex resumed>)              = 0
924   <... sched_yield resumed>)        = 0
923   <... readv resumed>[{iov_base="FOR1\0\0\2458BEAMAtU8\0\0\v\207\0\0\0\356\4code\tget_chunk\vget_chunk_1\rerts_internal\16beamfile_chunk\5error\16new_stacktrace\6erlang\4EXIT\5raise\20is_modul"..., iov_len=42304}], 1) = 42304
922   <... sched_yield resumed>)        = 0
915   epoll_wait(6,  <unfinished ...>
921   <... sched_yield resumed>)        = 0
927   read(10,  <unfinished ...>
926   sched_yield( <unfinished ...>
925   readv(20,  <unfinished ...>
924   openat(AT_FDCWD, "/usr/lib/erlang/lib/kernel-8.2/ebin/erl_parse.beam", O_RDONLY <unfinished ...>
923   close(18 <unfinished ...>
922   sched_yield( <unfinished ...>
915   <... epoll_wait resumed>[], 512, 0) = 0
927   <... read resumed>0x7fb361a6cc80, 32) = -1 EAGAIN (Resource temporarily unavailable)
926   <... sched_yield resumed>)        = 0
925   <... readv resumed>[{iov_base="FOR1\0\0\336\234BEAMAtU8\0\0\r\256\0\0\1\37\vcode_server\nstart_link\6erlang\10make_ref\4self\nspawn_link\4init\10register\4true\ttrap_exit\fprocess_flag\4code\3e"..., iov_len=56996}], 1) = 56996
924   <... openat resumed>)             = -1 ENOENT (No such file or directory)
923   <... close resumed>)              = 0
922   <... sched_yield resumed>)        = 0
921   sched_yield( <unfinished ...>
927   ppoll([{fd=10, events=POLLIN|POLLRDNORM}], 1, NULL, NULL, 8 <unfinished ...>
926   openat(AT_FDCWD, "/usr/lib/erlang/lib/kernel-8.2/ebin/error_logger.beam", O_RDONLY <unfinished ...>
925   close(20 <unfinished ...>
924   openat(AT_FDCWD, "/usr/lib/erlang/lib/kernel-8.2/ebin/ets.beam", O_RDONLY <unfinished ...>
923   openat(AT_FDCWD, "/usr/lib/erlang/lib/kernel-8.2/ebin/file.beam", O_RDONLY <unfinished ...>
922   sched_yield( <unfinished ...>
915   futex(0x7fb364330410, FUTEX_WAKE_PRIVATE, 1 <unfinished ...>
926   <... openat resumed>)             = 17
925   <... close resumed>)              = 0
924   <... openat resumed>)             = -1 ENOENT (No such file or directory)
923   <... openat resumed>)             = 18
922   <... sched_yield resumed>)        = 0
921   <... sched_yield resumed>)        = 0
926   newfstatat(17, "",  <unfinished ...>
925   sched_yield( <unfinished ...>
924   sched_yield( <unfinished ...>
923   newfstatat(18, "",  <unfinished ...>
922   sched_yield( <unfinished ...>
920   <... futex resumed>)              = 0
915   <... futex resumed>)              = 1
926   <... newfstatat resumed>{st_mode=S_IFREG|0644, st_size=17992, ...}, AT_EMPTY_PATH) = 0
925   <... sched_yield resumed>)        = 0
924   <... sched_yield resumed>)        = 0
923   <... newfstatat resumed>{st_mode=S_IFREG|0644, st_size=50832, ...}, AT_EMPTY_PATH) = 0
922   <... sched_yield resumed>)        = 0
921   sched_yield( <unfinished ...>
920   sched_yield( <unfinished ...>
926   newfstatat(17, "",  <unfinished ...>
925   sched_yield( <unfinished ...>
924   sched_yield( <unfinished ...>
923   newfstatat(18, "",  <unfinished ...>
922   openat(AT_FDCWD, "/usr/lib/erlang/lib/kernel-8.2/ebin/filename.beam", O_RDONLY <unfinished ...>
921   <... sched_yield resumed>)        = 0
915   write(11, "!", 1 <unfinished ...>
926   <... newfstatat resumed>{st_mode=S_IFREG|0644, st_size=17992, ...}, AT_EMPTY_PATH) = 0
925   <... sched_yield resumed>)        = 0
924   <... sched_yield resumed>)        = 0
923   <... newfstatat resumed>{st_mode=S_IFREG|0644, st_size=50832, ...}, AT_EMPTY_PATH) = 0
922   <... openat resumed>)             = -1 ENOENT (No such file or directory)
921   sched_yield( <unfinished ...>
920   <... sched_yield resumed>)        = 0
927   <... ppoll resumed>)              = 1 ([{fd=10, revents=POLLIN|POLLRDNORM}])
926   geteuid( <unfinished ...>
925   sched_yield( <unfinished ...>
924   sched_yield( <unfinished ...>
923   geteuid( <unfinished ...>
922   sched_yield( <unfinished ...>
921   <... sched_yield resumed>)        = 0
915   <... write resumed>)              = 1
927   read(10,  <unfinished ...>
926   <... geteuid resumed>)            = 0
925   <... sched_yield resumed>)        = 0
924   <... sched_yield resumed>)        = 0
923   <... geteuid resumed>)            = 0
922   <... sched_yield resumed>)        = 0
921   sched_yield( <unfinished ...>
920   sched_yield( <unfinished ...>
927   <... read resumed>"!", 32)        = 1
926   readv(17,  <unfinished ...>
925   openat(AT_FDCWD, "/usr/lib/erlang/lib/kernel-8.2/ebin/file_server.beam", O_RDONLY <unfinished ...>
924   openat(AT_FDCWD, "/usr/lib/erlang/lib/kernel-8.2/ebin/file_io_server.beam", O_RDONLY <unfinished ...>
923   readv(18,  <unfinished ...>
922   openat(AT_FDCWD, "/usr/lib/erlang/lib/kernel-8.2/ebin/gen.beam", O_RDONLY <unfinished ...>
921   <... sched_yield resumed>)        = 0
915   futex(0x7fb3643303d0, FUTEX_WAKE_PRIVATE, 1 <unfinished ...>
927   read(10,  <unfinished ...>
926   <... readv resumed>[{iov_base="FOR1\0\0F@BEAMAtU8\0\0\4\331\0\0\0r\ferror_logger\vwarning_map\5undef\6erlang\tnif_error\5start\7whereis\tundefined\nlogger_sup\nsupervisor\vstart_chi"..., iov_len=17992}], 1) = 17992
925   <... openat resumed>)             = 19
924   <... openat resumed>)             = 20
923   <... readv resumed>[{iov_base="FOR1\0\0\306\210BEAMAtU8\0\0\6\367\0\0\0\261\4file\24native_name_encoding\5undef\6erlang\tnif_error\fformat_error\6io_lib\6format\20undefined_script\6badarg\fsys"..., iov_len=50832}], 1) = 50832
922   <... openat resumed>)             = -1 ENOENT (No such file or directory)
921   openat(AT_FDCWD, "/usr/lib/erlang/lib/kernel-8.2/ebin/gen_event.beam", O_RDONLY <unfinished ...>
920   <... sched_yield resumed>)        = 0
927   <... read resumed>0x7fb361a6cc80, 32) = -1 EAGAIN (Resource temporarily unavailable)
926   close(17 <unfinished ...>
925   newfstatat(19, "",  <unfinished ...>
924   newfstatat(20, "",  <unfinished ...>
923   close(18 <unfinished ...>
922   openat(AT_FDCWD, "/usr/lib/erlang/lib/kernel-8.2/ebin/gen_server.beam", O_RDONLY <unfinished ...>
921   <... openat resumed>)             = -1 ENOENT (No such file or directory)
919   <... futex resumed>)              = 0
915   <... futex resumed>)              = 1
927   ppoll([{fd=10, events=POLLIN|POLLRDNORM}], 1, NULL, NULL, 8 <unfinished ...>
926   <... close resumed>)              = 0
925   <... newfstatat resumed>{st_mode=S_IFREG|0644, st_size=11500, ...}, AT_EMPTY_PATH) = 0
924   <... newfstatat resumed>{st_mode=S_IFREG|0644, st_size=40516, ...}, AT_EMPTY_PATH) = 0
923   <... close resumed>)              = 0
922   <... openat resumed>)             = -1 ENOENT (No such file or directory)
921   sched_yield( <unfinished ...>
920   sched_yield( <unfinished ...>
919   sched_yield( <unfinished ...>
926   sched_yield( <unfinished ...>
925   newfstatat(19, "",  <unfinished ...>
924   newfstatat(20, "",  <unfinished ...>
923   sched_yield( <unfinished ...>
922   sched_yield( <unfinished ...>
921   <... sched_yield resumed>)        = 0
920   <... sched_yield resumed>)        = 0
915   write(11, "!", 1 <unfinished ...>
926   <... sched_yield resumed>)        = 0
925   <... newfstatat resumed>{st_mode=S_IFREG|0644, st_size=11500, ...}, AT_EMPTY_PATH) = 0
924   <... newfstatat resumed>{st_mode=S_IFREG|0644, st_size=40516, ...}, AT_EMPTY_PATH) = 0
923   <... sched_yield resumed>)        = 0
922   <... sched_yield resumed>)        = 0
921   sched_yield( <unfinished ...>
920   openat(AT_FDCWD, "/usr/lib/erlang/lib/kernel-8.2/ebin/heart.beam", O_RDONLY <unfinished ...>
919   <... sched_yield resumed>)        = 0
927   <... ppoll resumed>)              = 1 ([{fd=10, revents=POLLIN|POLLRDNORM}])
926   sched_yield( <unfinished ...>
925   geteuid( <unfinished ...>
924   geteuid( <unfinished ...>
923   sched_yield( <unfinished ...>
922   sched_yield( <unfinished ...>
921   <... sched_yield resumed>)        = 0
920   <... openat resumed>)             = 17
915   <... write resumed>)              = 1
927   read(10,  <unfinished ...>
926   <... sched_yield resumed>)        = 0
925   <... geteuid resumed>)            = 0
924   <... geteuid resumed>)            = 0
923   <... sched_yield resumed>)        = 0
922   <... sched_yield resumed>)        = 0
921   sched_yield( <unfinished ...>
920   newfstatat(17, "",  <unfinished ...>
919   sched_yield( <unfinished ...>
927   <... read resumed>"!", 32)        = 1
926   sched_yield( <unfinished ...>
925   readv(19,  <unfinished ...>
924   readv(20,  <unfinished ...>
923   sched_yield( <unfinished ...>
922   openat(AT_FDCWD, "/usr/lib/erlang/lib/kernel-8.2/ebin/kernel.beam", O_RDONLY <unfinished ...>
921   <... sched_yield resumed>)        = 0
920   <... newfstatat resumed>{st_mode=S_IFREG|0644, st_size=13328, ...}, AT_EMPTY_PATH) = 0
915   epoll_wait(6,  <unfinished ...>
927   read(10,  <unfinished ...>
926   <... sched_yield resumed>)        = 0
925   <... readv resumed>[{iov_base="FOR1\0\0,\344BEAMAtU8\0\0\3]\0\0\0Y\vfile_server\fformat_error\6io_lib\6format\rerl_posix_msg\7message\5start\nstart_link\4stop\10infinity\rfile_server"..., iov_len=11500}], 1) = 11500
924   <... readv resumed>[{iov_base="FOR1\0\0\236<BEAMAtU8\0\0\4\371\0\0\0\203\16file_io_server\fformat_error\6io_lib\6format\17invalid_unicode\rerl_posix_msg\7message\5start\5spawn\nstart_link\n"..., iov_len=40516}], 1) = 40516
923   <... sched_yield resumed>)        = 0
922   <... openat resumed>)             = 18
921   sched_yield( <unfinished ...>
920   newfstatat(17, "",  <unfinished ...>
919   <... sched_yield resumed>)        = 0
927   <... read resumed>0x7fb361a6cc80, 32) = -1 EAGAIN (Resource temporarily unavailable)
926   sched_yield( <unfinished ...>
925   close(19 <unfinished ...>
924   close(20 <unfinished ...>
923   sched_yield( <unfinished ...>
922   newfstatat(18, "",  <unfinished ...>
921   <... sched_yield resumed>)        = 0
920   <... newfstatat resumed>{st_mode=S_IFREG|0644, st_size=13328, ...}, AT_EMPTY_PATH) = 0
915   <... epoll_wait resumed>[], 512, 0) = 0
927   ppoll([{fd=10, events=POLLIN|POLLRDNORM}], 1, NULL, NULL, 8 <unfinished ...>
926   <... sched_yield resumed>)        = 0
925   <... close resumed>)              = 0
924   <... close resumed>)              = 0
923   <... sched_yield resumed>)        = 0
922   <... newfstatat resumed>{st_mode=S_IFREG|0644, st_size=10936, ...}, AT_EMPTY_PATH) = 0
921   sched_yield( <unfinished ...>
920   geteuid( <unfinished ...>
919   sched_yield( <unfinished ...>
926   sched_yield( <unfinished ...>
925   sched_yield( <unfinished ...>
924   sched_yield( <unfinished ...>
923   sched_yield( <unfinished ...>
922   newfstatat(18, "",  <unfinished ...>
921   <... sched_yield resumed>)        = 0
920   <... geteuid resumed>)            = 0
915   write(11, "!", 1 <unfinished ...>
926   <... sched_yield resumed>)        = 0
925   <... sched_yield resumed>)        = 0
924   <... sched_yield resumed>)        = 0
923   <... sched_yield resumed>)        = 0
922   <... newfstatat resumed>{st_mode=S_IFREG|0644, st_size=10936, ...}, AT_EMPTY_PATH) = 0
921   sched_yield( <unfinished ...>
920   readv(17,  <unfinished ...>
919   <... sched_yield resumed>)        = 0
927   <... ppoll resumed>)              = 1 ([{fd=10, revents=POLLIN|POLLRDNORM}])
926   sched_yield( <unfinished ...>
925   sched_yield( <unfinished ...>
924   sched_yield( <unfinished ...>
923   sched_yield( <unfinished ...>
922   geteuid( <unfinished ...>
921   <... sched_yield resumed>)        = 0
920   <... readv resumed>[{iov_base="FOR1\0\0004\10BEAMAtU8\0\0\3z\0\0\0U\5heart\5start\6erlang\7whereis\tundefined\4self\4init\5spawn\2ok\21wait_for_init_ack\10no_heart\6ignore\5error\4true\ttr"..., iov_len=13328}], 1) = 13328
915   <... write resumed>)              = 1
927   read(10,  <unfinished ...>
926   <... sched_yield resumed>)        = 0
925   <... sched_yield resumed>)        = 0
924   <... sched_yield resumed>)        = 0
923   <... sched_yield resumed>)        = 0
922   <... geteuid resumed>)            = 0
921   sched_yield( <unfinished ...>
920   close(17 <unfinished ...>
919   sched_yield( <unfinished ...>
927   <... read resumed>"!", 32)        = 1
926   openat(AT_FDCWD, "/usr/lib/erlang/lib/kernel-8.2/ebin/logger.beam", O_RDONLY <unfinished ...>
925   openat(AT_FDCWD, "/usr/lib/erlang/lib/kernel-8.2/ebin/logger_filters.beam", O_RDONLY <unfinished ...>
924   openat(AT_FDCWD, "/usr/lib/erlang/lib/kernel-8.2/ebin/logger_server.beam", O_RDONLY <unfinished ...>
923   openat(AT_FDCWD, "/usr/lib/erlang/lib/kernel-8.2/ebin/logger_backend.beam", O_RDONLY <unfinished ...>
922   readv(18,  <unfinished ...>
921   <... sched_yield resumed>)        = 0
920   <... close resumed>)              = 0
915   futex(0x7fb364330390, FUTEX_WAKE_PRIVATE, 1 <unfinished ...>
927   read(10,  <unfinished ...>
926   <... openat resumed>)             = 17
925   <... openat resumed>)             = 19
924   <... openat resumed>)             = 20
923   <... openat resumed>)             = 21
922   <... readv resumed>[{iov_base="FOR1\0\0*\260BEAMAtU8\0\0\2\336\0\0\0=\6kernel\5start\6logger\24internal_init_logger\2ok\nsupervisor\nstart_link\22erl_signal_handler\fadd_handlers\4stop\r"..., iov_len=10936}], 1) = 10936
921   openat(AT_FDCWD, "/usr/lib/erlang/lib/kernel-8.2/ebin/logger_config.beam", O_RDONLY <unfinished ...>
920   openat(AT_FDCWD, "/usr/lib/erlang/lib/kernel-8.2/ebin/logger_simple_h.beam", O_RDONLY <unfinished ...>
919   <... sched_yield resumed>)        = 0
927   <... read resumed>0x7fb361a6cc80, 32) = -1 EAGAIN (Resource temporarily unavailable)
926   newfstatat(17, "",  <unfinished ...>
925   newfstatat(19, "",  <unfinished ...>
924   newfstatat(20, "",  <unfinished ...>
923   newfstatat(21, "",  <unfinished ...>
922   close(18 <unfinished ...>
921   <... openat resumed>)             = 22
920   <... openat resumed>)             = 23
918   <... futex resumed>)              = 0
915   <... futex resumed>)              = 1
927   ppoll([{fd=10, events=POLLIN|POLLRDNORM}], 1, NULL, NULL, 8 <unfinished ...>
926   <... newfstatat resumed>{st_mode=S_IFREG|0644, st_size=46424, ...}, AT_EMPTY_PATH) = 0
925   <... newfstatat resumed>{st_mode=S_IFREG|0644, st_size=5416, ...}, AT_EMPTY_PATH) = 0
924   <... newfstatat resumed>{st_mode=S_IFREG|0644, st_size=27708, ...}, AT_EMPTY_PATH) = 0
923   <... newfstatat resumed>{st_mode=S_IFREG|0644, st_size=6128, ...}, AT_EMPTY_PATH) = 0
922   <... close resumed>)              = 0
921   newfstatat(22, "",  <unfinished ...>
920   newfstatat(23, "",  <unfinished ...>
919   sched_yield( <unfinished ...>
918   sched_yield( <unfinished ...>
926   newfstatat(17, "",  <unfinished ...>
925   newfstatat(19, "",  <unfinished ...>
924   newfstatat(20, "",  <unfinished ...>
923   newfstatat(21, "",  <unfinished ...>
922   sched_yield( <unfinished ...>
921   <... newfstatat resumed>{st_mode=S_IFREG|0644, st_size=8048, ...}, AT_EMPTY_PATH) = 0
920   <... newfstatat resumed>{st_mode=S_IFREG|0644, st_size=10868, ...}, AT_EMPTY_PATH) = 0
919   <... sched_yield resumed>)        = 0
915   write(11, "!", 1 <unfinished ...>
926   <... newfstatat resumed>{st_mode=S_IFREG|0644, st_size=46424, ...}, AT_EMPTY_PATH) = 0
925   <... newfstatat resumed>{st_mode=S_IFREG|0644, st_size=5416, ...}, AT_EMPTY_PATH) = 0
924   <... newfstatat resumed>{st_mode=S_IFREG|0644, st_size=27708, ...}, AT_EMPTY_PATH) = 0
923   <... newfstatat resumed>{st_mode=S_IFREG|0644, st_size=6128, ...}, AT_EMPTY_PATH) = 0
922   <... sched_yield resumed>)        = 0
921   newfstatat(22, "",  <unfinished ...>
920   newfstatat(23, "",  <unfinished ...>
919   openat(AT_FDCWD, "/usr/lib/erlang/lib/kernel-8.2/ebin/lists.beam", O_RDONLY <unfinished ...>
918   <... sched_yield resumed>)        = 0
927   <... ppoll resumed>)              = 1 ([{fd=10, revents=POLLIN|POLLRDNORM}])
926   geteuid( <unfinished ...>
925   geteuid( <unfinished ...>
924   geteuid( <unfinished ...>
923   geteuid( <unfinished ...>
922   sched_yield( <unfinished ...>
921   <... newfstatat resumed>{st_mode=S_IFREG|0644, st_size=8048, ...}, AT_EMPTY_PATH) = 0
920   <... newfstatat resumed>{st_mode=S_IFREG|0644, st_size=10868, ...}, AT_EMPTY_PATH) = 0
919   <... openat resumed>)             = -1 ENOENT (No such file or directory)
915   <... write resumed>)              = 1
927   read(10,  <unfinished ...>
926   <... geteuid resumed>)            = 0
925   <... geteuid resumed>)            = 0
924   <... geteuid resumed>)            = 0
923   <... geteuid resumed>)            = 0
922   <... sched_yield resumed>)        = 0
921   geteuid( <unfinished ...>
920   geteuid( <unfinished ...>
919   sched_yield( <unfinished ...>
918   sched_yield( <unfinished ...>
927   <... read resumed>"!", 32)        = 1
926   readv(17,  <unfinished ...>
925   readv(19,  <unfinished ...>
924   readv(20,  <unfinished ...>
923   readv(21,  <unfinished ...>
922   openat(AT_FDCWD, "/usr/lib/erlang/lib/kernel-8.2/ebin/proc_lib.beam", O_RDONLY <unfinished ...>
921   <... geteuid resumed>)            = 0
920   <... geteuid resumed>)            = 0
919   <... sched_yield resumed>)        = 0
915   mprotect(0x7fb354010000, 16384, PROT_READ|PROT_WRITE <unfinished ...>
927   read(10,  <unfinished ...>
926   <... readv resumed>[{iov_base="FOR1\0\0\265PBEAMAtU8\0\0\n\233\0\0\0\330\6logger\temergency\5alert\10critical\5error\7warning\6notice\4info\5debug\3log\5allow\rlogger_config\tmacro_log\21forma"..., iov_len=46424}], 1) = 46424
925   <... readv resumed>[{iov_base="FOR1\0\0\25 BEAMAtU8\0\0\1\201\0\0\0001\16logger_filters\6domain\4meta\3log\4stop\5equal\tnot_equal\3sub\5super\tundefined\6badarg\6erlang\5error\5level\2eq\2gt"..., iov_len=5416}], 1) = 5416
924   <... readv resumed>[{iov_base="FOR1\0\0l4BEAMAtU8\0\0\7\227\0\0\0\246\rlogger_server\nstart_link\ngen_server\vadd_handler\2ok\4maps\5merge\5throw\5error\16remove_handler\nadd_filter\7fil"..., iov_len=27708}], 1) = 27708
923   <... readv resumed>[{iov_base="FOR1\0\0\27\350BEAMAtU8\0\0\2\n\0\0\0004\16logger_backend\vlog_allowed\7filters\4maps\3get\7primary\4stop\2ok\10handlers\rcall_handlers\5level\rlogger_config\6"..., iov_len=6128}], 1) = 6128
922   <... openat resumed>)             = -1 ENOENT (No such file or directory)
921   readv(22,  <unfinished ...>
920   readv(23,  <unfinished ...>
919   openat(AT_FDCWD, "/usr/lib/erlang/lib/kernel-8.2/ebin/supervisor.beam", O_RDONLY <unfinished ...>
918   <... sched_yield resumed>)        = 0
927   <... read resumed>0x7fb361a6cc80, 32) = -1 EAGAIN (Resource temporarily unavailable)
926   close(17 <unfinished ...>
925   close(19 <unfinished ...>
924   close(20 <unfinished ...>
923   close(21 <unfinished ...>
922   sched_yield( <unfinished ...>
921   <... readv resumed>[{iov_base="FOR1\0\0\37hBEAMAtU8\0\0\2Z\0\0\09\rlogger_config\3new\3ets\7whereis\6delete\tundefined\17persistent_term\3put\5allow\3get\6erlang\1-\23less_or_equal_lev"..., iov_len=8048}], 1) = 8048
920   <... readv resumed>[{iov_base="FOR1\0\0*lBEAMAtU8\0\0\3|\0\0\0W\17logger_simple_h\16adding_handler\2id\6simple\6erlang\4self\7whereis\tundefined\tspawn_opt\4DOWN\7process\5error\7sta"..., iov_len=10868}], 1) = 10868
919   <... openat resumed>)             = -1 ENOENT (No such file or directory)
915   <... mprotect resumed>)           = 0
927   ppoll([{fd=10, events=POLLIN|POLLRDNORM}], 1, NULL, NULL, 8 <unfinished ...>
926   <... close resumed>)              = 0
925   <... close resumed>)              = 0
924   <... close resumed>)              = 0
923   <... close resumed>)              = 0
922   <... sched_yield resumed>)        = 0
921   close(22 <unfinished ...>
920   close(23 <unfinished ...>
919   sched_yield( <unfinished ...>
918   sched_yield( <unfinished ...>
926   sched_yield( <unfinished ...>
925   sched_yield( <unfinished ...>
924   sched_yield( <unfinished ...>
923   sched_yield( <unfinished ...>
922   sched_yield( <unfinished ...>
921   <... close resumed>)              = 0
920   <... close resumed>)              = 0
919   <... sched_yield resumed>)        = 0
915   mprotect(0x7fb354014000, 4096, PROT_READ|PROT_WRITE <unfinished ...>
926   <... sched_yield resumed>)        = 0
925   <... sched_yield resumed>)        = 0
924   <... sched_yield resumed>)        = 0
923   <... sched_yield resumed>)        = 0
922   <... sched_yield resumed>)        = 0
921   sched_yield( <unfinished ...>
920   sched_yield( <unfinished ...>
919   sched_yield( <unfinished ...>
918   <... sched_yield resumed>)        = 0
926   sched_yield( <unfinished ...>
925   sched_yield( <unfinished ...>
924   sched_yield( <unfinished ...>
923   sched_yield( <unfinished ...>
922   sched_yield( <unfinished ...>
921   <... sched_yield resumed>)        = 0
920   <... sched_yield resumed>)        = 0
919   <... sched_yield resumed>)        = 0
915   <... mprotect resumed>)           = 0
926   <... sched_yield resumed>)        = 0
925   <... sched_yield resumed>)        = 0
924   <... sched_yield resumed>)        = 0
923   <... sched_yield resumed>)        = 0
922   <... sched_yield resumed>)        = 0
921   sched_yield( <unfinished ...>
920   sched_yield( <unfinished ...>
919   sched_yield( <unfinished ...>
918   sched_yield( <unfinished ...>
926   sched_yield( <unfinished ...>
925   sched_yield( <unfinished ...>
924   sched_yield( <unfinished ...>
923   sched_yield( <unfinished ...>
922   sched_yield( <unfinished ...>
921   <... sched_yield resumed>)        = 0
920   <... sched_yield resumed>)        = 0
919   <... sched_yield resumed>)        = 0
915   write(11, "!", 1 <unfinished ...>
926   <... sched_yield resumed>)        = 0
925   <... sched_yield resumed>)        = 0
924   <... sched_yield resumed>)        = 0
923   <... sched_yield resumed>)        = 0
922   <... sched_yield resumed>)        = 0
921   sched_yield( <unfinished ...>
920   sched_yield( <unfinished ...>
