1732  futex(0xc000064d48, FUTEX_WAKE_PRIVATE, 1 <unfinished ...>
1731  <... nanosleep resumed>NULL)      = 0
1733  <... futex resumed>)              = 0
1732  <... futex resumed>)              = 1
1726  futex(0x5582e9e485e8, FUTEX_WAIT_PRIVATE, 0, NULL <unfinished ...>
1733  futex(0xc000064d48, FUTEX_WAIT_PRIVATE, 0, NULL <unfinished ...>
1732  futex(0xc000064d48, FUTEX_WAKE_PRIVATE, 1 <unfinished ...>
1731  epoll_pwait(4,  <unfinished ...>
1733  <... futex resumed>)              = -1 EAGAIN (Resource temporarily unavailable)
1732  <... futex resumed>)              = 0
1733  nanosleep({tv_sec=0, tv_nsec=3000},  <unfinished ...>
1731  <... epoll_pwait resumed>[], 128, 0, NULL, 140731326808208) = 0
1733  <... nanosleep resumed>NULL)      = 0
1732  futex(0x5582e9e485e8, FUTEX_WAKE_PRIVATE, 1 <unfinished ...>
1733  futex(0xc000064d48, FUTEX_WAIT_PRIVATE, 0, NULL <unfinished ...>
1731  nanosleep({tv_sec=0, tv_nsec=20000},  <unfinished ...>
1732  <... futex resumed>)              = 1
1726  <... futex resumed>)              = 0
1732  futex(0xc000064948, FUTEX_WAIT_PRIVATE, 0, NULL <unfinished ...>
1731  <... nanosleep resumed>NULL)      = 0
1732  <... futex resumed>)              = -1 EAGAIN (Resource temporarily unavailable)
1726  futex(0xc000064948, FUTEX_WAKE_PRIVATE, 1 <unfinished ...>
1732  nanosleep({tv_sec=0, tv_nsec=3000},  <unfinished ...>
1731  nanosleep({tv_sec=0, tv_nsec=20000},  <unfinished ...>
1732  <... nanosleep resumed>NULL)      = 0
1726  <... futex resumed>)              = 0
1732  futex(0xc000064d48, FUTEX_WAKE_PRIVATE, 1 <unfinished ...>
1731  <... nanosleep resumed>NULL)      = 0
1733  <... futex resumed>)              = 0
1732  <... futex resumed>)              = 1
1726  futex(0x5582e9e485e8, FUTEX_WAIT_PRIVATE, 0, NULL <unfinished ...>
1733  futex(0xc000064d48, FUTEX_WAIT_PRIVATE, 0, NULL <unfinished ...>
1732  futex(0xc000064d48, FUTEX_WAKE_PRIVATE, 1 <unfinished ...>
1731  nanosleep({tv_sec=0, tv_nsec=20000},  <unfinished ...>
1733  <... futex resumed>)              = -1 EAGAIN (Resource temporarily unavailable)
1732  <... futex resumed>)              = 0
1733  nanosleep({tv_sec=0, tv_nsec=3000},  <unfinished ...>
1731  <... nanosleep resumed>NULL)      = 0
1733  <... nanosleep resumed>NULL)      = 0
1732  futex(0x5582e9e485e8, FUTEX_WAKE_PRIVATE, 1 <unfinished ...>
1733  futex(0xc000064d48, FUTEX_WAIT_PRIVATE, 0, NULL <unfinished ...>
1731  nanosleep({tv_sec=0, tv_nsec=20000},  <unfinished ...>
1732  <... futex resumed>)              = 1
1726  <... futex resumed>)              = 0
1732  futex(0xc000064948, FUTEX_WAIT_PRIVATE, 0, NULL <unfinished ...>
1731  <... nanosleep resumed>NULL)      = 0
1732  <... futex resumed>)              = -1 EAGAIN (Resource temporarily unavailable)
1726  futex(0xc000064948, FUTEX_WAKE_PRIVATE, 1 <unfinished ...>
1732  nanosleep({tv_sec=0, tv_nsec=3000},  <unfinished ...>
1731  epoll_pwait(4,  <unfinished ...>
1732  <... nanosleep resumed>NULL)      = 0
1726  <... futex resumed>)              = 0
1732  futex(0xc000064d48, FUTEX_WAKE_PRIVATE, 1 <unfinished ...>
1731  <... epoll_pwait resumed>[], 128, 0, NULL, 140731326808208) = 0
1733  <... futex resumed>)              = 0
1732  <... futex resumed>)              = 1
1726  futex(0x5582e9e485e8, FUTEX_WAIT_PRIVATE, 0, NULL <unfinished ...>
1733  futex(0xc000064d48, FUTEX_WAIT_PRIVATE, 0, NULL <unfinished ...>
1732  futex(0xc000064d48, FUTEX_WAKE_PRIVATE, 1 <unfinished ...>
1731  nanosleep({tv_sec=0, tv_nsec=20000},  <unfinished ...>
1733  <... futex resumed>)              = -1 EAGAIN (Resource temporarily unavailable)
1732  <... futex resumed>)              = 0
1733  nanosleep({tv_sec=0, tv_nsec=3000},  <unfinished ...>
1731  <... nanosleep resumed>NULL)      = 0
1733  <... nanosleep resumed>NULL)      = 0
1732  futex(0x5582e9e485e8, FUTEX_WAKE_PRIVATE, 1 <unfinished ...>
1733  futex(0xc000064d48, FUTEX_WAIT_PRIVATE, 0, NULL <unfinished ...>
1731  nanosleep({tv_sec=0, tv_nsec=20000},  <unfinished ...>
1732  <... futex resumed>)              = 1
1726  <... futex resumed>)              = 0
1732  futex(0xc000064948, FUTEX_WAIT_PRIVATE, 0, NULL <unfinished ...>
1731  <... nanosleep resumed>NULL)      = 0
1732  <... futex resumed>)              = -1 EAGAIN (Resource temporarily unavailable)
1726  futex(0xc000064948, FUTEX_WAKE_PRIVATE, 1 <unfinished ...>
1732  nanosleep({tv_sec=0, tv_nsec=3000},  <unfinished ...>
1731  nanosleep({tv_sec=0, tv_nsec=20000},  <unfinished ...>
1732  <... nanosleep resumed>NULL)      = 0
1726  <... futex resumed>)              = 0
1732  futex(0xc000064d48, FUTEX_WAKE_PRIVATE, 1 <unfinished ...>
1731  <... nanosleep resumed>NULL)      = 0
1733  <... futex resumed>)              = 0
1732  <... futex resumed>)              = 1
1726  futex(0x5582e9e485e8, FUTEX_WAIT_PRIVATE, 0, NULL <unfinished ...>
1733  futex(0xc000064d48, FUTEX_WAIT_PRIVATE, 0, NULL <unfinished ...>
1732  futex(0xc000064d48, FUTEX_WAKE_PRIVATE, 1 <unfinished ...>
1731  nanosleep({tv_sec=0, tv_nsec=20000},  <unfinished ...>
1733  <... futex resumed>)              = -1 EAGAIN (Resource temporarily unavailable)
1732  <... futex resumed>)              = 0
1733  nanosleep({tv_sec=0, tv_nsec=3000},  <unfinished ...>
1731  <... nanosleep resumed>NULL)      = 0
1733  <... nanosleep resumed>NULL)      = 0
1732  futex(0x5582e9e485e8, FUTEX_WAKE_PRIVATE, 1 <unfinished ...>
1733  futex(0xc000064d48, FUTEX_WAIT_PRIVATE, 0, NULL <unfinished ...>
1731  epoll_pwait(4,  <unfinished ...>
1732  <... futex resumed>)              = 1
1726  <... futex resumed>)              = 0
1732  futex(0xc000064948, FUTEX_WAIT_PRIVATE, 0, NULL <unfinished ...>
1731  <... epoll_pwait resumed>[], 128, 0, NULL, 140731326808208) = 0
1732  <... futex resumed>)              = -1 EAGAIN (Resource temporarily unavailable)
1726  futex(0xc000064948, FUTEX_WAKE_PRIVATE, 1 <unfinished ...>
1732  nanosleep({tv_sec=0, tv_nsec=3000},  <unfinished ...>
1731  nanosleep({tv_sec=0, tv_nsec=20000},  <unfinished ...>
1732  <... nanosleep resumed>NULL)      = 0
1726  <... futex resumed>)              = 0
1732  futex(0xc000064d48, FUTEX_WAKE_PRIVATE, 1 <unfinished ...>
1731  <... nanosleep resumed>NULL)      = 0
1733  <... futex resumed>)              = 0
1732  <... futex resumed>)              = 1
1726  futex(0x5582e9e485e8, FUTEX_WAIT_PRIVATE, 0, NULL <unfinished ...>
1733  futex(0xc000064d48, FUTEX_WAIT_PRIVATE, 0, NULL <unfinished ...>
1732  futex(0xc000064d48, FUTEX_WAKE_PRIVATE, 1 <unfinished ...>
1731  nanosleep({tv_sec=0, tv_nsec=20000},  <unfinished ...>
1733  <... futex resumed>)              = -1 EAGAIN (Resource temporarily unavailable)
1732  <... futex resumed>)              = 0
1733  nanosleep({tv_sec=0, tv_nsec=3000},  <unfinished ...>
1731  <... nanosleep resumed>NULL)      = 0
1733  <... nanosleep resumed>NULL)      = 0
1732  futex(0x5582e9e485e8, FUTEX_WAKE_PRIVATE, 1 <unfinished ...>
1733  futex(0xc000064d48, FUTEX_WAIT_PRIVATE, 0, NULL <unfinished ...>
1731  nanosleep({tv_sec=0, tv_nsec=20000},  <unfinished ...>
1732  <... futex resumed>)              = 1
1726  <... futex resumed>)              = 0
1732  futex(0xc000064948, FUTEX_WAIT_PRIVATE, 0, NULL <unfinished ...>
1731  <... nanosleep resumed>NULL)      = 0
1732  <... futex resumed>)              = -1 EAGAIN (Resource temporarily unavailable)
1726  futex(0xc000064948, FUTEX_WAKE_PRIVATE, 1 <unfinished ...>
1732  nanosleep({tv_sec=0, tv_nsec=3000},  <unfinished ...>
1731  nanosleep({tv_sec=0, tv_nsec=20000},  <unfinished ...>
1732  <... nanosleep resumed>NULL)      = 0
1726  <... futex resumed>)              = 0
1732  futex(0xc000064d48, FUTEX_WAKE_PRIVATE, 1 <unfinished ...>
1731  <... nanosleep resumed>NULL)      = 0
1733  <... futex resumed>)              = 0
1732  <... futex resumed>)              = 1
1726  futex(0x5582e9e485e8, FUTEX_WAIT_PRIVATE, 0, NULL <unfinished ...>
1733  futex(0xc000064d48, FUTEX_WAIT_PRIVATE, 0, NULL <unfinished ...>
1732  futex(0xc000064d48, FUTEX_WAKE_PRIVATE, 1 <unfinished ...>
1731  epoll_pwait(4,  <unfinished ...>
1733  <... futex resumed>)              = -1 EAGAIN (Resource temporarily unavailable)
1732  <... futex resumed>)              = 0
1733  nanosleep({tv_sec=0, tv_nsec=3000},  <unfinished ...>
1731  <... epoll_pwait resumed>[], 128, 0, NULL, 140731326808208) = 0
1733  <... nanosleep resumed>NULL)      = 0
1732  futex(0x5582e9e485e8, FUTEX_WAKE_PRIVATE, 1 <unfinished ...>
1733  futex(0xc000064d48, FUTEX_WAIT_PRIVATE, 0, NULL <unfinished ...>
1731  nanosleep({tv_sec=0, tv_nsec=20000},  <unfinished ...>
1732  <... futex resumed>)              = 1
1726  <... futex resumed>)              = 0
1732  futex(0xc000064948, FUTEX_WAIT_PRIVATE, 0, NULL <unfinished ...>
1731  <... nanosleep resumed>NULL)      = 0
1732  <... futex resumed>)              = -1 EAGAIN (Resource temporarily unavailable)
1726  futex(0xc000064948, FUTEX_WAKE_PRIVATE, 1 <unfinished ...>
1732  nanosleep({tv_sec=0, tv_nsec=3000},  <unfinished ...>
1731  nanosleep({tv_sec=0, tv_nsec=40000},  <unfinished ...>
1732  <... nanosleep resumed>NULL)      = 0
1726  <... futex resumed>)              = 0
1732  futex(0xc000064d48, FUTEX_WAKE_PRIVATE, 1 <unfinished ...>
1731  <... nanosleep resumed>NULL)      = 0
1733  <... futex resumed>)              = 0
1732  <... futex resumed>)              = 1
1726  futex(0x5582e9e485e8, FUTEX_WAIT_PRIVATE, 0, NULL <unfinished ...>
1733  futex(0xc000064d48, FUTEX_WAIT_PRIVATE, 0, NULL <unfinished ...>
1732  futex(0xc000064d48, FUTEX_WAKE_PRIVATE, 1 <unfinished ...>
1731  nanosleep({tv_sec=0, tv_nsec=80000},  <unfinished ...>
1733  <... futex resumed>)              = -1 EAGAIN (Resource temporarily unavailable)
1732  <... futex resumed>)              = 0
1733  nanosleep({tv_sec=0, tv_nsec=3000},  <unfinished ...>
1731  <... nanosleep resumed>NULL)      = 0
1733  <... nanosleep resumed>NULL)      = 0
1732  futex(0x5582e9e485e8, FUTEX_WAKE_PRIVATE, 1 <unfinished ...>
1733  futex(0xc000064d48, FUTEX_WAIT_PRIVATE, 0, NULL <unfinished ...>
1731  nanosleep({tv_sec=0, tv_nsec=160000},  <unfinished ...>
1732  <... futex resumed>)              = 1
1726  <... futex resumed>)              = 0
1732  futex(0xc000064948, FUTEX_WAIT_PRIVATE, 0, NULL <unfinished ...>
1731  <... nanosleep resumed>NULL)      = 0
1732  <... futex resumed>)              = -1 EAGAIN (Resource temporarily unavailable)
1726  futex(0xc000064948, FUTEX_WAKE_PRIVATE, 1 <unfinished ...>
1732  nanosleep({tv_sec=0, tv_nsec=3000},  <unfinished ...>
1731  epoll_pwait(4,  <unfinished ...>
1732  <... nanosleep resumed>NULL)      = 0
1726  <... futex resumed>)              = 0
1732  futex(0xc000064d48, FUTEX_WAKE_PRIVATE, 1 <unfinished ...>
1731  <... epoll_pwait resumed>[], 128, 0, NULL, 140731326808208) = 0
1733  <... futex resumed>)              = 0
1732  <... futex resumed>)              = 1
1726  futex(0x5582e9e485e8, FUTEX_WAIT_PRIVATE, 0, NULL <unfinished ...>
1733  futex(0xc000064d48, FUTEX_WAIT_PRIVATE, 0, NULL <unfinished ...>
1732  futex(0xc000064d48, FUTEX_WAKE_PRIVATE, 1 <unfinished ...>
1731  nanosleep({tv_sec=0, tv_nsec=320000},  <unfinished ...>
1733  <... futex resumed>)              = -1 EAGAIN (Resource temporarily unavailable)
1732  <... futex resumed>)              = 0
1733  nanosleep({tv_sec=0, tv_nsec=3000},  <unfinished ...>
1731  <... nanosleep resumed>NULL)      = 0
1733  <... nanosleep resumed>NULL)      = 0
1732  futex(0x5582e9e485e8, FUTEX_WAKE_PRIVATE, 1 <unfinished ...>
1733  futex(0xc000064d48, FUTEX_WAIT_PRIVATE, 0, NULL <unfinished ...>
1731  nanosleep({tv_sec=0, tv_nsec=640000},  <unfinished ...>
1732  <... futex resumed>)              = 1
1726  <... futex resumed>)              = 0
1732  futex(0xc000064948, FUTEX_WAIT_PRIVATE, 0, NULL <unfinished ...>
1726  futex(0xc000064948, FUTEX_WAKE_PRIVATE, 1 <unfinished ...>
1732  <... futex resumed>)              = -1 EAGAIN (Resource temporarily unavailable)
1731  <... nanosleep resumed>NULL)      = 0
1732  nanosleep({tv_sec=0, tv_nsec=3000},  <unfinished ...>
1726  <... futex resumed>)              = 0
1732  <... nanosleep resumed>NULL)      = 0
1731  nanosleep({tv_sec=0, tv_nsec=1280000},  <unfinished ...>
1732  futex(0xc000100148, FUTEX_WAKE_PRIVATE, 1 <unfinished ...>
1726  futex(0xc000064d48, FUTEX_WAKE_PRIVATE, 1 <unfinished ...>
1734  <... futex resumed>)              = 0
1732  <... futex resumed>)              = 1
1734  futex(0xc000100148, FUTEX_WAIT_PRIVATE, 0, NULL <unfinished ...>
1733  <... futex resumed>)              = 0
1726  <... futex resumed>)              = 1
1734  <... futex resumed>)              = -1 EAGAIN (Resource temporarily unavailable)
1733  nanosleep({tv_sec=0, tv_nsec=3000},  <unfinished ...>
1732  futex(0xc000100148, FUTEX_WAKE_PRIVATE, 1 <unfinished ...>
1731  <... nanosleep resumed>NULL)      = 0
1734  nanosleep({tv_sec=0, tv_nsec=3000},  <unfinished ...>
1733  <... nanosleep resumed>NULL)      = 0
1732  <... futex resumed>)              = 0
1726  futex(0x5582e9e485e8, FUTEX_WAIT_PRIVATE, 0, NULL <unfinished ...>
1734  <... nanosleep resumed>NULL)      = 0
1733  futex(0x5582e9e485e8, FUTEX_WAKE_PRIVATE, 1 <unfinished ...>
1732  futex(0xc000064948, FUTEX_WAIT_PRIVATE, 0, NULL <unfinished ...>
1731  epoll_pwait(4,  <unfinished ...>
1734  futex(0xc000100148, FUTEX_WAIT_PRIVATE, 0, NULL <unfinished ...>
1733  <... futex resumed>)              = 0
1726  <... futex resumed>)              = -1 EAGAIN (Resource temporarily unavailable)
1733  futex(0xc000064d48, FUTEX_WAIT_PRIVATE, 0, NULL <unfinished ...>
1731  <... epoll_pwait resumed>[], 128, 0, NULL, 140731326808208) = 0
1733  <... futex resumed>)              = -1 EAGAIN (Resource temporarily unavailable)
1726  futex(0xc000064d48, FUTEX_WAKE_PRIVATE, 1 <unfinished ...>
1733  nanosleep({tv_sec=0, tv_nsec=3000},  <unfinished ...>
1731  nanosleep({tv_sec=0, tv_nsec=2560000},  <unfinished ...>
1733  <... nanosleep resumed>NULL)      = 0
1726  <... futex resumed>)              = 0
1733  futex(0xc000100148, FUTEX_WAKE_PRIVATE, 1 <unfinished ...>
1726  futex(0x5582e9e485e8, FUTEX_WAIT_PRIVATE, 0, NULL <unfinished ...>
1734  <... futex resumed>)              = 0
1733  <... futex resumed>)              = 1
1734  futex(0xc000100148, FUTEX_WAIT_PRIVATE, 0, NULL <unfinished ...>
1733  futex(0xc000100148, FUTEX_WAKE_PRIVATE, 1 <unfinished ...>
1734  <... futex resumed>)              = -1 EAGAIN (Resource temporarily unavailable)
1733  <... futex resumed>)              = 0
1734  nanosleep({tv_sec=0, tv_nsec=3000},  <unfinished ...>
1733  futex(0x5582e9e485e8, FUTEX_WAKE_PRIVATE, 1 <unfinished ...>
1731  <... nanosleep resumed>NULL)      = 0
1734  <... nanosleep resumed>NULL)      = 0
1733  <... futex resumed>)              = 1
1726  <... futex resumed>)              = 0
1734  futex(0xc000100148, FUTEX_WAIT_PRIVATE, 0, NULL <unfinished ...>
1733  futex(0xc000064d48, FUTEX_WAIT_PRIVATE, 0, NULL <unfinished ...>
1731  nanosleep({tv_sec=0, tv_nsec=5120000},  <unfinished ...>
1733  <... futex resumed>)              = -1 EAGAIN (Resource temporarily unavailable)
1726  futex(0xc000064d48, FUTEX_WAKE_PRIVATE, 1 <unfinished ...>
1733  nanosleep({tv_sec=0, tv_nsec=3000},  <unfinished ...>
1726  <... futex resumed>)              = 0
1733  <... nanosleep resumed>NULL)      = 0
1726  futex(0xc000100148, FUTEX_WAKE_PRIVATE, 1 <unfinished ...>
1733  futex(0xc000064948, FUTEX_WAKE_PRIVATE, 1 <unfinished ...>
1734  <... futex resumed>)              = 0
1726  <... futex resumed>)              = 1
1734  futex(0xc000100148, FUTEX_WAIT_PRIVATE, 0, NULL <unfinished ...>
1733  <... futex resumed>)              = 1
1732  <... futex resumed>)              = 0
1733  futex(0x5582e9e485e8, FUTEX_WAKE_PRIVATE, 1 <unfinished ...>
1726  futex(0x5582e9e485e8, FUTEX_WAIT_PRIVATE, 0, NULL <unfinished ...>
1733  <... futex resumed>)              = 0
1732  futex(0xc000064948, FUTEX_WAIT_PRIVATE, 0, NULL <unfinished ...>
1733  futex(0xc000064d48, FUTEX_WAIT_PRIVATE, 0, NULL <unfinished ...>
1726  <... futex resumed>)              = -1 EAGAIN (Resource temporarily unavailable)
1726  futex(0xc000064d48, FUTEX_WAKE_PRIVATE, 1 <unfinished ...>
1733  <... futex resumed>)              = 0
1726  <... futex resumed>)              = 1
1733  nanosleep({tv_sec=0, tv_nsec=3000},  <unfinished ...>
1731  <... nanosleep resumed>NULL)      = 0
1733  <... nanosleep resumed>NULL)      = 0
1726  futex(0xc000064948, FUTEX_WAKE_PRIVATE, 1 <unfinished ...>
1733  futex(0xc000100148, FUTEX_WAKE_PRIVATE, 1 <unfinished ...>
1731  epoll_pwait(4,  <unfinished ...>
1734  <... futex resumed>)              = 0
1733  <... futex resumed>)              = 1
1732  <... futex resumed>)              = 0
1726  <... futex resumed>)              = 1
1734  futex(0xc000100148, FUTEX_WAIT_PRIVATE, 0, NULL <unfinished ...>
1733  futex(0xc000100148, FUTEX_WAKE_PRIVATE, 1 <unfinished ...>
1732  nanosleep({tv_sec=0, tv_nsec=3000},  <unfinished ...>
1731  <... epoll_pwait resumed>[], 128, 0, NULL, 140731326808208) = 0
1734  <... futex resumed>)              = -1 EAGAIN (Resource temporarily unavailable)
1733  <... futex resumed>)              = 0
1732  <... nanosleep resumed>NULL)      = 0
1726  futex(0x5582e9e485e8, FUTEX_WAIT_PRIVATE, 0, NULL <unfinished ...>
1734  nanosleep({tv_sec=0, tv_nsec=3000},  <unfinished ...>
1733  futex(0x5582e9e485e8, FUTEX_WAKE_PRIVATE, 1 <unfinished ...>
1732  futex(0xc000064948, FUTEX_WAIT_PRIVATE, 0, NULL <unfinished ...>
1731  nanosleep({tv_sec=0, tv_nsec=10000000},  <unfinished ...>
1734  <... nanosleep resumed>NULL)      = 0
1733  <... futex resumed>)              = 0
1726  <... futex resumed>)              = -1 EAGAIN (Resource temporarily unavailable)
1734  futex(0xc000100148, FUTEX_WAIT_PRIVATE, 0, NULL <unfinished ...>
1733  futex(0xc000064d48, FUTEX_WAIT_PRIVATE, 0, NULL <unfinished ...>
1726  futex(0xc000064d48, FUTEX_WAKE_PRIVATE, 1 <unfinished ...>
1733  <... futex resumed>)              = -1 EAGAIN (Resource temporarily unavailable)
1726  <... futex resumed>)              = 0
1733  nanosleep({tv_sec=0, tv_nsec=3000},  <unfinished ...>
1726  futex(0xc000100148, FUTEX_WAKE_PRIVATE, 1 <unfinished ...>
1733  <... nanosleep resumed>NULL)      = 0
1734  <... futex resumed>)              = 0
1726  <... futex resumed>)              = 1
1734  futex(0xc000100148, FUTEX_WAIT_PRIVATE, 0, NULL <unfinished ...>
1733  futex(0xc000064948, FUTEX_WAKE_PRIVATE, 1 <unfinished ...>
1726  futex(0x5582e9e485e8, FUTEX_WAIT_PRIVATE, 0, NULL <unfinished ...>
1733  <... futex resumed>)              = 1
1732  <... futex resumed>)              = 0
1733  futex(0x5582e9e485e8, FUTEX_WAKE_PRIVATE, 1 <unfinished ...>
1732  futex(0xc000064948, FUTEX_WAIT_PRIVATE, 0, NULL <unfinished ...>
1733  <... futex resumed>)              = 1
1726  <... futex resumed>)              = 0
1733  futex(0xc000064d48, FUTEX_WAIT_PRIVATE, 0, NULL <unfinished ...>
1726  futex(0xc000064d48, FUTEX_WAKE_PRIVATE, 1 <unfinished ...>
1733  <... futex resumed>)              = -1 EAGAIN (Resource temporarily unavailable)
1726  <... futex resumed>)              = 0
1733  nanosleep({tv_sec=0, tv_nsec=3000},  <unfinished ...>
1726  futex(0xc000064948, FUTEX_WAKE_PRIVATE, 1 <unfinished ...>
1733  <... nanosleep resumed>NULL)      = 0
1732  <... futex resumed>)              = 0
1726  <... futex resumed>)              = 1
1733  futex(0xc000100148, FUTEX_WAKE_PRIVATE, 1 <unfinished ...>
1732  futex(0xc000064948, FUTEX_WAIT_PRIVATE, 0, NULL <unfinished ...>
1734  <... futex resumed>)              = 0
1733  <... futex resumed>)              = 1
1726  futex(0x5582e9e485e8, FUTEX_WAIT_PRIVATE, 0, NULL <unfinished ...>
1734  futex(0xc000100148, FUTEX_WAIT_PRIVATE, 0, NULL <unfinished ...>
1733  futex(0xc000100148, FUTEX_WAKE_PRIVATE, 1 <unfinished ...>
1734  <... futex resumed>)              = -1 EAGAIN (Resource temporarily unavailable)
1733  <... futex resumed>)              = 0
1734  nanosleep({tv_sec=0, tv_nsec=3000},  <unfinished ...>
1731  <... nanosleep resumed>NULL)      = 0
1734  <... nanosleep resumed>NULL)      = 0
1733  futex(0x5582e9e485e8, FUTEX_WAKE_PRIVATE, 1 <unfinished ...>
1734  futex(0xc000100148, FUTEX_WAIT_PRIVATE, 0, NULL <unfinished ...>
1731  epoll_pwait(4,  <unfinished ...>
1733  <... futex resumed>)              = 1
1726  <... futex resumed>)              = 0
1733  futex(0xc000064d48, FUTEX_WAIT_PRIVATE, 0, NULL <unfinished ...>
1731  <... epoll_pwait resumed>[], 128, 0, NULL, 140731326808208) = 0
1733  <... futex resumed>)              = -1 EAGAIN (Resource temporarily unavailable)
1726  futex(0xc000064d48, FUTEX_WAKE_PRIVATE, 1 <unfinished ...>
1733  nanosleep({tv_sec=0, tv_nsec=3000},  <unfinished ...>
1731  nanosleep({tv_sec=0, tv_nsec=10000000},  <unfinished ...>
1733  <... nanosleep resumed>NULL)      = 0
1726  <... futex resumed>)              = 0
1733  futex(0xc000100148, FUTEX_WAKE_PRIVATE, 1 <unfinished ...>
1726  futex(0x5582e9e485e8, FUTEX_WAIT_PRIVATE, 0, NULL <unfinished ...>
1734  <... futex resumed>)              = 0
1733  <... futex resumed>)              = 1
1734  futex(0xc000100148, FUTEX_WAIT_PRIVATE, 0, NULL <unfinished ...>
1733  futex(0xc000100148, FUTEX_WAKE_PRIVATE, 1 <unfinished ...>
1734  <... futex resumed>)              = -1 EAGAIN (Resource temporarily unavailable)
1733  <... futex resumed>)              = 0
1734  nanosleep({tv_sec=0, tv_nsec=3000},  <unfinished ...>
1733  futex(0x5582e9e485e8, FUTEX_WAKE_PRIVATE, 1 <unfinished ...>
1734  <... nanosleep resumed>NULL)      = 0
1733  <... futex resumed>)              = 1
1726  <... futex resumed>)              = 0
1734  futex(0xc000100148, FUTEX_WAIT_PRIVATE, 0, NULL <unfinished ...>
1733  futex(0xc000064d48, FUTEX_WAIT_PRIVATE, 0, NULL <unfinished ...>
1726  futex(0xc000064d48, FUTEX_WAKE_PRIVATE, 1 <unfinished ...>
1733  <... futex resumed>)              = -1 EAGAIN (Resource temporarily unavailable)
1726  <... futex resumed>)              = 0
1733  nanosleep({tv_sec=0, tv_nsec=3000},  <unfinished ...>
1726  futex(0xc000100148, FUTEX_WAKE_PRIVATE, 1 <unfinished ...>
1733  <... nanosleep resumed>NULL)      = 0
1734  <... futex resumed>)              = 0
1726  <... futex resumed>)              = 1
1734  futex(0xc000100148, FUTEX_WAIT_PRIVATE, 0, NULL <unfinished ...>
1733  futex(0xc000064948, FUTEX_WAKE_PRIVATE, 1 <unfinished ...>
1726  futex(0x5582e9e485e8, FUTEX_WAIT_PRIVATE, 0, NULL <unfinished ...>
1733  <... futex resumed>)              = 1
1732  <... futex resumed>)              = 0
1733  futex(0x5582e9e485e8, FUTEX_WAKE_PRIVATE, 1 <unfinished ...>
1732  futex(0xc000064948, FUTEX_WAIT_PRIVATE, 0, NULL <unfinished ...>
1733  <... futex resumed>)              = 1
1726  <... futex resumed>)              = 0
1733  futex(0xc000064d48, FUTEX_WAIT_PRIVATE, 0, NULL <unfinished ...>
1726  futex(0xc000064d48, FUTEX_WAKE_PRIVATE, 1 <unfinished ...>
1733  <... futex resumed>)              = -1 EAGAIN (Resource temporarily unavailable)
1726  <... futex resumed>)              = 0
1733  nanosleep({tv_sec=0, tv_nsec=3000},  <unfinished ...>
1731  <... nanosleep resumed>NULL)      = 0
1726  futex(0xc000064948, FUTEX_WAKE_PRIVATE, 1 <unfinished ...>
1733  <... nanosleep resumed>NULL)      = 0
1731  epoll_pwait(4,  <unfinished ...>
1733  futex(0xc000100148, FUTEX_WAKE_PRIVATE, 1 <unfinished ...>
1732  <... futex resumed>)              = 0
1726  <... futex resumed>)              = 1
1734  <... futex resumed>)              = 0
1733  <... futex resumed>)              = 1
1732  futex(0xc000064948, FUTEX_WAIT_PRIVATE, 0, NULL <unfinished ...>
1731  <... epoll_pwait resumed>[], 128, 0, NULL, 140731326808208) = 0
1734  futex(0xc000100148, FUTEX_WAIT_PRIVATE, 0, NULL <unfinished ...>
1733  futex(0xc000100148, FUTEX_WAKE_PRIVATE, 1 <unfinished ...>
1726  futex(0x5582e9e485e8, FUTEX_WAIT_PRIVATE, 0, NULL <unfinished ...>
1734  <... futex resumed>)              = -1 EAGAIN (Resource temporarily unavailable)
1733  <... futex resumed>)              = 0
1731  nanosleep({tv_sec=0, tv_nsec=10000000},  <unfinished ...>
1734  nanosleep({tv_sec=0, tv_nsec=3000},  <unfinished ...>
1733  futex(0x5582e9e485e8, FUTEX_WAKE_PRIVATE, 1 <unfinished ...>
1734  <... nanosleep resumed>NULL)      = 0
1733  <... futex resumed>)              = 1
1726  <... futex resumed>)              = 0
1734  futex(0xc000100148, FUTEX_WAIT_PRIVATE, 0, NULL <unfinished ...>
1733  futex(0xc000064d48, FUTEX_WAIT_PRIVATE, 0, NULL <unfinished ...>
1726  futex(0xc000064d48, FUTEX_WAKE_PRIVATE, 1 <unfinished ...>
1733  <... futex resumed>)              = -1 EAGAIN (Resource temporarily unavailable)
1726  <... futex resumed>)              = 0
1733  nanosleep({tv_sec=0, tv_nsec=3000},  <unfinished ...>
1726  futex(0xc000100148, FUTEX_WAKE_PRIVATE, 1 <unfinished ...>
1733  <... nanosleep resumed>NULL)      = 0
1734  <... futex resumed>)              = 0
1726  <... futex resumed>)              = 1
1734  futex(0xc000100148, FUTEX_WAIT_PRIVATE, 0, NULL <unfinished ...>
1733  futex(0xc000064948, FUTEX_WAKE_PRIVATE, 1 <unfinished ...>
1726  futex(0x5582e9e485e8, FUTEX_WAIT_PRIVATE, 0, NULL <unfinished ...>
1733  <... futex resumed>)              = 1
1732  <... futex resumed>)              = 0
1733  futex(0x5582e9e485e8, FUTEX_WAKE_PRIVATE, 1 <unfinished ...>
1732  futex(0xc000064948, FUTEX_WAIT_PRIVATE, 0, NULL <unfinished ...>
1733  <... futex resumed>)              = 1
1726  <... futex resumed>)              = 0
1733  futex(0xc000064d48, FUTEX_WAIT_PRIVATE, 0, NULL <unfinished ...>
1726  futex(0xc000064d48, FUTEX_WAKE_PRIVATE, 1 <unfinished ...>
1733  <... futex resumed>)              = -1 EAGAIN (Resource temporarily unavailable)
1726  <... futex resumed>)              = 0
1733  nanosleep({tv_sec=0, tv_nsec=3000},  <unfinished ...>
1726  futex(0xc000064948, FUTEX_WAKE_PRIVATE, 1 <unfinished ...>
1733  <... nanosleep resumed>NULL)      = 0
1732  <... futex resumed>)              = 0
1726  <... futex resumed>)              = 1
1733  futex(0xc000100148, FUTEX_WAKE_PRIVATE, 1 <unfinished ...>
1732  futex(0xc000064948, FUTEX_WAIT_PRIVATE, 0, NULL <unfinished ...>
1734  <... futex resumed>)              = 0
1733  <... futex resumed>)              = 1
1726  futex(0x5582e9e485e8, FUTEX_WAIT_PRIVATE, 0, NULL <unfinished ...>
1734  futex(0xc000100148, FUTEX_WAIT_PRIVATE, 0, NULL <unfinished ...>
1733  futex(0xc000100148, FUTEX_WAKE_PRIVATE, 1 <unfinished ...>
1731  <... nanosleep resumed>NULL)      = 0
1734  <... futex resumed>)              = -1 EAGAIN (Resource temporarily unavailable)
1733  <... futex resumed>)              = 0
1734  nanosleep({tv_sec=0, tv_nsec=3000},  <unfinished ...>
1731  epoll_pwait(4,  <unfinished ...>
1734  <... nanosleep resumed>NULL)      = 0
1733  futex(0x5582e9e485e8, FUTEX_WAKE_PRIVATE, 1 <unfinished ...>
1734  futex(0xc000100148, FUTEX_WAIT_PRIVATE, 0, NULL <unfinished ...>
1731  <... epoll_pwait resumed>[], 128, 0, NULL, 140731326808208) = 0
1733  <... futex resumed>)              = 1
1726  <... futex resumed>)              = 0
1733  futex(0xc000064d48, FUTEX_WAIT_PRIVATE, 0, NULL <unfinished ...>
1731  nanosleep({tv_sec=0, tv_nsec=10000000},  <unfinished ...>
1733  <... futex resumed>)              = -1 EAGAIN (Resource temporarily unavailable)
1726  futex(0xc000064d48, FUTEX_WAKE_PRIVATE, 1 <unfinished ...>
1733  nanosleep({tv_sec=0, tv_nsec=3000},  <unfinished ...>
1726  <... futex resumed>)              = 0
1733  <... nanosleep resumed>NULL)      = 0
1726  futex(0xc000100148, FUTEX_WAKE_PRIVATE, 1 <unfinished ...>
1733  futex(0xc000064948, FUTEX_WAKE_PRIVATE, 1 <unfinished ...>
1734  <... futex resumed>)              = 0
1726  <... futex resumed>)              = 1
1734  futex(0xc000100148, FUTEX_WAIT_PRIVATE, 0, NULL <unfinished ...>
1733  <... futex resumed>)              = 1
1732  <... futex resumed>)              = 0
1733  futex(0x5582e9e485e8, FUTEX_WAKE_PRIVATE, 1 <unfinished ...>
1726  futex(0x5582e9e485e8, FUTEX_WAIT_PRIVATE, 0, NULL <unfinished ...>
1733  <... futex resumed>)              = 0
1732  futex(0xc000064948, FUTEX_WAIT_PRIVATE, 0, NULL <unfinished ...>
1733  futex(0xc000064d48, FUTEX_WAIT_PRIVATE, 0, NULL <unfinished ...>
1726  <... futex resumed>)              = -1 EAGAIN (Resource temporarily unavailable)
1726  futex(0xc000064d48, FUTEX_WAKE_PRIVATE, 1 <unfinished ...>
1733  <... futex resumed>)              = 0
1726  <... futex resumed>)              = 1
1733  nanosleep({tv_sec=0, tv_nsec=3000},  <unfinished ...>
1726  futex(0xc000064948, FUTEX_WAKE_PRIVATE, 1 <unfinished ...>
1733  <... nanosleep resumed>NULL)      = 0
1732  <... futex resumed>)              = 0
1726  <... futex resumed>)              = 1
1733  futex(0xc000100148, FUTEX_WAKE_PRIVATE, 1 <unfinished ...>
1732  futex(0xc000064948, FUTEX_WAIT_PRIVATE, 0, NULL <unfinished ...>
1734  <... futex resumed>)              = 0
1733  <... futex resumed>)              = 1
1726  futex(0x5582e9e485e8, FUTEX_WAIT_PRIVATE, 0, NULL <unfinished ...>
1734  futex(0xc000100148, FUTEX_WAIT_PRIVATE, 0, NULL <unfinished ...>
1733  futex(0xc000100148, FUTEX_WAKE_PRIVATE, 1 <unfinished ...>
1734  <... futex resumed>)              = -1 EAGAIN (Resource temporarily unavailable)
1733  <... futex resumed>)              = 0
1734  nanosleep({tv_sec=0, tv_nsec=3000},  <unfinished ...>
1733  futex(0x5582e9e485e8, FUTEX_WAKE_PRIVATE, 1 <unfinished ...>
1734  <... nanosleep resumed>NULL)      = 0
1733  <... futex resumed>)              = 1
1726  <... futex resumed>)              = 0
1734  futex(0xc000100148, FUTEX_WAIT_PRIVATE, 0, NULL <unfinished ...>
1733  futex(0xc000064d48, FUTEX_WAIT_PRIVATE, 0, NULL <unfinished ...>
1731  <... nanosleep resumed>NULL)      = 0
1733  <... futex resumed>)              = -1 EAGAIN (Resource temporarily unavailable)
1726  futex(0xc000064d48, FUTEX_WAKE_PRIVATE, 1 <unfinished ...>
1733  nanosleep({tv_sec=0, tv_nsec=3000},  <unfinished ...>
1731  epoll_pwait(4,  <unfinished ...>
1733  <... nanosleep resumed>NULL)      = 0
1726  <... futex resumed>)              = 0
1733  futex(0xc000100148, FUTEX_WAKE_PRIVATE, 1 <unfinished ...>
1731  <... epoll_pwait resumed>[], 128, 0, NULL, 140731326808208) = 0
1734  <... futex resumed>)              = 0
1733  <... futex resumed>)              = 1
1726  futex(0x5582e9e485e8, FUTEX_WAIT_PRIVATE, 0, NULL <unfinished ...>
1734  futex(0xc000100148, FUTEX_WAIT_PRIVATE, 0, NULL <unfinished ...>
1733  futex(0xc000100148, FUTEX_WAKE_PRIVATE, 1 <unfinished ...>
1731  nanosleep({tv_sec=0, tv_nsec=10000000},  <unfinished ...>
1734  <... futex resumed>)              = -1 EAGAIN (Resource temporarily unavailable)
1733  <... futex resumed>)              = 0
1734  nanosleep({tv_sec=0, tv_nsec=3000},  <unfinished ...>
1733  futex(0x5582e9e485e8, FUTEX_WAKE_PRIVATE, 1 <unfinished ...>
1734  <... nanosleep resumed>NULL)      = 0
1733  <... futex resumed>)              = 1
1726  <... futex resumed>)              = 0
1734  futex(0xc000100148, FUTEX_WAIT_PRIVATE, 0, NULL <unfinished ...>
1733  futex(0xc000064d48, FUTEX_WAIT_PRIVATE, 0, NULL <unfinished ...>
1726  futex(0xc000064d48, FUTEX_WAKE_PRIVATE, 1 <unfinished ...>
1733  <... futex resumed>)              = -1 EAGAIN (Resource temporarily unavailable)
1726  <... futex resumed>)              = 0
1733  nanosleep({tv_sec=0, tv_nsec=3000},  <unfinished ...>
1726  futex(0xc000100148, FUTEX_WAKE_PRIVATE, 1 <unfinished ...>
1733  <... nanosleep resumed>NULL)      = 0
1734  <... futex resumed>)              = 0
1726  <... futex resumed>)              = 1
1734  futex(0xc000100148, FUTEX_WAIT_PRIVATE, 0, NULL <unfinished ...>
1733  futex(0xc000064948, FUTEX_WAKE_PRIVATE, 1 <unfinished ...>
1726  futex(0x5582e9e485e8, FUTEX_WAIT_PRIVATE, 0, NULL <unfinished ...>
1733  <... futex resumed>)              = 1
1732  <... futex resumed>)              = 0
1733  futex(0x5582e9e485e8, FUTEX_WAKE_PRIVATE, 1 <unfinished ...>
1732  futex(0xc000064948, FUTEX_WAIT_PRIVATE, 0, NULL <unfinished ...>
1733  <... futex resumed>)              = 1
1726  <... futex resumed>)              = 0
1733  futex(0xc000064d48, FUTEX_WAIT_PRIVATE, 0, NULL <unfinished ...>
1726  futex(0xc000064d48, FUTEX_WAKE_PRIVATE, 1 <unfinished ...>
1733  <... futex resumed>)              = -1 EAGAIN (Resource temporarily unavailable)
1726  <... futex resumed>)              = 0
1733  nanosleep({tv_sec=0, tv_nsec=3000},  <unfinished ...>
1726  futex(0xc000064948, FUTEX_WAKE_PRIVATE, 1 <unfinished ...>
1733  <... nanosleep resumed>NULL)      = 0
1733  futex(0xc000100148, FUTEX_WAKE_PRIVATE, 1 <unfinished ...>
1732  <... futex resumed>)              = 0
1726  <... futex resumed>)              = 1
1734  <... futex resumed>)              = 0
1733  <... futex resumed>)              = 1
1732  futex(0xc000064948, FUTEX_WAIT_PRIVATE, 0, NULL <unfinished ...>
1731  <... nanosleep resumed>NULL)      = 0
1734  futex(0xc000100148, FUTEX_WAIT_PRIVATE, 0, NULL <unfinished ...>
1733  futex(0xc000100148, FUTEX_WAKE_PRIVATE, 1 <unfinished ...>
1726  futex(0x5582e9e485e8, FUTEX_WAIT_PRIVATE, 0, NULL <unfinished ...>
1734  <... futex resumed>)              = -1 EAGAIN (Resource temporarily unavailable)
1733  <... futex resumed>)              = 0
1731  epoll_pwait(4,  <unfinished ...>
1734  nanosleep({tv_sec=0, tv_nsec=3000},  <unfinished ...>
1733  futex(0x5582e9e485e8, FUTEX_WAKE_PRIVATE, 1 <unfinished ...>
1734  <... nanosleep resumed>NULL)      = 0
1731  <... epoll_pwait resumed>[], 128, 0, NULL, 140731326808208) = 0
1734  futex(0xc000100148, FUTEX_WAIT_PRIVATE, 0, NULL <unfinished ...>
1733  <... futex resumed>)              = 1
1726  <... futex resumed>)              = 0
1733  futex(0xc000064d48, FUTEX_WAIT_PRIVATE, 0, NULL <unfinished ...>
1731  nanosleep({tv_sec=0, tv_nsec=10000000},  <unfinished ...>
1733  <... futex resumed>)              = -1 EAGAIN (Resource temporarily unavailable)
1726  futex(0xc000064d48, FUTEX_WAKE_PRIVATE, 1 <unfinished ...>
1733  nanosleep({tv_sec=0, tv_nsec=3000},  <unfinished ...>
1726  <... futex resumed>)              = 0
1733  <... nanosleep resumed>NULL)      = 0
1726  futex(0xc000100148, FUTEX_WAKE_PRIVATE, 1 <unfinished ...>
1733  futex(0xc000064948, FUTEX_WAKE_PRIVATE, 1 <unfinished ...>
1734  <... futex resumed>)              = 0
1726  <... futex resumed>)              = 1
1734  futex(0xc000100148, FUTEX_WAIT_PRIVATE, 0, NULL <unfinished ...>
1733  <... futex resumed>)              = 1
1732  <... futex resumed>)              = 0
1733  futex(0x5582e9e485e8, FUTEX_WAKE_PRIVATE, 1 <unfinished ...>
1726  futex(0x5582e9e485e8, FUTEX_WAIT_PRIVATE, 0, NULL <unfinished ...>
1733  <... futex resumed>)              = 0
1732  futex(0xc000064948, FUTEX_WAIT_PRIVATE, 0, NULL <unfinished ...>
1733  futex(0xc000064d48, FUTEX_WAIT_PRIVATE, 0, NULL <unfinished ...>
1726  <... futex resumed>)              = -1 EAGAIN (Resource temporarily unavailable)
1726  futex(0xc000064d48, FUTEX_WAKE_PRIVATE, 1 <unfinished ...>
1733  <... futex resumed>)              = 0
1726  <... futex resumed>)              = 1
1733  nanosleep({tv_sec=0, tv_nsec=3000},  <unfinished ...>
1726  futex(0xc000064948, FUTEX_WAKE_PRIVATE, 1 <unfinished ...>
1733  <... nanosleep resumed>NULL)      = 0
1732  <... futex resumed>)              = 0
1726  <... futex resumed>)              = 1
1733  futex(0xc000100148, FUTEX_WAKE_PRIVATE, 1 <unfinished ...>
1732  futex(0xc000064948, FUTEX_WAIT_PRIVATE, 0, NULL <unfinished ...>
1734  <... futex resumed>)              = 0
1733  <... futex resumed>)              = 1
1726  futex(0x5582e9e485e8, FUTEX_WAIT_PRIVATE, 0, NULL <unfinished ...>
1734  futex(0xc000100148, FUTEX_WAIT_PRIVATE, 0, NULL <unfinished ...>
1733  futex(0xc000100148, FUTEX_WAKE_PRIVATE, 1 <unfinished ...>
1734  <... futex resumed>)              = -1 EAGAIN (Resource temporarily unavailable)
1733  <... futex resumed>)              = 0
1734  nanosleep({tv_sec=0, tv_nsec=3000},  <unfinished ...>
1733  futex(0x5582e9e485e8, FUTEX_WAKE_PRIVATE, 1 <unfinished ...>
1734  <... nanosleep resumed>NULL)      = 0
1733  <... futex resumed>)              = 1
1726  <... futex resumed>)              = 0
1734  futex(0xc000100148, FUTEX_WAIT_PRIVATE, 0, NULL <unfinished ...>
1733  futex(0xc000064d48, FUTEX_WAIT_PRIVATE, 0, NULL <unfinished ...>
1731  <... nanosleep resumed>NULL)      = 0
1726  futex(0xc000064d48, FUTEX_WAKE_PRIVATE, 1 <unfinished ...>
1733  <... futex resumed>)              = -1 EAGAIN (Resource temporarily unavailable)
1731  epoll_pwait(4,  <unfinished ...>
1733  nanosleep({tv_sec=0, tv_nsec=3000},  <unfinished ...>
1726  <... futex resumed>)              = 0
1733  <... nanosleep resumed>NULL)      = 0
1731  <... epoll_pwait resumed>[], 128, 0, NULL, 140731326808208) = 0
1733  futex(0xc000064948, FUTEX_WAKE_PRIVATE, 1 <unfinished ...>
1726  futex(0xc000100148, FUTEX_WAKE_PRIVATE, 1 <unfinished ...>
1733  <... futex resumed>)              = 1
1732  <... futex resumed>)              = 0
1731  nanosleep({tv_sec=0, tv_nsec=10000000},  <unfinished ...>
1734  <... futex resumed>)              = 0
1733  futex(0x5582e9e485e8, FUTEX_WAKE_PRIVATE, 1 <unfinished ...>
1732  futex(0xc000064948, FUTEX_WAIT_PRIVATE, 0, NULL <unfinished ...>
1726  <... futex resumed>)              = 1
1734  futex(0xc000100148, FUTEX_WAIT_PRIVATE, 0, NULL <unfinished ...>
1733  <... futex resumed>)              = 0
1734  <... futex resumed>)              = -1 EAGAIN (Resource temporarily unavailable)
1726  futex(0xc000100148, FUTEX_WAKE_PRIVATE, 1 <unfinished ...>
1734  nanosleep({tv_sec=0, tv_nsec=3000},  <unfinished ...>
1733  futex(0xc000064d48, FUTEX_WAIT_PRIVATE, 0, NULL <unfinished ...>
1734  <... nanosleep resumed>NULL)      = 0
1726  <... futex resumed>)              = 0
1734  futex(0xc000064d48, FUTEX_WAKE_PRIVATE, 1 <unfinished ...>
1726  futex(0x5582e9e485e8, FUTEX_WAIT_PRIVATE, 0, NULL <unfinished ...>
1734  <... futex resumed>)              = 1
1733  <... futex resumed>)              = 0
1734  futex(0x5582e9e485e8, FUTEX_WAKE_PRIVATE, 1 <unfinished ...>
1733  futex(0xc000064d48, FUTEX_WAIT_PRIVATE, 0, NULL <unfinished ...>
1734  <... futex resumed>)              = 1
1726  <... futex resumed>)              = 0
1734  futex(0xc000100148, FUTEX_WAIT_PRIVATE, 0, NULL <unfinished ...>
1726  futex(0xc000100148, FUTEX_WAKE_PRIVATE, 1 <unfinished ...>
1734  <... futex resumed>)              = -1 EAGAIN (Resource temporarily unavailable)
1726  <... futex resumed>)              = 0
1734  nanosleep({tv_sec=0, tv_nsec=3000},  <unfinished ...>
1726  futex(0xc000064d48, FUTEX_WAKE_PRIVATE, 1 <unfinished ...>
1734  <... nanosleep resumed>NULL)      = 0
1733  <... futex resumed>)              = 0
1726  <... futex resumed>)              = 1
1734  futex(0xc000064948, FUTEX_WAKE_PRIVATE, 1 <unfinished ...>
1733  futex(0xc000064d48, FUTEX_WAIT_PRIVATE, 0, NULL <unfinished ...>
1734  <... futex resumed>)              = 1
1732  <... futex resumed>)              = 0
1726  futex(0x5582e9e485e8, FUTEX_WAIT_PRIVATE, 0, NULL <unfinished ...>
1734  futex(0x5582e9e485e8, FUTEX_WAKE_PRIVATE, 1 <unfinished ...>
1732  futex(0xc000064948, FUTEX_WAIT_PRIVATE, 0, NULL <unfinished ...>
1734  <... futex resumed>)              = 0
1726  <... futex resumed>)              = -1 EAGAIN (Resource temporarily unavailable)
1734  futex(0xc000100148, FUTEX_WAIT_PRIVATE, 0, NULL <unfinished ...>
1726  futex(0xc000100148, FUTEX_WAKE_PRIVATE, 1 <unfinished ...>
1734  <... futex resumed>)              = -1 EAGAIN (Resource temporarily unavailable)
1726  <... futex resumed>)              = 0
1734  nanosleep({tv_sec=0, tv_nsec=3000},  <unfinished ...>
1731  <... nanosleep resumed>NULL)      = 0
1734  <... nanosleep resumed>NULL)      = 0
1726  futex(0xc000064948, FUTEX_WAKE_PRIVATE, 1 <unfinished ...>
1734  futex(0xc000064d48, FUTEX_WAKE_PRIVATE, 1 <unfinished ...>
1731  epoll_pwait(4,  <unfinished ...>
1734  <... futex resumed>)              = 1
1733  <... futex resumed>)              = 0
1732  <... futex resumed>)              = 0
1726  <... futex resumed>)              = 1
1734  futex(0x5582e9e485e8, FUTEX_WAKE_PRIVATE, 1 <unfinished ...>
1733  futex(0xc000064d48, FUTEX_WAIT_PRIVATE, 0, NULL <unfinished ...>
1732  futex(0xc000064948, FUTEX_WAIT_PRIVATE, 0, NULL <unfinished ...>
1731  <... epoll_pwait resumed>[], 128, 0, NULL, 140731326808208) = 0
1734  <... futex resumed>)              = 0
1732  <... futex resumed>)              = -1 EAGAIN (Resource temporarily unavailable)
1726  futex(0xc000064948, FUTEX_WAKE_PRIVATE, 1 <unfinished ...>
1734  futex(0xc000100148, FUTEX_WAIT_PRIVATE, 0, NULL <unfinished ...>
1732  nanosleep({tv_sec=0, tv_nsec=3000},  <unfinished ...>
1731  nanosleep({tv_sec=0, tv_nsec=10000000},  <unfinished ...>
1732  <... nanosleep resumed>NULL)      = 0
1726  <... futex resumed>)              = 0
1732  futex(0xc000100148, FUTEX_WAKE_PRIVATE, 1 <unfinished ...>
1726  futex(0x5582e9e485e8, FUTEX_WAIT_PRIVATE, 0, NULL <unfinished ...>
1734  <... futex resumed>)              = 0
1732  <... futex resumed>)              = 1
1734  futex(0xc000100148, FUTEX_WAIT_PRIVATE, 0, NULL <unfinished ...>
1732  futex(0xc000100148, FUTEX_WAKE_PRIVATE, 1 <unfinished ...>
1734  <... futex resumed>)              = -1 EAGAIN (Resource temporarily unavailable)
1732  <... futex resumed>)              = 0
1734  nanosleep({tv_sec=0, tv_nsec=3000},  <unfinished ...>
1732  futex(0x5582e9e485e8, FUTEX_WAKE_PRIVATE, 1 <unfinished ...>
1734  <... nanosleep resumed>NULL)      = 0
1732  <... futex resumed>)              = 1
1726  <... futex resumed>)              = 0
1734  futex(0xc000100148, FUTEX_WAIT_PRIVATE, 0, NULL <unfinished ...>
1732  futex(0xc000064948, FUTEX_WAIT_PRIVATE, 0, NULL <unfinished ...>
1726  mmap(NULL, 262144, PROT_READ|PROT_WRITE, MAP_PRIVATE|MAP_ANONYMOUS, -1, 0) = 0x7f4d46fbe000
1726  mmap(0xc000400000, 4194304, PROT_READ|PROT_WRITE, MAP_PRIVATE|MAP_FIXED|MAP_ANONYMOUS, -1, 0) = 0xc000400000
1726  ioctl(1, TCGETS, 0xc00047fc2c)    = -1 ENOTTY (Inappropriate ioctl for device)
1726  ioctl(0, TCGETS, 0xc00047fc2c)    = -1 ENOTTY (Inappropriate ioctl for device)
1726  uname({sysname="Linux", nodename="7532045ffef6", ...}) = 0
1726  openat(AT_FDCWD, "/proc/cmdline", O_RDONLY|O_CLOEXEC) = 7
1726  epoll_ctl(4, EPOLL_CTL_ADD, 7, {events=EPOLLIN|EPOLLOUT|EPOLLRDHUP|EPOLLET, data={u32=1275246424, u64=139969964455768}}) = 0
1726  fcntl(7, F_GETFL <unfinished ...>
1731  <... nanosleep resumed>NULL)      = 0
1726  <... fcntl resumed>)              = 0x8000 (flags O_RDONLY|O_LARGEFILE)
1731  epoll_pwait(4,  <unfinished ...>
1726  fcntl(7, F_SETFL, O_RDONLY|O_NONBLOCK|O_LARGEFILE <unfinished ...>
1731  <... epoll_pwait resumed>[{events=EPOLLIN|EPOLLOUT, data={u32=1275246424, u64=139969964455768}}], 128, 0, NULL, 140731326808208) = 1
1726  <... fcntl resumed>)              = 0
1731  nanosleep({tv_sec=0, tv_nsec=10000000},  <unfinished ...>
1726  fstat(7, {st_mode=S_IFREG|0444, st_size=0, ...}) = 0
1726  read(7, "initrd=\\initrd.img panic=-1 nr_cpus=8 swiotlb=force pty.legacy_count=0\n", 512) = 71
1726  read(7, "", 441)                  = 0
1726  epoll_ctl(4, EPOLL_CTL_DEL, 7, 0xc00047fa5c) = 0
1726  close(7)                          = 0
1726  readlinkat(AT_FDCWD, "/proc/self/exe", "/usr/bin/snap", 128) = 13
1726  newfstatat(AT_FDCWD, "/snap/snapd/current/usr/bin/snap", 0xc000197218, 0) = -1 ENOENT (No such file or directory)
1726  newfstatat(AT_FDCWD, "/snap/core/current/usr/bin/snap", 0xc0001972e8, 0) = -1 ENOENT (No such file or directory)
1726  newfstatat(AT_FDCWD, "/snap/bin/snap", 0xc0001973b8, AT_SYMLINK_NOFOLLOW) = -1 ENOENT (No such file or directory)
1726  write(1, "The snap command lets you install, configure, refresh and remove snaps.\nSnaps are packages that work across many different Linux"..., 217) = 217
1726  write(1, "\n", 1)                 = 1
1726  write(1, "Usage: snap <command> [<options>...]\n", 37 <unfinished ...>
1731  <... nanosleep resumed>NULL)      = 0
1726  <... write resumed>)              = 37
1731  epoll_pwait(4,  <unfinished ...>
1726  write(1, "\n", 1 <unfinished ...>
1731  <... epoll_pwait resumed>[], 128, 0, NULL, 140731326808208) = 0
1731  futex(0xc000064948, FUTEX_WAKE_PRIVATE, 1 <unfinished ...>
1726  <... write resumed>)              = 1
1732  <... futex resumed>)              = 0
1731  <... futex resumed>)              = 1
1732  futex(0xc000064948, FUTEX_WAIT_PRIVATE, 0, NULL <unfinished ...>
1726  write(1, "Commonly used commands can be classified as follows:\n", 53 <unfinished ...>
1731  nanosleep({tv_sec=0, tv_nsec=20000},  <unfinished ...>
1726  <... write resumed>)              = 53
1731  <... nanosleep resumed>NULL)      = 0
1726  write(1, "\n", 1 <unfinished ...>
1731  nanosleep({tv_sec=0, tv_nsec=20000},  <unfinished ...>
1726  <... write resumed>)              = 1
1731  <... nanosleep resumed>NULL)      = 0
1726  write(1, "         Basics: find, info, install, remove, list\n", 51 <unfinished ...>
1731  nanosleep({tv_sec=0, tv_nsec=20000},  <unfinished ...>
1726  <... write resumed>)              = 51
1731  <... nanosleep resumed>NULL)      = 0
1726  write(1, "        ...more: refresh, revert, switch, disable, enable, create-cohort\n", 73 <unfinished ...>
1731  nanosleep({tv_sec=0, tv_nsec=20000},  <unfinished ...>
1726  <... write resumed>)              = 73
1731  <... nanosleep resumed>NULL)      = 0
1726  write(1, "        History: changes, tasks, abort, watch\n", 46 <unfinished ...>
1731  nanosleep({tv_sec=0, tv_nsec=20000},  <unfinished ...>
1726  <... write resumed>)              = 46
1731  <... nanosleep resumed>NULL)      = 0
1726  write(1, "        Daemons: services, start, stop, restart, logs\n", 54 <unfinished ...>
1731  nanosleep({tv_sec=0, tv_nsec=20000},  <unfinished ...>
1726  <... write resumed>)              = 54
1731  <... nanosleep resumed>NULL)      = 0
1726  write(1, "    Permissions: connections, interface, connect, disconnect\n", 61 <unfinished ...>
1731  nanosleep({tv_sec=0, tv_nsec=20000}, NULL) = 0
1726  <... write resumed>)              = 61
1731  epoll_pwait(4,  <unfinished ...>
1726  write(1, "  Configuration: get, set, unset, wait\n", 39 <unfinished ...>
1731  <... epoll_pwait resumed>[], 128, 0, NULL, 140731326808208) = 0
1726  <... write resumed>)              = 39
1731  nanosleep({tv_sec=0, tv_nsec=20000},  <unfinished ...>
1726  write(1, "    App Aliases: alias, aliases, unalias, prefer\n", 49 <unfinished ...>
1731  <... nanosleep resumed>NULL)      = 0
1726  <... write resumed>)              = 49
1731  nanosleep({tv_sec=0, tv_nsec=20000},  <unfinished ...>
1726  write(1, "        Account: login, logout, whoami\n", 39 <unfinished ...>
1731  <... nanosleep resumed>NULL)      = 0
1726  <... write resumed>)              = 39
1731  nanosleep({tv_sec=0, tv_nsec=20000},  <unfinished ...>
1726  write(1, "      Snapshots: saved, save, check-snapshot, restore, forget\n", 62 <unfinished ...>
1731  <... nanosleep resumed>NULL)      = 0
1726  <... write resumed>)              = 62
1731  nanosleep({tv_sec=0, tv_nsec=20000},  <unfinished ...>
1726  write(1, "         Device: model, reboot, recovery\n", 41 <unfinished ...>
1731  <... nanosleep resumed>NULL)      = 0
1726  <... write resumed>)              = 41
1731  nanosleep({tv_sec=0, tv_nsec=20000},  <unfinished ...>
1726  write(1, "      ... Other: warnings, okay, known, ack, version\n", 53 <unfinished ...>
1731  <... nanosleep resumed>NULL)      = 0
1726  <... write resumed>)              = 53
1731  nanosleep({tv_sec=0, tv_nsec=20000},  <unfinished ...>
1726  write(1, "    Development: download, pack, run, try\n", 42 <unfinished ...>
1731  <... nanosleep resumed>NULL)      = 0
1726  <... write resumed>)              = 42
1731  nanosleep({tv_sec=0, tv_nsec=20000},  <unfinished ...>
1726  write(1, "\n", 1 <unfinished ...>
1731  <... nanosleep resumed>NULL)      = 0
1726  <... write resumed>)              = 1
1731  nanosleep({tv_sec=0, tv_nsec=20000},  <unfinished ...>
1726  write(1, "For more information about a command, run 'snap help <command>'.\n", 65 <unfinished ...>
1731  <... nanosleep resumed>NULL)      = 0
1726  <... write resumed>)              = 65
1731  nanosleep({tv_sec=0, tv_nsec=20000},  <unfinished ...>
1726  write(1, "For a short summary of all commands, run 'snap help --all'.\n", 60 <unfinished ...>
1731  <... nanosleep resumed>NULL)      = 0
1726  <... write resumed>)              = 60
1731  epoll_pwait(4,  <unfinished ...>
1726  exit_group(0 <unfinished ...>
1731  <... epoll_pwait resumed>[], 128, 0, NULL, 140731326808208) = 0
1735  <... futex resumed>)              = ?
1734  <... futex resumed>)              = ?
1733  <... futex resumed>)              = ?
1732  <... futex resumed>)              = ?
1726  <... exit_group resumed>)         = ?
1735  +++ exited with 0 +++
1734  +++ exited with 0 +++
1733  +++ exited with 0 +++
1732  +++ exited with 0 +++
1731  +++ exited with 0 +++
1726  +++ exited with 0 +++
