1842  <... futex resumed>)              = -1 EAGAIN (Resource temporarily unavailable)
1841  <... futex resumed>)              = 0
1842  nanosleep({tv_sec=0, tv_nsec=3000},  <unfinished ...>
1840  nanosleep({tv_sec=0, tv_nsec=20000},  <unfinished ...>
1842  <... nanosleep resumed>NULL)      = 0
1841  futex(0x55ea06bbef48, FUTEX_WAKE_PRIVATE, 1 <unfinished ...>
1842  futex(0xc000052d48, FUTEX_WAIT_PRIVATE, 0, NULL <unfinished ...>
1840  <... nanosleep resumed>NULL)      = 0
1841  <... futex resumed>)              = 1
1835  <... futex resumed>)              = 0
1841  futex(0xc000052948, FUTEX_WAIT_PRIVATE, 0, NULL <unfinished ...>
1840  nanosleep({tv_sec=0, tv_nsec=20000},  <unfinished ...>
1841  <... futex resumed>)              = -1 EAGAIN (Resource temporarily unavailable)
1835  futex(0xc000052948, FUTEX_WAKE_PRIVATE, 1 <unfinished ...>
1841  nanosleep({tv_sec=0, tv_nsec=3000},  <unfinished ...>
1840  <... nanosleep resumed>NULL)      = 0
1841  <... nanosleep resumed>NULL)      = 0
1835  <... futex resumed>)              = 0
1841  futex(0xc000052d48, FUTEX_WAKE_PRIVATE, 1 <unfinished ...>
1840  nanosleep({tv_sec=0, tv_nsec=20000},  <unfinished ...>
1842  <... futex resumed>)              = 0
1841  <... futex resumed>)              = 1
1835  futex(0x55ea06bbef48, FUTEX_WAIT_PRIVATE, 0, NULL <unfinished ...>
1842  futex(0xc000052d48, FUTEX_WAIT_PRIVATE, 0, NULL <unfinished ...>
1841  futex(0xc000052d48, FUTEX_WAKE_PRIVATE, 1 <unfinished ...>
1840  <... nanosleep resumed>NULL)      = 0
1842  <... futex resumed>)              = -1 EAGAIN (Resource temporarily unavailable)
1841  <... futex resumed>)              = 0
1842  nanosleep({tv_sec=0, tv_nsec=3000},  <unfinished ...>
1840  nanosleep({tv_sec=0, tv_nsec=20000},  <unfinished ...>
1842  <... nanosleep resumed>NULL)      = 0
1841  futex(0x55ea06bbef48, FUTEX_WAKE_PRIVATE, 1 <unfinished ...>
1842  futex(0xc000052d48, FUTEX_WAIT_PRIVATE, 0, NULL <unfinished ...>
1840  <... nanosleep resumed>NULL)      = 0
1841  <... futex resumed>)              = 1
1835  <... futex resumed>)              = 0
1841  futex(0xc000052948, FUTEX_WAIT_PRIVATE, 0, NULL <unfinished ...>
1840  epoll_pwait(4,  <unfinished ...>
1841  <... futex resumed>)              = -1 EAGAIN (Resource temporarily unavailable)
1835  futex(0xc000052948, FUTEX_WAKE_PRIVATE, 1 <unfinished ...>
1841  nanosleep({tv_sec=0, tv_nsec=3000},  <unfinished ...>
1840  <... epoll_pwait resumed>[], 128, 0, NULL, 140734496784528) = 0
1841  <... nanosleep resumed>NULL)      = 0
1835  <... futex resumed>)              = 0
1841  futex(0xc000052d48, FUTEX_WAKE_PRIVATE, 1 <unfinished ...>
1840  nanosleep({tv_sec=0, tv_nsec=20000},  <unfinished ...>
1842  <... futex resumed>)              = 0
1841  <... futex resumed>)              = 1
1835  futex(0x55ea06bbef48, FUTEX_WAIT_PRIVATE, 0, NULL <unfinished ...>
1842  futex(0xc000052d48, FUTEX_WAIT_PRIVATE, 0, NULL <unfinished ...>
1841  futex(0xc000052d48, FUTEX_WAKE_PRIVATE, 1 <unfinished ...>
1840  <... nanosleep resumed>NULL)      = 0
1842  <... futex resumed>)              = -1 EAGAIN (Resource temporarily unavailable)
1841  <... futex resumed>)              = 0
1842  nanosleep({tv_sec=0, tv_nsec=3000},  <unfinished ...>
1840  nanosleep({tv_sec=0, tv_nsec=20000},  <unfinished ...>
1842  <... nanosleep resumed>NULL)      = 0
1841  futex(0x55ea06bbef48, FUTEX_WAKE_PRIVATE, 1 <unfinished ...>
1842  futex(0xc000052d48, FUTEX_WAIT_PRIVATE, 0, NULL <unfinished ...>
1840  <... nanosleep resumed>NULL)      = 0
1841  <... futex resumed>)              = 1
1835  <... futex resumed>)              = 0
1841  futex(0xc000052948, FUTEX_WAIT_PRIVATE, 0, NULL <unfinished ...>
1840  nanosleep({tv_sec=0, tv_nsec=20000},  <unfinished ...>
1841  <... futex resumed>)              = -1 EAGAIN (Resource temporarily unavailable)
1835  futex(0xc000052948, FUTEX_WAKE_PRIVATE, 1 <unfinished ...>
1841  nanosleep({tv_sec=0, tv_nsec=3000},  <unfinished ...>
1840  <... nanosleep resumed>NULL)      = 0
1841  <... nanosleep resumed>NULL)      = 0
1835  <... futex resumed>)              = 0
1841  futex(0xc000052d48, FUTEX_WAKE_PRIVATE, 1 <unfinished ...>
1840  nanosleep({tv_sec=0, tv_nsec=20000},  <unfinished ...>
1842  <... futex resumed>)              = 0
1841  <... futex resumed>)              = 1
1835  futex(0x55ea06bbef48, FUTEX_WAIT_PRIVATE, 0, NULL <unfinished ...>
1842  futex(0xc000052d48, FUTEX_WAIT_PRIVATE, 0, NULL <unfinished ...>
1841  futex(0xc000052d48, FUTEX_WAKE_PRIVATE, 1 <unfinished ...>
1840  <... nanosleep resumed>NULL)      = 0
1842  <... futex resumed>)              = -1 EAGAIN (Resource temporarily unavailable)
1841  <... futex resumed>)              = 0
1842  nanosleep({tv_sec=0, tv_nsec=3000},  <unfinished ...>
1840  epoll_pwait(4,  <unfinished ...>
1842  <... nanosleep resumed>NULL)      = 0
1841  futex(0x55ea06bbef48, FUTEX_WAKE_PRIVATE, 1 <unfinished ...>
1842  futex(0xc000052d48, FUTEX_WAIT_PRIVATE, 0, NULL <unfinished ...>
1840  <... epoll_pwait resumed>[], 128, 0, NULL, 140734496784528) = 0
1841  <... futex resumed>)              = 1
1835  <... futex resumed>)              = 0
1841  futex(0xc000052948, FUTEX_WAIT_PRIVATE, 0, NULL <unfinished ...>
1840  nanosleep({tv_sec=0, tv_nsec=20000},  <unfinished ...>
1841  <... futex resumed>)              = -1 EAGAIN (Resource temporarily unavailable)
1835  futex(0xc000052948, FUTEX_WAKE_PRIVATE, 1 <unfinished ...>
1841  nanosleep({tv_sec=0, tv_nsec=3000},  <unfinished ...>
1840  <... nanosleep resumed>NULL)      = 0
1841  <... nanosleep resumed>NULL)      = 0
1835  <... futex resumed>)              = 0
1841  futex(0xc000052d48, FUTEX_WAKE_PRIVATE, 1 <unfinished ...>
1840  nanosleep({tv_sec=0, tv_nsec=20000},  <unfinished ...>
1842  <... futex resumed>)              = 0
1841  <... futex resumed>)              = 1
1835  futex(0x55ea06bbef48, FUTEX_WAIT_PRIVATE, 0, NULL <unfinished ...>
1842  futex(0xc000052d48, FUTEX_WAIT_PRIVATE, 0, NULL <unfinished ...>
1841  futex(0xc000052d48, FUTEX_WAKE_PRIVATE, 1 <unfinished ...>
1840  <... nanosleep resumed>NULL)      = 0
1842  <... futex resumed>)              = -1 EAGAIN (Resource temporarily unavailable)
1841  <... futex resumed>)              = 0
1842  nanosleep({tv_sec=0, tv_nsec=3000},  <unfinished ...>
1840  nanosleep({tv_sec=0, tv_nsec=20000},  <unfinished ...>
1842  <... nanosleep resumed>NULL)      = 0
1841  futex(0x55ea06bbef48, FUTEX_WAKE_PRIVATE, 1 <unfinished ...>
1842  futex(0xc000052d48, FUTEX_WAIT_PRIVATE, 0, NULL <unfinished ...>
1840  <... nanosleep resumed>NULL)      = 0
1841  <... futex resumed>)              = 1
1835  <... futex resumed>)              = 0
1841  futex(0xc000052948, FUTEX_WAIT_PRIVATE, 0, NULL <unfinished ...>
1840  nanosleep({tv_sec=0, tv_nsec=20000},  <unfinished ...>
1841  <... futex resumed>)              = -1 EAGAIN (Resource temporarily unavailable)
1835  futex(0xc000052948, FUTEX_WAKE_PRIVATE, 1 <unfinished ...>
1841  nanosleep({tv_sec=0, tv_nsec=3000},  <unfinished ...>
1840  <... nanosleep resumed>NULL)      = 0
1841  <... nanosleep resumed>NULL)      = 0
1835  <... futex resumed>)              = 0
1841  futex(0xc000052d48, FUTEX_WAKE_PRIVATE, 1 <unfinished ...>
1840  nanosleep({tv_sec=0, tv_nsec=20000},  <unfinished ...>
1842  <... futex resumed>)              = 0
1841  <... futex resumed>)              = 1
1835  futex(0x55ea06bbef48, FUTEX_WAIT_PRIVATE, 0, NULL <unfinished ...>
1842  futex(0xc000052d48, FUTEX_WAIT_PRIVATE, 0, NULL <unfinished ...>
1841  futex(0xc000052d48, FUTEX_WAKE_PRIVATE, 1 <unfinished ...>
1840  <... nanosleep resumed>NULL)      = 0
1842  <... futex resumed>)              = -1 EAGAIN (Resource temporarily unavailable)
1841  <... futex resumed>)              = 0
1842  nanosleep({tv_sec=0, tv_nsec=3000},  <unfinished ...>
1840  epoll_pwait(4,  <unfinished ...>
1842  <... nanosleep resumed>NULL)      = 0
1841  futex(0x55ea06bbef48, FUTEX_WAKE_PRIVATE, 1 <unfinished ...>
1842  futex(0xc000052d48, FUTEX_WAIT_PRIVATE, 0, NULL <unfinished ...>
1840  <... epoll_pwait resumed>[], 128, 0, NULL, 140734496784528) = 0
1841  <... futex resumed>)              = 1
1835  <... futex resumed>)              = 0
1841  futex(0xc000052948, FUTEX_WAIT_PRIVATE, 0, NULL <unfinished ...>
1840  nanosleep({tv_sec=0, tv_nsec=20000},  <unfinished ...>
1841  <... futex resumed>)              = -1 EAGAIN (Resource temporarily unavailable)
1835  futex(0xc000052948, FUTEX_WAKE_PRIVATE, 1 <unfinished ...>
1841  nanosleep({tv_sec=0, tv_nsec=3000},  <unfinished ...>
1840  <... nanosleep resumed>NULL)      = 0
1841  <... nanosleep resumed>NULL)      = 0
1835  <... futex resumed>)              = 0
1841  futex(0xc000052d48, FUTEX_WAKE_PRIVATE, 1 <unfinished ...>
1840  nanosleep({tv_sec=0, tv_nsec=20000},  <unfinished ...>
1842  <... futex resumed>)              = 0
1841  <... futex resumed>)              = 1
1835  futex(0x55ea06bbef48, FUTEX_WAIT_PRIVATE, 0, NULL <unfinished ...>
1842  futex(0xc000052d48, FUTEX_WAIT_PRIVATE, 0, NULL <unfinished ...>
1841  futex(0xc000052d48, FUTEX_WAKE_PRIVATE, 1 <unfinished ...>
1840  <... nanosleep resumed>NULL)      = 0
1842  <... futex resumed>)              = -1 EAGAIN (Resource temporarily unavailable)
1841  <... futex resumed>)              = 0
1842  nanosleep({tv_sec=0, tv_nsec=3000},  <unfinished ...>
1840  nanosleep({tv_sec=0, tv_nsec=40000},  <unfinished ...>
1842  <... nanosleep resumed>NULL)      = 0
1841  futex(0x55ea06bbef48, FUTEX_WAKE_PRIVATE, 1 <unfinished ...>
1842  futex(0xc000052d48, FUTEX_WAIT_PRIVATE, 0, NULL <unfinished ...>
1840  <... nanosleep resumed>NULL)      = 0
1841  <... futex resumed>)              = 1
1835  <... futex resumed>)              = 0
1841  futex(0xc000052948, FUTEX_WAIT_PRIVATE, 0, NULL <unfinished ...>
1840  nanosleep({tv_sec=0, tv_nsec=80000},  <unfinished ...>
1841  <... futex resumed>)              = -1 EAGAIN (Resource temporarily unavailable)
1835  futex(0xc000052948, FUTEX_WAKE_PRIVATE, 1 <unfinished ...>
1841  nanosleep({tv_sec=0, tv_nsec=3000},  <unfinished ...>
1840  <... nanosleep resumed>NULL)      = 0
1841  <... nanosleep resumed>NULL)      = 0
1835  <... futex resumed>)              = 0
1841  futex(0xc000052d48, FUTEX_WAKE_PRIVATE, 1 <unfinished ...>
1840  nanosleep({tv_sec=0, tv_nsec=160000},  <unfinished ...>
1842  <... futex resumed>)              = 0
1841  <... futex resumed>)              = 1
1835  futex(0x55ea06bbef48, FUTEX_WAIT_PRIVATE, 0, NULL <unfinished ...>
1842  futex(0xc000052d48, FUTEX_WAIT_PRIVATE, 0, NULL <unfinished ...>
1841  futex(0xc000052d48, FUTEX_WAKE_PRIVATE, 1 <unfinished ...>
1840  <... nanosleep resumed>NULL)      = 0
1842  <... futex resumed>)              = -1 EAGAIN (Resource temporarily unavailable)
1841  <... futex resumed>)              = 0
1842  nanosleep({tv_sec=0, tv_nsec=3000},  <unfinished ...>
1840  epoll_pwait(4,  <unfinished ...>
1842  <... nanosleep resumed>NULL)      = 0
1841  futex(0x55ea06bbef48, FUTEX_WAKE_PRIVATE, 1 <unfinished ...>
1842  futex(0xc000052d48, FUTEX_WAIT_PRIVATE, 0, NULL <unfinished ...>
1840  <... epoll_pwait resumed>[], 128, 0, NULL, 140734496784528) = 0
1841  <... futex resumed>)              = 1
1835  <... futex resumed>)              = 0
1841  futex(0xc000052948, FUTEX_WAIT_PRIVATE, 0, NULL <unfinished ...>
1840  nanosleep({tv_sec=0, tv_nsec=320000},  <unfinished ...>
1841  <... futex resumed>)              = -1 EAGAIN (Resource temporarily unavailable)
1835  futex(0xc000052948, FUTEX_WAKE_PRIVATE, 1 <unfinished ...>
1841  nanosleep({tv_sec=0, tv_nsec=3000},  <unfinished ...>
1840  <... nanosleep resumed>NULL)      = 0
1841  <... nanosleep resumed>NULL)      = 0
1835  <... futex resumed>)              = 0
1841  futex(0xc000052d48, FUTEX_WAKE_PRIVATE, 1 <unfinished ...>
1840  nanosleep({tv_sec=0, tv_nsec=640000},  <unfinished ...>
1842  <... futex resumed>)              = 0
1841  <... futex resumed>)              = 1
1835  futex(0x55ea06bbef48, FUTEX_WAIT_PRIVATE, 0, NULL <unfinished ...>
1842  futex(0xc000052d48, FUTEX_WAIT_PRIVATE, 0, NULL <unfinished ...>
1841  futex(0xc000052d48, FUTEX_WAKE_PRIVATE, 1 <unfinished ...>
1842  <... futex resumed>)              = -1 EAGAIN (Resource temporarily unavailable)
1840  <... nanosleep resumed>NULL)      = 0
1842  nanosleep({tv_sec=0, tv_nsec=3000},  <unfinished ...>
1841  <... futex resumed>)              = 0
1842  <... nanosleep resumed>NULL)      = 0
1840  nanosleep({tv_sec=0, tv_nsec=1280000},  <unfinished ...>
1842  futex(0xc000052d48, FUTEX_WAIT_PRIVATE, 0, NULL <unfinished ...>
1841  futex(0x55ea06bbef48, FUTEX_WAKE_PRIVATE, 1) = 1
1835  <... futex resumed>)              = 0
1841  futex(0xc000052948, FUTEX_WAIT_PRIVATE, 0, NULL <unfinished ...>
1835  futex(0xc000052948, FUTEX_WAKE_PRIVATE, 1 <unfinished ...>
1841  <... futex resumed>)              = -1 EAGAIN (Resource temporarily unavailable)
1840  <... nanosleep resumed>NULL)      = 0
1841  nanosleep({tv_sec=0, tv_nsec=3000},  <unfinished ...>
1835  <... futex resumed>)              = 0
1841  <... nanosleep resumed>NULL)      = 0
1840  nanosleep({tv_sec=0, tv_nsec=2560000},  <unfinished ...>
1841  futex(0xc000088148, FUTEX_WAKE_PRIVATE, 1 <unfinished ...>
1835  futex(0xc000052d48, FUTEX_WAKE_PRIVATE, 1 <unfinished ...>
1843  <... futex resumed>)              = 0
1841  <... futex resumed>)              = 1
1843  futex(0xc000088148, FUTEX_WAIT_PRIVATE, 0, NULL <unfinished ...>
1842  <... futex resumed>)              = 0
1835  <... futex resumed>)              = 1
1843  <... futex resumed>)              = -1 EAGAIN (Resource temporarily unavailable)
1842  nanosleep({tv_sec=0, tv_nsec=3000},  <unfinished ...>
1841  futex(0xc000088148, FUTEX_WAKE_PRIVATE, 1 <unfinished ...>
1843  nanosleep({tv_sec=0, tv_nsec=3000},  <unfinished ...>
1842  <... nanosleep resumed>NULL)      = 0
1835  futex(0x55ea06bbef48, FUTEX_WAIT_PRIVATE, 0, NULL <unfinished ...>
1843  <... nanosleep resumed>NULL)      = 0
1842  futex(0x55ea06bbef48, FUTEX_WAKE_PRIVATE, 1 <unfinished ...>
1841  <... futex resumed>)              = 0
1840  <... nanosleep resumed>NULL)      = 0
1843  futex(0xc000088148, FUTEX_WAIT_PRIVATE, 0, NULL <unfinished ...>
1842  <... futex resumed>)              = 0
1841  futex(0xc000052948, FUTEX_WAIT_PRIVATE, 0, NULL <unfinished ...>
1835  <... futex resumed>)              = -1 EAGAIN (Resource temporarily unavailable)
1842  futex(0xc000052d48, FUTEX_WAIT_PRIVATE, 0, NULL <unfinished ...>
1840  epoll_pwait(4,  <unfinished ...>
1842  <... futex resumed>)              = -1 EAGAIN (Resource temporarily unavailable)
1835  futex(0xc000052d48, FUTEX_WAKE_PRIVATE, 1 <unfinished ...>
1842  nanosleep({tv_sec=0, tv_nsec=3000},  <unfinished ...>
1840  <... epoll_pwait resumed>[], 128, 0, NULL, 140734496784528) = 0
1842  <... nanosleep resumed>NULL)      = 0
1835  <... futex resumed>)              = 0
1842  futex(0xc000052948, FUTEX_WAKE_PRIVATE, 1 <unfinished ...>
1840  nanosleep({tv_sec=0, tv_nsec=5120000},  <unfinished ...>
1842  <... futex resumed>)              = 1
1841  <... futex resumed>)              = 0
1835  futex(0x55ea06bbef48, FUTEX_WAIT_PRIVATE, 0, NULL <unfinished ...>
1842  futex(0x55ea06bbef48, FUTEX_WAKE_PRIVATE, 1 <unfinished ...>
1841  futex(0xc000052948, FUTEX_WAIT_PRIVATE, 0, NULL <unfinished ...>
1842  <... futex resumed>)              = 0
1835  <... futex resumed>)              = -1 EAGAIN (Resource temporarily unavailable)
1842  futex(0xc000052d48, FUTEX_WAIT_PRIVATE, 0, NULL <unfinished ...>
1835  futex(0xc000052d48, FUTEX_WAKE_PRIVATE, 1 <unfinished ...>
1842  <... futex resumed>)              = -1 EAGAIN (Resource temporarily unavailable)
1835  <... futex resumed>)              = 0
1842  nanosleep({tv_sec=0, tv_nsec=3000},  <unfinished ...>
1835  futex(0xc000052948, FUTEX_WAKE_PRIVATE, 1 <unfinished ...>
1842  <... nanosleep resumed>NULL)      = 0
1841  <... futex resumed>)              = 0
1835  <... futex resumed>)              = 1
1842  futex(0xc000088148, FUTEX_WAKE_PRIVATE, 1 <unfinished ...>
1841  futex(0xc000052948, FUTEX_WAIT_PRIVATE, 0, NULL <unfinished ...>
1843  <... futex resumed>)              = 0
1842  <... futex resumed>)              = 1
1835  futex(0x55ea06bbef48, FUTEX_WAIT_PRIVATE, 0, NULL <unfinished ...>
1843  futex(0xc000088148, FUTEX_WAIT_PRIVATE, 0, NULL <unfinished ...>
1842  futex(0xc000088148, FUTEX_WAKE_PRIVATE, 1 <unfinished ...>
1843  <... futex resumed>)              = -1 EAGAIN (Resource temporarily unavailable)
1840  <... nanosleep resumed>NULL)      = 0
1843  nanosleep({tv_sec=0, tv_nsec=3000},  <unfinished ...>
1842  <... futex resumed>)              = 0
1843  <... nanosleep resumed>NULL)      = 0
1840  nanosleep({tv_sec=0, tv_nsec=10000000},  <unfinished ...>
1843  futex(0xc000088148, FUTEX_WAIT_PRIVATE, 0, NULL <unfinished ...>
1842  futex(0x55ea06bbef48, FUTEX_WAKE_PRIVATE, 1) = 1
1835  <... futex resumed>)              = 0
1842  futex(0xc000052d48, FUTEX_WAIT_PRIVATE, 0, NULL <unfinished ...>
1835  futex(0xc000052d48, FUTEX_WAKE_PRIVATE, 1 <unfinished ...>
1842  <... futex resumed>)              = -1 EAGAIN (Resource temporarily unavailable)
1835  <... futex resumed>)              = 0
1842  nanosleep({tv_sec=0, tv_nsec=3000},  <unfinished ...>
1835  futex(0xc000088148, FUTEX_WAKE_PRIVATE, 1 <unfinished ...>
1842  <... nanosleep resumed>NULL)      = 0
1843  <... futex resumed>)              = 0
1835  <... futex resumed>)              = 1
1843  futex(0xc000088148, FUTEX_WAIT_PRIVATE, 0, NULL <unfinished ...>
1842  futex(0xc000052948, FUTEX_WAKE_PRIVATE, 1 <unfinished ...>
1835  futex(0x55ea06bbef48, FUTEX_WAIT_PRIVATE, 0, NULL <unfinished ...>
1842  <... futex resumed>)              = 1
1841  <... futex resumed>)              = 0
1842  futex(0x55ea06bbef48, FUTEX_WAKE_PRIVATE, 1 <unfinished ...>
1841  futex(0xc000052948, FUTEX_WAIT_PRIVATE, 0, NULL <unfinished ...>
1842  <... futex resumed>)              = 1
1835  <... futex resumed>)              = 0
1842  futex(0xc000052d48, FUTEX_WAIT_PRIVATE, 0, NULL <unfinished ...>
1835  futex(0xc000052d48, FUTEX_WAKE_PRIVATE, 1 <unfinished ...>
1842  <... futex resumed>)              = -1 EAGAIN (Resource temporarily unavailable)
1835  <... futex resumed>)              = 0
1842  nanosleep({tv_sec=0, tv_nsec=3000},  <unfinished ...>
1835  futex(0xc000052948, FUTEX_WAKE_PRIVATE, 1 <unfinished ...>
1842  <... nanosleep resumed>NULL)      = 0
1841  <... futex resumed>)              = 0
1835  <... futex resumed>)              = 1
1842  futex(0xc000088148, FUTEX_WAKE_PRIVATE, 1 <unfinished ...>
1841  futex(0xc000052948, FUTEX_WAIT_PRIVATE, 0, NULL <unfinished ...>
1843  <... futex resumed>)              = 0
1842  <... futex resumed>)              = 1
1835  futex(0x55ea06bbef48, FUTEX_WAIT_PRIVATE, 0, NULL <unfinished ...>
1843  futex(0xc000088148, FUTEX_WAIT_PRIVATE, 0, NULL <unfinished ...>
1842  futex(0xc000088148, FUTEX_WAKE_PRIVATE, 1 <unfinished ...>
1843  <... futex resumed>)              = -1 EAGAIN (Resource temporarily unavailable)
1842  <... futex resumed>)              = 0
1843  nanosleep({tv_sec=0, tv_nsec=3000},  <unfinished ...>
1842  futex(0x55ea06bbef48, FUTEX_WAKE_PRIVATE, 1 <unfinished ...>
1843  <... nanosleep resumed>NULL)      = 0
1840  <... nanosleep resumed>NULL)      = 0
1843  futex(0xc000088148, FUTEX_WAIT_PRIVATE, 0, NULL <unfinished ...>
1842  <... futex resumed>)              = 1
1835  <... futex resumed>)              = 0
1842  futex(0xc000052d48, FUTEX_WAIT_PRIVATE, 0, NULL <unfinished ...>
1840  epoll_pwait(4,  <unfinished ...>
1842  <... futex resumed>)              = -1 EAGAIN (Resource temporarily unavailable)
1835  futex(0xc000052d48, FUTEX_WAKE_PRIVATE, 1 <unfinished ...>
1842  nanosleep({tv_sec=0, tv_nsec=3000},  <unfinished ...>
1840  <... epoll_pwait resumed>[], 128, 0, NULL, 140734496784528) = 0
1842  <... nanosleep resumed>NULL)      = 0
1835  <... futex resumed>)              = 0
1842  futex(0xc000088148, FUTEX_WAKE_PRIVATE, 1 <unfinished ...>
1840  nanosleep({tv_sec=0, tv_nsec=10000000},  <unfinished ...>
1843  <... futex resumed>)              = 0
1842  <... futex resumed>)              = 1
1835  futex(0x55ea06bbef48, FUTEX_WAIT_PRIVATE, 0, NULL <unfinished ...>
1843  futex(0xc000088148, FUTEX_WAIT_PRIVATE, 0, NULL <unfinished ...>
1842  futex(0xc000088148, FUTEX_WAKE_PRIVATE, 1 <unfinished ...>
1843  <... futex resumed>)              = -1 EAGAIN (Resource temporarily unavailable)
1842  <... futex resumed>)              = 0
1843  nanosleep({tv_sec=0, tv_nsec=3000},  <unfinished ...>
1842  futex(0x55ea06bbef48, FUTEX_WAKE_PRIVATE, 1 <unfinished ...>
1843  <... nanosleep resumed>NULL)      = 0
1842  <... futex resumed>)              = 1
1835  <... futex resumed>)              = 0
1843  futex(0xc000088148, FUTEX_WAIT_PRIVATE, 0, NULL <unfinished ...>
1842  futex(0xc000052d48, FUTEX_WAIT_PRIVATE, 0, NULL <unfinished ...>
1835  futex(0xc000052d48, FUTEX_WAKE_PRIVATE, 1 <unfinished ...>
1842  <... futex resumed>)              = -1 EAGAIN (Resource temporarily unavailable)
1835  <... futex resumed>)              = 0
1842  nanosleep({tv_sec=0, tv_nsec=3000},  <unfinished ...>
1835  futex(0xc000088148, FUTEX_WAKE_PRIVATE, 1 <unfinished ...>
1842  <... nanosleep resumed>NULL)      = 0
1843  <... futex resumed>)              = 0
1835  <... futex resumed>)              = 1
1843  futex(0xc000088148, FUTEX_WAIT_PRIVATE, 0, NULL <unfinished ...>
1842  futex(0xc000052948, FUTEX_WAKE_PRIVATE, 1 <unfinished ...>
1835  futex(0x55ea06bbef48, FUTEX_WAIT_PRIVATE, 0, NULL <unfinished ...>
1842  <... futex resumed>)              = 1
1841  <... futex resumed>)              = 0
1842  futex(0x55ea06bbef48, FUTEX_WAKE_PRIVATE, 1 <unfinished ...>
1841  futex(0xc000052948, FUTEX_WAIT_PRIVATE, 0, NULL <unfinished ...>
1842  <... futex resumed>)              = 1
1835  <... futex resumed>)              = 0
1842  futex(0xc000052d48, FUTEX_WAIT_PRIVATE, 0, NULL <unfinished ...>
1835  futex(0xc000052d48, FUTEX_WAKE_PRIVATE, 1 <unfinished ...>
1842  <... futex resumed>)              = -1 EAGAIN (Resource temporarily unavailable)
1835  <... futex resumed>)              = 0
1842  nanosleep({tv_sec=0, tv_nsec=3000},  <unfinished ...>
1835  futex(0xc000052948, FUTEX_WAKE_PRIVATE, 1 <unfinished ...>
1842  <... nanosleep resumed>NULL)      = 0
1841  <... futex resumed>)              = 0
1835  <... futex resumed>)              = 1
1842  futex(0xc000088148, FUTEX_WAKE_PRIVATE, 1 <unfinished ...>
1841  futex(0xc000052948, FUTEX_WAIT_PRIVATE, 0, NULL <unfinished ...>
1843  <... futex resumed>)              = 0
1842  <... futex resumed>)              = 1
1835  futex(0x55ea06bbef48, FUTEX_WAIT_PRIVATE, 0, NULL <unfinished ...>
1843  futex(0xc000088148, FUTEX_WAIT_PRIVATE, 0, NULL <unfinished ...>
1842  futex(0xc000088148, FUTEX_WAKE_PRIVATE, 1 <unfinished ...>
1840  <... nanosleep resumed>NULL)      = 0
1843  <... futex resumed>)              = -1 EAGAIN (Resource temporarily unavailable)
1842  <... futex resumed>)              = 0
1843  nanosleep({tv_sec=0, tv_nsec=3000},  <unfinished ...>
1840  epoll_pwait(4,  <unfinished ...>
1843  <... nanosleep resumed>NULL)      = 0
1842  futex(0x55ea06bbef48, FUTEX_WAKE_PRIVATE, 1 <unfinished ...>
1843  futex(0xc000088148, FUTEX_WAIT_PRIVATE, 0, NULL <unfinished ...>
1840  <... epoll_pwait resumed>[], 128, 0, NULL, 140734496784528) = 0
1842  <... futex resumed>)              = 1
1835  <... futex resumed>)              = 0
1842  futex(0xc000052d48, FUTEX_WAIT_PRIVATE, 0, NULL <unfinished ...>
1840  nanosleep({tv_sec=0, tv_nsec=10000000},  <unfinished ...>
1842  <... futex resumed>)              = -1 EAGAIN (Resource temporarily unavailable)
1835  futex(0xc000052d48, FUTEX_WAKE_PRIVATE, 1 <unfinished ...>
1842  nanosleep({tv_sec=0, tv_nsec=3000},  <unfinished ...>
1835  <... futex resumed>)              = 0
1842  <... nanosleep resumed>NULL)      = 0
1835  futex(0xc000088148, FUTEX_WAKE_PRIVATE, 1 <unfinished ...>
1842  futex(0xc000052948, FUTEX_WAKE_PRIVATE, 1 <unfinished ...>
1843  <... futex resumed>)              = 0
1835  <... futex resumed>)              = 1
1843  futex(0xc000088148, FUTEX_WAIT_PRIVATE, 0, NULL <unfinished ...>
1842  <... futex resumed>)              = 1
1841  <... futex resumed>)              = 0
1842  futex(0x55ea06bbef48, FUTEX_WAKE_PRIVATE, 1 <unfinished ...>
1835  futex(0x55ea06bbef48, FUTEX_WAIT_PRIVATE, 0, NULL <unfinished ...>
1842  <... futex resumed>)              = 0
1841  futex(0xc000052948, FUTEX_WAIT_PRIVATE, 0, NULL <unfinished ...>
1842  futex(0xc000052d48, FUTEX_WAIT_PRIVATE, 0, NULL <unfinished ...>
1835  <... futex resumed>)              = -1 EAGAIN (Resource temporarily unavailable)
1835  futex(0xc000052d48, FUTEX_WAKE_PRIVATE, 1 <unfinished ...>
1842  <... futex resumed>)              = 0
1835  <... futex resumed>)              = 1
1842  nanosleep({tv_sec=0, tv_nsec=3000},  <unfinished ...>
1835  futex(0xc000052948, FUTEX_WAKE_PRIVATE, 1 <unfinished ...>
1842  <... nanosleep resumed>NULL)      = 0
1841  <... futex resumed>)              = 0
1835  <... futex resumed>)              = 1
1842  futex(0xc000088148, FUTEX_WAKE_PRIVATE, 1 <unfinished ...>
1841  futex(0xc000052948, FUTEX_WAIT_PRIVATE, 0, NULL <unfinished ...>
1843  <... futex resumed>)              = 0
1842  <... futex resumed>)              = 1
1835  futex(0x55ea06bbef48, FUTEX_WAIT_PRIVATE, 0, NULL <unfinished ...>
1843  futex(0xc000088148, FUTEX_WAIT_PRIVATE, 0, NULL <unfinished ...>
1842  futex(0xc000088148, FUTEX_WAKE_PRIVATE, 1 <unfinished ...>
1843  <... futex resumed>)              = -1 EAGAIN (Resource temporarily unavailable)
1842  <... futex resumed>)              = 0
1843  nanosleep({tv_sec=0, tv_nsec=3000},  <unfinished ...>
1842  futex(0x55ea06bbef48, FUTEX_WAKE_PRIVATE, 1 <unfinished ...>
1843  <... nanosleep resumed>NULL)      = 0
1842  <... futex resumed>)              = 1
1840  <... nanosleep resumed>NULL)      = 0
1835  <... futex resumed>)              = 0
1843  futex(0xc000088148, FUTEX_WAIT_PRIVATE, 0, NULL <unfinished ...>
1842  futex(0xc000052d48, FUTEX_WAIT_PRIVATE, 0, NULL <unfinished ...>
1840  epoll_pwait(4,  <unfinished ...>
1842  <... futex resumed>)              = -1 EAGAIN (Resource temporarily unavailable)
1835  futex(0xc000052d48, FUTEX_WAKE_PRIVATE, 1 <unfinished ...>
1842  nanosleep({tv_sec=0, tv_nsec=3000},  <unfinished ...>
1840  <... epoll_pwait resumed>[], 128, 0, NULL, 140734496784528) = 0
1842  <... nanosleep resumed>NULL)      = 0
1835  <... futex resumed>)              = 0
1842  futex(0xc000088148, FUTEX_WAKE_PRIVATE, 1 <unfinished ...>
1840  nanosleep({tv_sec=0, tv_nsec=10000000},  <unfinished ...>
1843  <... futex resumed>)              = 0
1842  <... futex resumed>)              = 1
1835  futex(0x55ea06bbef48, FUTEX_WAIT_PRIVATE, 0, NULL <unfinished ...>
1843  futex(0xc000088148, FUTEX_WAIT_PRIVATE, 0, NULL <unfinished ...>
1842  futex(0xc000088148, FUTEX_WAKE_PRIVATE, 1 <unfinished ...>
1843  <... futex resumed>)              = -1 EAGAIN (Resource temporarily unavailable)
1842  <... futex resumed>)              = 0
1843  nanosleep({tv_sec=0, tv_nsec=3000},  <unfinished ...>
1842  futex(0x55ea06bbef48, FUTEX_WAKE_PRIVATE, 1 <unfinished ...>
1843  <... nanosleep resumed>NULL)      = 0
1842  <... futex resumed>)              = 1
1835  <... futex resumed>)              = 0
1843  futex(0xc000088148, FUTEX_WAIT_PRIVATE, 0, NULL <unfinished ...>
1842  futex(0xc000052d48, FUTEX_WAIT_PRIVATE, 0, NULL <unfinished ...>
1835  futex(0xc000052d48, FUTEX_WAKE_PRIVATE, 1 <unfinished ...>
1842  <... futex resumed>)              = -1 EAGAIN (Resource temporarily unavailable)
1835  <... futex resumed>)              = 0
1842  nanosleep({tv_sec=0, tv_nsec=3000},  <unfinished ...>
1835  futex(0xc000088148, FUTEX_WAKE_PRIVATE, 1 <unfinished ...>
1842  <... nanosleep resumed>NULL)      = 0
1843  <... futex resumed>)              = 0
1835  <... futex resumed>)              = 1
1843  futex(0xc000088148, FUTEX_WAIT_PRIVATE, 0, NULL <unfinished ...>
1842  futex(0xc000052948, FUTEX_WAKE_PRIVATE, 1 <unfinished ...>
1835  futex(0x55ea06bbef48, FUTEX_WAIT_PRIVATE, 0, NULL <unfinished ...>
1842  <... futex resumed>)              = 1
1841  <... futex resumed>)              = 0
1842  futex(0x55ea06bbef48, FUTEX_WAKE_PRIVATE, 1 <unfinished ...>
1841  futex(0xc000052948, FUTEX_WAIT_PRIVATE, 0, NULL <unfinished ...>
1842  <... futex resumed>)              = 1
1835  <... futex resumed>)              = 0
1842  futex(0xc000052d48, FUTEX_WAIT_PRIVATE, 0, NULL <unfinished ...>
1835  futex(0xc000052d48, FUTEX_WAKE_PRIVATE, 1 <unfinished ...>
1842  <... futex resumed>)              = -1 EAGAIN (Resource temporarily unavailable)
1835  <... futex resumed>)              = 0
1842  nanosleep({tv_sec=0, tv_nsec=3000},  <unfinished ...>
1835  futex(0xc000052948, FUTEX_WAKE_PRIVATE, 1 <unfinished ...>
1842  <... nanosleep resumed>NULL)      = 0
1841  <... futex resumed>)              = 0
1835  <... futex resumed>)              = 1
1842  futex(0xc000088148, FUTEX_WAKE_PRIVATE, 1 <unfinished ...>
1841  futex(0xc000052948, FUTEX_WAIT_PRIVATE, 0, NULL <unfinished ...>
1843  <... futex resumed>)              = 0
1842  <... futex resumed>)              = 1
1835  futex(0x55ea06bbef48, FUTEX_WAIT_PRIVATE, 0, NULL <unfinished ...>
1843  futex(0xc000088148, FUTEX_WAIT_PRIVATE, 0, NULL <unfinished ...>
1842  futex(0xc000088148, FUTEX_WAKE_PRIVATE, 1 <unfinished ...>
1840  <... nanosleep resumed>NULL)      = 0
1843  <... futex resumed>)              = -1 EAGAIN (Resource temporarily unavailable)
1842  <... futex resumed>)              = 0
1843  nanosleep({tv_sec=0, tv_nsec=3000},  <unfinished ...>
1840  epoll_pwait(4,  <unfinished ...>
1843  <... nanosleep resumed>NULL)      = 0
1842  futex(0x55ea06bbef48, FUTEX_WAKE_PRIVATE, 1 <unfinished ...>
1843  futex(0xc000088148, FUTEX_WAIT_PRIVATE, 0, NULL <unfinished ...>
1840  <... epoll_pwait resumed>[], 128, 0, NULL, 140734496784528) = 0
1842  <... futex resumed>)              = 1
1835  <... futex resumed>)              = 0
1842  futex(0xc000052d48, FUTEX_WAIT_PRIVATE, 0, NULL <unfinished ...>
1840  nanosleep({tv_sec=0, tv_nsec=10000000},  <unfinished ...>
1842  <... futex resumed>)              = -1 EAGAIN (Resource temporarily unavailable)
1835  futex(0xc000052d48, FUTEX_WAKE_PRIVATE, 1 <unfinished ...>
1842  nanosleep({tv_sec=0, tv_nsec=3000},  <unfinished ...>
1835  <... futex resumed>)              = 0
1842  <... nanosleep resumed>NULL)      = 0
1835  futex(0xc000088148, FUTEX_WAKE_PRIVATE, 1 <unfinished ...>
1842  futex(0xc000052948, FUTEX_WAKE_PRIVATE, 1 <unfinished ...>
1843  <... futex resumed>)              = 0
1835  <... futex resumed>)              = 1
1843  futex(0xc000088148, FUTEX_WAIT_PRIVATE, 0, NULL <unfinished ...>
1842  <... futex resumed>)              = 1
1841  <... futex resumed>)              = 0
1842  futex(0x55ea06bbef48, FUTEX_WAKE_PRIVATE, 1 <unfinished ...>
1835  futex(0x55ea06bbef48, FUTEX_WAIT_PRIVATE, 0, NULL <unfinished ...>
1842  <... futex resumed>)              = 0
1841  futex(0xc000052948, FUTEX_WAIT_PRIVATE, 0, NULL <unfinished ...>
1842  futex(0xc000052d48, FUTEX_WAIT_PRIVATE, 0, NULL <unfinished ...>
1835  <... futex resumed>)              = -1 EAGAIN (Resource temporarily unavailable)
1835  futex(0xc000052d48, FUTEX_WAKE_PRIVATE, 1 <unfinished ...>
1842  <... futex resumed>)              = 0
1835  <... futex resumed>)              = 1
1842  nanosleep({tv_sec=0, tv_nsec=3000},  <unfinished ...>
1835  futex(0xc000052948, FUTEX_WAKE_PRIVATE, 1 <unfinished ...>
1842  <... nanosleep resumed>NULL)      = 0
1841  <... futex resumed>)              = 0
1835  <... futex resumed>)              = 1
1842  futex(0xc000088148, FUTEX_WAKE_PRIVATE, 1 <unfinished ...>
1841  futex(0xc000052948, FUTEX_WAIT_PRIVATE, 0, NULL <unfinished ...>
1843  <... futex resumed>)              = 0
1842  <... futex resumed>)              = 1
1835  futex(0x55ea06bbef48, FUTEX_WAIT_PRIVATE, 0, NULL <unfinished ...>
1843  futex(0xc000088148, FUTEX_WAIT_PRIVATE, 0, NULL <unfinished ...>
1842  futex(0xc000088148, FUTEX_WAKE_PRIVATE, 1 <unfinished ...>
1843  <... futex resumed>)              = -1 EAGAIN (Resource temporarily unavailable)
1842  <... futex resumed>)              = 0
1843  nanosleep({tv_sec=0, tv_nsec=3000},  <unfinished ...>
1842  futex(0x55ea06bbef48, FUTEX_WAKE_PRIVATE, 1 <unfinished ...>
1843  <... nanosleep resumed>NULL)      = 0
1842  <... futex resumed>)              = 1
1835  <... futex resumed>)              = 0
1843  futex(0xc000088148, FUTEX_WAIT_PRIVATE, 0, NULL <unfinished ...>
1842  futex(0xc000052d48, FUTEX_WAIT_PRIVATE, 0, NULL <unfinished ...>
1835  futex(0xc000052d48, FUTEX_WAKE_PRIVATE, 1 <unfinished ...>
1842  <... futex resumed>)              = -1 EAGAIN (Resource temporarily unavailable)
1840  <... nanosleep resumed>NULL)      = 0
1842  nanosleep({tv_sec=0, tv_nsec=3000},  <unfinished ...>
1835  <... futex resumed>)              = 0
1842  <... nanosleep resumed>NULL)      = 0
1840  epoll_pwait(4,  <unfinished ...>
1842  futex(0xc000052948, FUTEX_WAKE_PRIVATE, 1 <unfinished ...>
1835  futex(0xc000088148, FUTEX_WAKE_PRIVATE, 1 <unfinished ...>
1842  <... futex resumed>)              = 1
1841  <... futex resumed>)              = 0
1840  <... epoll_pwait resumed>[], 128, 0, NULL, 140734496784528) = 0
1843  <... futex resumed>)              = 0
1842  futex(0x55ea06bbef48, FUTEX_WAKE_PRIVATE, 1 <unfinished ...>
1841  futex(0xc000052948, FUTEX_WAIT_PRIVATE, 0, NULL <unfinished ...>
1835  <... futex resumed>)              = 1
1843  futex(0xc000088148, FUTEX_WAIT_PRIVATE, 0, NULL <unfinished ...>
1842  <... futex resumed>)              = 0
1840  nanosleep({tv_sec=0, tv_nsec=10000000},  <unfinished ...>
1843  <... futex resumed>)              = -1 EAGAIN (Resource temporarily unavailable)
1842  futex(0xc000052d48, FUTEX_WAIT_PRIVATE, 0, NULL <unfinished ...>
1835  futex(0xc000088148, FUTEX_WAKE_PRIVATE, 1 <unfinished ...>
1843  nanosleep({tv_sec=0, tv_nsec=3000},  <unfinished ...>
1835  <... futex resumed>)              = 0
1843  <... nanosleep resumed>NULL)      = 0
1835  futex(0xc000052d48, FUTEX_WAKE_PRIVATE, 1 <unfinished ...>
1843  futex(0xc000052948, FUTEX_WAKE_PRIVATE, 1 <unfinished ...>
1842  <... futex resumed>)              = 0
1835  <... futex resumed>)              = 1
1843  <... futex resumed>)              = 1
1842  futex(0xc000052d48, FUTEX_WAIT_PRIVATE, 0, NULL <unfinished ...>
1841  <... futex resumed>)              = 0
1843  futex(0x55ea06bbef48, FUTEX_WAKE_PRIVATE, 1 <unfinished ...>
1835  futex(0x55ea06bbef48, FUTEX_WAIT_PRIVATE, 0, NULL <unfinished ...>
1843  <... futex resumed>)              = 0
1841  futex(0xc000052948, FUTEX_WAIT_PRIVATE, 0, NULL <unfinished ...>
1843  futex(0xc000088148, FUTEX_WAIT_PRIVATE, 0, NULL <unfinished ...>
1835  <... futex resumed>)              = -1 EAGAIN (Resource temporarily unavailable)
1835  futex(0xc000088148, FUTEX_WAKE_PRIVATE, 1 <unfinished ...>
1843  <... futex resumed>)              = 0
1835  <... futex resumed>)              = 1
1843  nanosleep({tv_sec=0, tv_nsec=3000},  <unfinished ...>
1835  futex(0xc000052948, FUTEX_WAKE_PRIVATE, 1 <unfinished ...>
1843  <... nanosleep resumed>NULL)      = 0
1841  <... futex resumed>)              = 0
1835  <... futex resumed>)              = 1
1843  futex(0xc000052d48, FUTEX_WAKE_PRIVATE, 1 <unfinished ...>
1841  futex(0xc000052948, FUTEX_WAIT_PRIVATE, 0, NULL <unfinished ...>
1843  <... futex resumed>)              = 1
1842  <... futex resumed>)              = 0
1835  futex(0x55ea06bbef48, FUTEX_WAIT_PRIVATE, 0, NULL <unfinished ...>
1843  futex(0x55ea06bbef48, FUTEX_WAKE_PRIVATE, 1 <unfinished ...>
1842  futex(0xc000052d48, FUTEX_WAIT_PRIVATE, 0, NULL <unfinished ...>
1843  <... futex resumed>)              = 0
1835  <... futex resumed>)              = -1 EAGAIN (Resource temporarily unavailable)
1843  futex(0xc000088148, FUTEX_WAIT_PRIVATE, 0, NULL <unfinished ...>
1835  futex(0xc000088148, FUTEX_WAKE_PRIVATE, 1 <unfinished ...>
1843  <... futex resumed>)              = -1 EAGAIN (Resource temporarily unavailable)
1835  <... futex resumed>)              = 0
1843  nanosleep({tv_sec=0, tv_nsec=3000},  <unfinished ...>
1835  futex(0xc000052d48, FUTEX_WAKE_PRIVATE, 1 <unfinished ...>
1843  <... nanosleep resumed>NULL)      = 0
1842  <... futex resumed>)              = 0
1835  <... futex resumed>)              = 1
1843  futex(0xc000052948, FUTEX_WAKE_PRIVATE, 1 <unfinished ...>
1842  futex(0xc000052d48, FUTEX_WAIT_PRIVATE, 0, NULL <unfinished ...>
1840  <... nanosleep resumed>NULL)      = 0
1843  <... futex resumed>)              = 1
1841  <... futex resumed>)              = 0
1835  futex(0x55ea06bbef48, FUTEX_WAIT_PRIVATE, 0, NULL <unfinished ...>
1843  futex(0x55ea06bbef48, FUTEX_WAKE_PRIVATE, 1 <unfinished ...>
1841  futex(0xc000052948, FUTEX_WAIT_PRIVATE, 0, NULL <unfinished ...>
1840  epoll_pwait(4,  <unfinished ...>
1843  <... futex resumed>)              = 0
1835  <... futex resumed>)              = -1 EAGAIN (Resource temporarily unavailable)
1843  futex(0xc000088148, FUTEX_WAIT_PRIVATE, 0, NULL <unfinished ...>
1840  <... epoll_pwait resumed>[], 128, 0, NULL, 140734496784528) = 0
1843  <... futex resumed>)              = -1 EAGAIN (Resource temporarily unavailable)
1835  futex(0xc000088148, FUTEX_WAKE_PRIVATE, 1 <unfinished ...>
1843  nanosleep({tv_sec=0, tv_nsec=3000},  <unfinished ...>
1840  nanosleep({tv_sec=0, tv_nsec=10000000},  <unfinished ...>
1843  <... nanosleep resumed>NULL)      = 0
1835  <... futex resumed>)              = 0
1843  futex(0xc000052948, FUTEX_WAKE_PRIVATE, 1 <unfinished ...>
1835  futex(0x55ea06bbef48, FUTEX_WAIT_PRIVATE, 0, NULL <unfinished ...>
1843  <... futex resumed>)              = 1
1841  <... futex resumed>)              = 0
1843  futex(0x55ea06bbef48, FUTEX_WAKE_PRIVATE, 1 <unfinished ...>
1841  futex(0xc000052948, FUTEX_WAIT_PRIVATE, 0, NULL <unfinished ...>
1843  <... futex resumed>)              = 1
1835  <... futex resumed>)              = 0
1843  futex(0xc000088148, FUTEX_WAIT_PRIVATE, 0, NULL <unfinished ...>
1835  futex(0xc000088148, FUTEX_WAKE_PRIVATE, 1 <unfinished ...>
1843  <... futex resumed>)              = -1 EAGAIN (Resource temporarily unavailable)
1835  <... futex resumed>)              = 0
1843  nanosleep({tv_sec=0, tv_nsec=3000},  <unfinished ...>
1835  futex(0xc000052948, FUTEX_WAKE_PRIVATE, 1 <unfinished ...>
1843  <... nanosleep resumed>NULL)      = 0
1841  <... futex resumed>)              = 0
1835  <... futex resumed>)              = 1
1843  futex(0xc000052d48, FUTEX_WAKE_PRIVATE, 1 <unfinished ...>
1841  futex(0xc000052948, FUTEX_WAIT_PRIVATE, 0, NULL <unfinished ...>
1843  <... futex resumed>)              = 1
1842  <... futex resumed>)              = 0
1835  futex(0x55ea06bbef48, FUTEX_WAIT_PRIVATE, 0, NULL <unfinished ...>
1843  futex(0x55ea06bbef48, FUTEX_WAKE_PRIVATE, 1 <unfinished ...>
1842  futex(0xc000052d48, FUTEX_WAIT_PRIVATE, 0, NULL <unfinished ...>
1843  <... futex resumed>)              = 0
1835  <... futex resumed>)              = -1 EAGAIN (Resource temporarily unavailable)
1843  futex(0xc000088148, FUTEX_WAIT_PRIVATE, 0, NULL <unfinished ...>
1835  futex(0xc000088148, FUTEX_WAKE_PRIVATE, 1 <unfinished ...>
1843  <... futex resumed>)              = -1 EAGAIN (Resource temporarily unavailable)
1835  <... futex resumed>)              = 0
1843  nanosleep({tv_sec=0, tv_nsec=3000},  <unfinished ...>
1835  futex(0xc000052d48, FUTEX_WAKE_PRIVATE, 1 <unfinished ...>
1843  <... nanosleep resumed>NULL)      = 0
1842  <... futex resumed>)              = 0
1835  <... futex resumed>)              = 1
1843  futex(0xc000052948, FUTEX_WAKE_PRIVATE, 1 <unfinished ...>
1842  futex(0xc000052d48, FUTEX_WAIT_PRIVATE, 0, NULL <unfinished ...>
1843  <... futex resumed>)              = 1
1841  <... futex resumed>)              = 0
1835  futex(0x55ea06bbef48, FUTEX_WAIT_PRIVATE, 0, NULL <unfinished ...>
1843  futex(0x55ea06bbef48, FUTEX_WAKE_PRIVATE, 1 <unfinished ...>
1841  futex(0xc000052948, FUTEX_WAIT_PRIVATE, 0, NULL <unfinished ...>
1840  <... nanosleep resumed>NULL)      = 0
1843  <... futex resumed>)              = 0
1835  <... futex resumed>)              = -1 EAGAIN (Resource temporarily unavailable)
1843  futex(0xc000088148, FUTEX_WAIT_PRIVATE, 0, NULL <unfinished ...>
1840  epoll_pwait(4, [], 128, 0, NULL, 140734496784528) = 0
1835  mmap(0xc000400000, 4194304, PROT_READ|PROT_WRITE, MAP_PRIVATE|MAP_FIXED|MAP_ANONYMOUS, -1, 0 <unfinished ...>
1840  nanosleep({tv_sec=0, tv_nsec=10000000},  <unfinished ...>
1835  <... mmap resumed>)               = 0xc000400000
1835  getuid()                          = 0
1835  write(2, "error: need chroot path as argument\n", 36) = 36
1835  exit_group(1 <unfinished ...>
1843  <... futex resumed>)              = ?
1842  <... futex resumed>)              = ?
1841  <... futex resumed>)              = ?
1840  <... nanosleep resumed> <unfinished ...>) = ?
1835  <... exit_group resumed>)         = ?
1844  <... futex resumed>)              = ?
1843  +++ exited with 1 +++
1842  +++ exited with 1 +++
1841  +++ exited with 1 +++
1840  +++ exited with 1 +++
1844  +++ exited with 1 +++
1835  +++ exited with 1 +++
