1925  futex(0x55b528f09968, FUTEX_WAKE_PRIVATE, 1 <unfinished ...>
1924  futex(0xc000064948, FUTEX_WAIT_PRIVATE, 0, NULL <unfinished ...>
1923  nanosleep({tv_sec=0, tv_nsec=20000},  <unfinished ...>
1925  <... futex resumed>)              = 0
1924  <... futex resumed>)              = -1 EAGAIN (Resource temporarily unavailable)
1918  futex(0xc000064948, FUTEX_WAKE_PRIVATE, 1 <unfinished ...>
1925  futex(0xc000064d48, FUTEX_WAIT_PRIVATE, 0, NULL <unfinished ...>
1924  nanosleep({tv_sec=0, tv_nsec=3000},  <unfinished ...>
1923  <... nanosleep resumed>NULL)      = 0
1924  <... nanosleep resumed>NULL)      = 0
1918  <... futex resumed>)              = 0
1924  futex(0xc000064d48, FUTEX_WAKE_PRIVATE, 1 <unfinished ...>
1923  epoll_pwait(4,  <unfinished ...>
1925  <... futex resumed>)              = 0
1924  <... futex resumed>)              = 1
1918  futex(0x55b528f09968, FUTEX_WAIT_PRIVATE, 0, NULL <unfinished ...>
1925  futex(0xc000064d48, FUTEX_WAIT_PRIVATE, 0, NULL <unfinished ...>
1924  futex(0xc000064d48, FUTEX_WAKE_PRIVATE, 1 <unfinished ...>
1923  <... epoll_pwait resumed>[], 128, 0, NULL, 140723621699728) = 0
1925  <... futex resumed>)              = -1 EAGAIN (Resource temporarily unavailable)
1924  <... futex resumed>)              = 0
1925  nanosleep({tv_sec=0, tv_nsec=3000},  <unfinished ...>
1923  nanosleep({tv_sec=0, tv_nsec=20000},  <unfinished ...>
1925  <... nanosleep resumed>NULL)      = 0
1924  futex(0x55b528f09968, FUTEX_WAKE_PRIVATE, 1 <unfinished ...>
1925  futex(0xc000064d48, FUTEX_WAIT_PRIVATE, 0, NULL <unfinished ...>
1923  <... nanosleep resumed>NULL)      = 0
1924  <... futex resumed>)              = 1
1918  <... futex resumed>)              = 0
1924  futex(0xc000064948, FUTEX_WAIT_PRIVATE, 0, NULL <unfinished ...>
1923  nanosleep({tv_sec=0, tv_nsec=20000},  <unfinished ...>
1924  <... futex resumed>)              = -1 EAGAIN (Resource temporarily unavailable)
1918  futex(0xc000064948, FUTEX_WAKE_PRIVATE, 1 <unfinished ...>
1924  nanosleep({tv_sec=0, tv_nsec=3000},  <unfinished ...>
1923  <... nanosleep resumed>NULL)      = 0
1924  <... nanosleep resumed>NULL)      = 0
1918  <... futex resumed>)              = 0
1924  futex(0xc000064d48, FUTEX_WAKE_PRIVATE, 1 <unfinished ...>
1923  nanosleep({tv_sec=0, tv_nsec=20000},  <unfinished ...>
1925  <... futex resumed>)              = 0
1924  <... futex resumed>)              = 1
1918  futex(0x55b528f09968, FUTEX_WAIT_PRIVATE, 0, NULL <unfinished ...>
1925  futex(0xc000064d48, FUTEX_WAIT_PRIVATE, 0, NULL <unfinished ...>
1924  futex(0xc000064d48, FUTEX_WAKE_PRIVATE, 1 <unfinished ...>
1923  <... nanosleep resumed>NULL)      = 0
1925  <... futex resumed>)              = -1 EAGAIN (Resource temporarily unavailable)
1924  <... futex resumed>)              = 0
1925  nanosleep({tv_sec=0, tv_nsec=3000},  <unfinished ...>
1923  epoll_pwait(4,  <unfinished ...>
1925  <... nanosleep resumed>NULL)      = 0
1924  futex(0x55b528f09968, FUTEX_WAKE_PRIVATE, 1 <unfinished ...>
1923  <... epoll_pwait resumed>[], 128, 0, NULL, 140723621699728) = 0
1925  futex(0xc000064d48, FUTEX_WAIT_PRIVATE, 0, NULL <unfinished ...>
1924  <... futex resumed>)              = 1
1918  <... futex resumed>)              = 0
1924  futex(0xc000064948, FUTEX_WAIT_PRIVATE, 0, NULL <unfinished ...>
1923  nanosleep({tv_sec=0, tv_nsec=20000},  <unfinished ...>
1924  <... futex resumed>)              = -1 EAGAIN (Resource temporarily unavailable)
1918  futex(0xc000064948, FUTEX_WAKE_PRIVATE, 1 <unfinished ...>
1924  nanosleep({tv_sec=0, tv_nsec=3000},  <unfinished ...>
1923  <... nanosleep resumed>NULL)      = 0
1924  <... nanosleep resumed>NULL)      = 0
1918  <... futex resumed>)              = 0
1924  futex(0xc000064d48, FUTEX_WAKE_PRIVATE, 1 <unfinished ...>
1923  nanosleep({tv_sec=0, tv_nsec=20000},  <unfinished ...>
1925  <... futex resumed>)              = 0
1924  <... futex resumed>)              = 1
1918  futex(0x55b528f09968, FUTEX_WAIT_PRIVATE, 0, NULL <unfinished ...>
1925  futex(0xc000064d48, FUTEX_WAIT_PRIVATE, 0, NULL <unfinished ...>
1924  futex(0xc000064d48, FUTEX_WAKE_PRIVATE, 1 <unfinished ...>
1923  <... nanosleep resumed>NULL)      = 0
1925  <... futex resumed>)              = -1 EAGAIN (Resource temporarily unavailable)
1924  <... futex resumed>)              = 0
1925  nanosleep({tv_sec=0, tv_nsec=3000},  <unfinished ...>
1923  nanosleep({tv_sec=0, tv_nsec=20000},  <unfinished ...>
1925  <... nanosleep resumed>NULL)      = 0
1924  futex(0x55b528f09968, FUTEX_WAKE_PRIVATE, 1 <unfinished ...>
1925  futex(0xc000064d48, FUTEX_WAIT_PRIVATE, 0, NULL <unfinished ...>
1923  <... nanosleep resumed>NULL)      = 0
1924  <... futex resumed>)              = 1
1918  <... futex resumed>)              = 0
1924  futex(0xc000064948, FUTEX_WAIT_PRIVATE, 0, NULL <unfinished ...>
1923  epoll_pwait(4,  <unfinished ...>
1924  <... futex resumed>)              = -1 EAGAIN (Resource temporarily unavailable)
1918  futex(0xc000064948, FUTEX_WAKE_PRIVATE, 1 <unfinished ...>
1924  nanosleep({tv_sec=0, tv_nsec=3000},  <unfinished ...>
1923  <... epoll_pwait resumed>[], 128, 0, NULL, 140723621699728) = 0
1924  <... nanosleep resumed>NULL)      = 0
1918  <... futex resumed>)              = 0
1924  futex(0xc000064d48, FUTEX_WAKE_PRIVATE, 1 <unfinished ...>
1923  nanosleep({tv_sec=0, tv_nsec=20000},  <unfinished ...>
1925  <... futex resumed>)              = 0
1924  <... futex resumed>)              = 1
1918  futex(0x55b528f09968, FUTEX_WAIT_PRIVATE, 0, NULL <unfinished ...>
1925  futex(0xc000064d48, FUTEX_WAIT_PRIVATE, 0, NULL <unfinished ...>
1924  futex(0xc000064d48, FUTEX_WAKE_PRIVATE, 1 <unfinished ...>
1923  <... nanosleep resumed>NULL)      = 0
1925  <... futex resumed>)              = -1 EAGAIN (Resource temporarily unavailable)
1924  <... futex resumed>)              = 0
1925  nanosleep({tv_sec=0, tv_nsec=3000},  <unfinished ...>
1923  nanosleep({tv_sec=0, tv_nsec=20000},  <unfinished ...>
1925  <... nanosleep resumed>NULL)      = 0
1924  futex(0x55b528f09968, FUTEX_WAKE_PRIVATE, 1 <unfinished ...>
1925  futex(0xc000064d48, FUTEX_WAIT_PRIVATE, 0, NULL <unfinished ...>
1923  <... nanosleep resumed>NULL)      = 0
1924  <... futex resumed>)              = 1
1918  <... futex resumed>)              = 0
1924  futex(0xc000064948, FUTEX_WAIT_PRIVATE, 0, NULL <unfinished ...>
1923  nanosleep({tv_sec=0, tv_nsec=20000},  <unfinished ...>
1924  <... futex resumed>)              = -1 EAGAIN (Resource temporarily unavailable)
1918  futex(0xc000064948, FUTEX_WAKE_PRIVATE, 1 <unfinished ...>
1924  nanosleep({tv_sec=0, tv_nsec=3000},  <unfinished ...>
1923  <... nanosleep resumed>NULL)      = 0
1924  <... nanosleep resumed>NULL)      = 0
1918  <... futex resumed>)              = 0
1924  futex(0xc000064d48, FUTEX_WAKE_PRIVATE, 1 <unfinished ...>
1923  epoll_pwait(4,  <unfinished ...>
1925  <... futex resumed>)              = 0
1924  <... futex resumed>)              = 1
1918  futex(0x55b528f09968, FUTEX_WAIT_PRIVATE, 0, NULL <unfinished ...>
1925  futex(0xc000064d48, FUTEX_WAIT_PRIVATE, 0, NULL <unfinished ...>
1924  futex(0xc000064d48, FUTEX_WAKE_PRIVATE, 1 <unfinished ...>
1923  <... epoll_pwait resumed>[], 128, 0, NULL, 140723621699728) = 0
1925  <... futex resumed>)              = -1 EAGAIN (Resource temporarily unavailable)
1924  <... futex resumed>)              = 0
1925  nanosleep({tv_sec=0, tv_nsec=3000},  <unfinished ...>
1923  nanosleep({tv_sec=0, tv_nsec=20000},  <unfinished ...>
1925  <... nanosleep resumed>NULL)      = 0
1924  futex(0x55b528f09968, FUTEX_WAKE_PRIVATE, 1 <unfinished ...>
1925  futex(0xc000064d48, FUTEX_WAIT_PRIVATE, 0, NULL <unfinished ...>
1923  <... nanosleep resumed>NULL)      = 0
1924  <... futex resumed>)              = 1
1918  <... futex resumed>)              = 0
1924  futex(0xc000064948, FUTEX_WAIT_PRIVATE, 0, NULL <unfinished ...>
1923  nanosleep({tv_sec=0, tv_nsec=20000},  <unfinished ...>
1924  <... futex resumed>)              = -1 EAGAIN (Resource temporarily unavailable)
1918  futex(0xc000064948, FUTEX_WAKE_PRIVATE, 1 <unfinished ...>
1924  nanosleep({tv_sec=0, tv_nsec=3000},  <unfinished ...>
1923  <... nanosleep resumed>NULL)      = 0
1924  <... nanosleep resumed>NULL)      = 0
1918  <... futex resumed>)              = 0
1924  futex(0xc000064d48, FUTEX_WAKE_PRIVATE, 1 <unfinished ...>
1923  nanosleep({tv_sec=0, tv_nsec=20000},  <unfinished ...>
1925  <... futex resumed>)              = 0
1924  <... futex resumed>)              = 1
1918  futex(0x55b528f09968, FUTEX_WAIT_PRIVATE, 0, NULL <unfinished ...>
1925  futex(0xc000064d48, FUTEX_WAIT_PRIVATE, 0, NULL <unfinished ...>
1924  futex(0xc000064d48, FUTEX_WAKE_PRIVATE, 1 <unfinished ...>
1923  <... nanosleep resumed>NULL)      = 0
1925  <... futex resumed>)              = -1 EAGAIN (Resource temporarily unavailable)
1924  <... futex resumed>)              = 0
1925  nanosleep({tv_sec=0, tv_nsec=3000},  <unfinished ...>
1923  epoll_pwait(4,  <unfinished ...>
1925  <... nanosleep resumed>NULL)      = 0
1924  futex(0x55b528f09968, FUTEX_WAKE_PRIVATE, 1 <unfinished ...>
1925  futex(0xc000064d48, FUTEX_WAIT_PRIVATE, 0, NULL <unfinished ...>
1923  <... epoll_pwait resumed>[], 128, 0, NULL, 140723621699728) = 0
1924  <... futex resumed>)              = 1
1918  <... futex resumed>)              = 0
1924  futex(0xc000064948, FUTEX_WAIT_PRIVATE, 0, NULL <unfinished ...>
1923  nanosleep({tv_sec=0, tv_nsec=20000},  <unfinished ...>
1924  <... futex resumed>)              = -1 EAGAIN (Resource temporarily unavailable)
1918  futex(0xc000064948, FUTEX_WAKE_PRIVATE, 1 <unfinished ...>
1924  nanosleep({tv_sec=0, tv_nsec=3000},  <unfinished ...>
1923  <... nanosleep resumed>NULL)      = 0
1924  <... nanosleep resumed>NULL)      = 0
1918  <... futex resumed>)              = 0
1924  futex(0xc000064d48, FUTEX_WAKE_PRIVATE, 1 <unfinished ...>
1923  nanosleep({tv_sec=0, tv_nsec=20000},  <unfinished ...>
1925  <... futex resumed>)              = 0
1924  <... futex resumed>)              = 1
1918  futex(0x55b528f09968, FUTEX_WAIT_PRIVATE, 0, NULL <unfinished ...>
1925  futex(0xc000064d48, FUTEX_WAIT_PRIVATE, 0, NULL <unfinished ...>
1924  futex(0xc000064d48, FUTEX_WAKE_PRIVATE, 1 <unfinished ...>
1923  <... nanosleep resumed>NULL)      = 0
1925  <... futex resumed>)              = -1 EAGAIN (Resource temporarily unavailable)
1924  <... futex resumed>)              = 0
1925  nanosleep({tv_sec=0, tv_nsec=3000},  <unfinished ...>
1923  nanosleep({tv_sec=0, tv_nsec=20000},  <unfinished ...>
1925  <... nanosleep resumed>NULL)      = 0
1924  futex(0x55b528f09968, FUTEX_WAKE_PRIVATE, 1 <unfinished ...>
1925  futex(0xc000064d48, FUTEX_WAIT_PRIVATE, 0, NULL <unfinished ...>
1923  <... nanosleep resumed>NULL)      = 0
1924  <... futex resumed>)              = 1
1918  <... futex resumed>)              = 0
1924  futex(0xc000064948, FUTEX_WAIT_PRIVATE, 0, NULL <unfinished ...>
1923  nanosleep({tv_sec=0, tv_nsec=20000},  <unfinished ...>
1924  <... futex resumed>)              = -1 EAGAIN (Resource temporarily unavailable)
1918  futex(0xc000064948, FUTEX_WAKE_PRIVATE, 1 <unfinished ...>
1924  nanosleep({tv_sec=0, tv_nsec=3000},  <unfinished ...>
1923  <... nanosleep resumed>NULL)      = 0
1924  <... nanosleep resumed>NULL)      = 0
1918  <... futex resumed>)              = 0
1924  futex(0xc000064d48, FUTEX_WAKE_PRIVATE, 1 <unfinished ...>
1923  epoll_pwait(4,  <unfinished ...>
1925  <... futex resumed>)              = 0
1924  <... futex resumed>)              = 1
1918  futex(0x55b528f09968, FUTEX_WAIT_PRIVATE, 0, NULL <unfinished ...>
1925  futex(0xc000064d48, FUTEX_WAIT_PRIVATE, 0, NULL <unfinished ...>
1924  futex(0xc000064d48, FUTEX_WAKE_PRIVATE, 1 <unfinished ...>
1923  <... epoll_pwait resumed>[], 128, 0, NULL, 140723621699728) = 0
1925  <... futex resumed>)              = -1 EAGAIN (Resource temporarily unavailable)
1924  <... futex resumed>)              = 0
1925  nanosleep({tv_sec=0, tv_nsec=3000},  <unfinished ...>
1923  nanosleep({tv_sec=0, tv_nsec=20000},  <unfinished ...>
1925  <... nanosleep resumed>NULL)      = 0
1924  futex(0x55b528f09968, FUTEX_WAKE_PRIVATE, 1 <unfinished ...>
1925  futex(0xc000064d48, FUTEX_WAIT_PRIVATE, 0, NULL <unfinished ...>
1923  <... nanosleep resumed>NULL)      = 0
1924  <... futex resumed>)              = 1
1918  <... futex resumed>)              = 0
1924  futex(0xc000064948, FUTEX_WAIT_PRIVATE, 0, NULL <unfinished ...>
1923  nanosleep({tv_sec=0, tv_nsec=20000},  <unfinished ...>
1924  <... futex resumed>)              = -1 EAGAIN (Resource temporarily unavailable)
1918  futex(0xc000064948, FUTEX_WAKE_PRIVATE, 1 <unfinished ...>
1924  nanosleep({tv_sec=0, tv_nsec=3000},  <unfinished ...>
1923  <... nanosleep resumed>NULL)      = 0
1924  <... nanosleep resumed>NULL)      = 0
1918  <... futex resumed>)              = 0
1924  futex(0xc000064d48, FUTEX_WAKE_PRIVATE, 1 <unfinished ...>
1923  nanosleep({tv_sec=0, tv_nsec=20000},  <unfinished ...>
1925  <... futex resumed>)              = 0
1924  <... futex resumed>)              = 1
1918  futex(0x55b528f09968, FUTEX_WAIT_PRIVATE, 0, NULL <unfinished ...>
1925  futex(0xc000064d48, FUTEX_WAIT_PRIVATE, 0, NULL <unfinished ...>
1924  futex(0xc000064d48, FUTEX_WAKE_PRIVATE, 1 <unfinished ...>
1923  <... nanosleep resumed>NULL)      = 0
1925  <... futex resumed>)              = -1 EAGAIN (Resource temporarily unavailable)
1924  <... futex resumed>)              = 0
1925  nanosleep({tv_sec=0, tv_nsec=3000},  <unfinished ...>
1923  epoll_pwait(4,  <unfinished ...>
1925  <... nanosleep resumed>NULL)      = 0
1924  futex(0x55b528f09968, FUTEX_WAKE_PRIVATE, 1 <unfinished ...>
1925  futex(0xc000064d48, FUTEX_WAIT_PRIVATE, 0, NULL <unfinished ...>
1923  <... epoll_pwait resumed>[], 128, 0, NULL, 140723621699728) = 0
1924  <... futex resumed>)              = 1
1918  <... futex resumed>)              = 0
1924  futex(0xc000064948, FUTEX_WAIT_PRIVATE, 0, NULL <unfinished ...>
1923  nanosleep({tv_sec=0, tv_nsec=20000},  <unfinished ...>
1924  <... futex resumed>)              = -1 EAGAIN (Resource temporarily unavailable)
1918  futex(0xc000064948, FUTEX_WAKE_PRIVATE, 1 <unfinished ...>
1924  nanosleep({tv_sec=0, tv_nsec=3000},  <unfinished ...>
1923  <... nanosleep resumed>NULL)      = 0
1924  <... nanosleep resumed>NULL)      = 0
1918  <... futex resumed>)              = 0
1924  futex(0xc000064d48, FUTEX_WAKE_PRIVATE, 1 <unfinished ...>
1923  nanosleep({tv_sec=0, tv_nsec=20000},  <unfinished ...>
1925  <... futex resumed>)              = 0
1924  <... futex resumed>)              = 1
1918  futex(0x55b528f09968, FUTEX_WAIT_PRIVATE, 0, NULL <unfinished ...>
1925  futex(0xc000064d48, FUTEX_WAIT_PRIVATE, 0, NULL <unfinished ...>
1924  futex(0xc000064d48, FUTEX_WAKE_PRIVATE, 1 <unfinished ...>
1923  <... nanosleep resumed>NULL)      = 0
1925  <... futex resumed>)              = -1 EAGAIN (Resource temporarily unavailable)
1924  <... futex resumed>)              = 0
1925  nanosleep({tv_sec=0, tv_nsec=3000},  <unfinished ...>
1923  nanosleep({tv_sec=0, tv_nsec=20000},  <unfinished ...>
1925  <... nanosleep resumed>NULL)      = 0
1924  futex(0x55b528f09968, FUTEX_WAKE_PRIVATE, 1 <unfinished ...>
1925  futex(0xc000064d48, FUTEX_WAIT_PRIVATE, 0, NULL <unfinished ...>
1923  <... nanosleep resumed>NULL)      = 0
1924  <... futex resumed>)              = 1
1918  <... futex resumed>)              = 0
1924  futex(0xc000064948, FUTEX_WAIT_PRIVATE, 0, NULL <unfinished ...>
1923  nanosleep({tv_sec=0, tv_nsec=20000},  <unfinished ...>
1924  <... futex resumed>)              = -1 EAGAIN (Resource temporarily unavailable)
1918  futex(0xc000064948, FUTEX_WAKE_PRIVATE, 1 <unfinished ...>
1924  nanosleep({tv_sec=0, tv_nsec=3000},  <unfinished ...>
1923  <... nanosleep resumed>NULL)      = 0
1924  <... nanosleep resumed>NULL)      = 0
1918  <... futex resumed>)              = 0
1924  futex(0xc000064d48, FUTEX_WAKE_PRIVATE, 1 <unfinished ...>
1923  epoll_pwait(4,  <unfinished ...>
1925  <... futex resumed>)              = 0
1924  <... futex resumed>)              = 1
1918  futex(0x55b528f09968, FUTEX_WAIT_PRIVATE, 0, NULL <unfinished ...>
1925  futex(0xc000064d48, FUTEX_WAIT_PRIVATE, 0, NULL <unfinished ...>
1924  futex(0xc000064d48, FUTEX_WAKE_PRIVATE, 1 <unfinished ...>
1923  <... epoll_pwait resumed>[], 128, 0, NULL, 140723621699728) = 0
1925  <... futex resumed>)              = -1 EAGAIN (Resource temporarily unavailable)
1924  <... futex resumed>)              = 0
1925  nanosleep({tv_sec=0, tv_nsec=3000},  <unfinished ...>
1923  nanosleep({tv_sec=0, tv_nsec=20000},  <unfinished ...>
1925  <... nanosleep resumed>NULL)      = 0
1924  futex(0x55b528f09968, FUTEX_WAKE_PRIVATE, 1 <unfinished ...>
1925  futex(0xc000064d48, FUTEX_WAIT_PRIVATE, 0, NULL <unfinished ...>
1923  <... nanosleep resumed>NULL)      = 0
1924  <... futex resumed>)              = 1
1918  <... futex resumed>)              = 0
1924  futex(0xc000064948, FUTEX_WAIT_PRIVATE, 0, NULL <unfinished ...>
1923  nanosleep({tv_sec=0, tv_nsec=20000},  <unfinished ...>
1924  <... futex resumed>)              = -1 EAGAIN (Resource temporarily unavailable)
1918  futex(0xc000064948, FUTEX_WAKE_PRIVATE, 1 <unfinished ...>
1924  nanosleep({tv_sec=0, tv_nsec=3000},  <unfinished ...>
1923  <... nanosleep resumed>NULL)      = 0
1924  <... nanosleep resumed>NULL)      = 0
1918  <... futex resumed>)              = 0
1924  futex(0xc000064d48, FUTEX_WAKE_PRIVATE, 1 <unfinished ...>
1923  nanosleep({tv_sec=0, tv_nsec=20000},  <unfinished ...>
1925  <... futex resumed>)              = 0
1924  <... futex resumed>)              = 1
1918  futex(0x55b528f09968, FUTEX_WAIT_PRIVATE, 0, NULL <unfinished ...>
1925  futex(0xc000064d48, FUTEX_WAIT_PRIVATE, 0, NULL <unfinished ...>
1924  futex(0xc000064d48, FUTEX_WAKE_PRIVATE, 1 <unfinished ...>
1923  <... nanosleep resumed>NULL)      = 0
1925  <... futex resumed>)              = -1 EAGAIN (Resource temporarily unavailable)
1924  <... futex resumed>)              = 0
1925  nanosleep({tv_sec=0, tv_nsec=3000},  <unfinished ...>
1923  nanosleep({tv_sec=0, tv_nsec=20000},  <unfinished ...>
1925  <... nanosleep resumed>NULL)      = 0
1924  futex(0x55b528f09968, FUTEX_WAKE_PRIVATE, 1 <unfinished ...>
1925  futex(0xc000064d48, FUTEX_WAIT_PRIVATE, 0, NULL <unfinished ...>
1923  <... nanosleep resumed>NULL)      = 0
1924  <... futex resumed>)              = 1
1918  <... futex resumed>)              = 0
1924  futex(0xc000064948, FUTEX_WAIT_PRIVATE, 0, NULL <unfinished ...>
1923  epoll_pwait(4,  <unfinished ...>
1924  <... futex resumed>)              = -1 EAGAIN (Resource temporarily unavailable)
1918  futex(0xc000064948, FUTEX_WAKE_PRIVATE, 1 <unfinished ...>
1924  nanosleep({tv_sec=0, tv_nsec=3000},  <unfinished ...>
1923  <... epoll_pwait resumed>[], 128, 0, NULL, 140723621699728) = 0
1924  <... nanosleep resumed>NULL)      = 0
1918  <... futex resumed>)              = 0
1924  futex(0xc000064d48, FUTEX_WAKE_PRIVATE, 1 <unfinished ...>
1923  nanosleep({tv_sec=0, tv_nsec=20000},  <unfinished ...>
1925  <... futex resumed>)              = 0
1924  <... futex resumed>)              = 1
1918  futex(0x55b528f09968, FUTEX_WAIT_PRIVATE, 0, NULL <unfinished ...>
1925  futex(0xc000064d48, FUTEX_WAIT_PRIVATE, 0, NULL <unfinished ...>
1924  futex(0xc000064d48, FUTEX_WAKE_PRIVATE, 1 <unfinished ...>
1923  <... nanosleep resumed>NULL)      = 0
1925  <... futex resumed>)              = -1 EAGAIN (Resource temporarily unavailable)
1924  <... futex resumed>)              = 0
1925  nanosleep({tv_sec=0, tv_nsec=3000},  <unfinished ...>
1923  nanosleep({tv_sec=0, tv_nsec=20000},  <unfinished ...>
1925  <... nanosleep resumed>NULL)      = 0
1924  futex(0x55b528f09968, FUTEX_WAKE_PRIVATE, 1 <unfinished ...>
1925  futex(0xc000064d48, FUTEX_WAIT_PRIVATE, 0, NULL <unfinished ...>
1923  <... nanosleep resumed>NULL)      = 0
1924  <... futex resumed>)              = 1
1918  <... futex resumed>)              = 0
1924  futex(0xc000064948, FUTEX_WAIT_PRIVATE, 0, NULL <unfinished ...>
1923  nanosleep({tv_sec=0, tv_nsec=20000},  <unfinished ...>
1924  <... futex resumed>)              = -1 EAGAIN (Resource temporarily unavailable)
1918  futex(0xc000064948, FUTEX_WAKE_PRIVATE, 1 <unfinished ...>
1924  nanosleep({tv_sec=0, tv_nsec=3000},  <unfinished ...>
1923  <... nanosleep resumed>NULL)      = 0
1924  <... nanosleep resumed>NULL)      = 0
1918  <... futex resumed>)              = 0
1924  futex(0xc000064d48, FUTEX_WAKE_PRIVATE, 1 <unfinished ...>
1923  nanosleep({tv_sec=0, tv_nsec=20000},  <unfinished ...>
1925  <... futex resumed>)              = 0
1924  <... futex resumed>)              = 1
1918  futex(0x55b528f09968, FUTEX_WAIT_PRIVATE, 0, NULL <unfinished ...>
1925  futex(0xc000064d48, FUTEX_WAIT_PRIVATE, 0, NULL <unfinished ...>
1924  futex(0xc000064d48, FUTEX_WAKE_PRIVATE, 1 <unfinished ...>
1923  <... nanosleep resumed>NULL)      = 0
1925  <... futex resumed>)              = -1 EAGAIN (Resource temporarily unavailable)
1924  <... futex resumed>)              = 0
1925  nanosleep({tv_sec=0, tv_nsec=3000},  <unfinished ...>
1923  epoll_pwait(4,  <unfinished ...>
1925  <... nanosleep resumed>NULL)      = 0
1924  futex(0x55b528f09968, FUTEX_WAKE_PRIVATE, 1 <unfinished ...>
1925  futex(0xc000064d48, FUTEX_WAIT_PRIVATE, 0, NULL <unfinished ...>
1923  <... epoll_pwait resumed>[], 128, 0, NULL, 140723621699728) = 0
1924  <... futex resumed>)              = 1
1918  <... futex resumed>)              = 0
1924  futex(0xc000064948, FUTEX_WAIT_PRIVATE, 0, NULL <unfinished ...>
1923  nanosleep({tv_sec=0, tv_nsec=20000},  <unfinished ...>
1924  <... futex resumed>)              = -1 EAGAIN (Resource temporarily unavailable)
1918  futex(0xc000064948, FUTEX_WAKE_PRIVATE, 1 <unfinished ...>
1924  nanosleep({tv_sec=0, tv_nsec=3000},  <unfinished ...>
1923  <... nanosleep resumed>NULL)      = 0
1924  <... nanosleep resumed>NULL)      = 0
1918  <... futex resumed>)              = 0
1924  futex(0xc000064d48, FUTEX_WAKE_PRIVATE, 1 <unfinished ...>
1923  nanosleep({tv_sec=0, tv_nsec=20000},  <unfinished ...>
1925  <... futex resumed>)              = 0
1924  <... futex resumed>)              = 1
1918  futex(0x55b528f09968, FUTEX_WAIT_PRIVATE, 0, NULL <unfinished ...>
1925  futex(0xc000064d48, FUTEX_WAIT_PRIVATE, 0, NULL <unfinished ...>
1924  futex(0xc000064d48, FUTEX_WAKE_PRIVATE, 1 <unfinished ...>
1923  <... nanosleep resumed>NULL)      = 0
1925  <... futex resumed>)              = -1 EAGAIN (Resource temporarily unavailable)
1924  <... futex resumed>)              = 0
1925  nanosleep({tv_sec=0, tv_nsec=3000},  <unfinished ...>
1923  nanosleep({tv_sec=0, tv_nsec=20000},  <unfinished ...>
1925  <... nanosleep resumed>NULL)      = 0
1924  futex(0x55b528f09968, FUTEX_WAKE_PRIVATE, 1 <unfinished ...>
1925  futex(0xc000064d48, FUTEX_WAIT_PRIVATE, 0, NULL <unfinished ...>
1923  <... nanosleep resumed>NULL)      = 0
1924  <... futex resumed>)              = 1
1918  <... futex resumed>)              = 0
1924  futex(0xc000064948, FUTEX_WAIT_PRIVATE, 0, NULL <unfinished ...>
1923  nanosleep({tv_sec=0, tv_nsec=20000},  <unfinished ...>
1924  <... futex resumed>)              = -1 EAGAIN (Resource temporarily unavailable)
1918  futex(0xc000064948, FUTEX_WAKE_PRIVATE, 1 <unfinished ...>
1924  nanosleep({tv_sec=0, tv_nsec=3000},  <unfinished ...>
1923  <... nanosleep resumed>NULL)      = 0
1924  <... nanosleep resumed>NULL)      = 0
1918  <... futex resumed>)              = 0
1924  futex(0xc000064d48, FUTEX_WAKE_PRIVATE, 1 <unfinished ...>
1923  epoll_pwait(4,  <unfinished ...>
1925  <... futex resumed>)              = 0
1924  <... futex resumed>)              = 1
1918  futex(0x55b528f09968, FUTEX_WAIT_PRIVATE, 0, NULL <unfinished ...>
1925  futex(0xc000064d48, FUTEX_WAIT_PRIVATE, 0, NULL <unfinished ...>
1924  futex(0xc000064d48, FUTEX_WAKE_PRIVATE, 1 <unfinished ...>
1923  <... epoll_pwait resumed>[], 128, 0, NULL, 140723621699728) = 0
1925  <... futex resumed>)              = -1 EAGAIN (Resource temporarily unavailable)
1924  <... futex resumed>)              = 0
1925  nanosleep({tv_sec=0, tv_nsec=3000},  <unfinished ...>
1923  nanosleep({tv_sec=0, tv_nsec=20000},  <unfinished ...>
1925  <... nanosleep resumed>NULL)      = 0
1924  futex(0x55b528f09968, FUTEX_WAKE_PRIVATE, 1 <unfinished ...>
1925  futex(0xc000064d48, FUTEX_WAIT_PRIVATE, 0, NULL <unfinished ...>
1923  <... nanosleep resumed>NULL)      = 0
1924  <... futex resumed>)              = 1
1918  <... futex resumed>)              = 0
1924  futex(0xc000064948, FUTEX_WAIT_PRIVATE, 0, NULL <unfinished ...>
1923  nanosleep({tv_sec=0, tv_nsec=20000},  <unfinished ...>
1924  <... futex resumed>)              = -1 EAGAIN (Resource temporarily unavailable)
1918  futex(0xc000064948, FUTEX_WAKE_PRIVATE, 1 <unfinished ...>
1924  nanosleep({tv_sec=0, tv_nsec=3000},  <unfinished ...>
1923  <... nanosleep resumed>NULL)      = 0
1924  <... nanosleep resumed>NULL)      = 0
1918  <... futex resumed>)              = 0
1924  futex(0xc000064d48, FUTEX_WAKE_PRIVATE, 1 <unfinished ...>
1923  nanosleep({tv_sec=0, tv_nsec=20000},  <unfinished ...>
1925  <... futex resumed>)              = 0
1924  <... futex resumed>)              = 1
1918  futex(0x55b528f09968, FUTEX_WAIT_PRIVATE, 0, NULL <unfinished ...>
1925  futex(0xc000064d48, FUTEX_WAIT_PRIVATE, 0, NULL <unfinished ...>
1924  futex(0xc000064d48, FUTEX_WAKE_PRIVATE, 1 <unfinished ...>
1923  <... nanosleep resumed>NULL)      = 0
1925  <... futex resumed>)              = -1 EAGAIN (Resource temporarily unavailable)
1924  <... futex resumed>)              = 0
1925  nanosleep({tv_sec=0, tv_nsec=3000},  <unfinished ...>
1923  nanosleep({tv_sec=0, tv_nsec=20000},  <unfinished ...>
1925  <... nanosleep resumed>NULL)      = 0
1924  futex(0x55b528f09968, FUTEX_WAKE_PRIVATE, 1 <unfinished ...>
1925  futex(0xc000064d48, FUTEX_WAIT_PRIVATE, 0, NULL <unfinished ...>
1923  <... nanosleep resumed>NULL)      = 0
1924  <... futex resumed>)              = 1
1918  <... futex resumed>)              = 0
1924  futex(0xc000064948, FUTEX_WAIT_PRIVATE, 0, NULL <unfinished ...>
1923  epoll_pwait(4,  <unfinished ...>
1924  <... futex resumed>)              = -1 EAGAIN (Resource temporarily unavailable)
1918  futex(0xc000064948, FUTEX_WAKE_PRIVATE, 1 <unfinished ...>
1924  nanosleep({tv_sec=0, tv_nsec=3000},  <unfinished ...>
1923  <... epoll_pwait resumed>[], 128, 0, NULL, 140723621699728) = 0
1924  <... nanosleep resumed>NULL)      = 0
1918  <... futex resumed>)              = 0
1924  futex(0xc000064d48, FUTEX_WAKE_PRIVATE, 1 <unfinished ...>
1923  nanosleep({tv_sec=0, tv_nsec=20000},  <unfinished ...>
1925  <... futex resumed>)              = 0
1924  <... futex resumed>)              = 1
1918  futex(0x55b528f09968, FUTEX_WAIT_PRIVATE, 0, NULL <unfinished ...>
1925  futex(0xc000064d48, FUTEX_WAIT_PRIVATE, 0, NULL <unfinished ...>
1924  futex(0xc000064d48, FUTEX_WAKE_PRIVATE, 1 <unfinished ...>
1923  <... nanosleep resumed>NULL)      = 0
1925  <... futex resumed>)              = -1 EAGAIN (Resource temporarily unavailable)
1924  <... futex resumed>)              = 0
1925  nanosleep({tv_sec=0, tv_nsec=3000},  <unfinished ...>
1923  nanosleep({tv_sec=0, tv_nsec=40000},  <unfinished ...>
1925  <... nanosleep resumed>NULL)      = 0
1924  futex(0x55b528f09968, FUTEX_WAKE_PRIVATE, 1 <unfinished ...>
1925  futex(0xc000064d48, FUTEX_WAIT_PRIVATE, 0, NULL <unfinished ...>
1923  <... nanosleep resumed>NULL)      = 0
1924  <... futex resumed>)              = 1
1918  <... futex resumed>)              = 0
1924  futex(0xc000064948, FUTEX_WAIT_PRIVATE, 0, NULL <unfinished ...>
1923  nanosleep({tv_sec=0, tv_nsec=80000},  <unfinished ...>
1924  <... futex resumed>)              = -1 EAGAIN (Resource temporarily unavailable)
1918  futex(0xc000064948, FUTEX_WAKE_PRIVATE, 1 <unfinished ...>
1924  nanosleep({tv_sec=0, tv_nsec=3000},  <unfinished ...>
1923  <... nanosleep resumed>NULL)      = 0
1924  <... nanosleep resumed>NULL)      = 0
1918  <... futex resumed>)              = 0
1924  futex(0xc000064d48, FUTEX_WAKE_PRIVATE, 1 <unfinished ...>
1923  nanosleep({tv_sec=0, tv_nsec=160000},  <unfinished ...>
1925  <... futex resumed>)              = 0
1924  <... futex resumed>)              = 1
1918  futex(0x55b528f09968, FUTEX_WAIT_PRIVATE, 0, NULL <unfinished ...>
1925  futex(0xc000064d48, FUTEX_WAIT_PRIVATE, 0, NULL <unfinished ...>
1924  futex(0xc000064d48, FUTEX_WAKE_PRIVATE, 1 <unfinished ...>
1923  <... nanosleep resumed>NULL)      = 0
1925  <... futex resumed>)              = -1 EAGAIN (Resource temporarily unavailable)
1924  <... futex resumed>)              = 0
1925  nanosleep({tv_sec=0, tv_nsec=3000},  <unfinished ...>
1923  epoll_pwait(4,  <unfinished ...>
1925  <... nanosleep resumed>NULL)      = 0
1924  futex(0x55b528f09968, FUTEX_WAKE_PRIVATE, 1 <unfinished ...>
1925  futex(0xc000064d48, FUTEX_WAIT_PRIVATE, 0, NULL <unfinished ...>
1923  <... epoll_pwait resumed>[], 128, 0, NULL, 140723621699728) = 0
1924  <... futex resumed>)              = 1
1918  <... futex resumed>)              = 0
1924  futex(0xc000064948, FUTEX_WAIT_PRIVATE, 0, NULL <unfinished ...>
1923  nanosleep({tv_sec=0, tv_nsec=320000},  <unfinished ...>
1924  <... futex resumed>)              = -1 EAGAIN (Resource temporarily unavailable)
1918  futex(0xc000064948, FUTEX_WAKE_PRIVATE, 1 <unfinished ...>
1924  nanosleep({tv_sec=0, tv_nsec=3000},  <unfinished ...>
1923  <... nanosleep resumed>NULL)      = 0
1924  <... nanosleep resumed>NULL)      = 0
1918  <... futex resumed>)              = 0
1924  futex(0xc000064d48, FUTEX_WAKE_PRIVATE, 1 <unfinished ...>
1923  nanosleep({tv_sec=0, tv_nsec=640000},  <unfinished ...>
1925  <... futex resumed>)              = 0
1924  <... futex resumed>)              = 1
1918  futex(0x55b528f09968, FUTEX_WAIT_PRIVATE, 0, NULL <unfinished ...>
1925  futex(0xc000064d48, FUTEX_WAIT_PRIVATE, 0, NULL <unfinished ...>
1924  futex(0xc000064d48, FUTEX_WAKE_PRIVATE, 1 <unfinished ...>
1923  <... nanosleep resumed>NULL)      = 0
1925  <... futex resumed>)              = -1 EAGAIN (Resource temporarily unavailable)
1924  <... futex resumed>)              = 0
1925  nanosleep({tv_sec=0, tv_nsec=3000},  <unfinished ...>
1923  nanosleep({tv_sec=0, tv_nsec=1280000},  <unfinished ...>
1925  <... nanosleep resumed>NULL)      = 0
1924  futex(0x55b528f09968, FUTEX_WAKE_PRIVATE, 1 <unfinished ...>
1925  futex(0xc000064d48, FUTEX_WAIT_PRIVATE, 0, NULL <unfinished ...>
1924  <... futex resumed>)              = 1
1918  <... futex resumed>)              = 0
1924  futex(0xc000064948, FUTEX_WAIT_PRIVATE, 0, NULL <unfinished ...>
1923  <... nanosleep resumed>NULL)      = 0
1924  <... futex resumed>)              = -1 EAGAIN (Resource temporarily unavailable)
1918  futex(0xc000064948, FUTEX_WAKE_PRIVATE, 1 <unfinished ...>
1924  nanosleep({tv_sec=0, tv_nsec=3000},  <unfinished ...>
1923  epoll_pwait(4,  <unfinished ...>
1924  <... nanosleep resumed>NULL)      = 0
1918  <... futex resumed>)              = 0
1924  futex(0xc000064d48, FUTEX_WAKE_PRIVATE, 1 <unfinished ...>
1923  <... epoll_pwait resumed>[], 128, 0, NULL, 140723621699728) = 0
1925  <... futex resumed>)              = 0
1924  <... futex resumed>)              = 1
1918  futex(0x55b528f09968, FUTEX_WAIT_PRIVATE, 0, NULL <unfinished ...>
1925  futex(0xc000064d48, FUTEX_WAIT_PRIVATE, 0, NULL <unfinished ...>
1924  futex(0xc000064d48, FUTEX_WAKE_PRIVATE, 1 <unfinished ...>
1923  nanosleep({tv_sec=0, tv_nsec=2560000},  <unfinished ...>
1925  <... futex resumed>)              = -1 EAGAIN (Resource temporarily unavailable)
1924  <... futex resumed>)              = 0
1925  nanosleep({tv_sec=0, tv_nsec=3000},  <unfinished ...>
1924  futex(0x55b528f09968, FUTEX_WAKE_PRIVATE, 1 <unfinished ...>
1925  <... nanosleep resumed>NULL)      = 0
1924  <... futex resumed>)              = 1
1918  <... futex resumed>)              = 0
1925  futex(0xc000064d48, FUTEX_WAIT_PRIVATE, 0, NULL <unfinished ...>
1924  futex(0xc000064948, FUTEX_WAIT_PRIVATE, 0, NULL <unfinished ...>
1918  futex(0xc000064948, FUTEX_WAKE_PRIVATE, 1 <unfinished ...>
1924  <... futex resumed>)              = -1 EAGAIN (Resource temporarily unavailable)
1923  <... nanosleep resumed>NULL)      = 0
1924  nanosleep({tv_sec=0, tv_nsec=3000},  <unfinished ...>
1918  <... futex resumed>)              = 0
1924  <... nanosleep resumed>NULL)      = 0
1923  nanosleep({tv_sec=0, tv_nsec=5120000},  <unfinished ...>
1924  futex(0xc000100148, FUTEX_WAKE_PRIVATE, 1 <unfinished ...>
1918  futex(0xc000064d48, FUTEX_WAKE_PRIVATE, 1 <unfinished ...>
1926  <... futex resumed>)              = 0
1924  <... futex resumed>)              = 1
1926  futex(0xc000100148, FUTEX_WAIT_PRIVATE, 0, NULL <unfinished ...>
1925  <... futex resumed>)              = 0
1918  <... futex resumed>)              = 1
1926  <... futex resumed>)              = -1 EAGAIN (Resource temporarily unavailable)
1925  nanosleep({tv_sec=0, tv_nsec=3000},  <unfinished ...>
1924  futex(0xc000100148, FUTEX_WAKE_PRIVATE, 1 <unfinished ...>
1926  nanosleep({tv_sec=0, tv_nsec=3000},  <unfinished ...>
1925  <... nanosleep resumed>NULL)      = 0
1918  futex(0x55b528f09968, FUTEX_WAIT_PRIVATE, 0, NULL <unfinished ...>
1926  <... nanosleep resumed>NULL)      = 0
1925  futex(0x55b528f09968, FUTEX_WAKE_PRIVATE, 1 <unfinished ...>
1924  <... futex resumed>)              = 0
1926  futex(0xc000100148, FUTEX_WAIT_PRIVATE, 0, NULL <unfinished ...>
1925  <... futex resumed>)              = 0
1918  <... futex resumed>)              = -1 EAGAIN (Resource temporarily unavailable)
1925  futex(0xc000064d48, FUTEX_WAIT_PRIVATE, 0, NULL <unfinished ...>
1924  futex(0xc000064948, FUTEX_WAIT_PRIVATE, 0, NULL <unfinished ...>
1923  <... nanosleep resumed>NULL)      = 0
1925  <... futex resumed>)              = -1 EAGAIN (Resource temporarily unavailable)
1918  futex(0xc000064d48, FUTEX_WAKE_PRIVATE, 1 <unfinished ...>
1925  nanosleep({tv_sec=0, tv_nsec=3000},  <unfinished ...>
1923  epoll_pwait(4,  <unfinished ...>
1925  <... nanosleep resumed>NULL)      = 0
1918  <... futex resumed>)              = 0
1925  futex(0xc000064948, FUTEX_WAKE_PRIVATE, 1 <unfinished ...>
1923  <... epoll_pwait resumed>[], 128, 0, NULL, 140723621699728) = 0
1925  <... futex resumed>)              = 1
1924  <... futex resumed>)              = 0
1918  futex(0x55b528f09968, FUTEX_WAIT_PRIVATE, 0, NULL <unfinished ...>
1925  futex(0x55b528f09968, FUTEX_WAKE_PRIVATE, 1 <unfinished ...>
1924  futex(0xc000064948, FUTEX_WAIT_PRIVATE, 0, NULL <unfinished ...>
1923  nanosleep({tv_sec=0, tv_nsec=10000000},  <unfinished ...>
1925  <... futex resumed>)              = 0
1918  <... futex resumed>)              = -1 EAGAIN (Resource temporarily unavailable)
1925  futex(0xc000064d48, FUTEX_WAIT_PRIVATE, 0, NULL <unfinished ...>
1918  futex(0xc000064d48, FUTEX_WAKE_PRIVATE, 1 <unfinished ...>
1925  <... futex resumed>)              = -1 EAGAIN (Resource temporarily unavailable)
1918  <... futex resumed>)              = 0
1925  nanosleep({tv_sec=0, tv_nsec=3000},  <unfinished ...>
1918  futex(0xc000064948, FUTEX_WAKE_PRIVATE, 1 <unfinished ...>
1925  <... nanosleep resumed>NULL)      = 0
1924  <... futex resumed>)              = 0
1918  <... futex resumed>)              = 1
1925  futex(0xc000100148, FUTEX_WAKE_PRIVATE, 1 <unfinished ...>
1924  futex(0xc000064948, FUTEX_WAIT_PRIVATE, 0, NULL <unfinished ...>
1926  <... futex resumed>)              = 0
1925  <... futex resumed>)              = 1
1918  futex(0x55b528f09968, FUTEX_WAIT_PRIVATE, 0, NULL <unfinished ...>
1926  futex(0xc000100148, FUTEX_WAIT_PRIVATE, 0, NULL <unfinished ...>
1925  futex(0xc000100148, FUTEX_WAKE_PRIVATE, 1 <unfinished ...>
1926  <... futex resumed>)              = -1 EAGAIN (Resource temporarily unavailable)
1925  <... futex resumed>)              = 0
1926  nanosleep({tv_sec=0, tv_nsec=3000},  <unfinished ...>
1925  futex(0x55b528f09968, FUTEX_WAKE_PRIVATE, 1 <unfinished ...>
1926  <... nanosleep resumed>NULL)      = 0
1925  <... futex resumed>)              = 1
1918  <... futex resumed>)              = 0
1926  futex(0xc000100148, FUTEX_WAIT_PRIVATE, 0, NULL <unfinished ...>
1925  futex(0xc000064d48, FUTEX_WAIT_PRIVATE, 0, NULL <unfinished ...>
1918  futex(0xc000064d48, FUTEX_WAKE_PRIVATE, 1 <unfinished ...>
1925  <... futex resumed>)              = -1 EAGAIN (Resource temporarily unavailable)
1918  <... futex resumed>)              = 0
1925  nanosleep({tv_sec=0, tv_nsec=3000},  <unfinished ...>
1918  futex(0xc000100148, FUTEX_WAKE_PRIVATE, 1 <unfinished ...>
1925  <... nanosleep resumed>NULL)      = 0
1926  <... futex resumed>)              = 0
1918  <... futex resumed>)              = 1
1926  futex(0xc000100148, FUTEX_WAIT_PRIVATE, 0, NULL <unfinished ...>
1925  futex(0xc000064948, FUTEX_WAKE_PRIVATE, 1 <unfinished ...>
1918  futex(0x55b528f09968, FUTEX_WAIT_PRIVATE, 0, NULL <unfinished ...>
1925  <... futex resumed>)              = 1
1924  <... futex resumed>)              = 0
1925  futex(0x55b528f09968, FUTEX_WAKE_PRIVATE, 1 <unfinished ...>
1923  <... nanosleep resumed>NULL)      = 0
1925  <... futex resumed>)              = 1
1924  futex(0xc000064948, FUTEX_WAIT_PRIVATE, 0, NULL <unfinished ...>
1918  <... futex resumed>)              = 0
1925  futex(0xc000064d48, FUTEX_WAIT_PRIVATE, 0, NULL <unfinished ...>
1923  epoll_pwait(4,  <unfinished ...>
1925  <... futex resumed>)              = -1 EAGAIN (Resource temporarily unavailable)
1918  futex(0xc000064d48, FUTEX_WAKE_PRIVATE, 1 <unfinished ...>
1925  nanosleep({tv_sec=0, tv_nsec=3000},  <unfinished ...>
1923  <... epoll_pwait resumed>[], 128, 0, NULL, 140723621699728) = 0
1925  <... nanosleep resumed>NULL)      = 0
1918  <... futex resumed>)              = 0
1925  futex(0xc000064948, FUTEX_WAKE_PRIVATE, 1 <unfinished ...>
1923  nanosleep({tv_sec=0, tv_nsec=10000000},  <unfinished ...>
1925  <... futex resumed>)              = 1
1924  <... futex resumed>)              = 0
1918  futex(0x55b528f09968, FUTEX_WAIT_PRIVATE, 0, NULL <unfinished ...>
1925  futex(0x55b528f09968, FUTEX_WAKE_PRIVATE, 1 <unfinished ...>
1924  futex(0xc000064948, FUTEX_WAIT_PRIVATE, 0, NULL <unfinished ...>
1925  <... futex resumed>)              = 0
1918  <... futex resumed>)              = -1 EAGAIN (Resource temporarily unavailable)
1925  futex(0xc000064d48, FUTEX_WAIT_PRIVATE, 0, NULL <unfinished ...>
1918  futex(0xc000064d48, FUTEX_WAKE_PRIVATE, 1 <unfinished ...>
1925  <... futex resumed>)              = -1 EAGAIN (Resource temporarily unavailable)
1918  <... futex resumed>)              = 0
1925  nanosleep({tv_sec=0, tv_nsec=3000},  <unfinished ...>
1918  futex(0xc000064948, FUTEX_WAKE_PRIVATE, 1 <unfinished ...>
1925  <... nanosleep resumed>NULL)      = 0
1924  <... futex resumed>)              = 0
1918  <... futex resumed>)              = 1
1925  futex(0xc000100148, FUTEX_WAKE_PRIVATE, 1 <unfinished ...>
1924  futex(0xc000064948, FUTEX_WAIT_PRIVATE, 0, NULL <unfinished ...>
1926  <... futex resumed>)              = 0
1925  <... futex resumed>)              = 1
1918  futex(0x55b528f09968, FUTEX_WAIT_PRIVATE, 0, NULL <unfinished ...>
1926  futex(0xc000100148, FUTEX_WAIT_PRIVATE, 0, NULL <unfinished ...>
1925  futex(0xc000100148, FUTEX_WAKE_PRIVATE, 1 <unfinished ...>
1926  <... futex resumed>)              = -1 EAGAIN (Resource temporarily unavailable)
1925  <... futex resumed>)              = 0
1926  nanosleep({tv_sec=0, tv_nsec=3000},  <unfinished ...>
1925  futex(0x55b528f09968, FUTEX_WAKE_PRIVATE, 1 <unfinished ...>
1926  <... nanosleep resumed>NULL)      = 0
1925  <... futex resumed>)              = 1
1918  <... futex resumed>)              = 0
1926  futex(0xc000100148, FUTEX_WAIT_PRIVATE, 0, NULL <unfinished ...>
1925  futex(0xc000064d48, FUTEX_WAIT_PRIVATE, 0, NULL <unfinished ...>
1918  futex(0xc000064d48, FUTEX_WAKE_PRIVATE, 1 <unfinished ...>
1925  <... futex resumed>)              = -1 EAGAIN (Resource temporarily unavailable)
1918  <... futex resumed>)              = 0
1925  nanosleep({tv_sec=0, tv_nsec=3000},  <unfinished ...>
1918  futex(0xc000100148, FUTEX_WAKE_PRIVATE, 1 <unfinished ...>
1925  <... nanosleep resumed>NULL)      = 0
1926  <... futex resumed>)              = 0
1918  <... futex resumed>)              = 1
1926  futex(0xc000100148, FUTEX_WAIT_PRIVATE, 0, NULL <unfinished ...>
1925  futex(0xc000064948, FUTEX_WAKE_PRIVATE, 1 <unfinished ...>
1923  <... nanosleep resumed>NULL)      = 0
1918  futex(0x55b528f09968, FUTEX_WAIT_PRIVATE, 0, NULL <unfinished ...>
1925  <... futex resumed>)              = 1
1924  <... futex resumed>)              = 0
1923  epoll_pwait(4,  <unfinished ...>
1925  futex(0x55b528f09968, FUTEX_WAKE_PRIVATE, 1 <unfinished ...>
1924  futex(0xc000064948, FUTEX_WAIT_PRIVATE, 0, NULL <unfinished ...>
1925  <... futex resumed>)              = 1
1923  <... epoll_pwait resumed>[], 128, 0, NULL, 140723621699728) = 0
1918  <... futex resumed>)              = 0
1925  futex(0xc000064d48, FUTEX_WAIT_PRIVATE, 0, NULL <unfinished ...>
1923  nanosleep({tv_sec=0, tv_nsec=10000000},  <unfinished ...>
1925  <... futex resumed>)              = -1 EAGAIN (Resource temporarily unavailable)
1918  futex(0xc000064d48, FUTEX_WAKE_PRIVATE, 1 <unfinished ...>
1925  nanosleep({tv_sec=0, tv_nsec=3000},  <unfinished ...>
1918  <... futex resumed>)              = 0
1925  <... nanosleep resumed>NULL)      = 0
1918  futex(0xc000064948, FUTEX_WAKE_PRIVATE, 1 <unfinished ...>
1925  futex(0xc000100148, FUTEX_WAKE_PRIVATE, 1 <unfinished ...>
1924  <... futex resumed>)              = 0
1918  <... futex resumed>)              = 1
1926  <... futex resumed>)              = 0
1925  <... futex resumed>)              = 1
1924  futex(0xc000064948, FUTEX_WAIT_PRIVATE, 0, NULL <unfinished ...>
1926  futex(0xc000100148, FUTEX_WAIT_PRIVATE, 0, NULL <unfinished ...>
1925  futex(0xc000100148, FUTEX_WAKE_PRIVATE, 1 <unfinished ...>
1918  futex(0x55b528f09968, FUTEX_WAIT_PRIVATE, 0, NULL <unfinished ...>
1926  <... futex resumed>)              = -1 EAGAIN (Resource temporarily unavailable)
1925  <... futex resumed>)              = 0
1926  nanosleep({tv_sec=0, tv_nsec=3000},  <unfinished ...>
1925  futex(0x55b528f09968, FUTEX_WAKE_PRIVATE, 1 <unfinished ...>
1926  <... nanosleep resumed>NULL)      = 0
1925  <... futex resumed>)              = 1
1918  <... futex resumed>)              = 0
1926  futex(0xc000100148, FUTEX_WAIT_PRIVATE, 0, NULL <unfinished ...>
1925  futex(0xc000064d48, FUTEX_WAIT_PRIVATE, 0, NULL <unfinished ...>
1918  futex(0xc000064d48, FUTEX_WAKE_PRIVATE, 1 <unfinished ...>
1925  <... futex resumed>)              = -1 EAGAIN (Resource temporarily unavailable)
1918  <... futex resumed>)              = 0
1925  nanosleep({tv_sec=0, tv_nsec=3000},  <unfinished ...>
1918  futex(0xc000100148, FUTEX_WAKE_PRIVATE, 1 <unfinished ...>
1925  <... nanosleep resumed>NULL)      = 0
1926  <... futex resumed>)              = 0
1918  <... futex resumed>)              = 1
1926  futex(0xc000100148, FUTEX_WAIT_PRIVATE, 0, NULL <unfinished ...>
1925  futex(0xc000064948, FUTEX_WAKE_PRIVATE, 1 <unfinished ...>
1918  futex(0x55b528f09968, FUTEX_WAIT_PRIVATE, 0, NULL <unfinished ...>
1925  <... futex resumed>)              = 1
1924  <... futex resumed>)              = 0
1925  futex(0x55b528f09968, FUTEX_WAKE_PRIVATE, 1 <unfinished ...>
1923  <... nanosleep resumed>NULL)      = 0
1925  <... futex resumed>)              = 1
1924  futex(0xc000064948, FUTEX_WAIT_PRIVATE, 0, NULL <unfinished ...>
1918  <... futex resumed>)              = 0
1925  futex(0xc000064d48, FUTEX_WAIT_PRIVATE, 0, NULL <unfinished ...>
1923  epoll_pwait(4,  <unfinished ...>
1925  <... futex resumed>)              = -1 EAGAIN (Resource temporarily unavailable)
1918  futex(0xc000064d48, FUTEX_WAKE_PRIVATE, 1 <unfinished ...>
1925  nanosleep({tv_sec=0, tv_nsec=3000},  <unfinished ...>
1923  <... epoll_pwait resumed>[], 128, 0, NULL, 140723621699728) = 0
1925  <... nanosleep resumed>NULL)      = 0
1918  <... futex resumed>)              = 0
1925  futex(0xc000064948, FUTEX_WAKE_PRIVATE, 1 <unfinished ...>
1923  nanosleep({tv_sec=0, tv_nsec=10000000},  <unfinished ...>
1925  <... futex resumed>)              = 1
1924  <... futex resumed>)              = 0
1918  futex(0x55b528f09968, FUTEX_WAIT_PRIVATE, 0, NULL <unfinished ...>
1925  futex(0x55b528f09968, FUTEX_WAKE_PRIVATE, 1 <unfinished ...>
1924  futex(0xc000064948, FUTEX_WAIT_PRIVATE, 0, NULL <unfinished ...>
1925  <... futex resumed>)              = 0
1918  <... futex resumed>)              = -1 EAGAIN (Resource temporarily unavailable)
1925  futex(0xc000064d48, FUTEX_WAIT_PRIVATE, 0, NULL <unfinished ...>
1918  uname({sysname="Linux", nodename="7532045ffef6", ...}) = 0
1918  socket(AF_NETLINK, SOCK_RAW|SOCK_CLOEXEC, NETLINK_ROUTE) = 7
1918  bind(7, {sa_family=AF_NETLINK, nl_pid=0, nl_groups=00000000}, 12) = 0
1918  sendto(7, [{nlmsg_len=17, nlmsg_type=RTM_GETLINK, nlmsg_flags=NLM_F_REQUEST|NLM_F_DUMP, nlmsg_seq=1, nlmsg_pid=0}, {ifi_family=AF_UNSPEC, ...}], 17, 0, {sa_family=AF_NETLINK, nl_pid=0, nl_groups=00000000}, 12) = 17
1918  getsockname(7, {sa_family=AF_NETLINK, nl_pid=1918, nl_groups=00000000}, [112 => 12]) = 0
