830   epoll_wait(15,  <unfinished ...>
828   <... futex resumed>)              = 0
835   epoll_wait(35,  <unfinished ...>
834   epoll_wait(31,  <unfinished ...>
833   epoll_wait(27,  <unfinished ...>
832   epoll_wait(23,  <unfinished ...>
831   epoll_wait(19,  <unfinished ...>
830   <... epoll_wait resumed>[{events=EPOLLIN, data={u32=18, u64=18}}], 1024, -1) = 1
829   epoll_wait(11,  <unfinished ...>
835   <... epoll_wait resumed>[{events=EPOLLIN, data={u32=38, u64=38}}], 1024, -1) = 1
834   <... epoll_wait resumed>[{events=EPOLLIN, data={u32=34, u64=34}}], 1024, -1) = 1
833   <... epoll_wait resumed>[{events=EPOLLIN, data={u32=30, u64=30}}], 1024, -1) = 1
832   <... epoll_wait resumed>[{events=EPOLLIN, data={u32=26, u64=26}}], 1024, -1) = 1
831   <... epoll_wait resumed>[{events=EPOLLIN, data={u32=22, u64=22}}], 1024, -1) = 1
830   read(18,  <unfinished ...>
828   futex(0x55903ff84e18, FUTEX_WAKE_PRIVATE, 1 <unfinished ...>
835   read(38,  <unfinished ...>
834   read(34,  <unfinished ...>
833   read(30,  <unfinished ...>
832   read(26,  <unfinished ...>
831   read(22,  <unfinished ...>
830   <... read resumed>"\1\0\0\0\0\0\0\0", 1024) = 8
829   <... epoll_wait resumed>[{events=EPOLLIN, data={u32=14, u64=14}}], 1024, -1) = 1
836   <... futex resumed>)              = 0
835   <... read resumed>"\1\0\0\0\0\0\0\0", 1024) = 8
834   <... read resumed>"\1\0\0\0\0\0\0\0", 1024) = 8
833   <... read resumed>"\1\0\0\0\0\0\0\0", 1024) = 8
832   <... read resumed>"\1\0\0\0\0\0\0\0", 1024) = 8
831   <... read resumed>"\1\0\0\0\0\0\0\0", 1024) = 8
830   newfstatat(AT_FDCWD, "/etc/bind/db.0",  <unfinished ...>
828   <... futex resumed>)              = 1
829   read(14,  <unfinished ...>
836   futex(0x55903ff84da0, FUTEX_WAIT_PRIVATE, 2, NULL <unfinished ...>
835   futex(0x55903ff84da0, FUTEX_WAIT_PRIVATE, 2, NULL <unfinished ...>
834   write(34, "\1\0\0\0\0\0\0\0", 8 <unfinished ...>
833   futex(0x55903ff84da0, FUTEX_WAIT_PRIVATE, 2, NULL <unfinished ...>
832   futex(0x55903ff84da0, FUTEX_WAIT_PRIVATE, 2, NULL <unfinished ...>
831   futex(0x55903ff84da0, FUTEX_WAIT_PRIVATE, 2, NULL <unfinished ...>
830   <... newfstatat resumed>{st_mode=S_IFREG|0644, st_size=237, ...}, 0) = 0
828   futex(0x55903ff84da0, FUTEX_WAKE_PRIVATE, 1 <unfinished ...>
836   <... futex resumed>)              = -1 EAGAIN (Resource temporarily unavailable)
835   <... futex resumed>)              = -1 EAGAIN (Resource temporarily unavailable)
834   <... write resumed>)              = 8
833   <... futex resumed>)              = -1 EAGAIN (Resource temporarily unavailable)
832   <... futex resumed>)              = -1 EAGAIN (Resource temporarily unavailable)
831   <... futex resumed>)              = -1 EAGAIN (Resource temporarily unavailable)
830   openat(AT_FDCWD, "/etc/bind/db.0", O_RDONLY <unfinished ...>
829   <... read resumed>"\1\0\0\0\0\0\0\0", 1024) = 8
836   write(18, "\1\0\0\0\0\0\0\0", 8 <unfinished ...>
835   futex(0x55903ff84da0, FUTEX_WAIT_PRIVATE, 2, NULL <unfinished ...>
834   futex(0x55903ff84da0, FUTEX_WAIT_PRIVATE, 2, NULL <unfinished ...>
833   futex(0x55903ff84da0, FUTEX_WAIT_PRIVATE, 2, NULL <unfinished ...>
832   futex(0x55903ff84da0, FUTEX_WAIT_PRIVATE, 2, NULL <unfinished ...>
831   futex(0x55903ff84da0, FUTEX_WAIT_PRIVATE, 2, NULL <unfinished ...>
830   <... openat resumed>)             = 96
828   <... futex resumed>)              = 0
836   <... write resumed>)              = 8
830   mprotect(0x7f4e70021000, 24576, PROT_READ|PROT_WRITE <unfinished ...>
829   futex(0x55903ff84da0, FUTEX_WAIT_PRIVATE, 2, NULL <unfinished ...>
836   futex(0x55903ff84da0, FUTEX_WAKE_PRIVATE, 1 <unfinished ...>
830   <... mprotect resumed>)           = 0
828   futex(0x55903ff84da0, FUTEX_WAIT_PRIVATE, 2, NULL <unfinished ...>
836   <... futex resumed>)              = 1
835   <... futex resumed>)              = 0
830   newfstatat(96, "",  <unfinished ...>
829   <... futex resumed>)              = -1 EAGAIN (Resource temporarily unavailable)
836   futex(0x55903ff84e1c, FUTEX_WAIT_BITSET_PRIVATE|FUTEX_CLOCK_REALTIME, 0, {tv_sec=1658092475, tv_nsec=91164744}, FUTEX_BITSET_MATCH_ANY <unfinished ...>
835   futex(0x55903ff84e1c, FUTEX_WAKE_PRIVATE, 1 <unfinished ...>
830   <... newfstatat resumed>{st_mode=S_IFREG|0644, st_size=237, ...}, AT_EMPTY_PATH) = 0
828   <... futex resumed>)              = -1 EAGAIN (Resource temporarily unavailable)
836   <... futex resumed>)              = -1 EAGAIN (Resource temporarily unavailable)
835   <... futex resumed>)              = 0
830   mprotect(0x7f4e70027000, 4096, PROT_READ|PROT_WRITE <unfinished ...>
829   futex(0x55903ff84da0, FUTEX_WAIT_PRIVATE, 2, NULL <unfinished ...>
836   futex(0x55903ff84da0, FUTEX_WAIT_PRIVATE, 2, NULL <unfinished ...>
835   futex(0x55903ff84da0, FUTEX_WAKE_PRIVATE, 1 <unfinished ...>
830   <... mprotect resumed>)           = 0
828   futex(0x55903ff84da0, FUTEX_WAIT_PRIVATE, 2, NULL <unfinished ...>
836   <... futex resumed>)              = -1 EAGAIN (Resource temporarily unavailable)
835   <... futex resumed>)              = 1
834   <... futex resumed>)              = 0
830   read(96,  <unfinished ...>
829   <... futex resumed>)              = -1 EAGAIN (Resource temporarily unavailable)
836   futex(0x55903ff84da0, FUTEX_WAKE_PRIVATE, 1 <unfinished ...>
835   futex(0x55903ff84e18, FUTEX_WAKE_PRIVATE, 1 <unfinished ...>
834   futex(0x55903ff84da0, FUTEX_WAIT_PRIVATE, 2, NULL <unfinished ...>
830   <... read resumed>";\n; BIND reverse data file for broadcast zone\n;\n$TTL\t604800\n@\tIN\tSOA\tlocalhost. root.localhost. (\n\t\t\t      1\t\t; Serial\n\t\t\t 60480"..., 4096) = 237
828   <... futex resumed>)              = -1 EAGAIN (Resource temporarily unavailable)
836   <... futex resumed>)              = 1
835   <... futex resumed>)              = 0
833   <... futex resumed>)              = 0
830   mprotect(0x7f4e70028000, 20480, PROT_READ|PROT_WRITE <unfinished ...>
829   futex(0x55903ff84da0, FUTEX_WAIT_PRIVATE, 2, NULL <unfinished ...>
836   futex(0x55903ff84da0, FUTEX_WAIT_PRIVATE, 2, NULL <unfinished ...>
835   futex(0x55903ff84da0, FUTEX_WAKE_PRIVATE, 1 <unfinished ...>
833   futex(0x55903ff84da0, FUTEX_WAKE_PRIVATE, 1 <unfinished ...>
830   <... mprotect resumed>)           = 0
828   futex(0x55903ff84da0, FUTEX_WAIT_PRIVATE, 2, NULL <unfinished ...>
836   <... futex resumed>)              = -1 EAGAIN (Resource temporarily unavailable)
835   <... futex resumed>)              = 1
833   <... futex resumed>)              = 1
832   <... futex resumed>)              = 0
831   <... futex resumed>)              = 0
830   mprotect(0x7f4e7002d000, 4096, PROT_READ|PROT_WRITE <unfinished ...>
829   <... futex resumed>)              = -1 EAGAIN (Resource temporarily unavailable)
836   write(26, "\1\0\0\0\0\0\0\0", 8 <unfinished ...>
835   write(38, "\1\0\0\0\0\0\0\0", 8 <unfinished ...>
833   futex(0x55903ff84da0, FUTEX_WAIT_PRIVATE, 2, NULL <unfinished ...>
832   futex(0x55903ff84da0, FUTEX_WAIT_PRIVATE, 2, NULL <unfinished ...>
831   futex(0x55903ff84da0, FUTEX_WAIT_PRIVATE, 2, NULL <unfinished ...>
830   <... mprotect resumed>)           = 0
828   <... futex resumed>)              = -1 EAGAIN (Resource temporarily unavailable)
836   <... write resumed>)              = 8
835   <... write resumed>)              = 8
830   read(96,  <unfinished ...>
829   futex(0x55903ff84da0, FUTEX_WAIT_PRIVATE, 2, NULL <unfinished ...>
836   write(30, "\1\0\0\0\0\0\0\0", 8 <unfinished ...>
835   futex(0x55903ff84da0, FUTEX_WAIT_PRIVATE, 2, NULL <unfinished ...>
830   <... read resumed>"", 4096)       = 0
828   futex(0x55903ff84da0, FUTEX_WAIT_PRIVATE, 2, NULL <unfinished ...>
836   <... write resumed>)              = 8
830   close(96 <unfinished ...>
836   futex(0x55903ff84da0, FUTEX_WAKE_PRIVATE, 1 <unfinished ...>
830   <... close resumed>)              = 0
836   <... futex resumed>)              = 1
834   <... futex resumed>)              = 0
836   futex(0x55903ff84e1c, FUTEX_WAIT_BITSET_PRIVATE|FUTEX_CLOCK_REALTIME, 0, {tv_sec=1658092475, tv_nsec=91164744}, FUTEX_BITSET_MATCH_ANY <unfinished ...>
830   openat(AT_FDCWD, "/etc/bind/db.0.jnl", O_RDONLY <unfinished ...>
836   <... futex resumed>)              = -1 EAGAIN (Resource temporarily unavailable)
834   futex(0x55903ff84e1c, FUTEX_WAKE_PRIVATE, 1 <unfinished ...>
836   futex(0x55903ff84da0, FUTEX_WAIT_PRIVATE, 2, NULL <unfinished ...>
830   <... openat resumed>)             = -1 ENOENT (No such file or directory)
834   <... futex resumed>)              = 0
830   openat(AT_FDCWD, "/etc/bind/db.0.jbk", O_RDONLY <unfinished ...>
834   futex(0x55903ff84da0, FUTEX_WAKE_PRIVATE, 1 <unfinished ...>
830   <... openat resumed>)             = -1 ENOENT (No such file or directory)
834   <... futex resumed>)              = 1
833   <... futex resumed>)              = 0
834   epoll_wait(31,  <unfinished ...>
830   getpid( <unfinished ...>
834   <... epoll_wait resumed>[{events=EPOLLIN, data={u32=34, u64=34}}], 1024, -1) = 1
833   futex(0x55903ff84da0, FUTEX_WAKE_PRIVATE, 1 <unfinished ...>
834   read(34,  <unfinished ...>
830   <... getpid resumed>)             = 827
834   <... read resumed>"\1\0\0\0\0\0\0\0", 1024) = 8
833   <... futex resumed>)              = 1
832   <... futex resumed>)              = 0
834   write(34, "\1\0\0\0\0\0\0\0", 8 <unfinished ...>
833   epoll_wait(27,  <unfinished ...>
830   socket(AF_UNIX, SOCK_DGRAM|SOCK_CLOEXEC, 0 <unfinished ...>
834   <... write resumed>)              = 8
833   <... epoll_wait resumed>[{events=EPOLLIN, data={u32=30, u64=30}}], 1024, -1) = 1
832   futex(0x55903ff84da0, FUTEX_WAKE_PRIVATE, 1 <unfinished ...>
834   epoll_wait(31,  <unfinished ...>
833   read(30,  <unfinished ...>
830   <... socket resumed>)             = 96
834   <... epoll_wait resumed>[{events=EPOLLIN, data={u32=34, u64=34}}], 1024, -1) = 1
833   <... read resumed>"\1\0\0\0\0\0\0\0", 1024) = 8
832   <... futex resumed>)              = 1
831   <... futex resumed>)              = 0
834   read(34,  <unfinished ...>
833   write(30, "\1\0\0\0\0\0\0\0", 8 <unfinished ...>
832   epoll_wait(23,  <unfinished ...>
830   connect(96, {sa_family=AF_UNIX, sun_path="/dev/log"}, 110 <unfinished ...>
834   <... read resumed>"\1\0\0\0\0\0\0\0", 1024) = 8
833   <... write resumed>)              = 8
832   <... epoll_wait resumed>[{events=EPOLLIN, data={u32=26, u64=26}}], 1024, -1) = 1
831   futex(0x55903ff84da0, FUTEX_WAKE_PRIVATE, 1 <unfinished ...>
834   write(34, "\1\0\0\0\0\0\0\0", 8 <unfinished ...>
833   epoll_wait(27,  <unfinished ...>
832   read(26,  <unfinished ...>
830   <... connect resumed>)            = -1 ENOENT (No such file or directory)
834   <... write resumed>)              = 8
833   <... epoll_wait resumed>[{events=EPOLLIN, data={u32=30, u64=30}}], 1024, -1) = 1
832   <... read resumed>"\1\0\0\0\0\0\0\0", 1024) = 8
831   <... futex resumed>)              = 1
829   <... futex resumed>)              = 0
834   epoll_wait(31,  <unfinished ...>
833   read(30,  <unfinished ...>
832   write(26, "\1\0\0\0\0\0\0\0", 8 <unfinished ...>
831   write(22, "\1\0\0\0\0\0\0\0", 8 <unfinished ...>
830   close(96 <unfinished ...>
834   <... epoll_wait resumed>[{events=EPOLLIN, data={u32=34, u64=34}}], 1024, -1) = 1
833   <... read resumed>"\1\0\0\0\0\0\0\0", 1024) = 8
832   <... write resumed>)              = 8
831   <... write resumed>)              = 8
829   futex(0x55903ff84da0, FUTEX_WAKE_PRIVATE, 1 <unfinished ...>
834   read(34,  <unfinished ...>
833   write(30, "\1\0\0\0\0\0\0\0", 8 <unfinished ...>
832   epoll_wait(23,  <unfinished ...>
831   epoll_wait(19,  <unfinished ...>
830   <... close resumed>)              = 0
835   <... futex resumed>)              = 0
834   <... read resumed>"\1\0\0\0\0\0\0\0", 1024) = 8
833   <... write resumed>)              = 8
832   <... epoll_wait resumed>[{events=EPOLLIN, data={u32=26, u64=26}}], 1024, -1) = 1
831   <... epoll_wait resumed>[{events=EPOLLIN, data={u32=22, u64=22}}], 1024, -1) = 1
829   <... futex resumed>)              = 1
835   futex(0x55903ff84da0, FUTEX_WAKE_PRIVATE, 1 <unfinished ...>
834   epoll_wait(31,  <unfinished ...>
833   epoll_wait(27,  <unfinished ...>
832   read(26,  <unfinished ...>
831   read(22,  <unfinished ...>
830   epoll_wait(15,  <unfinished ...>
835   <... futex resumed>)              = 1
833   <... epoll_wait resumed>[{events=EPOLLIN, data={u32=30, u64=30}}], 1024, -1) = 1
832   <... read resumed>"\1\0\0\0\0\0\0\0", 1024) = 8
831   <... read resumed>"\1\0\0\0\0\0\0\0", 1024) = 8
829   write(14, "\1\0\0\0\0\0\0\0", 8 <unfinished ...>
828   <... futex resumed>)              = 0
835   epoll_wait(35,  <unfinished ...>
833   read(30,  <unfinished ...>
832   write(26, "\1\0\0\0\0\0\0\0", 8 <unfinished ...>
831   write(22, "\1\0\0\0\0\0\0\0", 8 <unfinished ...>
830   <... epoll_wait resumed>[{events=EPOLLIN, data={u32=18, u64=18}}], 1024, -1) = 1
829   <... write resumed>)              = 8
835   <... epoll_wait resumed>[{events=EPOLLIN, data={u32=38, u64=38}}], 1024, -1) = 1
833   <... read resumed>"\1\0\0\0\0\0\0\0", 1024) = 8
832   <... write resumed>)              = 8
831   <... write resumed>)              = 8
830   read(18,  <unfinished ...>
828   futex(0x55903ff84da0, FUTEX_WAKE_PRIVATE, 1 <unfinished ...>
835   read(38,  <unfinished ...>
833   epoll_wait(27,  <unfinished ...>
832   epoll_wait(23,  <unfinished ...>
831   epoll_wait(19,  <unfinished ...>
830   <... read resumed>"\1\0\0\0\0\0\0\0", 1024) = 8
829   epoll_wait(11,  <unfinished ...>
836   <... futex resumed>)              = 0
835   <... read resumed>"\1\0\0\0\0\0\0\0", 1024) = 8
832   <... epoll_wait resumed>[{events=EPOLLIN, data={u32=26, u64=26}}], 1024, -1) = 1
831   <... epoll_wait resumed>[{events=EPOLLIN, data={u32=22, u64=22}}], 1024, -1) = 1
830   write(18, "\1\0\0\0\0\0\0\0", 8 <unfinished ...>
828   <... futex resumed>)              = 1
836   write(30, "\1\0\0\0\0\0\0\0", 8 <unfinished ...>
835   futex(0x55903ff84da0, FUTEX_WAIT_PRIVATE, 2, NULL <unfinished ...>
832   read(26,  <unfinished ...>
831   read(22,  <unfinished ...>
830   <... write resumed>)              = 8
829   <... epoll_wait resumed>[{events=EPOLLIN, data={u32=14, u64=14}}], 1024, -1) = 1
836   <... write resumed>)              = 8
833   <... epoll_wait resumed>[{events=EPOLLIN, data={u32=30, u64=30}}], 1024, -1) = 1
832   <... read resumed>"\1\0\0\0\0\0\0\0", 1024) = 8
831   <... read resumed>"\1\0\0\0\0\0\0\0", 1024) = 8
830   futex(0x55903ff84da0, FUTEX_WAIT_PRIVATE, 2, NULL <unfinished ...>
828   epoll_ctl(4, EPOLL_CTL_ADD, 48, {events=EPOLLIN, data={u32=48, u64=48}} <unfinished ...>
836   write(34, "\1\0\0\0\0\0\0\0", 8 <unfinished ...>
833   read(30,  <unfinished ...>
832   futex(0x55903ff84da0, FUTEX_WAIT_PRIVATE, 2, NULL <unfinished ...>
831   futex(0x55903ff84da0, FUTEX_WAIT_PRIVATE, 2, NULL <unfinished ...>
829   read(14,  <unfinished ...>
836   <... write resumed>)              = 8
834   <... epoll_wait resumed>[{events=EPOLLIN, data={u32=34, u64=34}}], 1024, -1) = 1
833   <... read resumed>"\1\0\0\0\0\0\0\0", 1024) = 8
828   <... epoll_ctl resumed>)          = 0
836   write(38, "\1\0\0\0\0\0\0\0", 8 <unfinished ...>
834   read(34,  <unfinished ...>
833   futex(0x55903ff84da0, FUTEX_WAIT_PRIVATE, 2, NULL <unfinished ...>
829   <... read resumed>"\1\0\0\0\0\0\0\0", 1024) = 8
836   <... write resumed>)              = 8
834   <... read resumed>"\1\0\0\0\0\0\0\0", 1024) = 8
828   epoll_ctl(4, EPOLL_CTL_ADD, 63, {events=EPOLLIN, data={u32=63, u64=63}} <unfinished ...>
836   write(26, "\1\0\0\0\0\0\0\0", 8 <unfinished ...>
834   futex(0x55903ff84da0, FUTEX_WAIT_PRIVATE, 2, NULL <unfinished ...>
829   futex(0x55903ff84da0, FUTEX_WAIT_PRIVATE, 2, NULL <unfinished ...>
836   <... write resumed>)              = 8
828   <... epoll_ctl resumed>)          = 0
836   futex(0x55903ff84da0, FUTEX_WAKE_PRIVATE, 1 <unfinished ...>
828   epoll_ctl(4, EPOLL_CTL_ADD, 72, {events=EPOLLIN, data={u32=72, u64=72}} <unfinished ...>
836   <... futex resumed>)              = 1
835   <... futex resumed>)              = 0
836   futex(0x55903ff84e18, FUTEX_WAIT_BITSET_PRIVATE|FUTEX_CLOCK_REALTIME, 0, {tv_sec=1658092445, tv_nsec=611164727}, FUTEX_BITSET_MATCH_ANY <unfinished ...>
828   <... epoll_ctl resumed>)          = 0
836   <... futex resumed>)              = -1 EAGAIN (Resource temporarily unavailable)
835   futex(0x55903ff84e18, FUTEX_WAKE_PRIVATE, 1 <unfinished ...>
836   futex(0x55903ff84da0, FUTEX_WAIT_PRIVATE, 2, NULL <unfinished ...>
828   epoll_ctl(4, EPOLL_CTL_ADD, 80, {events=EPOLLIN, data={u32=80, u64=80}} <unfinished ...>
835   <... futex resumed>)              = 0
828   <... epoll_ctl resumed>)          = 0
835   futex(0x55903ff84da0, FUTEX_WAKE_PRIVATE, 1 <unfinished ...>
828   epoll_ctl(4, EPOLL_CTL_ADD, 87, {events=EPOLLIN, data={u32=87, u64=87}} <unfinished ...>
835   <... futex resumed>)              = 1
830   <... futex resumed>)              = 0
835   epoll_wait(35,  <unfinished ...>
828   <... epoll_ctl resumed>)          = 0
835   <... epoll_wait resumed>[{events=EPOLLIN, data={u32=38, u64=38}}], 1024, -1) = 1
830   futex(0x55903ff84da0, FUTEX_WAKE_PRIVATE, 1 <unfinished ...>
835   read(38,  <unfinished ...>
828   epoll_ctl(4, EPOLL_CTL_ADD, 95, {events=EPOLLIN, data={u32=95, u64=95}} <unfinished ...>
835   <... read resumed>"\1\0\0\0\0\0\0\0", 1024) = 8
832   <... futex resumed>)              = 0
830   <... futex resumed>)              = 1
835   write(38, "\1\0\0\0\0\0\0\0", 8 <unfinished ...>
832   futex(0x55903ff84da0, FUTEX_WAKE_PRIVATE, 1 <unfinished ...>
828   <... epoll_ctl resumed>)          = 0
835   <... write resumed>)              = 8
832   <... futex resumed>)              = 1
831   <... futex resumed>)              = 0
830   epoll_wait(15,  <unfinished ...>
835   epoll_wait(35,  <unfinished ...>
832   epoll_wait(23,  <unfinished ...>
831   futex(0x55903ff84da0, FUTEX_WAKE_PRIVATE, 1 <unfinished ...>
828   epoll_ctl(4, EPOLL_CTL_ADD, 39, {events=EPOLLIN, data={u32=39, u64=39}} <unfinished ...>
835   <... epoll_wait resumed>[{events=EPOLLIN, data={u32=38, u64=38}}], 1024, -1) = 1
833   <... futex resumed>)              = 0
832   <... epoll_wait resumed>[{events=EPOLLIN, data={u32=26, u64=26}}], 1024, -1) = 1
831   <... futex resumed>)              = 1
830   <... epoll_wait resumed>[{events=EPOLLIN, data={u32=18, u64=18}}], 1024, -1) = 1
835   read(38,  <unfinished ...>
833   futex(0x55903ff84da0, FUTEX_WAKE_PRIVATE, 1 <unfinished ...>
832   read(26,  <unfinished ...>
831   write(22, "\1\0\0\0\0\0\0\0", 8 <unfinished ...>
828   <... epoll_ctl resumed>)          = 0
835   <... read resumed>"\1\0\0\0\0\0\0\0", 1024) = 8
834   <... futex resumed>)              = 0
833   <... futex resumed>)              = 1
832   <... read resumed>"\1\0\0\0\0\0\0\0", 1024) = 8
831   <... write resumed>)              = 8
830   read(18,  <unfinished ...>
835   write(38, "\1\0\0\0\0\0\0\0", 8 <unfinished ...>
834   futex(0x55903ff84da0, FUTEX_WAKE_PRIVATE, 1 <unfinished ...>
833   write(30, "\1\0\0\0\0\0\0\0", 8 <unfinished ...>
832   write(26, "\1\0\0\0\0\0\0\0", 8 <unfinished ...>
831   epoll_wait(19,  <unfinished ...>
828   epoll_wait(4,  <unfinished ...>
835   <... write resumed>)              = 8
834   <... futex resumed>)              = 1
833   <... write resumed>)              = 8
832   <... write resumed>)              = 8
831   <... epoll_wait resumed>[{events=EPOLLIN, data={u32=22, u64=22}}], 1024, -1) = 1
830   <... read resumed>"\1\0\0\0\0\0\0\0", 1024) = 8
829   <... futex resumed>)              = 0
835   epoll_wait(35,  <unfinished ...>
834   write(34, "\1\0\0\0\0\0\0\0", 8 <unfinished ...>
833   epoll_wait(27,  <unfinished ...>
832   epoll_wait(23,  <unfinished ...>
831   read(22,  <unfinished ...>
830   write(18, "\1\0\0\0\0\0\0\0", 8 <unfinished ...>
828   <... epoll_wait resumed>[{events=EPOLLIN, data={u32=10, u64=10}}], 1024, -1) = 1
835   <... epoll_wait resumed>[{events=EPOLLIN, data={u32=38, u64=38}}], 1024, -1) = 1
834   <... write resumed>)              = 8
833   <... epoll_wait resumed>[{events=EPOLLIN, data={u32=30, u64=30}}], 1024, -1) = 1
832   <... epoll_wait resumed>[{events=EPOLLIN, data={u32=26, u64=26}}], 1024, -1) = 1
831   <... read resumed>"\1\0\0\0\0\0\0\0", 1024) = 8
830   <... write resumed>)              = 8
829   futex(0x55903ff84da0, FUTEX_WAKE_PRIVATE, 1 <unfinished ...>
835   read(38,  <unfinished ...>
834   epoll_wait(31,  <unfinished ...>
833   read(30,  <unfinished ...>
832   read(26,  <unfinished ...>
831   write(22, "\1\0\0\0\0\0\0\0", 8 <unfinished ...>
830   epoll_wait(15,  <unfinished ...>
828   read(10,  <unfinished ...>
836   <... futex resumed>)              = 0
835   <... read resumed>"\1\0\0\0\0\0\0\0", 1024) = 8
834   <... epoll_wait resumed>[{events=EPOLLIN, data={u32=34, u64=34}}], 1024, -1) = 1
833   <... read resumed>"\1\0\0\0\0\0\0\0", 1024) = 8
832   <... read resumed>"\1\0\0\0\0\0\0\0", 1024) = 8
831   <... write resumed>)              = 8
830   <... epoll_wait resumed>[{events=EPOLLIN, data={u32=18, u64=18}}], 1024, -1) = 1
829   <... futex resumed>)              = 1
836   futex(0x55903ff8c480, FUTEX_WAIT_PRIVATE, 2, NULL <unfinished ...>
835   futex(0x55903ff84da0, FUTEX_WAIT_PRIVATE, 2, NULL <unfinished ...>
834   read(34,  <unfinished ...>
833   epoll_wait(27,  <unfinished ...>
832   futex(0x55903ff84da0, FUTEX_WAIT_PRIVATE, 2, NULL <unfinished ...>
831   futex(0x55903ff8c480, FUTEX_WAKE_PRIVATE, 1 <unfinished ...>
830   read(18,  <unfinished ...>
828   <... read resumed>"\1\0\0\0\0\0\0\0", 1024) = 8
836   <... futex resumed>)              = -1 EAGAIN (Resource temporarily unavailable)
834   <... read resumed>"\1\0\0\0\0\0\0\0", 1024) = 8
831   <... futex resumed>)              = 0
830   <... read resumed>"\1\0\0\0\0\0\0\0", 1024) = 8
829   futex(0x55903ff84da0, FUTEX_WAIT_PRIVATE, 2, NULL <unfinished ...>
836   futex(0x55903ff8c480, FUTEX_WAKE_PRIVATE, 1 <unfinished ...>
834   futex(0x55903ff84da0, FUTEX_WAIT_PRIVATE, 2, NULL <unfinished ...>
831   futex(0x55903ff84da0, FUTEX_WAIT_PRIVATE, 2, NULL <unfinished ...>
830   epoll_wait(15,  <unfinished ...>
828   futex(0x55903ff84da0, FUTEX_WAIT_PRIVATE, 2, NULL <unfinished ...>
836   <... futex resumed>)              = 0
836   write(30, "\1\0\0\0\0\0\0\0", 8)  = 8
833   <... epoll_wait resumed>[{events=EPOLLIN, data={u32=30, u64=30}}], 1024, -1) = 1
836   write(38, "\1\0\0\0\0\0\0\0", 8 <unfinished ...>
833   read(30,  <unfinished ...>
836   <... write resumed>)              = 8
833   <... read resumed>"\1\0\0\0\0\0\0\0", 1024) = 8
836   write(18, "\1\0\0\0\0\0\0\0", 8 <unfinished ...>
833   futex(0x55903ff84da0, FUTEX_WAIT_PRIVATE, 2, NULL <unfinished ...>
836   <... write resumed>)              = 8
830   <... epoll_wait resumed>[{events=EPOLLIN, data={u32=18, u64=18}}], 1024, -1) = 1
836   futex(0x55903ff84da0, FUTEX_WAKE_PRIVATE, 1 <unfinished ...>
830   read(18,  <unfinished ...>
836   <... futex resumed>)              = 1
835   <... futex resumed>)              = 0
836   futex(0x55903ff84e1c, FUTEX_WAIT_BITSET_PRIVATE|FUTEX_CLOCK_REALTIME, 0, {tv_sec=1658092445, tv_nsec=611164727}, FUTEX_BITSET_MATCH_ANY <unfinished ...>
830   <... read resumed>"\1\0\0\0\0\0\0\0", 1024) = 8
836   <... futex resumed>)              = -1 EAGAIN (Resource temporarily unavailable)
835   futex(0x55903ff84e1c, FUTEX_WAKE_PRIVATE, 1 <unfinished ...>
836   futex(0x55903ff84da0, FUTEX_WAIT_PRIVATE, 2, NULL <unfinished ...>
830   futex(0x55903ff84da0, FUTEX_WAIT_PRIVATE, 2, NULL <unfinished ...>
835   <... futex resumed>)              = 0
835   futex(0x55903ff84da0, FUTEX_WAKE_PRIVATE, 1) = 1
832   <... futex resumed>)              = 0
835   epoll_wait(35,  <unfinished ...>
832   futex(0x55903ff84da0, FUTEX_WAKE_PRIVATE, 1 <unfinished ...>
835   <... epoll_wait resumed>[{events=EPOLLIN, data={u32=38, u64=38}}], 1024, -1) = 1
832   <... futex resumed>)              = 1
829   <... futex resumed>)              = 0
835   read(38,  <unfinished ...>
832   write(26, "\1\0\0\0\0\0\0\0", 8 <unfinished ...>
835   <... read resumed>"\1\0\0\0\0\0\0\0", 1024) = 8
829   futex(0x55903ff8c540, FUTEX_WAIT_PRIVATE, 2, NULL <unfinished ...>
835   futex(0x55903ff84da0, FUTEX_WAIT_PRIVATE, 2, NULL <unfinished ...>
832   <... write resumed>)              = 8
832   futex(0x55903ff8c540, FUTEX_WAKE_PRIVATE, 1) = 1
829   <... futex resumed>)              = 0
832   futex(0x55903ff84da0, FUTEX_WAIT_PRIVATE, 2, NULL <unfinished ...>
829   futex(0x55903ff8c540, FUTEX_WAKE_PRIVATE, 1) = 0
829   futex(0x55903ff84da0, FUTEX_WAKE_PRIVATE, 1 <unfinished ...>
834   <... futex resumed>)              = 0
829   <... futex resumed>)              = 1
834   futex(0x55903ff84da0, FUTEX_WAKE_PRIVATE, 1 <unfinished ...>
829   write(14, "\1\0\0\0\0\0\0\0", 8 <unfinished ...>
834   <... futex resumed>)              = 1
831   <... futex resumed>)              = 0
834   write(34, "\1\0\0\0\0\0\0\0", 8 <unfinished ...>
829   <... write resumed>)              = 8
834   <... write resumed>)              = 8
831   futex(0x55903ff84da0, FUTEX_WAKE_PRIVATE, 1 <unfinished ...>
834   futex(0x55903ff8c6c0, FUTEX_WAKE_PRIVATE, 1 <unfinished ...>
829   futex(0x55903ff8c6c0, FUTEX_WAIT_PRIVATE, 2, NULL <unfinished ...>
834   <... futex resumed>)              = 0
831   <... futex resumed>)              = 1
828   <... futex resumed>)              = 0
834   futex(0x55903ff84da0, FUTEX_WAIT_PRIVATE, 2, NULL <unfinished ...>
831   futex(0x55903ff84da0, FUTEX_WAIT_PRIVATE, 2, NULL <unfinished ...>
829   <... futex resumed>)              = -1 EAGAIN (Resource temporarily unavailable)
828   futex(0x55903ff84da0, FUTEX_WAIT_PRIVATE, 2, NULL <unfinished ...>
829   futex(0x55903ff8c6c0, FUTEX_WAKE_PRIVATE, 1) = 0
829   futex(0x55903ff84da0, FUTEX_WAKE_PRIVATE, 1 <unfinished ...>
833   <... futex resumed>)              = 0
829   <... futex resumed>)              = 1
833   futex(0x55903ff84da0, FUTEX_WAKE_PRIVATE, 1 <unfinished ...>
829   epoll_wait(11,  <unfinished ...>
836   <... futex resumed>)              = 0
833   <... futex resumed>)              = 1
836   futex(0x55903ff84da0, FUTEX_WAKE_PRIVATE, 1 <unfinished ...>
829   <... epoll_wait resumed>[{events=EPOLLIN, data={u32=14, u64=14}}], 1024, -1) = 1
836   <... futex resumed>)              = 1
833   write(30, "\1\0\0\0\0\0\0\0", 8 <unfinished ...>
830   <... futex resumed>)              = 0
836   futex(0x55903ff84e18, FUTEX_WAIT_BITSET_PRIVATE|FUTEX_CLOCK_REALTIME, 0, {tv_sec=1658092445, tv_nsec=611164727}, FUTEX_BITSET_MATCH_ANY <unfinished ...>
833   <... write resumed>)              = 8
829   read(14,  <unfinished ...>
833   epoll_wait(27,  <unfinished ...>
830   futex(0x55903ff84da0, FUTEX_WAKE_PRIVATE, 1 <unfinished ...>
833   <... epoll_wait resumed>[{events=EPOLLIN, data={u32=30, u64=30}}], 1024, -1) = 1
829   <... read resumed>"\1\0\0\0\0\0\0\0", 1024) = 8
835   <... futex resumed>)              = 0
833   read(30,  <unfinished ...>
830   <... futex resumed>)              = 1
835   futex(0x55903ff84da0, FUTEX_WAIT_PRIVATE, 2, NULL <unfinished ...>
833   <... read resumed>"\1\0\0\0\0\0\0\0", 1024) = 8
829   futex(0x55903ff84e18, FUTEX_WAKE_PRIVATE, 1 <unfinished ...>
833   epoll_wait(27,  <unfinished ...>
830   futex(0x55903ff84da0, FUTEX_WAIT_PRIVATE, 2, NULL <unfinished ...>
836   <... futex resumed>)              = 0
829   <... futex resumed>)              = 1
836   futex(0x55903ff84da0, FUTEX_WAIT_PRIVATE, 2, NULL <unfinished ...>
829   futex(0x55903ff84da0, FUTEX_WAKE_PRIVATE, 1 <unfinished ...>
836   <... futex resumed>)              = -1 EAGAIN (Resource temporarily unavailable)
832   <... futex resumed>)              = 0
829   <... futex resumed>)              = 1
836   futex(0x55903ff84da0, FUTEX_WAKE_PRIVATE, 1 <unfinished ...>
832   futex(0x55903ff84da0, FUTEX_WAKE_PRIVATE, 1 <unfinished ...>
836   <... futex resumed>)              = 1
834   <... futex resumed>)              = 0
829   futex(0x55903ff84e1c, FUTEX_WAKE_PRIVATE, 1 <unfinished ...>
836   futex(0x55903ff84da0, FUTEX_WAIT_PRIVATE, 2, NULL <unfinished ...>
834   futex(0x55903ff84da0, FUTEX_WAIT_PRIVATE, 2, NULL <unfinished ...>
832   <... futex resumed>)              = 1
831   <... futex resumed>)              = 0
832   futex(0x55903ff84da0, FUTEX_WAIT_PRIVATE, 2, NULL <unfinished ...>
829   <... futex resumed>)              = 0
831   futex(0x55903ff84da0, FUTEX_WAIT_PRIVATE, 2, NULL <unfinished ...>
829   futex(0x55903ff84da0, FUTEX_WAKE_PRIVATE, 1 <unfinished ...>
831   <... futex resumed>)              = -1 EAGAIN (Resource temporarily unavailable)
829   <... futex resumed>)              = 1
828   <... futex resumed>)              = 0
831   futex(0x55903ff84da0, FUTEX_WAKE_PRIVATE, 1 <unfinished ...>
829   write(14, "\1\0\0\0\0\0\0\0", 8 <unfinished ...>
835   <... futex resumed>)              = 0
831   <... futex resumed>)              = 1
828   futex(0x55903ff84da0, FUTEX_WAKE_PRIVATE, 1 <unfinished ...>
835   futex(0x55903ff84da0, FUTEX_WAKE_PRIVATE, 1 <unfinished ...>
831   epoll_wait(19,  <unfinished ...>
829   <... write resumed>)              = 8
836   <... futex resumed>)              = 0
835   <... futex resumed>)              = 1
831   <... epoll_wait resumed>[{events=EPOLLIN, data={u32=22, u64=22}}], 1024, -1) = 1
830   <... futex resumed>)              = 0
828   <... futex resumed>)              = 1
836   write(38, "\1\0\0\0\0\0\0\0", 8 <unfinished ...>
835   futex(0x55903ff84da0, FUTEX_WAIT_PRIVATE, 2, NULL <unfinished ...>
831   read(22,  <unfinished ...>
830   futex(0x55903ff84da0, FUTEX_WAIT_PRIVATE, 2, NULL <unfinished ...>
829   newfstatat(AT_FDCWD, "/etc/bind/db.local",  <unfinished ...>
836   <... write resumed>)              = 8
831   <... read resumed>"\1\0\0\0\0\0\0\0", 1024) = 8
828   futex(0x55903ff84da0, FUTEX_WAIT_PRIVATE, 2, NULL <unfinished ...>
836   futex(0x55903ff84da0, FUTEX_WAKE_PRIVATE, 1 <unfinished ...>
831   write(22, "\1\0\0\0\0\0\0\0", 8 <unfinished ...>
829   <... newfstatat resumed>{st_mode=S_IFREG|0644, st_size=270, ...}, 0) = 0
836   <... futex resumed>)              = 1
834   <... futex resumed>)              = 0
831   <... write resumed>)              = 8
828   <... futex resumed>)              = -1 EAGAIN (Resource temporarily unavailable)
836   futex(0x55903ff84e18, FUTEX_WAIT_BITSET_PRIVATE|FUTEX_CLOCK_REALTIME, 0, {tv_sec=1658092445, tv_nsec=611164727}, FUTEX_BITSET_MATCH_ANY <unfinished ...>
834   futex(0x55903ff84da0, FUTEX_WAKE_PRIVATE, 1 <unfinished ...>
831   epoll_wait(19,  <unfinished ...>
829   openat(AT_FDCWD, "/etc/bind/db.local", O_RDONLY <unfinished ...>
836   <... futex resumed>)              = -1 EAGAIN (Resource temporarily unavailable)
834   <... futex resumed>)              = 1
832   <... futex resumed>)              = 0
831   <... epoll_wait resumed>[{events=EPOLLIN, data={u32=22, u64=22}}], 1024, -1) = 1
828   futex(0x55903ff84e18, FUTEX_WAKE_PRIVATE, 1 <unfinished ...>
836   futex(0x55903ff84da0, FUTEX_WAIT_PRIVATE, 2, NULL <unfinished ...>
834   futex(0x55903ff84da0, FUTEX_WAIT_PRIVATE, 2, NULL <unfinished ...>
832   futex(0x55903ff84da0, FUTEX_WAIT_PRIVATE, 2, NULL <unfinished ...>
831   read(22,  <unfinished ...>
829   <... openat resumed>)             = 96
831   <... read resumed>"\1\0\0\0\0\0\0\0", 1024) = 8
828   <... futex resumed>)              = 0
831   epoll_wait(19,  <unfinished ...>
829   mprotect(0x7f4e78021000, 32768, PROT_READ|PROT_WRITE <unfinished ...>
828   futex(0x55903ff84da0, FUTEX_WAKE_PRIVATE, 1 <unfinished ...>
829   <... mprotect resumed>)           = 0
835   <... futex resumed>)              = 0
828   <... futex resumed>)              = 1
835   futex(0x55903ff84da0, FUTEX_WAKE_PRIVATE, 1 <unfinished ...>
829   newfstatat(96, "",  <unfinished ...>
835   <... futex resumed>)              = 1
830   <... futex resumed>)              = 0
828   write(10, "\1\0\0\0\0\0\0\0", 8 <unfinished ...>
835   epoll_wait(35,  <unfinished ...>
830   futex(0x55903ff84da0, FUTEX_WAKE_PRIVATE, 1 <unfinished ...>
829   <... newfstatat resumed>{st_mode=S_IFREG|0644, st_size=270, ...}, AT_EMPTY_PATH) = 0
836   <... futex resumed>)              = 0
835   <... epoll_wait resumed>[{events=EPOLLIN, data={u32=38, u64=38}}], 1024, -1) = 1
830   <... futex resumed>)              = 1
828   <... write resumed>)              = 8
836   write(30, "\1\0\0\0\0\0\0\0", 8 <unfinished ...>
835   read(38,  <unfinished ...>
830   write(18, "\1\0\0\0\0\0\0\0", 8 <unfinished ...>
829   mprotect(0x7f4e78029000, 4096, PROT_READ|PROT_WRITE <unfinished ...>
836   <... write resumed>)              = 8
835   <... read resumed>"\1\0\0\0\0\0\0\0", 1024) = 8
833   <... epoll_wait resumed>[{events=EPOLLIN, data={u32=30, u64=30}}], 1024, -1) = 1
830   <... write resumed>)              = 8
828   futex(0x55903ff84da0, FUTEX_WAIT_PRIVATE, 2, NULL <unfinished ...>
836   write(22, "\1\0\0\0\0\0\0\0", 8 <unfinished ...>
835   epoll_wait(35,  <unfinished ...>
833   read(30,  <unfinished ...>
830   epoll_wait(15,  <unfinished ...>
829   <... mprotect resumed>)           = 0
836   <... write resumed>)              = 8
833   <... read resumed>"\1\0\0\0\0\0\0\0", 1024) = 8
831   <... epoll_wait resumed>[{events=EPOLLIN, data={u32=22, u64=22}}], 1024, -1) = 1
830   <... epoll_wait resumed>[{events=EPOLLIN, data={u32=18, u64=18}}], 1024, -1) = 1
836   futex(0x55903ff84da0, FUTEX_WAKE_PRIVATE, 1 <unfinished ...>
833   write(30, "\1\0\0\0\0\0\0\0", 8 <unfinished ...>
831   read(22,  <unfinished ...>
829   read(96,  <unfinished ...>
836   <... futex resumed>)              = 1
834   <... futex resumed>)              = 0
833   <... write resumed>)              = 8
831   <... read resumed>"\1\0\0\0\0\0\0\0", 1024) = 8
830   read(18,  <unfinished ...>
836   futex(0x55903ff84e1c, FUTEX_WAIT_BITSET_PRIVATE|FUTEX_CLOCK_REALTIME, 0, {tv_sec=1658092445, tv_nsec=611164727}, FUTEX_BITSET_MATCH_ANY <unfinished ...>
834   futex(0x55903ff84da0, FUTEX_WAKE_PRIVATE, 1 <unfinished ...>
833   epoll_wait(27,  <unfinished ...>
831   write(22, "\1\0\0\0\0\0\0\0", 8 <unfinished ...>
829   <... read resumed>";\n; BIND data file for local loopback interface\n;\n$TTL\t604800\n@\tIN\tSOA\tlocalhost. root.localhost. (\n\t\t\t      2\t\t; Serial\n\t\t\t 604"..., 4096) = 270
834   <... futex resumed>)              = 1
833   <... epoll_wait resumed>[{events=EPOLLIN, data={u32=30, u64=30}}], 1024, -1) = 1
832   <... futex resumed>)              = 0
831   <... write resumed>)              = 8
830   <... read resumed>"\1\0\0\0\0\0\0\0", 1024) = 8
834   epoll_wait(31,  <unfinished ...>
833   read(30,  <unfinished ...>
832   futex(0x55903ff84da0, FUTEX_WAKE_PRIVATE, 1 <unfinished ...>
831   epoll_wait(19,  <unfinished ...>
829   mprotect(0x7f4e7802a000, 20480, PROT_READ|PROT_WRITE <unfinished ...>
834   <... epoll_wait resumed>[{events=EPOLLIN, data={u32=34, u64=34}}], 1024, -1) = 1
833   <... read resumed>"\1\0\0\0\0\0\0\0", 1024) = 8
832   <... futex resumed>)              = 1
831   <... epoll_wait resumed>[{events=EPOLLIN, data={u32=22, u64=22}}], 1024, -1) = 1
830   epoll_wait(15,  <unfinished ...>
828   <... futex resumed>)              = 0
834   read(34,  <unfinished ...>
833   epoll_wait(27,  <unfinished ...>
832   epoll_wait(23,  <unfinished ...>
831   read(22,  <unfinished ...>
829   <... mprotect resumed>)           = 0
834   <... read resumed>"\1\0\0\0\0\0\0\0", 1024) = 8
832   <... epoll_wait resumed>[{events=EPOLLIN, data={u32=26, u64=26}}], 1024, -1) = 1
831   <... read resumed>"\1\0\0\0\0\0\0\0", 1024) = 8
828   futex(0x55903ff84e1c, FUTEX_WAKE_PRIVATE, 1 <unfinished ...>
834   futex(0x55903ff84da0, FUTEX_WAIT_PRIVATE, 2, NULL <unfinished ...>
832   read(26,  <unfinished ...>
831   epoll_wait(19,  <unfinished ...>
829   read(96,  <unfinished ...>
836   <... futex resumed>)              = 0
832   <... read resumed>"\1\0\0\0\0\0\0\0", 1024) = 8
828   <... futex resumed>)              = 1
836   futex(0x55903ff84da0, FUTEX_WAIT_PRIVATE, 2, NULL <unfinished ...>
832   futex(0x55903ff84da0, FUTEX_WAIT_PRIVATE, 2, NULL <unfinished ...>
829   <... read resumed>"", 4096)       = 0
836   <... futex resumed>)              = -1 EAGAIN (Resource temporarily unavailable)
832   <... futex resumed>)              = -1 EAGAIN (Resource temporarily unavailable)
828   futex(0x55903ff84da0, FUTEX_WAKE_PRIVATE, 1 <unfinished ...>
836   futex(0x55903ff84da0, FUTEX_WAKE_PRIVATE, 1 <unfinished ...>
832   futex(0x55903ff84da0, FUTEX_WAKE_PRIVATE, 1 <unfinished ...>
829   mprotect(0x7f4e7802f000, 4096, PROT_READ|PROT_WRITE <unfinished ...>
836   <... futex resumed>)              = 0
834   <... futex resumed>)              = 0
832   <... futex resumed>)              = 0
828   <... futex resumed>)              = 1
836   futex(0x55903ff84e18, FUTEX_WAIT_BITSET_PRIVATE|FUTEX_CLOCK_REALTIME, 0, {tv_sec=1658092427, tv_nsec=661164726}, FUTEX_BITSET_MATCH_ANY <unfinished ...>
834   futex(0x55903ff84da0, FUTEX_WAKE_PRIVATE, 1 <unfinished ...>
832   write(26, "\1\0\0\0\0\0\0\0", 8 <unfinished ...>
829   <... mprotect resumed>)           = 0
834   <... futex resumed>)              = 0
832   <... write resumed>)              = 8
828   mprotect(0x7f4e8025c000, 4096, PROT_READ|PROT_WRITE <unfinished ...>
834   write(34, "\1\0\0\0\0\0\0\0", 8 <unfinished ...>
832   epoll_wait(23,  <unfinished ...>
829   close(96 <unfinished ...>
834   <... write resumed>)              = 8
832   <... epoll_wait resumed>[{events=EPOLLIN, data={u32=26, u64=26}}], 1024, -1) = 1
828   <... mprotect resumed>)           = 0
834   futex(0x7f4e80000030, FUTEX_WAIT_PRIVATE, 2, NULL <unfinished ...>
832   read(26,  <unfinished ...>
829   <... close resumed>)              = 0
834   <... futex resumed>)              = -1 EAGAIN (Resource temporarily unavailable)
832   <... read resumed>"\1\0\0\0\0\0\0\0", 1024) = 8
828   futex(0x7f4e80000030, FUTEX_WAKE_PRIVATE, 1 <unfinished ...>
834   futex(0x7f4e80000030, FUTEX_WAKE_PRIVATE, 1 <unfinished ...>
832   epoll_wait(23,  <unfinished ...>
829   openat(AT_FDCWD, "/etc/bind/db.local.jnl", O_RDONLY <unfinished ...>
834   <... futex resumed>)              = 0
828   <... futex resumed>)              = 0
834   epoll_wait(31,  <unfinished ...>
829   <... openat resumed>)             = -1 ENOENT (No such file or directory)
834   <... epoll_wait resumed>[{events=EPOLLIN, data={u32=34, u64=34}}], 1024, -1) = 1
828   mprotect(0x7f4e8025d000, 4096, PROT_READ|PROT_WRITE <unfinished ...>
834   read(34,  <unfinished ...>
829   openat(AT_FDCWD, "/etc/bind/db.local.jbk", O_RDONLY <unfinished ...>
834   <... read resumed>"\1\0\0\0\0\0\0\0", 1024) = 8
828   <... mprotect resumed>)           = 0
834   epoll_wait(31,  <unfinished ...>
829   <... openat resumed>)             = -1 ENOENT (No such file or directory)
828   mprotect(0x7f4e8025e000, 4096, PROT_READ|PROT_WRITE <unfinished ...>
829   futex(0x55903ff84e18, FUTEX_WAKE_PRIVATE, 1 <unfinished ...>
828   <... mprotect resumed>)           = 0
836   <... futex resumed>)              = 0
829   <... futex resumed>)              = 1
836   futex(0x55903ff84da0, FUTEX_WAIT_PRIVATE, 2, NULL <unfinished ...>
828   mprotect(0x7f4e8025f000, 4096, PROT_READ|PROT_WRITE <unfinished ...>
836   <... futex resumed>)              = -1 EAGAIN (Resource temporarily unavailable)
829   futex(0x55903ff84da0, FUTEX_WAKE_PRIVATE, 1 <unfinished ...>
836   write(22, "\1\0\0\0\0\0\0\0", 8 <unfinished ...>
828   <... mprotect resumed>)           = 0
836   <... write resumed>)              = 8
831   <... epoll_wait resumed>[{events=EPOLLIN, data={u32=22, u64=22}}], 1024, -1) = 1
829   <... futex resumed>)              = 0
836   futex(0x55903ff84da0, FUTEX_WAKE_PRIVATE, 1 <unfinished ...>
831   read(22,  <unfinished ...>
828   mprotect(0x7f4e80260000, 4096, PROT_READ|PROT_WRITE <unfinished ...>
836   <... futex resumed>)              = 0
831   <... read resumed>"\1\0\0\0\0\0\0\0", 1024) = 8
829   getpid( <unfinished ...>
836   futex(0x55903ff84e1c, FUTEX_WAIT_BITSET_PRIVATE|FUTEX_CLOCK_REALTIME, 0, {tv_sec=1658092427, tv_nsec=661164726}, FUTEX_BITSET_MATCH_ANY <unfinished ...>
831   futex(0x7f4e800dffd8, FUTEX_WAIT_PRIVATE, 2, NULL <unfinished ...>
828   <... mprotect resumed>)           = 0
829   <... getpid resumed>)             = 827
828   mprotect(0x7f4e80261000, 4096, PROT_READ|PROT_WRITE <unfinished ...>
829   socket(AF_UNIX, SOCK_DGRAM|SOCK_CLOEXEC, 0 <unfinished ...>
828   <... mprotect resumed>)           = 0
829   <... socket resumed>)             = 96
828   mprotect(0x7f4e80262000, 4096, PROT_READ|PROT_WRITE <unfinished ...>
829   connect(96, {sa_family=AF_UNIX, sun_path="/dev/log"}, 110 <unfinished ...>
828   <... mprotect resumed>)           = 0
829   <... connect resumed>)            = -1 ENOENT (No such file or directory)
828   mprotect(0x7f4e80263000, 4096, PROT_READ|PROT_WRITE <unfinished ...>
829   close(96 <unfinished ...>
828   <... mprotect resumed>)           = 0
829   <... close resumed>)              = 0
828   socket(AF_INET6, SOCK_DGRAM, IPPROTO_IP <unfinished ...>
829   futex(0x7f4e800dffd8, FUTEX_WAKE_PRIVATE, 1 <unfinished ...>
828   <... socket resumed>)             = 96
831   <... futex resumed>)              = 0
829   <... futex resumed>)              = 1
831   futex(0x7f4e800dffd8, FUTEX_WAKE_PRIVATE, 1 <unfinished ...>
828   setsockopt(96, SOL_SOCKET, SO_REUSEADDR, [1], 4 <unfinished ...>
831   <... futex resumed>)              = 0
829   uname( <unfinished ...>
831   write(22, "\1\0\0\0\0\0\0\0", 8 <unfinished ...>
828   <... setsockopt resumed>)         = 0
831   <... write resumed>)              = 8
829   <... uname resumed>{sysname="Linux", nodename="06a17953facb", ...}) = 0
831   epoll_wait(19,  <unfinished ...>
828   setsockopt(96, SOL_SOCKET, SO_REUSEPORT, [1], 4 <unfinished ...>
831   <... epoll_wait resumed>[{events=EPOLLIN, data={u32=22, u64=22}}], 1024, -1) = 1
829   uname( <unfinished ...>
831   read(22,  <unfinished ...>
828   <... setsockopt resumed>)         = 0
831   <... read resumed>"\1\0\0\0\0\0\0\0", 1024) = 8
829   <... uname resumed>{sysname="Linux", nodename="06a17953facb", ...}) = 0
831   epoll_wait(19,  <unfinished ...>
828   setsockopt(96, SOL_SOCKET, SO_INCOMING_CPU, [1], 4 <unfinished ...>
829   uname( <unfinished ...>
828   <... setsockopt resumed>)         = 0
829   <... uname resumed>{sysname="Linux", nodename="06a17953facb", ...}) = 0
828   setsockopt(96, SOL_IPV6, IPV6_DONTFRAG, [0], 4 <unfinished ...>
829   uname( <unfinished ...>
828   <... setsockopt resumed>)         = 0
829   <... uname resumed>{sysname="Linux", nodename="06a17953facb", ...}) = 0
828   ioctl(96, FIONBIO, [1] <unfinished ...>
829   uname( <unfinished ...>
828   <... ioctl resumed>)              = 0
829   <... uname resumed>{sysname="Linux", nodename="06a17953facb", ...}) = 0
828   setsockopt(96, SOL_SOCKET, SO_REUSEADDR, [1], 4 <unfinished ...>
829   uname( <unfinished ...>
828   <... setsockopt resumed>)         = 0
829   <... uname resumed>{sysname="Linux", nodename="06a17953facb", ...}) = 0
828   getpeername(96,  <unfinished ...>
829   uname( <unfinished ...>
828   <... getpeername resumed>0x7f4e89753d00, [128]) = -1 ENOTCONN (Transport endpoint is not connected)
829   <... uname resumed>{sysname="Linux", nodename="06a17953facb", ...}) = 0
828   setsockopt(96, SOL_SOCKET, SO_REUSEADDR, [1], 4 <unfinished ...>
829   futex(0x55903ff84e1c, FUTEX_WAKE_PRIVATE, 1 <unfinished ...>
828   <... setsockopt resumed>)         = 0
836   <... futex resumed>)              = 0
829   <... futex resumed>)              = 1
836   futex(0x55903ff84da0, FUTEX_WAIT_PRIVATE, 2, NULL <unfinished ...>
828   setsockopt(96, SOL_IPV6, IPV6_V6ONLY, [1], 4 <unfinished ...>
836   <... futex resumed>)              = -1 EAGAIN (Resource temporarily unavailable)
829   futex(0x55903ff84da0, FUTEX_WAKE_PRIVATE, 1 <unfinished ...>
836   write(38, "\1\0\0\0\0\0\0\0", 8 <unfinished ...>
828   <... setsockopt resumed>)         = 0
836   <... write resumed>)              = 8
835   <... epoll_wait resumed>[{events=EPOLLIN, data={u32=38, u64=38}}], 1024, -1) = 1
829   <... futex resumed>)              = 0
836   futex(0x55903ff84da0, FUTEX_WAKE_PRIVATE, 1 <unfinished ...>
835   read(38,  <unfinished ...>
828   bind(96, {sa_family=AF_INET6, sin6_port=htons(43686), sin6_flowinfo=htonl(0), inet_pton(AF_INET6, "::", &sin6_addr), sin6_scope_id=0}, 28 <unfinished ...>
836   <... futex resumed>)              = 0
835   <... read resumed>"\1\0\0\0\0\0\0\0", 1024) = 8
829   futex(0x55903ff84e18, FUTEX_WAKE_PRIVATE, 1 <unfinished ...>
836   futex(0x55903ff84da0, FUTEX_WAIT_PRIVATE, 2, NULL <unfinished ...>
835   futex(0x55903ff84da0, FUTEX_WAIT_PRIVATE, 2, NULL <unfinished ...>
828   <... bind resumed>)               = 0
829   <... futex resumed>)              = 0
828   connect(96, {sa_family=AF_INET6, sin6_port=htons(53), sin6_flowinfo=htonl(0), inet_pton(AF_INET6, "2001:500:2f::f", &sin6_addr), sin6_scope_id=0}, 28 <unfinished ...>
829   futex(0x55903ff84da0, FUTEX_WAKE_PRIVATE, 1 <unfinished ...>
828   <... connect resumed>)            = -1 EADDRNOTAVAIL (Cannot assign requested address)
836   <... futex resumed>)              = 0
829   <... futex resumed>)              = 1
836   write(34, "\1\0\0\0\0\0\0\0", 8 <unfinished ...>
828   mprotect(0x7f4e80264000, 4096, PROT_READ|PROT_WRITE <unfinished ...>
836   <... write resumed>)              = 8
834   <... epoll_wait resumed>[{events=EPOLLIN, data={u32=34, u64=34}}], 1024, -1) = 1
829   futex(0x7f4e80000030, FUTEX_WAIT_PRIVATE, 2, NULL <unfinished ...>
836   futex(0x55903ff84da0, FUTEX_WAKE_PRIVATE, 1 <unfinished ...>
834   read(34,  <unfinished ...>
828   <... mprotect resumed>)           = 0
836   <... futex resumed>)              = 1
835   <... futex resumed>)              = 0
834   <... read resumed>"\1\0\0\0\0\0\0\0", 1024) = 8
836   futex(0x55903ff84e1c, FUTEX_WAIT_BITSET_PRIVATE|FUTEX_CLOCK_REALTIME, 0, {tv_sec=1658092427, tv_nsec=661164726}, FUTEX_BITSET_MATCH_ANY <unfinished ...>
835   futex(0x55903ff84da0, FUTEX_WAKE_PRIVATE, 1 <unfinished ...>
828   futex(0x7f4e80000030, FUTEX_WAKE_PRIVATE, 1 <unfinished ...>
835   <... futex resumed>)              = 0
834   write(34, "\1\0\0\0\0\0\0\0", 8 <unfinished ...>
835   write(38, "\1\0\0\0\0\0\0\0", 8 <unfinished ...>
829   <... futex resumed>)              = 0
828   <... futex resumed>)              = 1
835   <... write resumed>)              = 8
834   <... write resumed>)              = 8
829   futex(0x7f4e80000030, FUTEX_WAKE_PRIVATE, 1 <unfinished ...>
835   epoll_wait(35,  <unfinished ...>
834   epoll_wait(31,  <unfinished ...>
828   mprotect(0x7f4e80265000, 4096, PROT_READ|PROT_WRITE <unfinished ...>
835   <... epoll_wait resumed>[{events=EPOLLIN, data={u32=38, u64=38}}], 1024, -1) = 1
834   <... epoll_wait resumed>[{events=EPOLLIN, data={u32=34, u64=34}}], 1024, -1) = 1
829   <... futex resumed>)              = 0
835   read(38,  <unfinished ...>
834   read(34,  <unfinished ...>
828   <... mprotect resumed>)           = 0
835   <... read resumed>"\1\0\0\0\0\0\0\0", 1024) = 8
834   <... read resumed>"\1\0\0\0\0\0\0\0", 1024) = 8
829   epoll_wait(11,  <unfinished ...>
835   epoll_wait(35,  <unfinished ...>
834   epoll_wait(31,  <unfinished ...>
828   mprotect(0x7f4e80266000, 4096, PROT_READ|PROT_WRITE <unfinished ...>
829   <... epoll_wait resumed>[{events=EPOLLIN, data={u32=14, u64=14}}], 1024, -1) = 1
828   <... mprotect resumed>)           = 0
829   read(14,  <unfinished ...>
828   mprotect(0x7f4e80267000, 4096, PROT_READ|PROT_WRITE <unfinished ...>
829   <... read resumed>"\1\0\0\0\0\0\0\0", 1024) = 8
828   <... mprotect resumed>)           = 0
829   write(14, "\1\0\0\0\0\0\0\0", 8 <unfinished ...>
828   mprotect(0x7f4e80268000, 8192, PROT_READ|PROT_WRITE <unfinished ...>
829   <... write resumed>)              = 8
828   <... mprotect resumed>)           = 0
829   epoll_wait(11,  <unfinished ...>
828   socket(AF_INET6, SOCK_DGRAM, IPPROTO_IP <unfinished ...>
829   <... epoll_wait resumed>[{events=EPOLLIN, data={u32=14, u64=14}}], 1024, -1) = 1
828   <... socket resumed>)             = 97
829   read(14,  <unfinished ...>
828   setsockopt(97, SOL_SOCKET, SO_REUSEADDR, [1], 4 <unfinished ...>
829   <... read resumed>"\1\0\0\0\0\0\0\0", 1024) = 8
828   <... setsockopt resumed>)         = 0
829   write(14, "\1\0\0\0\0\0\0\0", 8 <unfinished ...>
828   setsockopt(97, SOL_SOCKET, SO_REUSEPORT, [1], 4 <unfinished ...>
829   <... write resumed>)              = 8
828   <... setsockopt resumed>)         = 0
829   epoll_wait(11,  <unfinished ...>
828   setsockopt(97, SOL_SOCKET, SO_INCOMING_CPU, [1], 4 <unfinished ...>
829   <... epoll_wait resumed>[{events=EPOLLIN, data={u32=14, u64=14}}], 1024, -1) = 1
828   <... setsockopt resumed>)         = 0
829   read(14,  <unfinished ...>
828   setsockopt(97, SOL_IPV6, IPV6_DONTFRAG, [0], 4 <unfinished ...>
829   <... read resumed>"\1\0\0\0\0\0\0\0", 1024) = 8
828   <... setsockopt resumed>)         = 0
829   epoll_wait(11,  <unfinished ...>
828   ioctl(97, FIONBIO, [1])           = 0
828   setsockopt(97, SOL_SOCKET, SO_REUSEADDR, [1], 4) = 0
828   getpeername(97, 0x7f4e89753d00, [128]) = -1 ENOTCONN (Transport endpoint is not connected)
828   setsockopt(97, SOL_SOCKET, SO_REUSEADDR, [1], 4) = 0
828   setsockopt(97, SOL_IPV6, IPV6_V6ONLY, [1], 4) = 0
828   bind(97, {sa_family=AF_INET6, sin6_port=htons(39580), sin6_flowinfo=htonl(0), inet_pton(AF_INET6, "::", &sin6_addr), sin6_scope_id=0}, 28) = 0
828   connect(97, {sa_family=AF_INET6, sin6_port=htons(53), sin6_flowinfo=htonl(0), inet_pton(AF_INET6, "2001:500:2f::f", &sin6_addr), sin6_scope_id=0}, 28) = -1 EADDRNOTAVAIL (Cannot assign requested address)
828   futex(0x55903ff84e1c, FUTEX_WAKE_PRIVATE, 1 <unfinished ...>
836   <... futex resumed>)              = 0
828   <... futex resumed>)              = 1
836   futex(0x55903ff84da0, FUTEX_WAIT_PRIVATE, 2, NULL <unfinished ...>
828   futex(0x55903ff84da0, FUTEX_WAKE_PRIVATE, 1 <unfinished ...>
836   <... futex resumed>)              = -1 EAGAIN (Resource temporarily unavailable)
828   <... futex resumed>)              = 0
836   write(38, "\1\0\0\0\0\0\0\0", 8 <unfinished ...>
828   futex(0x55903ff84da0, FUTEX_WAIT_PRIVATE, 2, NULL <unfinished ...>
836   <... write resumed>)              = 8
