2092  nanosleep({tv_sec=0, tv_nsec=20000},  <unfinished ...>
2098  <... futex resumed>)              = 0
2095  <... futex resumed>)              = 0
2094  <... futex resumed>)              = 1
2087  <... futex resumed>)              = 1
2098  futex(0xc000500148, FUTEX_WAKE_PRIVATE, 1 <unfinished ...>
2095  futex(0xc000100148, FUTEX_WAIT_PRIVATE, 0, NULL <unfinished ...>
2094  futex(0x55d4fec29600, FUTEX_WAIT_PRIVATE, 0, NULL <unfinished ...>
2092  <... nanosleep resumed>NULL)      = 0
2098  <... futex resumed>)              = 1
2097  <... futex resumed>)              = 0
2087  futex(0x55d4febf4d28, FUTEX_WAIT_PRIVATE, 0, NULL <unfinished ...>
2098  futex(0x55d4febf4d28, FUTEX_WAKE_PRIVATE, 1 <unfinished ...>
2097  futex(0xc000500148, FUTEX_WAIT_PRIVATE, 0, NULL <unfinished ...>
2092  nanosleep({tv_sec=0, tv_nsec=20000},  <unfinished ...>
2098  <... futex resumed>)              = 0
2087  <... futex resumed>)              = -1 EAGAIN (Resource temporarily unavailable)
2098  futex(0xc000065148, FUTEX_WAIT_PRIVATE, 0, NULL <unfinished ...>
2092  <... nanosleep resumed>NULL)      = 0
2098  <... futex resumed>)              = -1 EAGAIN (Resource temporarily unavailable)
2087  futex(0xc000065148, FUTEX_WAKE_PRIVATE, 1 <unfinished ...>
2098  nanosleep({tv_sec=0, tv_nsec=3000},  <unfinished ...>
2092  epoll_pwait(4,  <unfinished ...>
2098  <... nanosleep resumed>NULL)      = 0
2087  <... futex resumed>)              = 0
2098  futex(0xc000500148, FUTEX_WAKE_PRIVATE, 1 <unfinished ...>
2092  <... epoll_pwait resumed>[], 128, 0, NULL, 140731934691472) = 0
2098  <... futex resumed>)              = 1
2097  <... futex resumed>)              = 0
2087  rt_sigprocmask(SIG_SETMASK, ~[HUP INT QUIT ILL TRAP ABRT BUS FPE SEGV TERM STKFLT CHLD PROF SYS RTMIN RT_1 RT_2],  <unfinished ...>
2098  futex(0xc000065148, FUTEX_WAIT_PRIVATE, 0, NULL <unfinished ...>
2097  futex(0xc000500148, FUTEX_WAIT_PRIVATE, 0, NULL <unfinished ...>
2092  nanosleep({tv_sec=0, tv_nsec=20000},  <unfinished ...>
2087  <... rt_sigprocmask resumed>NULL, 8) = 0
2092  <... nanosleep resumed>NULL)      = 0
2087  futex(0xc000500148, FUTEX_WAKE_PRIVATE, 1 <unfinished ...>
2092  nanosleep({tv_sec=0, tv_nsec=20000},  <unfinished ...>
2097  <... futex resumed>)              = 0
2087  <... futex resumed>)              = 1
2097  nanosleep({tv_sec=0, tv_nsec=3000},  <unfinished ...>
2092  <... nanosleep resumed>NULL)      = 0
2097  <... nanosleep resumed>NULL)      = 0
2087  futex(0xc000065148, FUTEX_WAKE_PRIVATE, 1 <unfinished ...>
2097  futex(0xc000100148, FUTEX_WAKE_PRIVATE, 1 <unfinished ...>
2092  nanosleep({tv_sec=0, tv_nsec=20000},  <unfinished ...>
2098  <... futex resumed>)              = 0
2097  <... futex resumed>)              = 1
2095  <... futex resumed>)              = 0
2087  <... futex resumed>)              = 1
2098  futex(0xc000065148, FUTEX_WAIT_PRIVATE, 0, NULL <unfinished ...>
2097  futex(0x55d4febf4d28, FUTEX_WAKE_PRIVATE, 1 <unfinished ...>
2095  futex(0xc000100148, FUTEX_WAIT_PRIVATE, 0, NULL <unfinished ...>
2092  <... nanosleep resumed>NULL)      = 0
2097  <... futex resumed>)              = 0
2087  rt_sigprocmask(SIG_SETMASK, ~[HUP INT QUIT ILL TRAP ABRT BUS FPE SEGV TERM STKFLT CHLD PROF SYS RTMIN RT_1 RT_2],  <unfinished ...>
2097  futex(0xc000500148, FUTEX_WAIT_PRIVATE, 0, NULL <unfinished ...>
2092  epoll_pwait(4,  <unfinished ...>
2087  <... rt_sigprocmask resumed>NULL, 8) = 0
2092  <... epoll_pwait resumed>[], 128, 0, NULL, 140731934691472) = 0
2087  futex(0xc000500148, FUTEX_WAKE_PRIVATE, 1 <unfinished ...>
2092  nanosleep({tv_sec=0, tv_nsec=20000},  <unfinished ...>
2097  <... futex resumed>)              = 0
2087  <... futex resumed>)              = 1
2097  nanosleep({tv_sec=0, tv_nsec=3000},  <unfinished ...>
2092  <... nanosleep resumed>NULL)      = 0
2097  <... nanosleep resumed>NULL)      = 0
2087  futex(0xc000100148, FUTEX_WAKE_PRIVATE, 1 <unfinished ...>
2097  futex(0xc000065148, FUTEX_WAKE_PRIVATE, 1 <unfinished ...>
2092  nanosleep({tv_sec=0, tv_nsec=20000},  <unfinished ...>
2098  <... futex resumed>)              = 0
2097  <... futex resumed>)              = 1
2095  <... futex resumed>)              = 0
2087  <... futex resumed>)              = 1
2098  futex(0xc000065148, FUTEX_WAIT_PRIVATE, 0, NULL <unfinished ...>
2097  futex(0xc000065148, FUTEX_WAKE_PRIVATE, 1 <unfinished ...>
2095  nanosleep({tv_sec=0, tv_nsec=3000},  <unfinished ...>
2092  <... nanosleep resumed>NULL)      = 0
2098  <... futex resumed>)              = -1 EAGAIN (Resource temporarily unavailable)
2097  <... futex resumed>)              = 0
2095  <... nanosleep resumed>NULL)      = 0
2087  futex(0x55d4febf4d28, FUTEX_WAIT_PRIVATE, 0, NULL <unfinished ...>
2098  nanosleep({tv_sec=0, tv_nsec=3000},  <unfinished ...>
2095  futex(0xc000100148, FUTEX_WAIT_PRIVATE, 0, NULL <unfinished ...>
2092  nanosleep({tv_sec=0, tv_nsec=20000},  <unfinished ...>
2098  <... nanosleep resumed>NULL)      = 0
2097  write(2, "Usage:\n  adsysctl COMMAND [flags]\n  adsysctl [command]\n\nAvailable Commands:\n  applied     Print last applied GPOs for current or"..., 1053 <unfinished ...>
2098  futex(0xc000100148, FUTEX_WAKE_PRIVATE, 1 <unfinished ...>
2092  <... nanosleep resumed>NULL)      = 0
2098  <... futex resumed>)              = 1
2097  <... write resumed>)              = 1053
2095  <... futex resumed>)              = 0
2098  futex(0xc000065148, FUTEX_WAIT_PRIVATE, 0, NULL <unfinished ...>
2097  ioctl(2, TCGETS <unfinished ...>
2092  epoll_pwait(4,  <unfinished ...>
2097  <... ioctl resumed>, 0xc0005bf654) = -1 ENOTTY (Inappropriate ioctl for device)
2095  futex(0xc000100148, FUTEX_WAIT_PRIVATE, 0, NULL <unfinished ...>
2097  write(2, "level=error msg=\"adsysctl requires a valid subcommand\"\n", 55 <unfinished ...>
2092  <... epoll_pwait resumed>[], 128, 0, NULL, 140731934691472) = 0
2097  <... write resumed>)              = 55
2092  nanosleep({tv_sec=0, tv_nsec=20000},  <unfinished ...>
2097  futex(0xc000100148, FUTEX_WAKE_PRIVATE, 1 <unfinished ...>
2092  <... nanosleep resumed>NULL)      = 0
2097  <... futex resumed>)              = 1
2095  <... futex resumed>)              = 0
2097  futex(0x55d4febf4d28, FUTEX_WAKE_PRIVATE, 1 <unfinished ...>
2092  nanosleep({tv_sec=0, tv_nsec=20000},  <unfinished ...>
2097  <... futex resumed>)              = 1
2095  futex(0xc000100148, FUTEX_WAIT_PRIVATE, 0, NULL <unfinished ...>
2087  <... futex resumed>)              = 0
2097  futex(0xc000500148, FUTEX_WAIT_PRIVATE, 0, NULL <unfinished ...>
2092  <... nanosleep resumed>NULL)      = 0
2087  rt_sigprocmask(SIG_SETMASK, ~[HUP INT QUIT ILL TRAP ABRT BUS FPE SEGV TERM STKFLT CHLD PROF SYS RTMIN RT_1 RT_2],  <unfinished ...>
2092  nanosleep({tv_sec=0, tv_nsec=20000},  <unfinished ...>
2087  <... rt_sigprocmask resumed>NULL, 8) = 0
2092  <... nanosleep resumed>NULL)      = 0
2087  futex(0xc000500148, FUTEX_WAKE_PRIVATE, 1 <unfinished ...>
2092  nanosleep({tv_sec=0, tv_nsec=20000},  <unfinished ...>
2097  <... futex resumed>)              = 0
2087  <... futex resumed>)              = 1
2097  nanosleep({tv_sec=0, tv_nsec=3000},  <unfinished ...>
2092  <... nanosleep resumed>NULL)      = 0
2097  <... nanosleep resumed>NULL)      = 0
2087  futex(0xc000100148, FUTEX_WAKE_PRIVATE, 1 <unfinished ...>
2097  futex(0xc000065148, FUTEX_WAKE_PRIVATE, 1 <unfinished ...>
2092  nanosleep({tv_sec=0, tv_nsec=20000},  <unfinished ...>
2098  <... futex resumed>)              = 0
2097  <... futex resumed>)              = 1
2095  <... futex resumed>)              = 0
2087  <... futex resumed>)              = 1
2098  futex(0xc000065148, FUTEX_WAIT_PRIVATE, 0, NULL <unfinished ...>
2097  futex(0xc000065148, FUTEX_WAKE_PRIVATE, 1 <unfinished ...>
2095  nanosleep({tv_sec=0, tv_nsec=3000},  <unfinished ...>
2092  <... nanosleep resumed>NULL)      = 0
2098  <... futex resumed>)              = -1 EAGAIN (Resource temporarily unavailable)
2097  <... futex resumed>)              = 0
2095  <... nanosleep resumed>NULL)      = 0
2087  futex(0x55d4febf4d28, FUTEX_WAIT_PRIVATE, 0, NULL <unfinished ...>
2098  nanosleep({tv_sec=0, tv_nsec=3000},  <unfinished ...>
2097  futex(0x55d4febf4d28, FUTEX_WAKE_PRIVATE, 1 <unfinished ...>
2095  futex(0xc000100148, FUTEX_WAIT_PRIVATE, 0, NULL <unfinished ...>
2092  nanosleep({tv_sec=0, tv_nsec=20000},  <unfinished ...>
2098  <... nanosleep resumed>NULL)      = 0
2097  <... futex resumed>)              = 0
2087  <... futex resumed>)              = -1 EAGAIN (Resource temporarily unavailable)
2098  futex(0xc000065148, FUTEX_WAIT_PRIVATE, 0, NULL <unfinished ...>
2097  futex(0xc000500148, FUTEX_WAIT_PRIVATE, 0, NULL <unfinished ...>
2092  <... nanosleep resumed>NULL)      = 0
2087  rt_sigprocmask(SIG_SETMASK, ~[HUP INT QUIT ILL TRAP ABRT BUS FPE SEGV TERM STKFLT CHLD PROF SYS RTMIN RT_1 RT_2],  <unfinished ...>
2092  epoll_pwait(4,  <unfinished ...>
2087  <... rt_sigprocmask resumed>NULL, 8) = 0
2092  <... epoll_pwait resumed>[], 128, 0, NULL, 140731934691472) = 0
2087  futex(0xc000500148, FUTEX_WAKE_PRIVATE, 1 <unfinished ...>
2092  nanosleep({tv_sec=0, tv_nsec=20000},  <unfinished ...>
2097  <... futex resumed>)              = 0
2087  <... futex resumed>)              = 1
2097  nanosleep({tv_sec=0, tv_nsec=3000},  <unfinished ...>
2092  <... nanosleep resumed>NULL)      = 0
2097  <... nanosleep resumed>NULL)      = 0
2087  futex(0xc000065148, FUTEX_WAKE_PRIVATE, 1 <unfinished ...>
2097  futex(0xc000100148, FUTEX_WAKE_PRIVATE, 1 <unfinished ...>
2092  nanosleep({tv_sec=0, tv_nsec=20000},  <unfinished ...>
2098  <... futex resumed>)              = 0
2097  <... futex resumed>)              = 1
2095  <... futex resumed>)              = 0
2087  <... futex resumed>)              = 1
2098  futex(0xc000065148, FUTEX_WAIT_PRIVATE, 0, NULL <unfinished ...>
2097  futex(0x55d4febf4d28, FUTEX_WAKE_PRIVATE, 1 <unfinished ...>
2095  futex(0xc000100148, FUTEX_WAIT_PRIVATE, 0, NULL <unfinished ...>
2092  <... nanosleep resumed>NULL)      = 0
2097  <... futex resumed>)              = 0
2087  rt_sigprocmask(SIG_SETMASK, ~[HUP INT QUIT ILL TRAP ABRT BUS FPE SEGV TERM STKFLT CHLD PROF SYS RTMIN RT_1 RT_2],  <unfinished ...>
2097  futex(0xc000500148, FUTEX_WAIT_PRIVATE, 0, NULL <unfinished ...>
2092  nanosleep({tv_sec=0, tv_nsec=20000},  <unfinished ...>
2087  <... rt_sigprocmask resumed>NULL, 8) = 0
2092  <... nanosleep resumed>NULL)      = 0
2087  futex(0xc000500148, FUTEX_WAKE_PRIVATE, 1 <unfinished ...>
2092  nanosleep({tv_sec=0, tv_nsec=20000},  <unfinished ...>
2097  <... futex resumed>)              = 0
2087  <... futex resumed>)              = 1
2097  nanosleep({tv_sec=0, tv_nsec=3000},  <unfinished ...>
2092  <... nanosleep resumed>NULL)      = 0
2097  <... nanosleep resumed>NULL)      = 0
2087  futex(0xc000100148, FUTEX_WAKE_PRIVATE, 1 <unfinished ...>
2097  futex(0xc000065148, FUTEX_WAKE_PRIVATE, 1 <unfinished ...>
2092  nanosleep({tv_sec=0, tv_nsec=20000},  <unfinished ...>
2098  <... futex resumed>)              = 0
2097  <... futex resumed>)              = 1
2095  <... futex resumed>)              = 0
2087  <... futex resumed>)              = 1
2098  futex(0xc000065148, FUTEX_WAIT_PRIVATE, 0, NULL <unfinished ...>
2097  futex(0xc000065148, FUTEX_WAKE_PRIVATE, 1 <unfinished ...>
2095  nanosleep({tv_sec=0, tv_nsec=3000},  <unfinished ...>
2092  <... nanosleep resumed>NULL)      = 0
2098  <... futex resumed>)              = -1 EAGAIN (Resource temporarily unavailable)
2097  <... futex resumed>)              = 0
2095  <... nanosleep resumed>NULL)      = 0
2087  futex(0x55d4febf4d28, FUTEX_WAIT_PRIVATE, 0, NULL <unfinished ...>
2098  nanosleep({tv_sec=0, tv_nsec=3000},  <unfinished ...>
2097  exit_group(2 <unfinished ...>
2095  futex(0xc000100148, FUTEX_WAIT_PRIVATE, 0, NULL <unfinished ...>
2092  ????( <unfinished ...>
2097  <... exit_group resumed>)         = ?
2096  <... futex resumed>)              = ?
2094  <... futex resumed>)              = ?
2098  <... nanosleep resumed> <unfinished ...>) = ?
2093  <... futex resumed>)              = ?
2092  <... ???? resumed>)               = ?
2087  <... futex resumed>)              = ?
2098  +++ exited with 2 +++
2097  +++ exited with 2 +++
2096  +++ exited with 2 +++
2095  <... futex resumed>)              = ?
2094  +++ exited with 2 +++
2093  +++ exited with 2 +++
2092  +++ exited with 2 +++
2095  +++ exited with 2 +++
2087  +++ exited with 2 +++
