3053  <... nanosleep resumed>NULL)      = 0
3048  futex(0x55f3a3d0c5e8, FUTEX_WAIT_PRIVATE, 0, NULL <unfinished ...>
3055  <... futex resumed>)              = 0
3054  <... futex resumed>)              = 1
3053  nanosleep({tv_sec=0, tv_nsec=5120000},  <unfinished ...>
3055  futex(0xc000052d48, FUTEX_WAIT_PRIVATE, 0, NULL <unfinished ...>
3054  futex(0xc000052d48, FUTEX_WAKE_PRIVATE, 1 <unfinished ...>
3055  <... futex resumed>)              = -1 EAGAIN (Resource temporarily unavailable)
3054  <... futex resumed>)              = 0
3055  nanosleep({tv_sec=0, tv_nsec=3000},  <unfinished ...>
3054  futex(0x55f3a3d0c5e8, FUTEX_WAKE_PRIVATE, 1 <unfinished ...>
3055  <... nanosleep resumed>NULL)      = 0
3054  <... futex resumed>)              = 1
3048  <... futex resumed>)              = 0
3055  futex(0xc000052d48, FUTEX_WAIT_PRIVATE, 0, NULL <unfinished ...>
3054  futex(0xc000052948, FUTEX_WAIT_PRIVATE, 0, NULL <unfinished ...>
3048  futex(0xc000052948, FUTEX_WAKE_PRIVATE, 1 <unfinished ...>
3054  <... futex resumed>)              = -1 EAGAIN (Resource temporarily unavailable)
3048  <... futex resumed>)              = 0
3054  nanosleep({tv_sec=0, tv_nsec=3000},  <unfinished ...>
3048  futex(0xc000052d48, FUTEX_WAKE_PRIVATE, 1 <unfinished ...>
3054  <... nanosleep resumed>NULL)      = 0
3055  <... futex resumed>)              = 0
3048  <... futex resumed>)              = 1
3055  futex(0xc000052d48, FUTEX_WAIT_PRIVATE, 0, NULL <unfinished ...>
3054  futex(0xc000088148, FUTEX_WAKE_PRIVATE, 1 <unfinished ...>
3048  futex(0x55f3a3d0c5e8, FUTEX_WAIT_PRIVATE, 0, NULL <unfinished ...>
3056  <... futex resumed>)              = 0
3054  <... futex resumed>)              = 1
3056  futex(0xc000088148, FUTEX_WAIT_PRIVATE, 0, NULL <unfinished ...>
3053  <... nanosleep resumed>NULL)      = 0
3056  <... futex resumed>)              = -1 EAGAIN (Resource temporarily unavailable)
3054  futex(0xc000088148, FUTEX_WAKE_PRIVATE, 1 <unfinished ...>
3056  nanosleep({tv_sec=0, tv_nsec=3000},  <unfinished ...>
3053  epoll_pwait(4,  <unfinished ...>
3056  <... nanosleep resumed>NULL)      = 0
3054  <... futex resumed>)              = 0
3056  futex(0xc000052d48, FUTEX_WAKE_PRIVATE, 1 <unfinished ...>
3053  <... epoll_pwait resumed>[], 128, 0, NULL, 140726215606416) = 0
3056  <... futex resumed>)              = 1
3055  <... futex resumed>)              = 0
3054  futex(0xc000052948, FUTEX_WAIT_PRIVATE, 0, NULL <unfinished ...>
3056  futex(0x55f3a3d0c5e8, FUTEX_WAKE_PRIVATE, 1 <unfinished ...>
3055  futex(0xc000052d48, FUTEX_WAIT_PRIVATE, 0, NULL <unfinished ...>
3053  nanosleep({tv_sec=0, tv_nsec=10000000},  <unfinished ...>
3056  <... futex resumed>)              = 1
3048  <... futex resumed>)              = 0
3056  futex(0xc000088148, FUTEX_WAIT_PRIVATE, 0, NULL <unfinished ...>
3048  futex(0xc000088148, FUTEX_WAKE_PRIVATE, 1 <unfinished ...>
3056  <... futex resumed>)              = -1 EAGAIN (Resource temporarily unavailable)
3048  <... futex resumed>)              = 0
3056  nanosleep({tv_sec=0, tv_nsec=3000},  <unfinished ...>
3048  futex(0xc000052d48, FUTEX_WAKE_PRIVATE, 1 <unfinished ...>
3056  <... nanosleep resumed>NULL)      = 0
3055  <... futex resumed>)              = 0
3048  <... futex resumed>)              = 1
3056  futex(0xc000052948, FUTEX_WAKE_PRIVATE, 1 <unfinished ...>
3055  futex(0xc000052d48, FUTEX_WAIT_PRIVATE, 0, NULL <unfinished ...>
3056  <... futex resumed>)              = 1
3054  <... futex resumed>)              = 0
3048  futex(0x55f3a3d0c5e8, FUTEX_WAIT_PRIVATE, 0, NULL <unfinished ...>
3056  futex(0x55f3a3d0c5e8, FUTEX_WAKE_PRIVATE, 1 <unfinished ...>
3054  futex(0xc000052948, FUTEX_WAIT_PRIVATE, 0, NULL <unfinished ...>
3056  <... futex resumed>)              = 0
3048  <... futex resumed>)              = -1 EAGAIN (Resource temporarily unavailable)
3056  futex(0xc000088148, FUTEX_WAIT_PRIVATE, 0, NULL <unfinished ...>
3048  futex(0xc000088148, FUTEX_WAKE_PRIVATE, 1 <unfinished ...>
3056  <... futex resumed>)              = -1 EAGAIN (Resource temporarily unavailable)
3048  <... futex resumed>)              = 0
3056  nanosleep({tv_sec=0, tv_nsec=3000},  <unfinished ...>
3048  futex(0xc000052948, FUTEX_WAKE_PRIVATE, 1 <unfinished ...>
3056  <... nanosleep resumed>NULL)      = 0
3054  <... futex resumed>)              = 0
3048  <... futex resumed>)              = 1
3056  futex(0xc000052d48, FUTEX_WAKE_PRIVATE, 1 <unfinished ...>
3054  futex(0xc000052948, FUTEX_WAIT_PRIVATE, 0, NULL <unfinished ...>
3056  <... futex resumed>)              = 1
3055  <... futex resumed>)              = 0
3048  futex(0x55f3a3d0c5e8, FUTEX_WAIT_PRIVATE, 0, NULL <unfinished ...>
3056  futex(0x55f3a3d0c5e8, FUTEX_WAKE_PRIVATE, 1 <unfinished ...>
3055  futex(0xc000052d48, FUTEX_WAIT_PRIVATE, 0, NULL <unfinished ...>
3053  <... nanosleep resumed>NULL)      = 0
3056  <... futex resumed>)              = 0
3048  <... futex resumed>)              = -1 EAGAIN (Resource temporarily unavailable)
3056  futex(0xc000088148, FUTEX_WAIT_PRIVATE, 0, NULL <unfinished ...>
3053  epoll_pwait(4,  <unfinished ...>
3056  <... futex resumed>)              = -1 EAGAIN (Resource temporarily unavailable)
3048  futex(0xc000088148, FUTEX_WAKE_PRIVATE, 1 <unfinished ...>
3056  nanosleep({tv_sec=0, tv_nsec=3000},  <unfinished ...>
3053  <... epoll_pwait resumed>[], 128, 0, NULL, 140726215606416) = 0
3056  <... nanosleep resumed>NULL)      = 0
3048  <... futex resumed>)              = 0
3056  futex(0xc000052d48, FUTEX_WAKE_PRIVATE, 1 <unfinished ...>
3053  nanosleep({tv_sec=0, tv_nsec=10000000},  <unfinished ...>
3056  <... futex resumed>)              = 1
3055  <... futex resumed>)              = 0
3048  futex(0x55f3a3d0c5e8, FUTEX_WAIT_PRIVATE, 0, NULL <unfinished ...>
3056  futex(0x55f3a3d0c5e8, FUTEX_WAKE_PRIVATE, 1 <unfinished ...>
3055  futex(0xc000052d48, FUTEX_WAIT_PRIVATE, 0, NULL <unfinished ...>
3056  <... futex resumed>)              = 0
3048  <... futex resumed>)              = -1 EAGAIN (Resource temporarily unavailable)
3056  futex(0xc000088148, FUTEX_WAIT_PRIVATE, 0, NULL <unfinished ...>
3048  futex(0xc000088148, FUTEX_WAKE_PRIVATE, 1 <unfinished ...>
3056  <... futex resumed>)              = -1 EAGAIN (Resource temporarily unavailable)
3048  <... futex resumed>)              = 0
3056  nanosleep({tv_sec=0, tv_nsec=3000},  <unfinished ...>
3048  futex(0xc000052d48, FUTEX_WAKE_PRIVATE, 1 <unfinished ...>
3056  <... nanosleep resumed>NULL)      = 0
3055  <... futex resumed>)              = 0
3048  <... futex resumed>)              = 1
3056  futex(0xc000052948, FUTEX_WAKE_PRIVATE, 1 <unfinished ...>
3055  futex(0xc000052d48, FUTEX_WAIT_PRIVATE, 0, NULL <unfinished ...>
3056  <... futex resumed>)              = 1
3054  <... futex resumed>)              = 0
3048  futex(0x55f3a3d0c5e8, FUTEX_WAIT_PRIVATE, 0, NULL <unfinished ...>
3056  futex(0x55f3a3d0c5e8, FUTEX_WAKE_PRIVATE, 1 <unfinished ...>
3054  futex(0xc000052948, FUTEX_WAIT_PRIVATE, 0, NULL <unfinished ...>
3056  <... futex resumed>)              = 0
3048  <... futex resumed>)              = -1 EAGAIN (Resource temporarily unavailable)
3056  futex(0xc000088148, FUTEX_WAIT_PRIVATE, 0, NULL <unfinished ...>
3048  futex(0xc000088148, FUTEX_WAKE_PRIVATE, 1 <unfinished ...>
3056  <... futex resumed>)              = -1 EAGAIN (Resource temporarily unavailable)
3048  <... futex resumed>)              = 0
3056  nanosleep({tv_sec=0, tv_nsec=3000},  <unfinished ...>
3048  futex(0xc000052948, FUTEX_WAKE_PRIVATE, 1 <unfinished ...>
3056  <... nanosleep resumed>NULL)      = 0
3054  <... futex resumed>)              = 0
3048  <... futex resumed>)              = 1
3056  futex(0xc000052d48, FUTEX_WAKE_PRIVATE, 1 <unfinished ...>
3054  futex(0xc000052948, FUTEX_WAIT_PRIVATE, 0, NULL <unfinished ...>
3056  <... futex resumed>)              = 1
3055  <... futex resumed>)              = 0
3048  futex(0x55f3a3d0c5e8, FUTEX_WAIT_PRIVATE, 0, NULL <unfinished ...>
3056  futex(0x55f3a3d0c5e8, FUTEX_WAKE_PRIVATE, 1 <unfinished ...>
3055  futex(0xc000052d48, FUTEX_WAIT_PRIVATE, 0, NULL <unfinished ...>
3056  <... futex resumed>)              = 0
3048  <... futex resumed>)              = -1 EAGAIN (Resource temporarily unavailable)
3056  futex(0xc000088148, FUTEX_WAIT_PRIVATE, 0, NULL <unfinished ...>
3048  futex(0xc000088148, FUTEX_WAKE_PRIVATE, 1 <unfinished ...>
3056  <... futex resumed>)              = -1 EAGAIN (Resource temporarily unavailable)
3048  <... futex resumed>)              = 0
3056  nanosleep({tv_sec=0, tv_nsec=3000},  <unfinished ...>
3048  futex(0xc000052d48, FUTEX_WAKE_PRIVATE, 1 <unfinished ...>
3056  <... nanosleep resumed>NULL)      = 0
3055  <... futex resumed>)              = 0
3048  <... futex resumed>)              = 1
3056  futex(0xc000052948, FUTEX_WAKE_PRIVATE, 1 <unfinished ...>
3055  futex(0xc000052d48, FUTEX_WAIT_PRIVATE, 0, NULL <unfinished ...>
3056  <... futex resumed>)              = 1
3054  <... futex resumed>)              = 0
3048  futex(0x55f3a3d0c5e8, FUTEX_WAIT_PRIVATE, 0, NULL <unfinished ...>
3056  futex(0x55f3a3d0c5e8, FUTEX_WAKE_PRIVATE, 1 <unfinished ...>
3054  futex(0xc000052948, FUTEX_WAIT_PRIVATE, 0, NULL <unfinished ...>
3056  <... futex resumed>)              = 0
3048  <... futex resumed>)              = -1 EAGAIN (Resource temporarily unavailable)
3056  futex(0xc000088148, FUTEX_WAIT_PRIVATE, 0, NULL <unfinished ...>
3048  futex(0xc000088148, FUTEX_WAKE_PRIVATE, 1 <unfinished ...>
3056  <... futex resumed>)              = -1 EAGAIN (Resource temporarily unavailable)
3053  <... nanosleep resumed>NULL)      = 0
3048  <... futex resumed>)              = 0
3056  nanosleep({tv_sec=0, tv_nsec=3000},  <unfinished ...>
3053  epoll_pwait(4,  <unfinished ...>
3056  <... nanosleep resumed>NULL)      = 0
3048  futex(0xc000052948, FUTEX_WAKE_PRIVATE, 1 <unfinished ...>
3056  futex(0xc000052d48, FUTEX_WAKE_PRIVATE, 1 <unfinished ...>
3053  <... epoll_pwait resumed>[], 128, 0, NULL, 140726215606416) = 0
3056  <... futex resumed>)              = 1
3055  <... futex resumed>)              = 0
3054  <... futex resumed>)              = 0
3048  <... futex resumed>)              = 1
3056  futex(0x55f3a3d0c5e8, FUTEX_WAKE_PRIVATE, 1 <unfinished ...>
3055  futex(0xc000052d48, FUTEX_WAIT_PRIVATE, 0, NULL <unfinished ...>
3054  futex(0xc000052948, FUTEX_WAIT_PRIVATE, 0, NULL <unfinished ...>
3053  nanosleep({tv_sec=0, tv_nsec=10000000},  <unfinished ...>
3056  <... futex resumed>)              = 0
3054  <... futex resumed>)              = -1 EAGAIN (Resource temporarily unavailable)
3048  futex(0xc000052948, FUTEX_WAKE_PRIVATE, 1 <unfinished ...>
3056  futex(0xc000088148, FUTEX_WAIT_PRIVATE, 0, NULL <unfinished ...>
3054  nanosleep({tv_sec=0, tv_nsec=3000},  <unfinished ...>
3048  <... futex resumed>)              = 0
3054  <... nanosleep resumed>NULL)      = 0
3048  futex(0xc000088148, FUTEX_WAKE_PRIVATE, 1 <unfinished ...>
3054  futex(0xc000052d48, FUTEX_WAKE_PRIVATE, 1 <unfinished ...>
3056  <... futex resumed>)              = 0
3048  <... futex resumed>)              = 1
3056  futex(0xc000088148, FUTEX_WAIT_PRIVATE, 0, NULL <unfinished ...>
3055  <... futex resumed>)              = 0
3054  <... futex resumed>)              = 1
3055  futex(0xc000052d48, FUTEX_WAIT_PRIVATE, 0, NULL <unfinished ...>
3048  futex(0x55f3a3d0c5e8, FUTEX_WAIT_PRIVATE, 0, NULL <unfinished ...>
3055  <... futex resumed>)              = -1 EAGAIN (Resource temporarily unavailable)
3054  futex(0xc000052d48, FUTEX_WAKE_PRIVATE, 1 <unfinished ...>
3055  nanosleep({tv_sec=0, tv_nsec=3000},  <unfinished ...>
3054  <... futex resumed>)              = 0
3055  <... nanosleep resumed>NULL)      = 0
3054  futex(0x55f3a3d0c5e8, FUTEX_WAKE_PRIVATE, 1 <unfinished ...>
3055  futex(0xc000052d48, FUTEX_WAIT_PRIVATE, 0, NULL <unfinished ...>
3054  <... futex resumed>)              = 1
3048  <... futex resumed>)              = 0
3054  futex(0xc000052948, FUTEX_WAIT_PRIVATE, 0, NULL <unfinished ...>
3048  futex(0xc000052948, FUTEX_WAKE_PRIVATE, 1 <unfinished ...>
3054  <... futex resumed>)              = -1 EAGAIN (Resource temporarily unavailable)
3048  <... futex resumed>)              = 0
3054  nanosleep({tv_sec=0, tv_nsec=3000},  <unfinished ...>
3048  futex(0xc000052d48, FUTEX_WAKE_PRIVATE, 1 <unfinished ...>
3054  <... nanosleep resumed>NULL)      = 0
3055  <... futex resumed>)              = 0
3048  <... futex resumed>)              = 1
3055  futex(0xc000052d48, FUTEX_WAIT_PRIVATE, 0, NULL <unfinished ...>
3054  futex(0xc000088148, FUTEX_WAKE_PRIVATE, 1 <unfinished ...>
3048  futex(0x55f3a3d0c5e8, FUTEX_WAIT_PRIVATE, 0, NULL <unfinished ...>
3056  <... futex resumed>)              = 0
3054  <... futex resumed>)              = 1
3056  futex(0xc000088148, FUTEX_WAIT_PRIVATE, 0, NULL <unfinished ...>
3054  futex(0xc000088148, FUTEX_WAKE_PRIVATE, 1 <unfinished ...>
3056  <... futex resumed>)              = -1 EAGAIN (Resource temporarily unavailable)
3054  <... futex resumed>)              = 0
3056  nanosleep({tv_sec=0, tv_nsec=3000},  <unfinished ...>
3054  futex(0x55f3a3d0c5e8, FUTEX_WAKE_PRIVATE, 1 <unfinished ...>
3056  <... nanosleep resumed>NULL)      = 0
3054  <... futex resumed>)              = 1
3048  <... futex resumed>)              = 0
3056  futex(0xc000088148, FUTEX_WAIT_PRIVATE, 0, NULL <unfinished ...>
3054  futex(0xc000052948, FUTEX_WAIT_PRIVATE, 0, NULL <unfinished ...>
3048  futex(0xc000052948, FUTEX_WAKE_PRIVATE, 1 <unfinished ...>
3054  <... futex resumed>)              = -1 EAGAIN (Resource temporarily unavailable)
3048  <... futex resumed>)              = 0
3054  nanosleep({tv_sec=0, tv_nsec=3000},  <unfinished ...>
3048  futex(0xc000088148, FUTEX_WAKE_PRIVATE, 1 <unfinished ...>
3054  <... nanosleep resumed>NULL)      = 0
3056  <... futex resumed>)              = 0
3048  <... futex resumed>)              = 1
3056  futex(0xc000088148, FUTEX_WAIT_PRIVATE, 0, NULL <unfinished ...>
3054  futex(0xc000052d48, FUTEX_WAKE_PRIVATE, 1 <unfinished ...>
3048  futex(0x55f3a3d0c5e8, FUTEX_WAIT_PRIVATE, 0, NULL <unfinished ...>
3055  <... futex resumed>)              = 0
3054  <... futex resumed>)              = 1
3055  futex(0xc000052d48, FUTEX_WAIT_PRIVATE, 0, NULL <unfinished ...>
3054  futex(0xc000052d48, FUTEX_WAKE_PRIVATE, 1 <unfinished ...>
3055  <... futex resumed>)              = -1 EAGAIN (Resource temporarily unavailable)
3054  <... futex resumed>)              = 0
3055  nanosleep({tv_sec=0, tv_nsec=3000},  <unfinished ...>
3053  <... nanosleep resumed>NULL)      = 0
3055  <... nanosleep resumed>NULL)      = 0
3054  futex(0x55f3a3d0c5e8, FUTEX_WAKE_PRIVATE, 1 <unfinished ...>
3055  futex(0xc000052d48, FUTEX_WAIT_PRIVATE, 0, NULL <unfinished ...>
3053  epoll_pwait(4,  <unfinished ...>
3054  <... futex resumed>)              = 1
3048  <... futex resumed>)              = 0
3054  futex(0xc000052948, FUTEX_WAIT_PRIVATE, 0, NULL <unfinished ...>
3053  <... epoll_pwait resumed>[], 128, 0, NULL, 140726215606416) = 0
3054  <... futex resumed>)              = -1 EAGAIN (Resource temporarily unavailable)
3048  futex(0xc000052948, FUTEX_WAKE_PRIVATE, 1 <unfinished ...>
3054  nanosleep({tv_sec=0, tv_nsec=3000},  <unfinished ...>
3053  nanosleep({tv_sec=0, tv_nsec=10000000},  <unfinished ...>
3054  <... nanosleep resumed>NULL)      = 0
3048  <... futex resumed>)              = 0
3054  futex(0xc000052d48, FUTEX_WAKE_PRIVATE, 1 <unfinished ...>
3048  futex(0x55f3a3d0c5e8, FUTEX_WAIT_PRIVATE, 0, NULL <unfinished ...>
3055  <... futex resumed>)              = 0
3054  <... futex resumed>)              = 1
3055  futex(0xc000052d48, FUTEX_WAIT_PRIVATE, 0, NULL <unfinished ...>
3054  futex(0xc000052d48, FUTEX_WAKE_PRIVATE, 1 <unfinished ...>
3055  <... futex resumed>)              = -1 EAGAIN (Resource temporarily unavailable)
3054  <... futex resumed>)              = 0
3055  nanosleep({tv_sec=0, tv_nsec=3000},  <unfinished ...>
3054  futex(0x55f3a3d0c5e8, FUTEX_WAKE_PRIVATE, 1 <unfinished ...>
3055  <... nanosleep resumed>NULL)      = 0
3054  <... futex resumed>)              = 1
3048  <... futex resumed>)              = 0
3055  futex(0xc000052d48, FUTEX_WAIT_PRIVATE, 0, NULL <unfinished ...>
3054  futex(0xc000052948, FUTEX_WAIT_PRIVATE, 0, NULL <unfinished ...>
3048  futex(0xc000052948, FUTEX_WAKE_PRIVATE, 1 <unfinished ...>
3054  <... futex resumed>)              = -1 EAGAIN (Resource temporarily unavailable)
3048  <... futex resumed>)              = 0
3054  nanosleep({tv_sec=0, tv_nsec=3000},  <unfinished ...>
3048  futex(0xc000052d48, FUTEX_WAKE_PRIVATE, 1 <unfinished ...>
3054  <... nanosleep resumed>NULL)      = 0
3055  <... futex resumed>)              = 0
3048  <... futex resumed>)              = 1
3055  futex(0xc000052d48, FUTEX_WAIT_PRIVATE, 0, NULL <unfinished ...>
3054  futex(0xc000088148, FUTEX_WAKE_PRIVATE, 1 <unfinished ...>
3048  futex(0x55f3a3d0c5e8, FUTEX_WAIT_PRIVATE, 0, NULL <unfinished ...>
3056  <... futex resumed>)              = 0
3054  <... futex resumed>)              = 1
3056  futex(0xc000088148, FUTEX_WAIT_PRIVATE, 0, NULL <unfinished ...>
3054  futex(0xc000088148, FUTEX_WAKE_PRIVATE, 1 <unfinished ...>
3056  <... futex resumed>)              = -1 EAGAIN (Resource temporarily unavailable)
3054  <... futex resumed>)              = 0
3056  nanosleep({tv_sec=0, tv_nsec=3000},  <unfinished ...>
3054  futex(0x55f3a3d0c5e8, FUTEX_WAKE_PRIVATE, 1 <unfinished ...>
3056  <... nanosleep resumed>NULL)      = 0
3054  <... futex resumed>)              = 1
3048  <... futex resumed>)              = 0
3056  futex(0xc000088148, FUTEX_WAIT_PRIVATE, 0, NULL <unfinished ...>
3054  futex(0xc000052948, FUTEX_WAIT_PRIVATE, 0, NULL <unfinished ...>
3048  futex(0xc000052948, FUTEX_WAKE_PRIVATE, 1 <unfinished ...>
3054  <... futex resumed>)              = -1 EAGAIN (Resource temporarily unavailable)
3048  <... futex resumed>)              = 0
3054  nanosleep({tv_sec=0, tv_nsec=3000},  <unfinished ...>
3048  futex(0xc000088148, FUTEX_WAKE_PRIVATE, 1 <unfinished ...>
3054  <... nanosleep resumed>NULL)      = 0
3056  <... futex resumed>)              = 0
3048  <... futex resumed>)              = 1
3056  futex(0xc000088148, FUTEX_WAIT_PRIVATE, 0, NULL <unfinished ...>
3054  futex(0xc000052d48, FUTEX_WAKE_PRIVATE, 1 <unfinished ...>
3048  futex(0x55f3a3d0c5e8, FUTEX_WAIT_PRIVATE, 0, NULL <unfinished ...>
3055  <... futex resumed>)              = 0
3054  <... futex resumed>)              = 1
3055  futex(0xc000052d48, FUTEX_WAIT_PRIVATE, 0, NULL <unfinished ...>
3054  futex(0xc000052d48, FUTEX_WAKE_PRIVATE, 1 <unfinished ...>
3055  <... futex resumed>)              = -1 EAGAIN (Resource temporarily unavailable)
3054  <... futex resumed>)              = 0
3055  nanosleep({tv_sec=0, tv_nsec=3000},  <unfinished ...>
3054  futex(0x55f3a3d0c5e8, FUTEX_WAKE_PRIVATE, 1 <unfinished ...>
3055  <... nanosleep resumed>NULL)      = 0
3054  <... futex resumed>)              = 1
3053  <... nanosleep resumed>NULL)      = 0
3048  <... futex resumed>)              = 0
3055  futex(0xc000052d48, FUTEX_WAIT_PRIVATE, 0, NULL <unfinished ...>
3054  futex(0xc000052948, FUTEX_WAIT_PRIVATE, 0, NULL <unfinished ...>
3053  epoll_pwait(4,  <unfinished ...>
3054  <... futex resumed>)              = -1 EAGAIN (Resource temporarily unavailable)
3048  futex(0xc000052948, FUTEX_WAKE_PRIVATE, 1 <unfinished ...>
3054  nanosleep({tv_sec=0, tv_nsec=3000},  <unfinished ...>
3053  <... epoll_pwait resumed>[], 128, 0, NULL, 140726215606416) = 0
3054  <... nanosleep resumed>NULL)      = 0
3048  <... futex resumed>)              = 0
3054  futex(0xc000052d48, FUTEX_WAKE_PRIVATE, 1 <unfinished ...>
3053  nanosleep({tv_sec=0, tv_nsec=10000000},  <unfinished ...>
3055  <... futex resumed>)              = 0
3054  <... futex resumed>)              = 1
3048  futex(0x55f3a3d0c5e8, FUTEX_WAIT_PRIVATE, 0, NULL <unfinished ...>
3055  futex(0xc000052d48, FUTEX_WAIT_PRIVATE, 0, NULL <unfinished ...>
3054  futex(0xc000052d48, FUTEX_WAKE_PRIVATE, 1 <unfinished ...>
3055  <... futex resumed>)              = -1 EAGAIN (Resource temporarily unavailable)
3054  <... futex resumed>)              = 0
3055  nanosleep({tv_sec=0, tv_nsec=3000},  <unfinished ...>
3054  futex(0x55f3a3d0c5e8, FUTEX_WAKE_PRIVATE, 1 <unfinished ...>
3055  <... nanosleep resumed>NULL)      = 0
3054  <... futex resumed>)              = 1
3048  <... futex resumed>)              = 0
3055  futex(0xc000052d48, FUTEX_WAIT_PRIVATE, 0, NULL <unfinished ...>
3054  futex(0xc000052948, FUTEX_WAIT_PRIVATE, 0, NULL <unfinished ...>
3048  futex(0xc000052948, FUTEX_WAKE_PRIVATE, 1 <unfinished ...>
3054  <... futex resumed>)              = -1 EAGAIN (Resource temporarily unavailable)
3048  <... futex resumed>)              = 0
3054  nanosleep({tv_sec=0, tv_nsec=3000},  <unfinished ...>
3048  futex(0xc000052d48, FUTEX_WAKE_PRIVATE, 1 <unfinished ...>
3054  <... nanosleep resumed>NULL)      = 0
3055  <... futex resumed>)              = 0
3048  <... futex resumed>)              = 1
3055  futex(0xc000052d48, FUTEX_WAIT_PRIVATE, 0, NULL <unfinished ...>
3054  futex(0xc000088148, FUTEX_WAKE_PRIVATE, 1 <unfinished ...>
3048  futex(0x55f3a3d0c5e8, FUTEX_WAIT_PRIVATE, 0, NULL <unfinished ...>
3056  <... futex resumed>)              = 0
3054  <... futex resumed>)              = 1
3056  futex(0xc000088148, FUTEX_WAIT_PRIVATE, 0, NULL <unfinished ...>
3054  futex(0xc000088148, FUTEX_WAKE_PRIVATE, 1 <unfinished ...>
3056  <... futex resumed>)              = -1 EAGAIN (Resource temporarily unavailable)
3054  <... futex resumed>)              = 0
3056  nanosleep({tv_sec=0, tv_nsec=3000},  <unfinished ...>
3054  futex(0x55f3a3d0c5e8, FUTEX_WAKE_PRIVATE, 1 <unfinished ...>
3056  <... nanosleep resumed>NULL)      = 0
3054  <... futex resumed>)              = 1
3048  <... futex resumed>)              = 0
3056  futex(0xc000088148, FUTEX_WAIT_PRIVATE, 0, NULL <unfinished ...>
3054  futex(0xc000052948, FUTEX_WAIT_PRIVATE, 0, NULL <unfinished ...>
3048  futex(0xc000052948, FUTEX_WAKE_PRIVATE, 1 <unfinished ...>
3054  <... futex resumed>)              = -1 EAGAIN (Resource temporarily unavailable)
3048  <... futex resumed>)              = 0
3054  nanosleep({tv_sec=0, tv_nsec=3000},  <unfinished ...>
3048  futex(0xc000088148, FUTEX_WAKE_PRIVATE, 1 <unfinished ...>
3054  <... nanosleep resumed>NULL)      = 0
3056  <... futex resumed>)              = 0
3048  <... futex resumed>)              = 1
3056  futex(0xc000088148, FUTEX_WAIT_PRIVATE, 0, NULL <unfinished ...>
3054  futex(0xc000052d48, FUTEX_WAKE_PRIVATE, 1 <unfinished ...>
3048  futex(0x55f3a3d0c5e8, FUTEX_WAIT_PRIVATE, 0, NULL <unfinished ...>
3055  <... futex resumed>)              = 0
3054  <... futex resumed>)              = 1
3055  futex(0xc000052d48, FUTEX_WAIT_PRIVATE, 0, NULL <unfinished ...>
3054  futex(0xc000052d48, FUTEX_WAKE_PRIVATE, 1 <unfinished ...>
3055  <... futex resumed>)              = -1 EAGAIN (Resource temporarily unavailable)
3054  <... futex resumed>)              = 0
3055  nanosleep({tv_sec=0, tv_nsec=3000},  <unfinished ...>
3054  futex(0x55f3a3d0c5e8, FUTEX_WAKE_PRIVATE, 1 <unfinished ...>
3055  <... nanosleep resumed>NULL)      = 0
3054  <... futex resumed>)              = 1
3048  <... futex resumed>)              = 0
3055  futex(0xc000052d48, FUTEX_WAIT_PRIVATE, 0, NULL <unfinished ...>
3054  futex(0xc000052948, FUTEX_WAIT_PRIVATE, 0, NULL <unfinished ...>
3048  futex(0xc000052948, FUTEX_WAKE_PRIVATE, 1 <unfinished ...>
3054  <... futex resumed>)              = -1 EAGAIN (Resource temporarily unavailable)
3053  <... nanosleep resumed>NULL)      = 0
3054  nanosleep({tv_sec=0, tv_nsec=3000},  <unfinished ...>
3048  <... futex resumed>)              = 0
3054  <... nanosleep resumed>NULL)      = 0
3053  epoll_pwait(4,  <unfinished ...>
3054  futex(0xc000088148, FUTEX_WAKE_PRIVATE, 1 <unfinished ...>
3048  futex(0xc000052d48, FUTEX_WAKE_PRIVATE, 1 <unfinished ...>
3056  <... futex resumed>)              = 0
3054  <... futex resumed>)              = 1
3053  <... epoll_pwait resumed>[], 128, 0, NULL, 140726215606416) = 0
3056  futex(0xc000088148, FUTEX_WAIT_PRIVATE, 0, NULL <unfinished ...>
3055  <... futex resumed>)              = 0
3054  futex(0xc000088148, FUTEX_WAKE_PRIVATE, 1 <unfinished ...>
3048  <... futex resumed>)              = 1
3056  <... futex resumed>)              = -1 EAGAIN (Resource temporarily unavailable)
3055  nanosleep({tv_sec=0, tv_nsec=3000},  <unfinished ...>
3054  <... futex resumed>)              = 0
3053  nanosleep({tv_sec=0, tv_nsec=10000000},  <unfinished ...>
3056  nanosleep({tv_sec=0, tv_nsec=3000},  <unfinished ...>
3055  <... nanosleep resumed>NULL)      = 0
3054  futex(0x55f3a3d0c5e8, FUTEX_WAKE_PRIVATE, 1 <unfinished ...>
3048  futex(0x55f3a3d0c5e8, FUTEX_WAIT_PRIVATE, 0, NULL <unfinished ...>
3056  <... nanosleep resumed>NULL)      = 0
3055  futex(0xc000052d48, FUTEX_WAIT_PRIVATE, 0, NULL <unfinished ...>
3054  <... futex resumed>)              = 0
3056  futex(0xc000088148, FUTEX_WAIT_PRIVATE, 0, NULL <unfinished ...>
3048  <... futex resumed>)              = -1 EAGAIN (Resource temporarily unavailable)
3054  futex(0xc000052948, FUTEX_WAIT_PRIVATE, 0, NULL <unfinished ...>
3048  futex(0xc000052948, FUTEX_WAKE_PRIVATE, 1 <unfinished ...>
3054  <... futex resumed>)              = -1 EAGAIN (Resource temporarily unavailable)
3048  <... futex resumed>)              = 0
3054  nanosleep({tv_sec=0, tv_nsec=3000},  <unfinished ...>
3048  futex(0xc000088148, FUTEX_WAKE_PRIVATE, 1 <unfinished ...>
3054  <... nanosleep resumed>NULL)      = 0
3056  <... futex resumed>)              = 0
3048  <... futex resumed>)              = 1
3056  futex(0xc000088148, FUTEX_WAIT_PRIVATE, 0, NULL <unfinished ...>
3054  futex(0xc000052d48, FUTEX_WAKE_PRIVATE, 1 <unfinished ...>
3048  futex(0x55f3a3d0c5e8, FUTEX_WAIT_PRIVATE, 0, NULL <unfinished ...>
3055  <... futex resumed>)              = 0
3054  <... futex resumed>)              = 1
3055  futex(0xc000052d48, FUTEX_WAIT_PRIVATE, 0, NULL <unfinished ...>
3054  futex(0xc000052d48, FUTEX_WAKE_PRIVATE, 1 <unfinished ...>
3055  <... futex resumed>)              = -1 EAGAIN (Resource temporarily unavailable)
3054  <... futex resumed>)              = 0
3055  nanosleep({tv_sec=0, tv_nsec=3000},  <unfinished ...>
3054  futex(0x55f3a3d0c5e8, FUTEX_WAKE_PRIVATE, 1 <unfinished ...>
3055  <... nanosleep resumed>NULL)      = 0
3054  <... futex resumed>)              = 1
3048  <... futex resumed>)              = 0
3055  futex(0xc000052d48, FUTEX_WAIT_PRIVATE, 0, NULL <unfinished ...>
3054  futex(0xc000052948, FUTEX_WAIT_PRIVATE, 0, NULL <unfinished ...>
3048  futex(0xc000052948, FUTEX_WAKE_PRIVATE, 1 <unfinished ...>
3054  <... futex resumed>)              = -1 EAGAIN (Resource temporarily unavailable)
3048  <... futex resumed>)              = 0
3054  nanosleep({tv_sec=0, tv_nsec=3000},  <unfinished ...>
3048  futex(0xc000052d48, FUTEX_WAKE_PRIVATE, 1 <unfinished ...>
3054  <... nanosleep resumed>NULL)      = 0
3055  <... futex resumed>)              = 0
3048  <... futex resumed>)              = 1
3055  futex(0xc000052d48, FUTEX_WAIT_PRIVATE, 0, NULL <unfinished ...>
3054  futex(0xc000088148, FUTEX_WAKE_PRIVATE, 1 <unfinished ...>
3048  futex(0x55f3a3d0c5e8, FUTEX_WAIT_PRIVATE, 0, NULL <unfinished ...>
3056  <... futex resumed>)              = 0
3054  <... futex resumed>)              = 1
3056  futex(0xc000088148, FUTEX_WAIT_PRIVATE, 0, NULL <unfinished ...>
3054  futex(0xc000088148, FUTEX_WAKE_PRIVATE, 1 <unfinished ...>
3056  <... futex resumed>)              = -1 EAGAIN (Resource temporarily unavailable)
3054  <... futex resumed>)              = 0
3056  nanosleep({tv_sec=0, tv_nsec=3000},  <unfinished ...>
3054  futex(0x55f3a3d0c5e8, FUTEX_WAKE_PRIVATE, 1 <unfinished ...>
3056  <... nanosleep resumed>NULL)      = 0
3054  <... futex resumed>)              = 1
3048  <... futex resumed>)              = 0
3056  futex(0xc000088148, FUTEX_WAIT_PRIVATE, 0, NULL <unfinished ...>
3054  futex(0xc000052948, FUTEX_WAIT_PRIVATE, 0, NULL <unfinished ...>
3048  futex(0xc000052948, FUTEX_WAKE_PRIVATE, 1 <unfinished ...>
3054  <... futex resumed>)              = -1 EAGAIN (Resource temporarily unavailable)
3048  <... futex resumed>)              = 0
3054  nanosleep({tv_sec=0, tv_nsec=3000},  <unfinished ...>
3048  futex(0xc000088148, FUTEX_WAKE_PRIVATE, 1 <unfinished ...>
3054  <... nanosleep resumed>NULL)      = 0
3053  <... nanosleep resumed>NULL)      = 0
3056  <... futex resumed>)              = 0
3054  futex(0xc000052d48, FUTEX_WAKE_PRIVATE, 1 <unfinished ...>
3048  <... futex resumed>)              = 1
3056  futex(0xc000088148, FUTEX_WAIT_PRIVATE, 0, NULL <unfinished ...>
3055  <... futex resumed>)              = 0
3054  <... futex resumed>)              = 1
3053  epoll_pwait(4,  <unfinished ...>
3055  futex(0xc000052d48, FUTEX_WAIT_PRIVATE, 0, NULL <unfinished ...>
3054  futex(0xc000052d48, FUTEX_WAKE_PRIVATE, 1 <unfinished ...>
3048  futex(0x55f3a3d0c5e8, FUTEX_WAIT_PRIVATE, 0, NULL <unfinished ...>
3055  <... futex resumed>)              = -1 EAGAIN (Resource temporarily unavailable)
3054  <... futex resumed>)              = 0
3053  <... epoll_pwait resumed>[], 128, 0, NULL, 140726215606416) = 0
3055  nanosleep({tv_sec=0, tv_nsec=3000},  <unfinished ...>
3054  futex(0x55f3a3d0c5e8, FUTEX_WAKE_PRIVATE, 1 <unfinished ...>
3055  <... nanosleep resumed>NULL)      = 0
3053  nanosleep({tv_sec=0, tv_nsec=10000000},  <unfinished ...>
3055  futex(0xc000052d48, FUTEX_WAIT_PRIVATE, 0, NULL <unfinished ...>
3054  <... futex resumed>)              = 1
3048  <... futex resumed>)              = 0
3054  futex(0xc000052948, FUTEX_WAIT_PRIVATE, 0, NULL <unfinished ...>
3048  futex(0xc000052948, FUTEX_WAKE_PRIVATE, 1 <unfinished ...>
3054  <... futex resumed>)              = -1 EAGAIN (Resource temporarily unavailable)
3048  <... futex resumed>)              = 0
3054  nanosleep({tv_sec=0, tv_nsec=3000},  <unfinished ...>
3048  futex(0xc000052d48, FUTEX_WAKE_PRIVATE, 1 <unfinished ...>
3054  <... nanosleep resumed>NULL)      = 0
3055  <... futex resumed>)              = 0
3048  <... futex resumed>)              = 1
3055  futex(0xc000052d48, FUTEX_WAIT_PRIVATE, 0, NULL <unfinished ...>
3054  futex(0xc000088148, FUTEX_WAKE_PRIVATE, 1 <unfinished ...>
3048  futex(0x55f3a3d0c5e8, FUTEX_WAIT_PRIVATE, 0, NULL <unfinished ...>
3056  <... futex resumed>)              = 0
3054  <... futex resumed>)              = 1
3056  futex(0xc000088148, FUTEX_WAIT_PRIVATE, 0, NULL <unfinished ...>
3054  futex(0xc000088148, FUTEX_WAKE_PRIVATE, 1 <unfinished ...>
3056  <... futex resumed>)              = -1 EAGAIN (Resource temporarily unavailable)
3054  <... futex resumed>)              = 0
3056  nanosleep({tv_sec=0, tv_nsec=3000},  <unfinished ...>
3054  futex(0x55f3a3d0c5e8, FUTEX_WAKE_PRIVATE, 1 <unfinished ...>
3056  <... nanosleep resumed>NULL)      = 0
3054  <... futex resumed>)              = 1
3048  <... futex resumed>)              = 0
3056  futex(0xc000088148, FUTEX_WAIT_PRIVATE, 0, NULL <unfinished ...>
3054  futex(0xc000052948, FUTEX_WAIT_PRIVATE, 0, NULL <unfinished ...>
3048  futex(0xc000052948, FUTEX_WAKE_PRIVATE, 1 <unfinished ...>
3054  <... futex resumed>)              = -1 EAGAIN (Resource temporarily unavailable)
3048  <... futex resumed>)              = 0
3054  nanosleep({tv_sec=0, tv_nsec=3000},  <unfinished ...>
3048  futex(0xc000088148, FUTEX_WAKE_PRIVATE, 1 <unfinished ...>
3054  <... nanosleep resumed>NULL)      = 0
3056  <... futex resumed>)              = 0
3048  <... futex resumed>)              = 1
3056  futex(0xc000088148, FUTEX_WAIT_PRIVATE, 0, NULL <unfinished ...>
3054  futex(0xc000052d48, FUTEX_WAKE_PRIVATE, 1 <unfinished ...>
3048  futex(0x55f3a3d0c5e8, FUTEX_WAIT_PRIVATE, 0, NULL <unfinished ...>
3055  <... futex resumed>)              = 0
3054  <... futex resumed>)              = 1
3055  futex(0xc000052d48, FUTEX_WAIT_PRIVATE, 0, NULL <unfinished ...>
3054  futex(0xc000052d48, FUTEX_WAKE_PRIVATE, 1 <unfinished ...>
3055  <... futex resumed>)              = -1 EAGAIN (Resource temporarily unavailable)
3054  <... futex resumed>)              = 0
3055  nanosleep({tv_sec=0, tv_nsec=3000},  <unfinished ...>
3054  futex(0x55f3a3d0c5e8, FUTEX_WAKE_PRIVATE, 1 <unfinished ...>
3055  <... nanosleep resumed>NULL)      = 0
3054  <... futex resumed>)              = 1
3048  <... futex resumed>)              = 0
3055  futex(0xc000052d48, FUTEX_WAIT_PRIVATE, 0, NULL <unfinished ...>
3054  futex(0xc000052948, FUTEX_WAIT_PRIVATE, 0, NULL <unfinished ...>
3048  futex(0xc000052948, FUTEX_WAKE_PRIVATE, 1 <unfinished ...>
3054  <... futex resumed>)              = -1 EAGAIN (Resource temporarily unavailable)
3048  <... futex resumed>)              = 0
3054  nanosleep({tv_sec=0, tv_nsec=3000},  <unfinished ...>
3048  futex(0xc000052d48, FUTEX_WAKE_PRIVATE, 1 <unfinished ...>
3054  <... nanosleep resumed>NULL)      = 0
3055  <... futex resumed>)              = 0
3048  <... futex resumed>)              = 1
3055  futex(0xc000052d48, FUTEX_WAIT_PRIVATE, 0, NULL <unfinished ...>
3054  futex(0xc000088148, FUTEX_WAKE_PRIVATE, 1 <unfinished ...>
3048  futex(0x55f3a3d0c5e8, FUTEX_WAIT_PRIVATE, 0, NULL <unfinished ...>
3056  <... futex resumed>)              = 0
3054  <... futex resumed>)              = 1
3056  futex(0xc000088148, FUTEX_WAIT_PRIVATE, 0, NULL <unfinished ...>
3054  futex(0xc000088148, FUTEX_WAKE_PRIVATE, 1 <unfinished ...>
3056  <... futex resumed>)              = -1 EAGAIN (Resource temporarily unavailable)
3053  <... nanosleep resumed>NULL)      = 0
3056  nanosleep({tv_sec=0, tv_nsec=3000},  <unfinished ...>
3054  <... futex resumed>)              = 0
3056  <... nanosleep resumed>NULL)      = 0
3053  epoll_pwait(4,  <unfinished ...>
3056  futex(0xc000088148, FUTEX_WAIT_PRIVATE, 0, NULL <unfinished ...>
3054  futex(0x55f3a3d0c5e8, FUTEX_WAKE_PRIVATE, 1 <unfinished ...>
3053  <... epoll_pwait resumed>[], 128, 0, NULL, 140726215606416) = 0
3054  <... futex resumed>)              = 1
3048  <... futex resumed>)              = 0
3054  futex(0xc000052948, FUTEX_WAIT_PRIVATE, 0, NULL <unfinished ...>
3053  nanosleep({tv_sec=0, tv_nsec=10000000},  <unfinished ...>
3054  <... futex resumed>)              = -1 EAGAIN (Resource temporarily unavailable)
3048  futex(0xc000052948, FUTEX_WAKE_PRIVATE, 1 <unfinished ...>
3054  nanosleep({tv_sec=0, tv_nsec=3000},  <unfinished ...>
3048  <... futex resumed>)              = 0
3054  <... nanosleep resumed>NULL)      = 0
3048  futex(0xc000088148, FUTEX_WAKE_PRIVATE, 1 <unfinished ...>
3054  futex(0xc000052d48, FUTEX_WAKE_PRIVATE, 1 <unfinished ...>
3056  <... futex resumed>)              = 0
3048  <... futex resumed>)              = 1
3056  futex(0xc000088148, FUTEX_WAIT_PRIVATE, 0, NULL <unfinished ...>
3055  <... futex resumed>)              = 0
3054  <... futex resumed>)              = 1
3055  futex(0xc000052d48, FUTEX_WAIT_PRIVATE, 0, NULL <unfinished ...>
3048  futex(0x55f3a3d0c5e8, FUTEX_WAIT_PRIVATE, 0, NULL <unfinished ...>
3055  <... futex resumed>)              = -1 EAGAIN (Resource temporarily unavailable)
3054  futex(0xc000052d48, FUTEX_WAKE_PRIVATE, 1 <unfinished ...>
3055  nanosleep({tv_sec=0, tv_nsec=3000},  <unfinished ...>
3054  <... futex resumed>)              = 0
3055  <... nanosleep resumed>NULL)      = 0
3054  futex(0x55f3a3d0c5e8, FUTEX_WAKE_PRIVATE, 1 <unfinished ...>
3055  futex(0xc000052d48, FUTEX_WAIT_PRIVATE, 0, NULL <unfinished ...>
3054  <... futex resumed>)              = 1
3048  <... futex resumed>)              = 0
3054  futex(0xc000052948, FUTEX_WAIT_PRIVATE, 0, NULL <unfinished ...>
3048  futex(0xc000052948, FUTEX_WAKE_PRIVATE, 1 <unfinished ...>
3054  <... futex resumed>)              = -1 EAGAIN (Resource temporarily unavailable)
3048  <... futex resumed>)              = 0
3054  nanosleep({tv_sec=0, tv_nsec=3000},  <unfinished ...>
3048  futex(0xc000052d48, FUTEX_WAKE_PRIVATE, 1 <unfinished ...>
3054  <... nanosleep resumed>NULL)      = 0
3055  <... futex resumed>)              = 0
3048  <... futex resumed>)              = 1
3055  futex(0xc000052d48, FUTEX_WAIT_PRIVATE, 0, NULL <unfinished ...>
3054  futex(0xc000088148, FUTEX_WAKE_PRIVATE, 1 <unfinished ...>
3048  futex(0x55f3a3d0c5e8, FUTEX_WAIT_PRIVATE, 0, NULL <unfinished ...>
3056  <... futex resumed>)              = 0
3054  <... futex resumed>)              = 1
3056  futex(0xc000088148, FUTEX_WAIT_PRIVATE, 0, NULL <unfinished ...>
3054  futex(0xc000088148, FUTEX_WAKE_PRIVATE, 1 <unfinished ...>
3056  <... futex resumed>)              = -1 EAGAIN (Resource temporarily unavailable)
3054  <... futex resumed>)              = 0
3056  nanosleep({tv_sec=0, tv_nsec=3000},  <unfinished ...>
3054  futex(0x55f3a3d0c5e8, FUTEX_WAKE_PRIVATE, 1 <unfinished ...>
3056  <... nanosleep resumed>NULL)      = 0
3054  <... futex resumed>)              = 1
3048  <... futex resumed>)              = 0
3056  futex(0xc000088148, FUTEX_WAIT_PRIVATE, 0, NULL <unfinished ...>
3054  futex(0xc000052948, FUTEX_WAIT_PRIVATE, 0, NULL <unfinished ...>
3048  futex(0xc000052948, FUTEX_WAKE_PRIVATE, 1 <unfinished ...>
3054  <... futex resumed>)              = -1 EAGAIN (Resource temporarily unavailable)
3048  <... futex resumed>)              = 0
3054  nanosleep({tv_sec=0, tv_nsec=3000},  <unfinished ...>
3048  futex(0xc000088148, FUTEX_WAKE_PRIVATE, 1 <unfinished ...>
3054  <... nanosleep resumed>NULL)      = 0
3056  <... futex resumed>)              = 0
3048  <... futex resumed>)              = 1
3056  futex(0xc000088148, FUTEX_WAIT_PRIVATE, 0, NULL <unfinished ...>
3054  futex(0xc000052d48, FUTEX_WAKE_PRIVATE, 1 <unfinished ...>
3048  futex(0x55f3a3d0c5e8, FUTEX_WAIT_PRIVATE, 0, NULL <unfinished ...>
3055  <... futex resumed>)              = 0
3054  <... futex resumed>)              = 1
3055  futex(0xc000052d48, FUTEX_WAIT_PRIVATE, 0, NULL <unfinished ...>
3054  futex(0xc000052d48, FUTEX_WAKE_PRIVATE, 1 <unfinished ...>
3055  <... futex resumed>)              = -1 EAGAIN (Resource temporarily unavailable)
3054  <... futex resumed>)              = 0
3055  nanosleep({tv_sec=0, tv_nsec=3000},  <unfinished ...>
3054  futex(0x55f3a3d0c5e8, FUTEX_WAKE_PRIVATE, 1 <unfinished ...>
3055  <... nanosleep resumed>NULL)      = 0
3053  <... nanosleep resumed>NULL)      = 0
3055  futex(0xc000052d48, FUTEX_WAIT_PRIVATE, 0, NULL <unfinished ...>
3054  <... futex resumed>)              = 1
3048  <... futex resumed>)              = 0
3054  futex(0xc000052948, FUTEX_WAIT_PRIVATE, 0, NULL <unfinished ...>
3053  epoll_pwait(4,  <unfinished ...>
3054  <... futex resumed>)              = -1 EAGAIN (Resource temporarily unavailable)
3048  futex(0xc000052948, FUTEX_WAKE_PRIVATE, 1 <unfinished ...>
3054  nanosleep({tv_sec=0, tv_nsec=3000},  <unfinished ...>
3053  <... epoll_pwait resumed>[], 128, 0, NULL, 140726215606416) = 0
3054  <... nanosleep resumed>NULL)      = 0
3048  <... futex resumed>)              = 0
3054  futex(0xc000052d48, FUTEX_WAKE_PRIVATE, 1 <unfinished ...>
3053  nanosleep({tv_sec=0, tv_nsec=10000000},  <unfinished ...>
3055  <... futex resumed>)              = 0
3054  <... futex resumed>)              = 1
3048  futex(0x55f3a3d0c5e8, FUTEX_WAIT_PRIVATE, 0, NULL <unfinished ...>
3055  futex(0xc000052d48, FUTEX_WAIT_PRIVATE, 0, NULL <unfinished ...>
3054  futex(0xc000052d48, FUTEX_WAKE_PRIVATE, 1 <unfinished ...>
3055  <... futex resumed>)              = -1 EAGAIN (Resource temporarily unavailable)
3054  <... futex resumed>)              = 0
3055  nanosleep({tv_sec=0, tv_nsec=3000},  <unfinished ...>
3054  futex(0x55f3a3d0c5e8, FUTEX_WAKE_PRIVATE, 1 <unfinished ...>
3055  <... nanosleep resumed>NULL)      = 0
3054  <... futex resumed>)              = 1
3048  <... futex resumed>)              = 0
3055  futex(0xc000052d48, FUTEX_WAIT_PRIVATE, 0, NULL <unfinished ...>
3054  futex(0xc000052948, FUTEX_WAIT_PRIVATE, 0, NULL <unfinished ...>
3048  futex(0xc000052948, FUTEX_WAKE_PRIVATE, 1 <unfinished ...>
3054  <... futex resumed>)              = -1 EAGAIN (Resource temporarily unavailable)
3048  <... futex resumed>)              = 0
3054  nanosleep({tv_sec=0, tv_nsec=3000},  <unfinished ...>
3048  futex(0xc000052d48, FUTEX_WAKE_PRIVATE, 1 <unfinished ...>
3054  <... nanosleep resumed>NULL)      = 0
3055  <... futex resumed>)              = 0
3048  <... futex resumed>)              = 1
3055  futex(0xc000052d48, FUTEX_WAIT_PRIVATE, 0, NULL <unfinished ...>
3054  futex(0xc000088148, FUTEX_WAKE_PRIVATE, 1 <unfinished ...>
3048  futex(0x55f3a3d0c5e8, FUTEX_WAIT_PRIVATE, 0, NULL <unfinished ...>
3056  <... futex resumed>)              = 0
3054  <... futex resumed>)              = 1
3056  futex(0xc000088148, FUTEX_WAIT_PRIVATE, 0, NULL <unfinished ...>
3054  futex(0xc000088148, FUTEX_WAKE_PRIVATE, 1 <unfinished ...>
3056  <... futex resumed>)              = -1 EAGAIN (Resource temporarily unavailable)
3054  <... futex resumed>)              = 0
3056  nanosleep({tv_sec=0, tv_nsec=3000},  <unfinished ...>
3054  futex(0x55f3a3d0c5e8, FUTEX_WAKE_PRIVATE, 1 <unfinished ...>
3056  <... nanosleep resumed>NULL)      = 0
3054  <... futex resumed>)              = 1
3048  <... futex resumed>)              = 0
3056  futex(0xc000088148, FUTEX_WAIT_PRIVATE, 0, NULL <unfinished ...>
3054  futex(0xc000052948, FUTEX_WAIT_PRIVATE, 0, NULL <unfinished ...>
3048  futex(0xc000052948, FUTEX_WAKE_PRIVATE, 1 <unfinished ...>
3054  <... futex resumed>)              = -1 EAGAIN (Resource temporarily unavailable)
3048  <... futex resumed>)              = 0
3054  nanosleep({tv_sec=0, tv_nsec=3000},  <unfinished ...>
3048  futex(0xc000088148, FUTEX_WAKE_PRIVATE, 1 <unfinished ...>
3054  <... nanosleep resumed>NULL)      = 0
3056  <... futex resumed>)              = 0
3048  <... futex resumed>)              = 1
3056  futex(0xc000088148, FUTEX_WAIT_PRIVATE, 0, NULL <unfinished ...>
3054  futex(0xc000052d48, FUTEX_WAKE_PRIVATE, 1 <unfinished ...>
3048  futex(0x55f3a3d0c5e8, FUTEX_WAIT_PRIVATE, 0, NULL <unfinished ...>
3055  <... futex resumed>)              = 0
3054  <... futex resumed>)              = 1
3055  futex(0xc000052d48, FUTEX_WAIT_PRIVATE, 0, NULL <unfinished ...>
3054  futex(0xc000052d48, FUTEX_WAKE_PRIVATE, 1 <unfinished ...>
3055  <... futex resumed>)              = -1 EAGAIN (Resource temporarily unavailable)
3054  <... futex resumed>)              = 0
3055  nanosleep({tv_sec=0, tv_nsec=3000},  <unfinished ...>
3054  futex(0x55f3a3d0c5e8, FUTEX_WAKE_PRIVATE, 1 <unfinished ...>
3055  <... nanosleep resumed>NULL)      = 0
3054  <... futex resumed>)              = 1
3048  <... futex resumed>)              = 0
3055  futex(0xc000052d48, FUTEX_WAIT_PRIVATE, 0, NULL <unfinished ...>
3054  futex(0xc000052948, FUTEX_WAIT_PRIVATE, 0, NULL <unfinished ...>
3048  statfs("/sys/fs/cgroup", {f_type=TMPFS_MAGIC, f_bsize=4096, f_blocks=2021765, f_bfree=2021765, f_bavail=2021765, f_files=2021765, f_ffree=2021751, f_fsid={val=[0, 0]}, f_namelen=255, f_frsize=4096, f_flags=ST_VALID|ST_NOSUID|ST_NODEV|ST_NOEXEC|ST_RELATIME}) = 0
3053  <... nanosleep resumed>NULL)      = 0
3048  openat(AT_FDCWD, "/proc/cgroups", O_RDONLY|O_CLOEXEC <unfinished ...>
3053  epoll_pwait(4,  <unfinished ...>
3048  <... openat resumed>)             = 7
3053  <... epoll_pwait resumed>[], 128, 0, NULL, 140726215606416) = 0
3048  epoll_ctl(4, EPOLL_CTL_ADD, 7, {events=EPOLLIN|EPOLLOUT|EPOLLRDHUP|EPOLLET, data={u32=1552181080, u64=140275184068440}} <unfinished ...>
3053  nanosleep({tv_sec=0, tv_nsec=10000000},  <unfinished ...>
3048  <... epoll_ctl resumed>)          = 0
3048  fcntl(7, F_GETFL)                 = 0x8000 (flags O_RDONLY|O_LARGEFILE)
3048  fcntl(7, F_SETFL, O_RDONLY|O_NONBLOCK|O_LARGEFILE) = 0
3048  read(7, "#subsys_name\thierarchy\tnum_cgroups\tenabled\ncpuset\t2\t3\t1\ncpu\t3\t3\t1\ncpuacct\t4\t3\t1\nblkio\t5\t3\t1\nmemory\t1\t269\t1\ndevices\t6\t3\t1\nfreezer"..., 4096) = 221
3048  epoll_ctl(4, EPOLL_CTL_DEL, 7, 0xc0001d14d4) = 0
3048  close(7)                          = 0
3048  uname({sysname="Linux", nodename="499601f43f57", ...}) = 0
3048  getpid()                          = 3048
3048  uname({sysname="Linux", nodename="499601f43f57", ...}) = 0
3048  socket(AF_NETLINK, SOCK_RAW|SOCK_CLOEXEC, NETLINK_ROUTE) = 7
3048  bind(7, {sa_family=AF_NETLINK, nl_pid=0, nl_groups=00000000}, 12) = 0
3048  sendto(7, [{nlmsg_len=17, nlmsg_type=RTM_GETLINK, nlmsg_flags=NLM_F_REQUEST|NLM_F_DUMP, nlmsg_seq=1, nlmsg_pid=0}, {ifi_family=AF_UNSPEC, ...}], 17, 0, {sa_family=AF_NETLINK, nl_pid=0, nl_groups=00000000}, 12) = 17
3048  getsockname(7, {sa_family=AF_NETLINK, nl_pid=3048, nl_groups=00000000}, [112 => 12]) = 0
