488   <... futex resumed>)              = 0
491   nanosleep({tv_sec=0, tv_nsec=3000},  <unfinished ...>
486   <... nanosleep resumed>NULL)      = 0
491   <... nanosleep resumed>NULL)      = 0
488   futex(0x555ff128cf68, FUTEX_WAKE_PRIVATE, 1 <unfinished ...>
491   futex(0xc0003b8548, FUTEX_WAIT_PRIVATE, 0, NULL <unfinished ...>
486   nanosleep({tv_sec=0, tv_nsec=20000},  <unfinished ...>
488   <... futex resumed>)              = 1
481   <... futex resumed>)              = 0
488   futex(0xc00006ed48, FUTEX_WAIT_PRIVATE, 0, NULL <unfinished ...>
486   <... nanosleep resumed>NULL)      = 0
488   <... futex resumed>)              = -1 EAGAIN (Resource temporarily unavailable)
481   futex(0xc00006ed48, FUTEX_WAKE_PRIVATE, 1 <unfinished ...>
488   nanosleep({tv_sec=0, tv_nsec=3000},  <unfinished ...>
486   nanosleep({tv_sec=0, tv_nsec=20000},  <unfinished ...>
488   <... nanosleep resumed>NULL)      = 0
481   <... futex resumed>)              = 0
488   futex(0xc0003b8548, FUTEX_WAKE_PRIVATE, 1 <unfinished ...>
486   <... nanosleep resumed>NULL)      = 0
491   <... futex resumed>)              = 0
488   <... futex resumed>)              = 1
481   futex(0x555ff128cf68, FUTEX_WAIT_PRIVATE, 0, NULL <unfinished ...>
491   futex(0xc0003b8548, FUTEX_WAIT_PRIVATE, 0, NULL <unfinished ...>
488   futex(0xc0003b8548, FUTEX_WAKE_PRIVATE, 1 <unfinished ...>
486   nanosleep({tv_sec=0, tv_nsec=20000},  <unfinished ...>
491   <... futex resumed>)              = -1 EAGAIN (Resource temporarily unavailable)
488   <... futex resumed>)              = 0
491   nanosleep({tv_sec=0, tv_nsec=3000},  <unfinished ...>
486   <... nanosleep resumed>NULL)      = 0
491   <... nanosleep resumed>NULL)      = 0
488   futex(0x555ff128cf68, FUTEX_WAKE_PRIVATE, 1 <unfinished ...>
491   futex(0xc0003b8548, FUTEX_WAIT_PRIVATE, 0, NULL <unfinished ...>
486   nanosleep({tv_sec=0, tv_nsec=20000},  <unfinished ...>
488   <... futex resumed>)              = 1
481   <... futex resumed>)              = 0
488   futex(0xc00006ed48, FUTEX_WAIT_PRIVATE, 0, NULL <unfinished ...>
486   <... nanosleep resumed>NULL)      = 0
481   futex(0xc00006ed48, FUTEX_WAKE_PRIVATE, 1 <unfinished ...>
486   nanosleep({tv_sec=0, tv_nsec=20000},  <unfinished ...>
488   <... futex resumed>)              = 0
481   <... futex resumed>)              = 1
488   nanosleep({tv_sec=0, tv_nsec=3000},  <unfinished ...>
486   <... nanosleep resumed>NULL)      = 0
488   <... nanosleep resumed>NULL)      = 0
481   futex(0xc0003b8548, FUTEX_WAKE_PRIVATE, 1 <unfinished ...>
488   futex(0xc000100148, FUTEX_WAKE_PRIVATE, 1 <unfinished ...>
486   nanosleep({tv_sec=0, tv_nsec=20000},  <unfinished ...>
491   <... futex resumed>)              = 0
489   <... futex resumed>)              = 0
488   <... futex resumed>)              = 1
481   <... futex resumed>)              = 1
491   futex(0xc0003b8548, FUTEX_WAIT_PRIVATE, 0, NULL <unfinished ...>
489   futex(0xc000100148, FUTEX_WAIT_PRIVATE, 0, NULL <unfinished ...>
488   futex(0xc000100148, FUTEX_WAKE_PRIVATE, 1 <unfinished ...>
486   <... nanosleep resumed>NULL)      = 0
489   <... futex resumed>)              = -1 EAGAIN (Resource temporarily unavailable)
488   <... futex resumed>)              = 0
481   futex(0x555ff128cf68, FUTEX_WAIT_PRIVATE, 0, NULL <unfinished ...>
489   nanosleep({tv_sec=0, tv_nsec=3000},  <unfinished ...>
488   futex(0x555ff128cf68, FUTEX_WAKE_PRIVATE, 1 <unfinished ...>
486   nanosleep({tv_sec=0, tv_nsec=20000},  <unfinished ...>
489   <... nanosleep resumed>NULL)      = 0
488   <... futex resumed>)              = 0
481   <... futex resumed>)              = -1 EAGAIN (Resource temporarily unavailable)
489   futex(0xc000100148, FUTEX_WAIT_PRIVATE, 0, NULL <unfinished ...>
488   futex(0xc00006ed48, FUTEX_WAIT_PRIVATE, 0, NULL <unfinished ...>
486   <... nanosleep resumed>NULL)      = 0
488   <... futex resumed>)              = -1 EAGAIN (Resource temporarily unavailable)
481   futex(0xc00006ed48, FUTEX_WAKE_PRIVATE, 1 <unfinished ...>
488   nanosleep({tv_sec=0, tv_nsec=3000},  <unfinished ...>
486   nanosleep({tv_sec=0, tv_nsec=20000},  <unfinished ...>
488   <... nanosleep resumed>NULL)      = 0
481   <... futex resumed>)              = 0
488   futex(0xc000100148, FUTEX_WAKE_PRIVATE, 1 <unfinished ...>
486   <... nanosleep resumed>NULL)      = 0
489   <... futex resumed>)              = 0
488   <... futex resumed>)              = 1
481   futex(0x555ff128cf68, FUTEX_WAIT_PRIVATE, 0, NULL <unfinished ...>
489   futex(0xc000100148, FUTEX_WAIT_PRIVATE, 0, NULL <unfinished ...>
488   futex(0xc000100148, FUTEX_WAKE_PRIVATE, 1 <unfinished ...>
486   nanosleep({tv_sec=0, tv_nsec=20000},  <unfinished ...>
489   <... futex resumed>)              = -1 EAGAIN (Resource temporarily unavailable)
488   <... futex resumed>)              = 0
489   nanosleep({tv_sec=0, tv_nsec=3000},  <unfinished ...>
486   <... nanosleep resumed>NULL)      = 0
489   <... nanosleep resumed>NULL)      = 0
488   futex(0x555ff128cf68, FUTEX_WAKE_PRIVATE, 1 <unfinished ...>
489   futex(0xc000100148, FUTEX_WAIT_PRIVATE, 0, NULL <unfinished ...>
486   nanosleep({tv_sec=0, tv_nsec=20000},  <unfinished ...>
488   <... futex resumed>)              = 1
481   <... futex resumed>)              = 0
488   futex(0xc00006ed48, FUTEX_WAIT_PRIVATE, 0, NULL <unfinished ...>
486   <... nanosleep resumed>NULL)      = 0
488   <... futex resumed>)              = -1 EAGAIN (Resource temporarily unavailable)
481   futex(0xc00006ed48, FUTEX_WAKE_PRIVATE, 1 <unfinished ...>
488   nanosleep({tv_sec=0, tv_nsec=3000},  <unfinished ...>
486   nanosleep({tv_sec=0, tv_nsec=20000},  <unfinished ...>
488   <... nanosleep resumed>NULL)      = 0
481   <... futex resumed>)              = 0
488   futex(0xc000100148, FUTEX_WAKE_PRIVATE, 1 <unfinished ...>
486   <... nanosleep resumed>NULL)      = 0
489   <... futex resumed>)              = 0
488   <... futex resumed>)              = 1
481   futex(0x555ff128cf68, FUTEX_WAIT_PRIVATE, 0, NULL <unfinished ...>
489   futex(0xc000100148, FUTEX_WAIT_PRIVATE, 0, NULL <unfinished ...>
488   futex(0xc000100148, FUTEX_WAKE_PRIVATE, 1 <unfinished ...>
486   nanosleep({tv_sec=0, tv_nsec=20000},  <unfinished ...>
489   <... futex resumed>)              = -1 EAGAIN (Resource temporarily unavailable)
488   <... futex resumed>)              = 0
489   nanosleep({tv_sec=0, tv_nsec=3000},  <unfinished ...>
486   <... nanosleep resumed>NULL)      = 0
489   <... nanosleep resumed>NULL)      = 0
488   futex(0x555ff128cf68, FUTEX_WAKE_PRIVATE, 1 <unfinished ...>
489   futex(0xc000100148, FUTEX_WAIT_PRIVATE, 0, NULL <unfinished ...>
486   nanosleep({tv_sec=0, tv_nsec=20000},  <unfinished ...>
488   <... futex resumed>)              = 1
481   <... futex resumed>)              = 0
488   futex(0xc00006ed48, FUTEX_WAIT_PRIVATE, 0, NULL <unfinished ...>
486   <... nanosleep resumed>NULL)      = 0
488   <... futex resumed>)              = -1 EAGAIN (Resource temporarily unavailable)
481   futex(0xc00006ed48, FUTEX_WAKE_PRIVATE, 1 <unfinished ...>
488   nanosleep({tv_sec=0, tv_nsec=3000},  <unfinished ...>
486   nanosleep({tv_sec=0, tv_nsec=20000},  <unfinished ...>
488   <... nanosleep resumed>NULL)      = 0
481   <... futex resumed>)              = 0
488   futex(0xc000100148, FUTEX_WAKE_PRIVATE, 1 <unfinished ...>
486   <... nanosleep resumed>NULL)      = 0
489   <... futex resumed>)              = 0
488   <... futex resumed>)              = 1
481   futex(0x555ff128cf68, FUTEX_WAIT_PRIVATE, 0, NULL <unfinished ...>
489   futex(0xc000100148, FUTEX_WAIT_PRIVATE, 0, NULL <unfinished ...>
488   futex(0xc000100148, FUTEX_WAKE_PRIVATE, 1 <unfinished ...>
486   nanosleep({tv_sec=0, tv_nsec=20000},  <unfinished ...>
489   <... futex resumed>)              = -1 EAGAIN (Resource temporarily unavailable)
488   <... futex resumed>)              = 0
489   nanosleep({tv_sec=0, tv_nsec=3000},  <unfinished ...>
486   <... nanosleep resumed>NULL)      = 0
489   <... nanosleep resumed>NULL)      = 0
488   futex(0x555ff128cf68, FUTEX_WAKE_PRIVATE, 1 <unfinished ...>
489   futex(0xc000100148, FUTEX_WAIT_PRIVATE, 0, NULL <unfinished ...>
486   nanosleep({tv_sec=0, tv_nsec=20000},  <unfinished ...>
488   <... futex resumed>)              = 1
481   <... futex resumed>)              = 0
488   futex(0xc00006ed48, FUTEX_WAIT_PRIVATE, 0, NULL <unfinished ...>
486   <... nanosleep resumed>NULL)      = 0
488   <... futex resumed>)              = -1 EAGAIN (Resource temporarily unavailable)
481   futex(0xc00006ed48, FUTEX_WAKE_PRIVATE, 1 <unfinished ...>
488   nanosleep({tv_sec=0, tv_nsec=3000},  <unfinished ...>
486   nanosleep({tv_sec=0, tv_nsec=20000},  <unfinished ...>
488   <... nanosleep resumed>NULL)      = 0
481   <... futex resumed>)              = 0
488   futex(0xc000100148, FUTEX_WAKE_PRIVATE, 1 <unfinished ...>
486   <... nanosleep resumed>NULL)      = 0
489   <... futex resumed>)              = 0
488   <... futex resumed>)              = 1
481   futex(0x555ff128cf68, FUTEX_WAIT_PRIVATE, 0, NULL <unfinished ...>
489   futex(0xc000100148, FUTEX_WAIT_PRIVATE, 0, NULL <unfinished ...>
488   futex(0xc000100148, FUTEX_WAKE_PRIVATE, 1 <unfinished ...>
486   nanosleep({tv_sec=0, tv_nsec=20000},  <unfinished ...>
489   <... futex resumed>)              = -1 EAGAIN (Resource temporarily unavailable)
488   <... futex resumed>)              = 0
489   nanosleep({tv_sec=0, tv_nsec=3000},  <unfinished ...>
486   <... nanosleep resumed>NULL)      = 0
489   <... nanosleep resumed>NULL)      = 0
488   futex(0x555ff128cf68, FUTEX_WAKE_PRIVATE, 1 <unfinished ...>
489   futex(0xc000100148, FUTEX_WAIT_PRIVATE, 0, NULL <unfinished ...>
486   nanosleep({tv_sec=0, tv_nsec=20000},  <unfinished ...>
488   <... futex resumed>)              = 1
481   <... futex resumed>)              = 0
488   futex(0xc00006ed48, FUTEX_WAIT_PRIVATE, 0, NULL <unfinished ...>
486   <... nanosleep resumed>NULL)      = 0
488   <... futex resumed>)              = -1 EAGAIN (Resource temporarily unavailable)
481   futex(0xc00006ed48, FUTEX_WAKE_PRIVATE, 1 <unfinished ...>
488   nanosleep({tv_sec=0, tv_nsec=3000},  <unfinished ...>
486   nanosleep({tv_sec=0, tv_nsec=20000},  <unfinished ...>
488   <... nanosleep resumed>NULL)      = 0
481   <... futex resumed>)              = 0
488   futex(0xc000100148, FUTEX_WAKE_PRIVATE, 1 <unfinished ...>
486   <... nanosleep resumed>NULL)      = 0
489   <... futex resumed>)              = 0
488   <... futex resumed>)              = 1
481   futex(0x555ff128cf68, FUTEX_WAIT_PRIVATE, 0, NULL <unfinished ...>
489   futex(0xc000100148, FUTEX_WAIT_PRIVATE, 0, NULL <unfinished ...>
488   futex(0xc000100148, FUTEX_WAKE_PRIVATE, 1 <unfinished ...>
486   nanosleep({tv_sec=0, tv_nsec=20000},  <unfinished ...>
489   <... futex resumed>)              = -1 EAGAIN (Resource temporarily unavailable)
488   <... futex resumed>)              = 0
489   nanosleep({tv_sec=0, tv_nsec=3000},  <unfinished ...>
486   <... nanosleep resumed>NULL)      = 0
489   <... nanosleep resumed>NULL)      = 0
488   futex(0x555ff128cf68, FUTEX_WAKE_PRIVATE, 1 <unfinished ...>
489   futex(0xc000100148, FUTEX_WAIT_PRIVATE, 0, NULL <unfinished ...>
486   nanosleep({tv_sec=0, tv_nsec=20000},  <unfinished ...>
488   <... futex resumed>)              = 1
481   <... futex resumed>)              = 0
488   futex(0xc00006ed48, FUTEX_WAIT_PRIVATE, 0, NULL <unfinished ...>
486   <... nanosleep resumed>NULL)      = 0
488   <... futex resumed>)              = -1 EAGAIN (Resource temporarily unavailable)
481   futex(0xc00006ed48, FUTEX_WAKE_PRIVATE, 1 <unfinished ...>
488   nanosleep({tv_sec=0, tv_nsec=3000},  <unfinished ...>
486   nanosleep({tv_sec=0, tv_nsec=20000},  <unfinished ...>
488   <... nanosleep resumed>NULL)      = 0
481   <... futex resumed>)              = 0
488   futex(0xc000100148, FUTEX_WAKE_PRIVATE, 1 <unfinished ...>
486   <... nanosleep resumed>NULL)      = 0
481   futex(0x555ff128cf68, FUTEX_WAIT_PRIVATE, 0, NULL <unfinished ...>
489   <... futex resumed>)              = 0
488   <... futex resumed>)              = 1
486   nanosleep({tv_sec=0, tv_nsec=20000},  <unfinished ...>
489   futex(0xc000100148, FUTEX_WAIT_PRIVATE, 0, NULL <unfinished ...>
488   futex(0xc000100148, FUTEX_WAKE_PRIVATE, 1 <unfinished ...>
489   <... futex resumed>)              = -1 EAGAIN (Resource temporarily unavailable)
486   <... nanosleep resumed>NULL)      = 0
489   nanosleep({tv_sec=0, tv_nsec=3000},  <unfinished ...>
488   <... futex resumed>)              = 0
489   <... nanosleep resumed>NULL)      = 0
486   nanosleep({tv_sec=0, tv_nsec=20000},  <unfinished ...>
489   futex(0xc000100148, FUTEX_WAIT_PRIVATE, 0, NULL <unfinished ...>
488   futex(0x555ff128cf68, FUTEX_WAKE_PRIVATE, 1 <unfinished ...>
486   <... nanosleep resumed>NULL)      = 0
488   <... futex resumed>)              = 1
481   <... futex resumed>)              = 0
488   futex(0xc00006ed48, FUTEX_WAIT_PRIVATE, 0, NULL <unfinished ...>
486   nanosleep({tv_sec=0, tv_nsec=20000},  <unfinished ...>
488   <... futex resumed>)              = -1 EAGAIN (Resource temporarily unavailable)
481   futex(0xc00006ed48, FUTEX_WAKE_PRIVATE, 1 <unfinished ...>
488   nanosleep({tv_sec=0, tv_nsec=3000},  <unfinished ...>
486   <... nanosleep resumed>NULL)      = 0
488   <... nanosleep resumed>NULL)      = 0
481   <... futex resumed>)              = 0
488   futex(0xc000100148, FUTEX_WAKE_PRIVATE, 1 <unfinished ...>
486   nanosleep({tv_sec=0, tv_nsec=20000},  <unfinished ...>
489   <... futex resumed>)              = 0
488   <... futex resumed>)              = 1
481   futex(0x555ff128cf68, FUTEX_WAIT_PRIVATE, 0, NULL <unfinished ...>
489   futex(0xc000100148, FUTEX_WAIT_PRIVATE, 0, NULL <unfinished ...>
488   futex(0xc000100148, FUTEX_WAKE_PRIVATE, 1 <unfinished ...>
486   <... nanosleep resumed>NULL)      = 0
489   <... futex resumed>)              = -1 EAGAIN (Resource temporarily unavailable)
488   <... futex resumed>)              = 0
489   nanosleep({tv_sec=0, tv_nsec=3000},  <unfinished ...>
486   nanosleep({tv_sec=0, tv_nsec=20000},  <unfinished ...>
489   <... nanosleep resumed>NULL)      = 0
488   futex(0x555ff128cf68, FUTEX_WAKE_PRIVATE, 1 <unfinished ...>
489   futex(0xc000100148, FUTEX_WAIT_PRIVATE, 0, NULL <unfinished ...>
486   <... nanosleep resumed>NULL)      = 0
488   <... futex resumed>)              = 1
481   <... futex resumed>)              = 0
488   futex(0xc00006ed48, FUTEX_WAIT_PRIVATE, 0, NULL <unfinished ...>
486   nanosleep({tv_sec=0, tv_nsec=20000},  <unfinished ...>
481   getrandom( <unfinished ...>
486   <... nanosleep resumed>NULL)      = 0
481   <... getrandom resumed>"\xb4\xac\x97\x41", 4, GRND_NONBLOCK) = 4
486   nanosleep({tv_sec=0, tv_nsec=20000},  <unfinished ...>
481   newfstatat(AT_FDCWD, "/usr/bin/containerd",  <unfinished ...>
486   <... nanosleep resumed>NULL)      = 0
481   <... newfstatat resumed>{st_mode=S_IFREG|0755, st_size=41244384, ...}, 0) = 0
486   nanosleep({tv_sec=0, tv_nsec=20000},  <unfinished ...>
481   openat(AT_FDCWD, "", O_RDONLY|O_CLOEXEC <unfinished ...>
486   <... nanosleep resumed>NULL)      = 0
481   <... openat resumed>)             = -1 ENOENT (No such file or directory)
486   nanosleep({tv_sec=0, tv_nsec=20000},  <unfinished ...>
481   openat(AT_FDCWD, "", O_RDONLY|O_CLOEXEC <unfinished ...>
486   <... nanosleep resumed>NULL)      = 0
481   <... openat resumed>)             = -1 ENOENT (No such file or directory)
486   nanosleep({tv_sec=0, tv_nsec=20000},  <unfinished ...>
481   openat(AT_FDCWD, "", O_RDONLY|O_CLOEXEC <unfinished ...>
486   <... nanosleep resumed>NULL)      = 0
481   <... openat resumed>)             = -1 ENOENT (No such file or directory)
486   nanosleep({tv_sec=0, tv_nsec=20000},  <unfinished ...>
481   openat(AT_FDCWD, "", O_RDONLY|O_CLOEXEC <unfinished ...>
486   <... nanosleep resumed>NULL)      = 0
481   <... openat resumed>)             = -1 ENOENT (No such file or directory)
486   nanosleep({tv_sec=0, tv_nsec=20000},  <unfinished ...>
481   openat(AT_FDCWD, "", O_RDONLY|O_CLOEXEC <unfinished ...>
486   <... nanosleep resumed>NULL)      = 0
481   <... openat resumed>)             = -1 ENOENT (No such file or directory)
486   nanosleep({tv_sec=0, tv_nsec=20000},  <unfinished ...>
481   openat(AT_FDCWD, "", O_RDONLY|O_CLOEXEC <unfinished ...>
486   <... nanosleep resumed>NULL)      = 0
481   <... openat resumed>)             = -1 ENOENT (No such file or directory)
486   nanosleep({tv_sec=0, tv_nsec=20000},  <unfinished ...>
481   openat(AT_FDCWD, "", O_RDONLY|O_CLOEXEC <unfinished ...>
486   <... nanosleep resumed>NULL)      = 0
481   <... openat resumed>)             = -1 ENOENT (No such file or directory)
486   nanosleep({tv_sec=0, tv_nsec=40000},  <unfinished ...>
481   openat(AT_FDCWD, "", O_RDONLY|O_CLOEXEC <unfinished ...>
486   <... nanosleep resumed>NULL)      = 0
481   <... openat resumed>)             = -1 ENOENT (No such file or directory)
486   nanosleep({tv_sec=0, tv_nsec=80000},  <unfinished ...>
481   openat(AT_FDCWD, "", O_RDONLY|O_CLOEXEC <unfinished ...>
486   <... nanosleep resumed>NULL)      = 0
481   <... openat resumed>)             = -1 ENOENT (No such file or directory)
486   nanosleep({tv_sec=0, tv_nsec=160000},  <unfinished ...>
481   openat(AT_FDCWD, "", O_RDONLY|O_CLOEXEC) = -1 ENOENT (No such file or directory)
486   <... nanosleep resumed>NULL)      = 0
481   openat(AT_FDCWD, "", O_RDONLY|O_CLOEXEC <unfinished ...>
486   nanosleep({tv_sec=0, tv_nsec=320000},  <unfinished ...>
481   <... openat resumed>)             = -1 ENOENT (No such file or directory)
481   openat(AT_FDCWD, "", O_RDONLY|O_CLOEXEC <unfinished ...>
486   <... nanosleep resumed>NULL)      = 0
481   <... openat resumed>)             = -1 ENOENT (No such file or directory)
486   nanosleep({tv_sec=0, tv_nsec=640000},  <unfinished ...>
481   openat(AT_FDCWD, "", O_RDONLY|O_CLOEXEC) = -1 ENOENT (No such file or directory)
481   openat(AT_FDCWD, "", O_RDONLY|O_CLOEXEC) = -1 ENOENT (No such file or directory)
486   <... nanosleep resumed>NULL)      = 0
481   newfstatat(AT_FDCWD, "/etc/containerd/config.toml",  <unfinished ...>
486   nanosleep({tv_sec=0, tv_nsec=1280000},  <unfinished ...>
481   <... newfstatat resumed>0xc0003c2788, 0) = -1 ENOENT (No such file or directory)
481   newfstatat(AT_FDCWD, "", 0xc0003c2858, 0) = -1 ENOENT (No such file or directory)
481   newfstatat(AT_FDCWD, "", 0xc0003c2928, 0) = -1 ENOENT (No such file or directory)
481   newfstatat(AT_FDCWD, "",  <unfinished ...>
486   <... nanosleep resumed>NULL)      = 0
481   <... newfstatat resumed>0xc0003c29f8, 0) = -1 ENOENT (No such file or directory)
486   nanosleep({tv_sec=0, tv_nsec=2560000},  <unfinished ...>
481   newfstatat(AT_FDCWD, "", 0xc0003c2ac8, 0) = -1 ENOENT (No such file or directory)
481   newfstatat(AT_FDCWD, "", 0xc0003c2b98, 0) = -1 ENOENT (No such file or directory)
481   newfstatat(AT_FDCWD, "", 0xc0003c2c68, 0) = -1 ENOENT (No such file or directory)
481   newfstatat(AT_FDCWD, "", 0xc0003c2d38, 0) = -1 ENOENT (No such file or directory)
481   newfstatat(AT_FDCWD, "", 0xc0003c2e08, 0) = -1 ENOENT (No such file or directory)
481   newfstatat(AT_FDCWD, "", 0xc0003c2ed8, 0) = -1 ENOENT (No such file or directory)
486   <... nanosleep resumed>NULL)      = 0
481   newfstatat(AT_FDCWD, "",  <unfinished ...>
486   nanosleep({tv_sec=0, tv_nsec=5120000},  <unfinished ...>
481   <... newfstatat resumed>0xc0003c2fa8, 0) = -1 ENOENT (No such file or directory)
481   newfstatat(AT_FDCWD, "", 0xc0003c3078, 0) = -1 ENOENT (No such file or directory)
481   newfstatat(AT_FDCWD, "", 0xc0003c3148, 0) = -1 ENOENT (No such file or directory)
481   newfstatat(AT_FDCWD, "/var/lib/containerd", 0xc0003c3218, 0) = -1 ENOENT (No such file or directory)
481   newfstatat(AT_FDCWD, "/var/lib", {st_mode=S_IFDIR|0755, st_size=4096, ...}, 0) = 0
481   mkdirat(AT_FDCWD, "/var/lib/containerd", 0711) = 0
481   newfstatat(AT_FDCWD, "/run/containerd", 0xc0003c33b8, 0) = -1 ENOENT (No such file or directory)
481   newfstatat(AT_FDCWD, "/run", {st_mode=S_IFDIR|0755, st_size=4096, ...}, 0) = 0
481   mkdirat(AT_FDCWD, "/run/containerd", 0711) = 0
481   futex(0xc00006ed48, FUTEX_WAKE_PRIVATE, 1 <unfinished ...>
488   <... futex resumed>)              = 0
481   <... futex resumed>)              = 1
488   nanosleep({tv_sec=0, tv_nsec=3000},  <unfinished ...>
481   rt_sigprocmask(SIG_SETMASK, ~[HUP INT QUIT ILL TRAP ABRT BUS FPE SEGV TERM STKFLT CHLD PROF SYS RTMIN RT_1 RT_2],  <unfinished ...>
488   <... nanosleep resumed>NULL)      = 0
481   <... rt_sigprocmask resumed>NULL, 8) = 0
488   futex(0xc000100148, FUTEX_WAKE_PRIVATE, 1 <unfinished ...>
486   <... nanosleep resumed>NULL)      = 0
489   <... futex resumed>)              = 0
488   <... futex resumed>)              = 1
481   rt_sigprocmask(SIG_SETMASK, ~[HUP INT QUIT ILL TRAP ABRT BUS FPE SEGV TERM STKFLT CHLD PROF SYS RTMIN RT_1 RT_2],  <unfinished ...>
489   nanosleep({tv_sec=0, tv_nsec=3000},  <unfinished ...>
488   nanosleep({tv_sec=0, tv_nsec=3000},  <unfinished ...>
486   getpid( <unfinished ...>
489   <... nanosleep resumed>NULL)      = 0
488   <... nanosleep resumed>NULL)      = 0
481   <... rt_sigprocmask resumed>NULL, 8) = 0
489   futex(0xc000100148, FUTEX_WAIT_PRIVATE, 0, NULL <unfinished ...>
488   futex(0xc00006ed48, FUTEX_WAIT_PRIVATE, 0, NULL <unfinished ...>
486   <... getpid resumed>)             = 481
488   <... futex resumed>)              = -1 EAGAIN (Resource temporarily unavailable)
481   futex(0xc00006ed48, FUTEX_WAKE_PRIVATE, 1 <unfinished ...>
488   futex(0x555ff128cf68, FUTEX_WAKE_PRIVATE, 1 <unfinished ...>
486   tgkill(481, 481, SIGURG <unfinished ...>
488   <... futex resumed>)              = 0
481   <... futex resumed>)              = 0
488   futex(0xc00006ed48, FUTEX_WAIT_PRIVATE, 0, NULL <unfinished ...>
486   <... tgkill resumed>)             = 0
488   <... futex resumed>)              = -1 EAGAIN (Resource temporarily unavailable)
481   futex(0xc00006ed48, FUTEX_WAKE_PRIVATE, 1 <unfinished ...>
488   nanosleep({tv_sec=0, tv_nsec=3000},  <unfinished ...>
486   nanosleep({tv_sec=0, tv_nsec=10000000},  <unfinished ...>
488   <... nanosleep resumed>NULL)      = 0
481   <... futex resumed>)              = 0
488   futex(0xc000100148, FUTEX_WAKE_PRIVATE, 1 <unfinished ...>
481   futex(0x555ff128cf68, FUTEX_WAIT_PRIVATE, 0, NULL <unfinished ...>
489   <... futex resumed>)              = 0
488   <... futex resumed>)              = 1
489   futex(0xc000100148, FUTEX_WAIT_PRIVATE, 0, NULL <unfinished ...>
488   futex(0xc000100148, FUTEX_WAKE_PRIVATE, 1 <unfinished ...>
489   <... futex resumed>)              = -1 EAGAIN (Resource temporarily unavailable)
488   <... futex resumed>)              = 0
489   nanosleep({tv_sec=0, tv_nsec=3000},  <unfinished ...>
488   futex(0x555ff128cf68, FUTEX_WAKE_PRIVATE, 1 <unfinished ...>
489   <... nanosleep resumed>NULL)      = 0
488   <... futex resumed>)              = 1
481   <... futex resumed>)              = 0
489   futex(0xc0003b8548, FUTEX_WAKE_PRIVATE, 1 <unfinished ...>
488   futex(0xc00006ed48, FUTEX_WAIT_PRIVATE, 0, NULL <unfinished ...>
491   <... futex resumed>)              = 0
489   <... futex resumed>)              = 1
481   rt_sigprocmask(SIG_SETMASK, ~[HUP INT QUIT ILL TRAP ABRT BUS FPE SEGV TERM STKFLT CHLD PROF SYS RTMIN RT_1 RT_2],  <unfinished ...>
491   futex(0xc0003b8548, FUTEX_WAIT_PRIVATE, 0, NULL <unfinished ...>
489   futex(0x555ff12bedc0, FUTEX_WAIT_PRIVATE, 0, NULL <unfinished ...>
481   <... rt_sigprocmask resumed>NULL, 8) = 0
481   futex(0xc0003b8548, FUTEX_WAKE_PRIVATE, 1 <unfinished ...>
491   <... futex resumed>)              = 0
481   <... futex resumed>)              = 1
491   nanosleep({tv_sec=0, tv_nsec=3000},  <unfinished ...>
481   futex(0xc00006ed48, FUTEX_WAKE_PRIVATE, 1 <unfinished ...>
491   <... nanosleep resumed>NULL)      = 0
488   <... futex resumed>)              = 0
481   <... futex resumed>)              = 1
491   rt_sigprocmask(SIG_SETMASK, ~[RTMIN RT_1],  <unfinished ...>
488   futex(0xc00006ed48, FUTEX_WAIT_PRIVATE, 0, NULL <unfinished ...>
491   <... rt_sigprocmask resumed>[], 8) = 0
481   futex(0x555ff128cf68, FUTEX_WAIT_PRIVATE, 0, NULL <unfinished ...>
491   mmap(NULL, 8392704, PROT_NONE, MAP_PRIVATE|MAP_ANONYMOUS|MAP_STACK, -1, 0) = 0x7ff902ffe000
491   mprotect(0x7ff902fff000, 8388608, PROT_READ|PROT_WRITE) = 0
491   rt_sigprocmask(SIG_BLOCK, ~[], ~[KILL STOP RTMIN RT_1], 8) = 0
491   clone3({flags=CLONE_VM|CLONE_FS|CLONE_FILES|CLONE_SIGHAND|CLONE_THREAD|CLONE_SYSVSEM|CLONE_SETTLS|CLONE_PARENT_SETTID|CLONE_CHILD_CLEARTID, child_tid=0x7ff9037fe910, parent_tid=0x7ff9037fe910, exit_signal=0, stack=0x7ff902ffe000, stack_size=0x7fff00, tls=0x7ff9037fe640}, 88) = -1 ENOSYS (Function not implemented)
491   clone(child_stack=0x7ff9037fdef0, flags=CLONE_VM|CLONE_FS|CLONE_FILES|CLONE_SIGHAND|CLONE_THREAD|CLONE_SYSVSEM|CLONE_SETTLS|CLONE_PARENT_SETTID|CLONE_CHILD_CLEARTID <unfinished ...>
492   rseq(0x7ff9037fefe0, 0x20, 0, 0x53053053 <unfinished ...>
491   <... clone resumed>, parent_tid=[492], tls=0x7ff9037fe640, child_tidptr=0x7ff9037fe910) = 492
492   <... rseq resumed>)               = 0
491   rt_sigprocmask(SIG_SETMASK, ~[KILL STOP RTMIN RT_1],  <unfinished ...>
492   set_robust_list(0x7ff9037fe920, 24 <unfinished ...>
491   <... rt_sigprocmask resumed>NULL, 8) = 0
492   <... set_robust_list resumed>)    = 0
491   rt_sigprocmask(SIG_SETMASK, [],  <unfinished ...>
486   <... nanosleep resumed>NULL)      = 0
492   rt_sigprocmask(SIG_SETMASK, ~[KILL STOP RTMIN RT_1],  <unfinished ...>
491   <... rt_sigprocmask resumed>NULL, 8) = 0
492   <... rt_sigprocmask resumed>NULL, 8) = 0
486   nanosleep({tv_sec=0, tv_nsec=10000000},  <unfinished ...>
492   mmap(0x7ff8e8000000, 67108864, PROT_NONE, MAP_PRIVATE|MAP_ANONYMOUS|MAP_NORESERVE, -1, 0 <unfinished ...>
491   futex(0x555ff128cf68, FUTEX_WAKE_PRIVATE, 1 <unfinished ...>
492   <... mmap resumed>)               = 0x7ff8e8000000
491   <... futex resumed>)              = 1
481   <... futex resumed>)              = 0
492   mprotect(0x7ff8e8000000, 135168, PROT_READ|PROT_WRITE <unfinished ...>
491   futex(0xc0003b8548, FUTEX_WAIT_PRIVATE, 0, NULL <unfinished ...>
492   <... mprotect resumed>)           = 0
481   rt_sigprocmask(SIG_SETMASK, ~[HUP INT QUIT ILL TRAP ABRT BUS FPE USR1 SEGV TERM STKFLT CHLD PROF SYS RTMIN RT_1 RT_2],  <unfinished ...>
492   sigaltstack(NULL,  <unfinished ...>
481   <... rt_sigprocmask resumed>NULL, 8) = 0
492   <... sigaltstack resumed>{ss_sp=NULL, ss_flags=SS_DISABLE, ss_size=0}) = 0
481   futex(0xc0003b8548, FUTEX_WAKE_PRIVATE, 1 <unfinished ...>
492   sigaltstack({ss_sp=0xc000122000, ss_flags=0, ss_size=32768},  <unfinished ...>
491   <... futex resumed>)              = 0
481   <... futex resumed>)              = 1
492   <... sigaltstack resumed>NULL)    = 0
491   futex(0x555ff128cf68, FUTEX_WAKE_PRIVATE, 1 <unfinished ...>
492   rt_sigprocmask(SIG_SETMASK, [],  <unfinished ...>
481   rt_sigprocmask(SIG_SETMASK, ~[HUP INT QUIT ILL TRAP ABRT BUS FPE USR1 SEGV PIPE TERM STKFLT CHLD PROF SYS RTMIN RT_1 RT_2],  <unfinished ...>
492   <... rt_sigprocmask resumed>NULL, 8) = 0
491   <... futex resumed>)              = 0
492   gettid( <unfinished ...>
481   <... rt_sigprocmask resumed>NULL, 8) = 0
492   <... gettid resumed>)             = 492
491   futex(0xc0003b8548, FUTEX_WAIT_PRIVATE, 0, NULL <unfinished ...>
492   futex(0xc00006ed48, FUTEX_WAKE_PRIVATE, 1 <unfinished ...>
481   futex(0xc0003b8548, FUTEX_WAKE_PRIVATE, 1 <unfinished ...>
492   <... futex resumed>)              = 1
491   <... futex resumed>)              = -1 EAGAIN (Resource temporarily unavailable)
488   <... futex resumed>)              = 0
492   newfstatat(AT_FDCWD, "/var/lib/containerd/tmpmounts",  <unfinished ...>
491   futex(0xc0003b8548, FUTEX_WAIT_PRIVATE, 0, NULL <unfinished ...>
481   <... futex resumed>)              = 0
492   <... newfstatat resumed>0xc0003c3558, 0) = -1 ENOENT (No such file or directory)
488   futex(0xc00006ed48, FUTEX_WAIT_PRIVATE, 0, NULL <unfinished ...>
492   newfstatat(AT_FDCWD, "/var/lib/containerd",  <unfinished ...>
481   futex(0x555ff128cf68, FUTEX_WAIT_PRIVATE, 0, NULL <unfinished ...>
492   <... newfstatat resumed>{st_mode=S_IFDIR|0711, st_size=4096, ...}, 0) = 0
492   mkdirat(AT_FDCWD, "/var/lib/containerd/tmpmounts", 0700) = 0
492   openat(AT_FDCWD, "/proc/self/mountinfo", O_RDONLY|O_CLOEXEC) = 6
492   epoll_ctl(3, EPOLL_CTL_ADD, 6, {events=EPOLLIN|EPOLLOUT|EPOLLRDHUP|EPOLLET, data={u32=135287208, u64=140707558871464}}) = 0
487   <... epoll_pwait resumed>[{events=EPOLLIN, data={u32=135287208, u64=140707558871464}}], 128, 4997, NULL, 51763237138793) = 1
492   fcntl(6, F_GETFL <unfinished ...>
487   epoll_pwait(3,  <unfinished ...>
492   <... fcntl resumed>)              = 0x8000 (flags O_RDONLY|O_LARGEFILE)
492   fcntl(6, F_SETFL, O_RDONLY|O_NONBLOCK|O_LARGEFILE) = 0
486   <... nanosleep resumed>NULL)      = 0
492   read(6,  <unfinished ...>
486   nanosleep({tv_sec=0, tv_nsec=10000000},  <unfinished ...>
492   <... read resumed>"274 227 0:65 / / rw,relatime master:6 - overlay overlay rw,lowerdir=/var/lib/docker/overlay2/l/HN6YRELV3PXUKKRP6YWTMSUPZ3:/var/l"..., 4096) = 4088
492   read(6, "298 274 8:32 /var/lib/docker/containers/986e6b7f7f108a063231faafe95fb93e2e1df6b45e16cbb388dc39e86dab0ba5/hostname /etc/hostname "..., 4096) = 1229
492   futex(0xc00006ed48, FUTEX_WAKE_PRIVATE, 1) = 1
488   <... futex resumed>)              = 0
492   futex(0xc0003b8548, FUTEX_WAKE_PRIVATE, 1 <unfinished ...>
488   rt_sigprocmask(SIG_SETMASK, ~[RTMIN RT_1],  <unfinished ...>
492   <... futex resumed>)              = 1
491   <... futex resumed>)              = 0
492   futex(0x555ff128cb20, FUTEX_WAIT_PRIVATE, 0, NULL <unfinished ...>
488   <... rt_sigprocmask resumed>[], 8) = 0
491   futex(0xc0003b8548, FUTEX_WAIT_PRIVATE, 0, NULL <unfinished ...>
488   mmap(NULL, 8392704, PROT_NONE, MAP_PRIVATE|MAP_ANONYMOUS|MAP_STACK, -1, 0) = 0x7ff9027fd000
488   mprotect(0x7ff9027fe000, 8388608, PROT_READ|PROT_WRITE) = 0
488   rt_sigprocmask(SIG_BLOCK, ~[], ~[KILL STOP RTMIN RT_1], 8) = 0
488   clone3({flags=CLONE_VM|CLONE_FS|CLONE_FILES|CLONE_SIGHAND|CLONE_THREAD|CLONE_SYSVSEM|CLONE_SETTLS|CLONE_PARENT_SETTID|CLONE_CHILD_CLEARTID, child_tid=0x7ff902ffd910, parent_tid=0x7ff902ffd910, exit_signal=0, stack=0x7ff9027fd000, stack_size=0x7fff00, tls=0x7ff902ffd640}, 88) = -1 ENOSYS (Function not implemented)
488   clone(child_stack=0x7ff902ffcef0, flags=CLONE_VM|CLONE_FS|CLONE_FILES|CLONE_SIGHAND|CLONE_THREAD|CLONE_SYSVSEM|CLONE_SETTLS|CLONE_PARENT_SETTID|CLONE_CHILD_CLEARTID <unfinished ...>
493   rseq(0x7ff902ffdfe0, 0x20, 0, 0x53053053 <unfinished ...>
488   <... clone resumed>, parent_tid=[493], tls=0x7ff902ffd640, child_tidptr=0x7ff902ffd910) = 493
493   <... rseq resumed>)               = 0
488   rt_sigprocmask(SIG_SETMASK, ~[KILL STOP RTMIN RT_1],  <unfinished ...>
493   set_robust_list(0x7ff902ffd920, 24 <unfinished ...>
488   <... rt_sigprocmask resumed>NULL, 8) = 0
493   <... set_robust_list resumed>)    = 0
488   rt_sigprocmask(SIG_SETMASK, [],  <unfinished ...>
493   rt_sigprocmask(SIG_SETMASK, ~[KILL STOP RTMIN RT_1],  <unfinished ...>
488   <... rt_sigprocmask resumed>NULL, 8) = 0
493   <... rt_sigprocmask resumed>NULL, 8) = 0
488   futex(0x555ff128cb20, FUTEX_WAKE_PRIVATE, 1 <unfinished ...>
493   mmap(NULL, 134217728, PROT_NONE, MAP_PRIVATE|MAP_ANONYMOUS|MAP_NORESERVE, -1, 0 <unfinished ...>
492   <... futex resumed>)              = 0
488   <... futex resumed>)              = 1
493   <... mmap resumed>)               = 0x7ff8dc000000
492   futex(0xc0003b8548, FUTEX_WAKE_PRIVATE, 1 <unfinished ...>
493   munmap(0x7ff8e0000000, 67108864 <unfinished ...>
488   futex(0x555ff128cb20, FUTEX_WAKE_PRIVATE, 1 <unfinished ...>
493   <... munmap resumed>)             = 0
492   <... futex resumed>)              = 1
491   <... futex resumed>)              = 0
493   mprotect(0x7ff8dc000000, 135168, PROT_READ|PROT_WRITE <unfinished ...>
492   rt_sigprocmask(SIG_SETMASK, ~[RTMIN RT_1],  <unfinished ...>
488   <... futex resumed>)              = 0
493   <... mprotect resumed>)           = 0
492   <... rt_sigprocmask resumed>[], 8) = 0
491   futex(0x555ff128cb20, FUTEX_WAKE_PRIVATE, 1 <unfinished ...>
493   sigaltstack(NULL,  <unfinished ...>
492   mmap(NULL, 8392704, PROT_NONE, MAP_PRIVATE|MAP_ANONYMOUS|MAP_STACK, -1, 0 <unfinished ...>
488   futex(0xc00006ed48, FUTEX_WAIT_PRIVATE, 0, NULL <unfinished ...>
493   <... sigaltstack resumed>{ss_sp=NULL, ss_flags=SS_DISABLE, ss_size=0}) = 0
492   <... mmap resumed>)               = 0x7ff901986000
491   <... futex resumed>)              = 0
493   sigaltstack({ss_sp=0xc0004f6000, ss_flags=0, ss_size=32768},  <unfinished ...>
492   mprotect(0x7ff901987000, 8388608, PROT_READ|PROT_WRITE <unfinished ...>
486   <... nanosleep resumed>NULL)      = 0
493   <... sigaltstack resumed>NULL)    = 0
492   <... mprotect resumed>)           = 0
491   futex(0xc0003b8548, FUTEX_WAIT_PRIVATE, 0, NULL <unfinished ...>
493   rt_sigprocmask(SIG_SETMASK, [],  <unfinished ...>
492   rt_sigprocmask(SIG_BLOCK, ~[],  <unfinished ...>
486   nanosleep({tv_sec=0, tv_nsec=10000000},  <unfinished ...>
493   <... rt_sigprocmask resumed>NULL, 8) = 0
492   <... rt_sigprocmask resumed>~[KILL STOP RTMIN RT_1], 8) = 0
493   gettid( <unfinished ...>
492   clone3({flags=CLONE_VM|CLONE_FS|CLONE_FILES|CLONE_SIGHAND|CLONE_THREAD|CLONE_SYSVSEM|CLONE_SETTLS|CLONE_PARENT_SETTID|CLONE_CHILD_CLEARTID, child_tid=0x7ff902186910, parent_tid=0x7ff902186910, exit_signal=0, stack=0x7ff901986000, stack_size=0x7fff00, tls=0x7ff902186640} <unfinished ...>
493   <... gettid resumed>)             = 493
492   <... clone3 resumed>, 88)         = -1 ENOSYS (Function not implemented)
493   futex(0xc00047e948, FUTEX_WAIT_PRIVATE, 0, NULL <unfinished ...>
492   clone(child_stack=0x7ff902185ef0, flags=CLONE_VM|CLONE_FS|CLONE_FILES|CLONE_SIGHAND|CLONE_THREAD|CLONE_SYSVSEM|CLONE_SETTLS|CLONE_PARENT_SETTID|CLONE_CHILD_CLEARTID, parent_tid=[494], tls=0x7ff902186640, child_tidptr=0x7ff902186910) = 494
494   rseq(0x7ff902186fe0, 0x20, 0, 0x53053053 <unfinished ...>
492   rt_sigprocmask(SIG_SETMASK, ~[KILL STOP RTMIN RT_1],  <unfinished ...>
494   <... rseq resumed>)               = 0
492   <... rt_sigprocmask resumed>NULL, 8) = 0
494   set_robust_list(0x7ff902186920, 24 <unfinished ...>
492   rt_sigprocmask(SIG_SETMASK, [],  <unfinished ...>
494   <... set_robust_list resumed>)    = 0
492   <... rt_sigprocmask resumed>NULL, 8) = 0
494   rt_sigprocmask(SIG_SETMASK, ~[KILL STOP RTMIN RT_1],  <unfinished ...>
492   futex(0xc00047e948, FUTEX_WAKE_PRIVATE, 1 <unfinished ...>
494   <... rt_sigprocmask resumed>NULL, 8) = 0
493   <... futex resumed>)              = 0
492   <... futex resumed>)              = 1
494   sched_getaffinity(0, 4096,  <unfinished ...>
493   nanosleep({tv_sec=0, tv_nsec=3000},  <unfinished ...>
494   <... sched_getaffinity resumed>[0, 1, 2, 3, 4, 5, 6, 7]) = 32
492   futex(0xc0003b8548, FUTEX_WAKE_PRIVATE, 1 <unfinished ...>
494   mmap(0x7ff8e0000000, 67108864, PROT_NONE, MAP_PRIVATE|MAP_ANONYMOUS|MAP_NORESERVE, -1, 0 <unfinished ...>
493   <... nanosleep resumed>NULL)      = 0
494   <... mmap resumed>)               = 0x7ff8e0000000
492   <... futex resumed>)              = 1
491   <... futex resumed>)              = 0
494   mprotect(0x7ff8e0000000, 135168, PROT_READ|PROT_WRITE <unfinished ...>
493   futex(0xc00006ed48, FUTEX_WAKE_PRIVATE, 1 <unfinished ...>
492   futex(0x555ff128cb20, FUTEX_WAIT_PRIVATE, 0, NULL <unfinished ...>
494   <... mprotect resumed>)           = 0
493   <... futex resumed>)              = 1
491   futex(0xc0003b8548, FUTEX_WAIT_PRIVATE, 0, NULL <unfinished ...>
488   <... futex resumed>)              = 0
494   sigaltstack(NULL,  <unfinished ...>
493   futex(0x555ff128cb20, FUTEX_WAKE_PRIVATE, 1 <unfinished ...>
494   <... sigaltstack resumed>{ss_sp=NULL, ss_flags=SS_DISABLE, ss_size=0}) = 0
488   futex(0xc00006ed48, FUTEX_WAIT_PRIVATE, 0, NULL <unfinished ...>
494   sigaltstack({ss_sp=0xc000584000, ss_flags=0, ss_size=32768},  <unfinished ...>
493   <... futex resumed>)              = 1
492   <... futex resumed>)              = 0
494   <... sigaltstack resumed>NULL)    = 0
493   futex(0xc00047e948, FUTEX_WAIT_PRIVATE, 0, NULL <unfinished ...>
494   rt_sigprocmask(SIG_SETMASK, [],  <unfinished ...>
492   futex(0xc00047e948, FUTEX_WAKE_PRIVATE, 1 <unfinished ...>
494   <... rt_sigprocmask resumed>NULL, 8) = 0
493   <... futex resumed>)              = -1 EAGAIN (Resource temporarily unavailable)
494   gettid( <unfinished ...>
492   <... futex resumed>)              = 0
494   <... gettid resumed>)             = 494
493   nanosleep({tv_sec=0, tv_nsec=3000},  <unfinished ...>
494   futex(0x555ff128cb20, FUTEX_WAKE_PRIVATE, 1 <unfinished ...>
492   futex(0xc00006ed48, FUTEX_WAKE_PRIVATE, 1 <unfinished ...>
494   <... futex resumed>)              = 0
493   <... nanosleep resumed>NULL)      = 0
494   futex(0xc000582148, FUTEX_WAIT_PRIVATE, 0, NULL <unfinished ...>
492   <... futex resumed>)              = 1
488   <... futex resumed>)              = 0
493   futex(0xc00047e948, FUTEX_WAIT_PRIVATE, 0, NULL <unfinished ...>
492   futex(0xc00047e948, FUTEX_WAKE_PRIVATE, 1 <unfinished ...>
493   <... futex resumed>)              = -1 EAGAIN (Resource temporarily unavailable)
488   nanosleep({tv_sec=0, tv_nsec=3000},  <unfinished ...>
493   nanosleep({tv_sec=0, tv_nsec=3000},  <unfinished ...>
492   <... futex resumed>)              = 0
486   <... nanosleep resumed>NULL)      = 0
493   <... nanosleep resumed>NULL)      = 0
492   futex(0xc000582148, FUTEX_WAKE_PRIVATE, 1 <unfinished ...>
488   <... nanosleep resumed>NULL)      = 0
494   <... futex resumed>)              = 0
493   futex(0x555ff128cb20, FUTEX_WAKE_PRIVATE, 1 <unfinished ...>
492   <... futex resumed>)              = 1
486   nanosleep({tv_sec=0, tv_nsec=10000000},  <unfinished ...>
494   futex(0xc000582148, FUTEX_WAIT_PRIVATE, 0, NULL <unfinished ...>
493   <... futex resumed>)              = 0
492   futex(0xc000582148, FUTEX_WAKE_PRIVATE, 1 <unfinished ...>
488   futex(0xc00006ed48, FUTEX_WAIT_PRIVATE, 0, NULL <unfinished ...>
494   <... futex resumed>)              = -1 EAGAIN (Resource temporarily unavailable)
493   nanosleep({tv_sec=0, tv_nsec=3000},  <unfinished ...>
492   <... futex resumed>)              = 0
494   nanosleep({tv_sec=0, tv_nsec=3000},  <unfinished ...>
493   <... nanosleep resumed>NULL)      = 0
494   <... nanosleep resumed>NULL)      = 0
492   futex(0xc00006ed48, FUTEX_WAKE_PRIVATE, 1 <unfinished ...>
494   futex(0xc000582148, FUTEX_WAIT_PRIVATE, 0, NULL <unfinished ...>
493   futex(0x555ff128cb20, FUTEX_WAKE_PRIVATE, 1 <unfinished ...>
492   <... futex resumed>)              = 1
488   <... futex resumed>)              = 0
493   <... futex resumed>)              = 0
492   futex(0xc000582148, FUTEX_WAKE_PRIVATE, 1 <unfinished ...>
493   futex(0xc00047e948, FUTEX_WAIT_PRIVATE, 0, NULL <unfinished ...>
488   nanosleep({tv_sec=0, tv_nsec=3000},  <unfinished ...>
494   <... futex resumed>)              = 0
492   <... futex resumed>)              = 1
494   nanosleep({tv_sec=0, tv_nsec=3000},  <unfinished ...>
488   <... nanosleep resumed>NULL)      = 0
494   <... nanosleep resumed>NULL)      = 0
492   futex(0xc00047e948, FUTEX_WAKE_PRIVATE, 1 <unfinished ...>
494   futex(0xc000582148, FUTEX_WAIT_PRIVATE, 0, NULL <unfinished ...>
488   futex(0x555ff128cb20, FUTEX_WAKE_PRIVATE, 1 <unfinished ...>
493   <... futex resumed>)              = 0
492   <... futex resumed>)              = 1
493   futex(0xc00047e948, FUTEX_WAIT_PRIVATE, 0, NULL <unfinished ...>
488   <... futex resumed>)              = 0
492   getpid( <unfinished ...>
488   sched_yield( <unfinished ...>
492   <... getpid resumed>)             = 481
488   <... sched_yield resumed>)        = 0
492   tgkill(481, 488, SIGURG <unfinished ...>
488   futex(0x555ff128ffb8, FUTEX_WAIT_PRIVATE, 2, NULL <unfinished ...>
492   <... tgkill resumed>)             = 0
488   <... futex resumed>)              = ? ERESTARTSYS (To be restarted if SA_RESTART is set)
492   futex(0x555ff128ffb8, FUTEX_WAKE_PRIVATE, 1 <unfinished ...>
488   --- SIGURG {si_signo=SIGURG, si_code=SI_TKILL, si_pid=481, si_uid=0} ---
492   <... futex resumed>)              = 0
488   rt_sigreturn({mask=[]} <unfinished ...>
492   futex(0x555ff1290088, FUTEX_WAIT_PRIVATE, 0, {tv_sec=0, tv_nsec=100000} <unfinished ...>
488   <... rt_sigreturn resumed>)       = 202
492   <... futex resumed>)              = -1 ETIMEDOUT (Connection timed out)
488   futex(0x555ff128ffb8, FUTEX_WAIT_PRIVATE, 2, NULL <unfinished ...>
492   futex(0x555ff1290088, FUTEX_WAIT_PRIVATE, 0, {tv_sec=0, tv_nsec=100000} <unfinished ...>
488   <... futex resumed>)              = -1 EAGAIN (Resource temporarily unavailable)
492   <... futex resumed>)              = -1 ETIMEDOUT (Connection timed out)
488   futex(0x555ff1290088, FUTEX_WAKE_PRIVATE, 1 <unfinished ...>
492   epoll_pwait(3,  <unfinished ...>
488   <... futex resumed>)              = 0
492   <... epoll_pwait resumed>[], 128, 0, NULL, 0) = 0
488   futex(0x555ff128ffb8, FUTEX_WAKE_PRIVATE, 1 <unfinished ...>
492   futex(0xc00047e948, FUTEX_WAKE_PRIVATE, 1 <unfinished ...>
488   <... futex resumed>)              = 0
493   <... futex resumed>)              = 0
492   <... futex resumed>)              = 1
493   futex(0xc00006ed48, FUTEX_WAKE_PRIVATE, 1 <unfinished ...>
488   futex(0xc00006ed48, FUTEX_WAIT_PRIVATE, 0, NULL <unfinished ...>
493   <... futex resumed>)              = 0
492   read(6,  <unfinished ...>
488   <... futex resumed>)              = -1 EAGAIN (Resource temporarily unavailable)
492   <... read resumed>"", 2867)       = 0
488   futex(0xc000582148, FUTEX_WAKE_PRIVATE, 1 <unfinished ...>
492   epoll_ctl(3, EPOLL_CTL_DEL, 6, 0xc0002def9c <unfinished ...>
494   <... futex resumed>)              = 0
488   <... futex resumed>)              = 1
494   futex(0xc0003b8548, FUTEX_WAKE_PRIVATE, 1 <unfinished ...>
492   <... epoll_ctl resumed>)          = 0
486   <... nanosleep resumed>NULL)      = 0
494   <... futex resumed>)              = 1
493   getpid( <unfinished ...>
491   <... futex resumed>)              = 0
488   getpid( <unfinished ...>
494   futex(0xc000582148, FUTEX_WAIT_PRIVATE, 0, NULL <unfinished ...>
493   <... getpid resumed>)             = 481
492   futex(0xc000100548, FUTEX_WAIT_PRIVATE, 0, NULL <unfinished ...>
491   futex(0xc0003b8548, FUTEX_WAIT_PRIVATE, 0, NULL <unfinished ...>
486   nanosleep({tv_sec=0, tv_nsec=10000000},  <unfinished ...>
493   tgkill(481, 492, SIGURG <unfinished ...>
488   <... getpid resumed>)             = 481
493   <... tgkill resumed>)             = 0
492   <... futex resumed>)              = ? ERESTARTSYS (To be restarted if SA_RESTART is set)
488   tgkill(481, 493, SIGURG <unfinished ...>
493   futex(0xc0003b8548, FUTEX_WAKE_PRIVATE, 1 <unfinished ...>
492   --- SIGURG {si_signo=SIGURG, si_code=SI_TKILL, si_pid=481, si_uid=0} ---
493   <... futex resumed>)              = 1
491   <... futex resumed>)              = 0
488   <... tgkill resumed>)             = 0
493   --- SIGURG {si_signo=SIGURG, si_code=SI_TKILL, si_pid=481, si_uid=0} ---
492   rt_sigreturn({mask=[]} <unfinished ...>
491   nanosleep({tv_sec=0, tv_nsec=3000},  <unfinished ...>
493   rt_sigreturn({mask=[]} <unfinished ...>
492   <... rt_sigreturn resumed>)       = 202
488   nanosleep({tv_sec=0, tv_nsec=3000},  <unfinished ...>
493   <... rt_sigreturn resumed>)       = 1
492   futex(0xc000100548, FUTEX_WAIT_PRIVATE, 0, NULL <unfinished ...>
491   <... nanosleep resumed>NULL)      = 0
493   futex(0x555ff12900b0, FUTEX_WAIT_PRIVATE, 0, {tv_sec=0, tv_nsec=100000} <unfinished ...>
488   <... nanosleep resumed>NULL)      = 0
491   close(6 <unfinished ...>
493   <... futex resumed>)              = -1 ETIMEDOUT (Connection timed out)
488   futex(0x555ff12900b0, FUTEX_WAKE_PRIVATE, 1 <unfinished ...>
493   sched_yield( <unfinished ...>
491   <... close resumed>)              = 0
493   <... sched_yield resumed>)        = 0
488   <... futex resumed>)              = 0
493   futex(0x555ff128ffb8, FUTEX_WAIT_PRIVATE, 2, NULL <unfinished ...>
491   mmap(NULL, 262144, PROT_READ|PROT_WRITE, MAP_PRIVATE|MAP_ANONYMOUS, -1, 0 <unfinished ...>
493   <... futex resumed>)              = -1 EAGAIN (Resource temporarily unavailable)
488   futex(0x555ff128ffb8, FUTEX_WAKE_PRIVATE, 1 <unfinished ...>
493   futex(0x555ff128ffb8, FUTEX_WAKE_PRIVATE, 1 <unfinished ...>
491   <... mmap resumed>)               = 0x7ff9080c3000
493   <... futex resumed>)              = 0
488   <... futex resumed>)              = 0
493   getpid( <unfinished ...>
491   mmap(NULL, 65536, PROT_READ|PROT_WRITE, MAP_PRIVATE|MAP_ANONYMOUS, -1, 0 <unfinished ...>
493   <... getpid resumed>)             = 481
488   sched_yield( <unfinished ...>
493   tgkill(481, 491, SIGURG <unfinished ...>
491   <... mmap resumed>)               = 0x7ff9080b3000
493   <... tgkill resumed>)             = 0
488   <... sched_yield resumed>)        = 0
493   futex(0x555ff12900b0, FUTEX_WAIT_PRIVATE, 0, {tv_sec=0, tv_nsec=100000} <unfinished ...>
491   --- SIGURG {si_signo=SIGURG, si_code=SI_TKILL, si_pid=481, si_uid=0} ---
493   <... futex resumed>)              = -1 ETIMEDOUT (Connection timed out)
488   futex(0x555ff128ffb8, FUTEX_WAKE_PRIVATE, 1 <unfinished ...>
493   getpid( <unfinished ...>
491   rt_sigreturn({mask=[]} <unfinished ...>
493   <... getpid resumed>)             = 481
488   <... futex resumed>)              = 0
493   tgkill(481, 491, SIGURG <unfinished ...>
491   <... rt_sigreturn resumed>)       = 140707558535168
493   <... tgkill resumed>)             = 0
488   futex(0xc00006ed48, FUTEX_WAIT_PRIVATE, 0, NULL <unfinished ...>
493   futex(0x555ff12900b0, FUTEX_WAIT_PRIVATE, 0, {tv_sec=0, tv_nsec=100000} <unfinished ...>
491   --- SIGURG {si_signo=SIGURG, si_code=SI_TKILL, si_pid=481, si_uid=0} ---
493   <... futex resumed>)              = -1 ETIMEDOUT (Connection timed out)
491   rt_sigreturn({mask=[]} <unfinished ...>
493   getpid( <unfinished ...>
491   <... rt_sigreturn resumed>)       = 140707558535168
493   <... getpid resumed>)             = 481
491   futex(0x555ff12900b0, FUTEX_WAKE_PRIVATE, 1 <unfinished ...>
493   tgkill(481, 491, SIGURG <unfinished ...>
491   <... futex resumed>)              = 0
493   <... tgkill resumed>)             = 0
486   <... nanosleep resumed>NULL)      = 0
493   sched_yield( <unfinished ...>
491   --- SIGURG {si_signo=SIGURG, si_code=SI_TKILL, si_pid=481, si_uid=0} ---
493   <... sched_yield resumed>)        = 0
486   getpid( <unfinished ...>
493   futex(0x555ff128ffb8, FUTEX_WAIT_PRIVATE, 2, NULL <unfinished ...>
491   rt_sigreturn({mask=[]} <unfinished ...>
486   <... getpid resumed>)             = 481
491   <... rt_sigreturn resumed>)       = 0
486   tgkill(481, 493, SIGURG <unfinished ...>
491   futex(0x555ff128ffb8, FUTEX_WAKE_PRIVATE, 1 <unfinished ...>
493   <... futex resumed>)              = ? ERESTARTSYS (To be restarted if SA_RESTART is set)
486   <... tgkill resumed>)             = 0
493   --- SIGURG {si_signo=SIGURG, si_code=SI_TKILL, si_pid=481, si_uid=0} ---
491   <... futex resumed>)              = 0
493   rt_sigreturn({mask=[]} <unfinished ...>
486   nanosleep({tv_sec=0, tv_nsec=10000000},  <unfinished ...>
493   <... rt_sigreturn resumed>)       = 202
491   ioctl(2, TCGETS <unfinished ...>
493   futex(0x555ff128ffb8, FUTEX_WAIT_PRIVATE, 2, NULL <unfinished ...>
491   <... ioctl resumed>, 0xc00061e9b4) = -1 ENOTTY (Inappropriate ioctl for device)
493   <... futex resumed>)              = -1 EAGAIN (Resource temporarily unavailable)
491   openat(AT_FDCWD, "/usr/share/zoneinfo//America/Los_Angeles", O_RDONLY <unfinished ...>
493   futex(0x555ff128ffb8, FUTEX_WAKE_PRIVATE, 1 <unfinished ...>
491   <... openat resumed>)             = -1 ENOENT (No such file or directory)
493   <... futex resumed>)              = 0
491   openat(AT_FDCWD, "/usr/share/lib/zoneinfo//America/Los_Angeles", O_RDONLY <unfinished ...>
493   epoll_pwait(3,  <unfinished ...>
491   <... openat resumed>)             = -1 ENOENT (No such file or directory)
493   <... epoll_pwait resumed>[], 128, 0, NULL, 0) = 0
491   futex(0xc0003b8548, FUTEX_WAIT_PRIVATE, 0, NULL <unfinished ...>
493   futex(0xc0003b8548, FUTEX_WAKE_PRIVATE, 1 <unfinished ...>
491   <... futex resumed>)              = -1 EAGAIN (Resource temporarily unavailable)
493   <... futex resumed>)              = 0
491   mmap(NULL, 262144, PROT_READ|PROT_WRITE, MAP_PRIVATE|MAP_ANONYMOUS, -1, 0 <unfinished ...>
493   futex(0x555ff12900b0, FUTEX_WAIT_PRIVATE, 0, {tv_sec=0, tv_nsec=100000} <unfinished ...>
491   <... mmap resumed>)               = 0x7ff908073000
493   <... futex resumed>)              = -1 ETIMEDOUT (Connection timed out)
491   futex(0x555ff12900b0, FUTEX_WAKE_PRIVATE, 1 <unfinished ...>
493   sched_yield( <unfinished ...>
491   <... futex resumed>)              = 0
493   <... sched_yield resumed>)        = 0
491   futex(0xc00006ed48, FUTEX_WAKE_PRIVATE, 1 <unfinished ...>
493   futex(0x555ff128ffb8, FUTEX_WAKE_PRIVATE, 1 <unfinished ...>
491   <... futex resumed>)              = 1
488   <... futex resumed>)              = 0
493   <... futex resumed>)              = 0
491   openat(AT_FDCWD, "/usr/lib/locale/TZ//America/Los_Angeles", O_RDONLY <unfinished ...>
493   futex(0xc00047e948, FUTEX_WAIT_PRIVATE, 0, NULL <unfinished ...>
488   nanosleep({tv_sec=0, tv_nsec=3000},  <unfinished ...>
491   <... openat resumed>)             = -1 ENOENT (No such file or directory)
488   <... nanosleep resumed>NULL)      = 0
491   openat(AT_FDCWD, "/usr/lib/go-1.18/lib/time/zoneinfo.zip", O_RDONLY <unfinished ...>
488   futex(0xc00006ed48, FUTEX_WAIT_PRIVATE, 0, NULL <unfinished ...>
491   <... openat resumed>)             = -1 ENOENT (No such file or directory)
491   write(2, "time=\"2022-07-19T05:54:56.146045877Z\" level=info msg=\"starting containerd\" revision= version=1.5.9-0ubuntu3\n", 108) = 108
491   newfstatat(AT_FDCWD, "/var/lib/containerd/plugins", 0xc0003c2108, 0) = -1 ENOENT (No such file or directory)
486   <... nanosleep resumed>NULL)      = 0
