6874  poll([{fd=6, events=POLLIN}, {fd=7, events=POLLIN}], 2, -1 <unfinished ...>
6868  <... read resumed>"8", 1024)      = 1
6868  poll([{fd=5, events=POLLIN|POLLOUT}, {fd=6, events=POLLIN}], 2, -1) = 1 ([{fd=5, revents=POLLOUT}])
6868  sendto(5, "L\0\0\0\1\0\0\0\377\250<u\302\310\1F\261\25\214)D\332\21P\2\0\0\1\10\0\0\0\2\0\0\0(\0\0\0\1\0\0\0\357G\312C\310\353\242G\226y\244p2\30\10\237\2\0\0\0\0\0\0\0\20\5\3\214\274\177\0\0", 76, 0, NULL, 0) = 76
6865  <... poll resumed>)               = 1 ([{fd=5, revents=POLLIN}])
6868  poll([{fd=5, events=POLLIN}, {fd=6, events=POLLIN}], 2, -1 <unfinished ...>
6865  recvfrom(5, "L\0\0\0\1\0\0\0\377\250<u\302\310\1F\261\25\214)D\332\21P\2\0\0\1\10\0\0\0\2\0\0\0(\0\0\0\1\0\0\0\357G\312C\310\353\242G\226y\244p2\30\10\237\2\0\0\0\0\0\0\0\20\5\3\214\274\177\0\0", 1024, 0, NULL, NULL) = 76
6865  poll([{fd=4, events=POLLIN|POLLPRI}, {fd=5, events=POLLIN|POLLOUT}, {fd=6, events=POLLIN|POLLOUT}], 3, 300000) = 2 ([{fd=5, revents=POLLOUT}, {fd=6, revents=POLLOUT}])
6865  sendto(5, "$\0\0\0\1\0\0\0\377\250<u\302\310\1F\261\25\214)D\332\21P\1\0\0\2\10\0\0\0\0\0\0\0", 36, 0, NULL, 0 <unfinished ...>
6868  <... poll resumed>)               = 1 ([{fd=5, revents=POLLIN}])
6865  <... sendto resumed>)             = 36
6868  recvfrom(5,  <unfinished ...>
6865  sendto(6, "L\0\0\0\1\0\0\0\377\250<u\302\310\1F\261\25\214)D\332\21P\2\0\0\4\7\0\0\0\1\0\0\0(\0\0\0\1\0\0\0\357G\312C\310\353\242G\226y\244p2\30\10\237\2\0\0\0\0\0\0\0\20\5\3\214\274\177\0\0", 76, 0, NULL, 0 <unfinished ...>
6868  <... recvfrom resumed>"$\0\0\0\1\0\0\0\377\250<u\302\310\1F\261\25\214)D\332\21P\1\0\0\2\10\0\0\0\0\0\0\0", 1024, 0, NULL, NULL) = 36
6874  <... poll resumed>)               = 1 ([{fd=6, revents=POLLIN}])
6865  <... sendto resumed>)             = 76
6874  recvfrom(6,  <unfinished ...>
6868  write(7, "8", 1 <unfinished ...>
6874  <... recvfrom resumed>"L\0\0\0\1\0\0\0\377\250<u\302\310\1F\261\25\214)D\332\21P\2\0\0\4\7\0\0\0\1\0\0\0(\0\0\0\1\0\0\0\357G\312C\310\353\242G\226y\244p2\30\10\237\2\0\0\0\0\0\0\0\20\5\3\214\274\177\0\0", 1024, 0, NULL, NULL) = 76
6865  poll([{fd=4, events=POLLIN|POLLPRI}, {fd=5, events=POLLIN}, {fd=6, events=POLLIN}], 3, 300000 <unfinished ...>
6874  write(5, "\372", 1 <unfinished ...>
6868  <... write resumed>)              = 1
6874  <... write resumed>)              = 1
6871  <... pselect6 resumed>)           = 1 (in [4])
6874  recvfrom(6,  <unfinished ...>
6868  futex(0x55e2ab4e0aa4, FUTEX_WAKE_PRIVATE, 2147483647 <unfinished ...>
6874  <... recvfrom resumed>0x7fbc977c7700, 1024, 0, NULL, NULL) = -1 EAGAIN (Resource temporarily unavailable)
6871  futex(0x5569d8f0b4a4, FUTEX_WAKE_PRIVATE, 1 <unfinished ...>
6874  poll([{fd=6, events=POLLIN}, {fd=7, events=POLLIN}], 2, -1 <unfinished ...>
6868  <... futex resumed>)              = 1
6858  <... futex resumed>)              = 0
6875  <... futex resumed>)              = 0
6871  <... futex resumed>)              = 1
6868  recvfrom(5,  <unfinished ...>
6875  futex(0x5569d8f0b4c8, FUTEX_WAKE_PRIVATE, 1 <unfinished ...>
6871  sched_yield( <unfinished ...>
6858  futex(0x55e2ab4e0ac8, FUTEX_WAKE_PRIVATE, 1 <unfinished ...>
6875  <... futex resumed>)              = 0
6871  <... sched_yield resumed>)        = 0
6868  <... recvfrom resumed>0x7f21d141b700, 1024, 0, NULL, NULL) = -1 EAGAIN (Resource temporarily unavailable)
6875  futex(0x5569d8f0b4a0, FUTEX_WAIT_BITSET_PRIVATE|FUTEX_CLOCK_REALTIME, 0, NULL, FUTEX_BITSET_MATCH_ANY <unfinished ...>
6871  read(4,  <unfinished ...>
6858  <... futex resumed>)              = 0
6871  <... read resumed>"\372", 1)      = 1
6868  poll([{fd=5, events=POLLIN}, {fd=6, events=POLLIN}], 2, -1 <unfinished ...>
6871  pselect6(5, [4], NULL, [4], NULL, NULL <unfinished ...>
6858  write(7, "8", 1 <unfinished ...>
6868  <... poll resumed>)               = 1 ([{fd=6, revents=POLLIN}])
6858  <... write resumed>)              = 1
6868  read(6,  <unfinished ...>
6858  futex(0x55e2ab4e0aa0, FUTEX_WAIT_BITSET_PRIVATE|FUTEX_CLOCK_REALTIME, 0, {tv_sec=1658089396, tv_nsec=933137000}, FUTEX_BITSET_MATCH_ANY <unfinished ...>
6868  <... read resumed>"88", 1024)     = 2
6868  poll([{fd=5, events=POLLIN|POLLOUT}, {fd=6, events=POLLIN}], 2, -1) = 1 ([{fd=5, revents=POLLOUT}])
6868  sendto(5, "N\0\0\0\1\0\0\0\377\250<u\302\310\1F\261\25\214)D\332\21P\2\0\0\1\t\0\0\0\2\0\0\0*\0\0\0\1\0\0\0\357G\312C\310\353\242G\226y\244p2\30\10\237\3\0\0\0\4\0\0\0\20\5\3\214\274\177\0\0\25\0", 78, 0, NULL, 0) = 78
6865  <... poll resumed>)               = 1 ([{fd=5, revents=POLLIN}])
6868  poll([{fd=5, events=POLLIN}, {fd=6, events=POLLIN}], 2, -1 <unfinished ...>
6865  recvfrom(5, "N\0\0\0\1\0\0\0\377\250<u\302\310\1F\261\25\214)D\332\21P\2\0\0\1\t\0\0\0\2\0\0\0*\0\0\0\1\0\0\0\357G\312C\310\353\242G\226y\244p2\30\10\237\3\0\0\0\4\0\0\0\20\5\3\214\274\177\0\0\25\0", 1024, 0, NULL, NULL) = 78
6865  poll([{fd=4, events=POLLIN|POLLPRI}, {fd=5, events=POLLIN|POLLOUT}, {fd=6, events=POLLIN|POLLOUT}], 3, 300000) = 2 ([{fd=5, revents=POLLOUT}, {fd=6, revents=POLLOUT}])
6865  sendto(5, "$\0\0\0\1\0\0\0\377\250<u\302\310\1F\261\25\214)D\332\21P\1\0\0\2\t\0\0\0\0\0\0\0", 36, 0, NULL, 0 <unfinished ...>
6868  <... poll resumed>)               = 1 ([{fd=5, revents=POLLIN}])
6865  <... sendto resumed>)             = 36
6868  recvfrom(5,  <unfinished ...>
6865  sendto(6, "N\0\0\0\1\0\0\0\377\250<u\302\310\1F\261\25\214)D\332\21P\2\0\0\4\10\0\0\0\1\0\0\0*\0\0\0\1\0\0\0\357G\312C\310\353\242G\226y\244p2\30\10\237\3\0\0\0\4\0\0\0\20\5\3\214\274\177\0\0\25\0", 78, 0, NULL, 0 <unfinished ...>
6868  <... recvfrom resumed>"$\0\0\0\1\0\0\0\377\250<u\302\310\1F\261\25\214)D\332\21P\1\0\0\2\t\0\0\0\0\0\0\0", 1024, 0, NULL, NULL) = 36
6874  <... poll resumed>)               = 1 ([{fd=6, revents=POLLIN}])
6865  <... sendto resumed>)             = 78
6874  recvfrom(6,  <unfinished ...>
6868  write(7, "8", 1 <unfinished ...>
6874  <... recvfrom resumed>"N\0\0\0\1\0\0\0\377\250<u\302\310\1F\261\25\214)D\332\21P\2\0\0\4\10\0\0\0\1\0\0\0*\0\0\0\1\0\0\0\357G\312C\310\353\242G\226y\244p2\30\10\237\3\0\0\0\4\0\0\0\20\5\3\214\274\177\0\0\25\0", 1024, 0, NULL, NULL) = 78
6865  poll([{fd=4, events=POLLIN|POLLPRI}, {fd=5, events=POLLIN}, {fd=6, events=POLLIN}], 3, 300000 <unfinished ...>
6874  write(5, "\372", 1 <unfinished ...>
6868  <... write resumed>)              = 1
6874  <... write resumed>)              = 1
6871  <... pselect6 resumed>)           = 1 (in [4])
6874  recvfrom(6,  <unfinished ...>
6868  futex(0x55e2ab4e0aa0, FUTEX_WAKE_PRIVATE, 2147483647 <unfinished ...>
6874  <... recvfrom resumed>0x7fbc977c7700, 1024, 0, NULL, NULL) = -1 EAGAIN (Resource temporarily unavailable)
6871  futex(0x5569d8f0b4a0, FUTEX_WAKE_PRIVATE, 1 <unfinished ...>
6874  poll([{fd=6, events=POLLIN}, {fd=7, events=POLLIN}], 2, -1 <unfinished ...>
6868  <... futex resumed>)              = 1
6858  <... futex resumed>)              = 0
6875  <... futex resumed>)              = 0
6871  <... futex resumed>)              = 1
6868  recvfrom(5,  <unfinished ...>
6875  futex(0x5569d8f0b4c8, FUTEX_WAKE_PRIVATE, 1 <unfinished ...>
6871  sched_yield( <unfinished ...>
6858  futex(0x55e2ab4e0ac8, FUTEX_WAKE_PRIVATE, 1 <unfinished ...>
6875  <... futex resumed>)              = 0
6871  <... sched_yield resumed>)        = 0
6868  <... recvfrom resumed>0x7f21d141b700, 1024, 0, NULL, NULL) = -1 EAGAIN (Resource temporarily unavailable)
6875  write(8, "8", 1 <unfinished ...>
6871  read(4,  <unfinished ...>
6858  <... futex resumed>)              = 0
6875  <... write resumed>)              = 1
6874  <... poll resumed>)               = 1 ([{fd=7, revents=POLLIN}])
6871  <... read resumed>"\372", 1)      = 1
6868  poll([{fd=5, events=POLLIN}, {fd=6, events=POLLIN}], 2, -1 <unfinished ...>
6875  futex(0x5569d8f18c50, FUTEX_WAIT_BITSET_PRIVATE|FUTEX_CLOCK_REALTIME, 0, {tv_sec=1658089396, tv_nsec=947907000}, FUTEX_BITSET_MATCH_ANY <unfinished ...>
6874  read(7,  <unfinished ...>
6871  pselect6(5, [4], NULL, [4], NULL, NULL <unfinished ...>
6858  futex(0x55e2ab4e0ce4, FUTEX_WAIT_BITSET_PRIVATE|FUTEX_CLOCK_REALTIME, 0, {tv_sec=1662152343, tv_nsec=551680000}, FUTEX_BITSET_MATCH_ANY <unfinished ...>
6874  <... read resumed>"8", 1024)      = 1
6868  <... poll resumed>)               = 1 ([{fd=6, revents=POLLIN}])
6874  poll([{fd=6, events=POLLIN|POLLOUT}, {fd=7, events=POLLIN}], 2, -1 <unfinished ...>
6868  read(6,  <unfinished ...>
6874  <... poll resumed>)               = 1 ([{fd=6, revents=POLLOUT}])
6868  <... read resumed>"8", 1024)      = 1
6874  sendto(6, "P\0\0\0\1\0\0\0\377\250<u\302\310\1F\261\25\214)D\332\21P\2\0\0\1\7\0\0\0\1\0\0\0,\0\0\0\1\0\0\0\357G\312C\310\353\242G\226y\244p2\30\10\237\5\0\0\0\4\0\0\0\0\0\0\0\241\r\0\210\274\177\0\0", 80, 0, NULL, 0 <unfinished ...>
6868  poll([{fd=5, events=POLLIN}, {fd=6, events=POLLIN}], 2, -1 <unfinished ...>
6874  <... sendto resumed>)             = 80
6865  <... poll resumed>)               = 1 ([{fd=6, revents=POLLIN}])
6874  poll([{fd=6, events=POLLIN}, {fd=7, events=POLLIN}], 2, -1 <unfinished ...>
6865  recvfrom(6, "P\0\0\0\1\0\0\0\377\250<u\302\310\1F\261\25\214)D\332\21P\2\0\0\1\7\0\0\0\1\0\0\0,\0\0\0\1\0\0\0\357G\312C\310\353\242G\226y\244p2\30\10\237\5\0\0\0\4\0\0\0\0\0\0\0\241\r\0\210\274\177\0\0", 1024, 0, NULL, NULL) = 80
6865  poll([{fd=4, events=POLLIN|POLLPRI}, {fd=5, events=POLLIN|POLLOUT}, {fd=6, events=POLLIN|POLLOUT}], 3, 300000) = 2 ([{fd=5, revents=POLLOUT}, {fd=6, revents=POLLOUT}])
6865  sendto(5, "P\0\0\0\1\0\0\0\377\250<u\302\310\1F\261\25\214)D\332\21P\2\0\0\4\t\0\0\0\2\0\0\0,\0\0\0\1\0\0\0\357G\312C\310\353\242G\226y\244p2\30\10\237\5\0\0\0\4\0\0\0\0\0\0\0\241\r\0\210\274\177\0\0", 80, 0, NULL, 0 <unfinished ...>
6868  <... poll resumed>)               = 1 ([{fd=5, revents=POLLIN}])
6865  <... sendto resumed>)             = 80
6868  recvfrom(5,  <unfinished ...>
6865  sendto(6, "$\0\0\0\1\0\0\0\377\250<u\302\310\1F\261\25\214)D\332\21P\1\0\0\2\7\0\0\0\0\0\0\0", 36, 0, NULL, 0 <unfinished ...>
6868  <... recvfrom resumed>"P\0\0\0\1\0\0\0\377\250<u\302\310\1F\261\25\214)D\332\21P\2\0\0\4\t\0\0\0\2\0\0\0,\0\0\0\1\0\0\0\357G\312C\310\353\242G\226y\244p2\30\10\237\5\0\0\0\4\0\0\0\0\0\0\0\241\r\0\210\274\177\0\0", 1024, 0, NULL, NULL) = 80
6874  <... poll resumed>)               = 1 ([{fd=6, revents=POLLIN}])
6865  <... sendto resumed>)             = 36
6874  recvfrom(6,  <unfinished ...>
6868  futex(0x55e2ab4e0ce4, FUTEX_WAKE_PRIVATE, 2147483647 <unfinished ...>
6874  <... recvfrom resumed>"$\0\0\0\1\0\0\0\377\250<u\302\310\1F\261\25\214)D\332\21P\1\0\0\2\7\0\0\0\0\0\0\0", 1024, 0, NULL, NULL) = 36
6865  poll([{fd=4, events=POLLIN|POLLPRI}, {fd=5, events=POLLIN}, {fd=6, events=POLLIN}], 3, 300000 <unfinished ...>
6874  write(8, "8", 1 <unfinished ...>
6868  <... futex resumed>)              = 1
6858  <... futex resumed>)              = 0
6874  <... write resumed>)              = 1
6868  recvfrom(5,  <unfinished ...>
6874  futex(0x5569d8f18c50, FUTEX_WAKE_PRIVATE, 2147483647 <unfinished ...>
6858  futex(0x55e2ab516028, FUTEX_WAKE_PRIVATE, 1 <unfinished ...>
6875  <... futex resumed>)              = 0
6874  <... futex resumed>)              = 1
6868  <... recvfrom resumed>0x7f21d141b700, 1024, 0, NULL, NULL) = -1 EAGAIN (Resource temporarily unavailable)
6875  futex(0x5569d8f0a8b8, FUTEX_WAKE_PRIVATE, 1 <unfinished ...>
6874  recvfrom(6,  <unfinished ...>
6858  <... futex resumed>)              = 0
6875  <... futex resumed>)              = 0
6874  <... recvfrom resumed>0x7fbc977c7700, 1024, 0, NULL, NULL) = -1 EAGAIN (Resource temporarily unavailable)
6868  poll([{fd=5, events=POLLIN}, {fd=6, events=POLLIN}], 2, -1 <unfinished ...>
6875  futex(0x5569d8f0b4a4, FUTEX_WAIT_BITSET_PRIVATE|FUTEX_CLOCK_REALTIME, 0, NULL, FUTEX_BITSET_MATCH_ANY <unfinished ...>
6874  poll([{fd=6, events=POLLIN}, {fd=7, events=POLLIN}], 2, -1 <unfinished ...>
6858  write(7, "8", 1 <unfinished ...>
6874  <... poll resumed>)               = 1 ([{fd=7, revents=POLLIN}])
6868  <... poll resumed>)               = 1 ([{fd=6, revents=POLLIN}])
6858  <... write resumed>)              = 1
6874  read(7,  <unfinished ...>
6868  read(6,  <unfinished ...>
6874  <... read resumed>"8", 1024)      = 1
6858  futex(0x55e2ab4e0aa4, FUTEX_WAIT_BITSET_PRIVATE|FUTEX_CLOCK_REALTIME, 0, {tv_sec=1658089396, tv_nsec=962922000}, FUTEX_BITSET_MATCH_ANY <unfinished ...>
6874  poll([{fd=6, events=POLLIN}, {fd=7, events=POLLIN}], 2, -1 <unfinished ...>
6868  <... read resumed>"8", 1024)      = 1
6868  poll([{fd=5, events=POLLIN|POLLOUT}, {fd=6, events=POLLIN}], 2, -1) = 1 ([{fd=5, revents=POLLOUT}])
6868  sendto(5, "N\0\0\0\1\0\0\0\377\250<u\302\310\1F\261\25\214)D\332\21P\2\0\0\1\n\0\0\0\2\0\0\0*\0\0\0\1\0\0\0\357G\312C\310\353\242G\226y\244p2\30\10\237\3\0\0\0\5\0\0\0\20\5\3\214\274\177\0\0\r\0", 78, 0, NULL, 0) = 78
6865  <... poll resumed>)               = 1 ([{fd=5, revents=POLLIN}])
6868  poll([{fd=5, events=POLLIN}, {fd=6, events=POLLIN}], 2, -1 <unfinished ...>
6865  recvfrom(5, "N\0\0\0\1\0\0\0\377\250<u\302\310\1F\261\25\214)D\332\21P\2\0\0\1\n\0\0\0\2\0\0\0*\0\0\0\1\0\0\0\357G\312C\310\353\242G\226y\244p2\30\10\237\3\0\0\0\5\0\0\0\20\5\3\214\274\177\0\0\r\0", 1024, 0, NULL, NULL) = 78
6865  poll([{fd=4, events=POLLIN|POLLPRI}, {fd=5, events=POLLIN|POLLOUT}, {fd=6, events=POLLIN|POLLOUT}], 3, 300000) = 2 ([{fd=5, revents=POLLOUT}, {fd=6, revents=POLLOUT}])
6865  sendto(5, "$\0\0\0\1\0\0\0\377\250<u\302\310\1F\261\25\214)D\332\21P\1\0\0\2\n\0\0\0\0\0\0\0", 36, 0, NULL, 0 <unfinished ...>
6868  <... poll resumed>)               = 1 ([{fd=5, revents=POLLIN}])
6865  <... sendto resumed>)             = 36
6868  recvfrom(5,  <unfinished ...>
6865  sendto(6, "N\0\0\0\1\0\0\0\377\250<u\302\310\1F\261\25\214)D\332\21P\2\0\0\4\n\0\0\0\1\0\0\0*\0\0\0\1\0\0\0\357G\312C\310\353\242G\226y\244p2\30\10\237\3\0\0\0\5\0\0\0\20\5\3\214\274\177\0\0\r\0", 78, 0, NULL, 0 <unfinished ...>
6868  <... recvfrom resumed>"$\0\0\0\1\0\0\0\377\250<u\302\310\1F\261\25\214)D\332\21P\1\0\0\2\n\0\0\0\0\0\0\0", 1024, 0, NULL, NULL) = 36
6874  <... poll resumed>)               = 1 ([{fd=6, revents=POLLIN}])
6865  <... sendto resumed>)             = 78
6874  recvfrom(6,  <unfinished ...>
6868  write(7, "8", 1 <unfinished ...>
6874  <... recvfrom resumed>"N\0\0\0\1\0\0\0\377\250<u\302\310\1F\261\25\214)D\332\21P\2\0\0\4\n\0\0\0\1\0\0\0*\0\0\0\1\0\0\0\357G\312C\310\353\242G\226y\244p2\30\10\237\3\0\0\0\5\0\0\0\20\5\3\214\274\177\0\0\r\0", 1024, 0, NULL, NULL) = 78
6865  poll([{fd=4, events=POLLIN|POLLPRI}, {fd=5, events=POLLIN}, {fd=6, events=POLLIN}], 3, 300000 <unfinished ...>
6874  write(5, "\372", 1 <unfinished ...>
6868  <... write resumed>)              = 1
6874  <... write resumed>)              = 1
6871  <... pselect6 resumed>)           = 1 (in [4])
6874  recvfrom(6,  <unfinished ...>
6868  futex(0x55e2ab4e0aa4, FUTEX_WAKE_PRIVATE, 2147483647 <unfinished ...>
6874  <... recvfrom resumed>0x7fbc977c7700, 1024, 0, NULL, NULL) = -1 EAGAIN (Resource temporarily unavailable)
6871  futex(0x5569d8f0b4a4, FUTEX_WAKE_PRIVATE, 1 <unfinished ...>
6874  poll([{fd=6, events=POLLIN}, {fd=7, events=POLLIN}], 2, -1 <unfinished ...>
6868  <... futex resumed>)              = 1
6858  <... futex resumed>)              = 0
6875  <... futex resumed>)              = 0
6871  <... futex resumed>)              = 1
6868  recvfrom(5,  <unfinished ...>
6875  futex(0x5569d8f0b4c8, FUTEX_WAKE_PRIVATE, 1 <unfinished ...>
6871  sched_yield( <unfinished ...>
6858  futex(0x55e2ab4e0ac8, FUTEX_WAKE_PRIVATE, 1 <unfinished ...>
6875  <... futex resumed>)              = 0
6871  <... sched_yield resumed>)        = 0
6868  <... recvfrom resumed>0x7f21d141b700, 1024, 0, NULL, NULL) = -1 EAGAIN (Resource temporarily unavailable)
6875  write(8, "8", 1 <unfinished ...>
6871  read(4,  <unfinished ...>
6858  <... futex resumed>)              = 0
6875  <... write resumed>)              = 1
6874  <... poll resumed>)               = 1 ([{fd=7, revents=POLLIN}])
6871  <... read resumed>"\372", 1)      = 1
6868  poll([{fd=5, events=POLLIN}, {fd=6, events=POLLIN}], 2, -1 <unfinished ...>
6875  futex(0x5569d8f18c54, FUTEX_WAIT_BITSET_PRIVATE|FUTEX_CLOCK_REALTIME, 0, {tv_sec=1658089396, tv_nsec=977166000}, FUTEX_BITSET_MATCH_ANY <unfinished ...>
6874  read(7,  <unfinished ...>
6871  pselect6(5, [4], NULL, [4], NULL, NULL <unfinished ...>
6858  futex(0x55e2ab4e0ce0, FUTEX_WAIT_BITSET_PRIVATE|FUTEX_CLOCK_REALTIME, 0, {tv_sec=1662152343, tv_nsec=551932000}, FUTEX_BITSET_MATCH_ANY <unfinished ...>
6874  <... read resumed>"8", 1024)      = 1
6868  <... poll resumed>)               = 1 ([{fd=6, revents=POLLIN}])
6874  poll([{fd=6, events=POLLIN|POLLOUT}, {fd=7, events=POLLIN}], 2, -1 <unfinished ...>
6868  read(6,  <unfinished ...>
6874  <... poll resumed>)               = 1 ([{fd=6, revents=POLLOUT}])
6868  <... read resumed>"8", 1024)      = 1
6874  sendto(6, "M\0\0\0\1\0\0\0\377\250<u\302\310\1F\261\25\214)D\332\21P\2\0\0\1\10\0\0\0\1\0\0\0)\0\0\0\1\0\0\0\357G\312C\310\353\242G\226y\244p2\30\10\237\5\0\0\0\5\0\0\0\0\0\0\0\0\0\0\0\1", 77, 0, NULL, 0 <unfinished ...>
6868  poll([{fd=5, events=POLLIN}, {fd=6, events=POLLIN}], 2, -1 <unfinished ...>
6874  <... sendto resumed>)             = 77
6865  <... poll resumed>)               = 1 ([{fd=6, revents=POLLIN}])
6874  poll([{fd=6, events=POLLIN}, {fd=7, events=POLLIN}], 2, -1 <unfinished ...>
6865  recvfrom(6, "M\0\0\0\1\0\0\0\377\250<u\302\310\1F\261\25\214)D\332\21P\2\0\0\1\10\0\0\0\1\0\0\0)\0\0\0\1\0\0\0\357G\312C\310\353\242G\226y\244p2\30\10\237\5\0\0\0\5\0\0\0\0\0\0\0\0\0\0\0\1", 1024, 0, NULL, NULL) = 77
6865  poll([{fd=4, events=POLLIN|POLLPRI}, {fd=5, events=POLLIN|POLLOUT}, {fd=6, events=POLLIN|POLLOUT}], 3, 300000) = 2 ([{fd=5, revents=POLLOUT}, {fd=6, revents=POLLOUT}])
6865  sendto(5, "M\0\0\0\1\0\0\0\377\250<u\302\310\1F\261\25\214)D\332\21P\2\0\0\4\v\0\0\0\2\0\0\0)\0\0\0\1\0\0\0\357G\312C\310\353\242G\226y\244p2\30\10\237\5\0\0\0\5\0\0\0\0\0\0\0\0\0\0\0\1", 77, 0, NULL, 0 <unfinished ...>
6868  <... poll resumed>)               = 1 ([{fd=5, revents=POLLIN}])
6865  <... sendto resumed>)             = 77
6868  recvfrom(5,  <unfinished ...>
6865  sendto(6, "$\0\0\0\1\0\0\0\377\250<u\302\310\1F\261\25\214)D\332\21P\1\0\0\2\10\0\0\0\0\0\0\0", 36, 0, NULL, 0 <unfinished ...>
6868  <... recvfrom resumed>"M\0\0\0\1\0\0\0\377\250<u\302\310\1F\261\25\214)D\332\21P\2\0\0\4\v\0\0\0\2\0\0\0)\0\0\0\1\0\0\0\357G\312C\310\353\242G\226y\244p2\30\10\237\5\0\0\0\5\0\0\0\0\0\0\0\0\0\0\0\1", 1024, 0, NULL, NULL) = 77
6874  <... poll resumed>)               = 1 ([{fd=6, revents=POLLIN}])
6865  <... sendto resumed>)             = 36
6874  recvfrom(6,  <unfinished ...>
6868  futex(0x55e2ab4e0ce0, FUTEX_WAKE_PRIVATE, 2147483647 <unfinished ...>
6874  <... recvfrom resumed>"$\0\0\0\1\0\0\0\377\250<u\302\310\1F\261\25\214)D\332\21P\1\0\0\2\10\0\0\0\0\0\0\0", 1024, 0, NULL, NULL) = 36
6865  poll([{fd=4, events=POLLIN|POLLPRI}, {fd=5, events=POLLIN}, {fd=6, events=POLLIN}], 3, 300000 <unfinished ...>
6874  write(8, "8", 1 <unfinished ...>
6868  <... futex resumed>)              = 1
6858  <... futex resumed>)              = 0
6874  <... write resumed>)              = 1
6868  recvfrom(5,  <unfinished ...>
6874  futex(0x5569d8f18c54, FUTEX_WAKE_PRIVATE, 2147483647 <unfinished ...>
6858  futex(0x55e2ab516028, FUTEX_WAKE_PRIVATE, 1 <unfinished ...>
6875  <... futex resumed>)              = 0
6874  <... futex resumed>)              = 1
6868  <... recvfrom resumed>0x7f21d141b700, 1024, 0, NULL, NULL) = -1 EAGAIN (Resource temporarily unavailable)
6875  futex(0x5569d8f0a8b8, FUTEX_WAKE_PRIVATE, 1 <unfinished ...>
6874  recvfrom(6,  <unfinished ...>
6858  <... futex resumed>)              = 0
6875  <... futex resumed>)              = 0
6874  <... recvfrom resumed>0x7fbc977c7700, 1024, 0, NULL, NULL) = -1 EAGAIN (Resource temporarily unavailable)
6868  poll([{fd=5, events=POLLIN}, {fd=6, events=POLLIN}], 2, -1 <unfinished ...>
6875  futex(0x5569d8f0b4a0, FUTEX_WAIT_BITSET_PRIVATE|FUTEX_CLOCK_REALTIME, 0, NULL, FUTEX_BITSET_MATCH_ANY <unfinished ...>
6874  poll([{fd=6, events=POLLIN}, {fd=7, events=POLLIN}], 2, -1 <unfinished ...>
6858  rt_sigaction(SIGINT, {sa_handler=0x55e2aa3d2a90, sa_mask=[INT], sa_flags=SA_RESTORER|SA_RESTART, sa_restorer=0x7f21d5a07520},  <unfinished ...>
6874  <... poll resumed>)               = 1 ([{fd=7, revents=POLLIN}])
6858  <... rt_sigaction resumed>{sa_handler=SIG_DFL, sa_mask=[], sa_flags=0}, 8) = 0
6874  read(7,  <unfinished ...>
6858  write(7, "8", 1 <unfinished ...>
6874  <... read resumed>"8", 1024)      = 1
6868  <... poll resumed>)               = 1 ([{fd=6, revents=POLLIN}])
6858  <... write resumed>)              = 1
6874  poll([{fd=6, events=POLLIN}, {fd=7, events=POLLIN}], 2, -1 <unfinished ...>
6868  read(6,  <unfinished ...>
6858  futex(0x55e2ab4e0aa0, FUTEX_WAIT_BITSET_PRIVATE|FUTEX_CLOCK_REALTIME, 0, {tv_sec=1658089396, tv_nsec=994243000}, FUTEX_BITSET_MATCH_ANY <unfinished ...>
6868  <... read resumed>"8", 1024)      = 1
6868  poll([{fd=5, events=POLLIN|POLLOUT}, {fd=6, events=POLLIN}], 2, -1) = 1 ([{fd=5, revents=POLLOUT}])
6868  sendto(5, "N\0\0\0\1\0\0\0\377\250<u\302\310\1F\261\25\214)D\332\21P\2\0\0\1\v\0\0\0\2\0\0\0*\0\0\0\1\0\0\0\357G\312C\310\353\242G\226y\244p2\30\10\237\3\0\0\0\6\0\0\0\20\5\3\214\274\177\0\0\30\0", 78, 0, NULL, 0) = 78
6865  <... poll resumed>)               = 1 ([{fd=5, revents=POLLIN}])
6868  poll([{fd=5, events=POLLIN}, {fd=6, events=POLLIN}], 2, -1 <unfinished ...>
6865  recvfrom(5, "N\0\0\0\1\0\0\0\377\250<u\302\310\1F\261\25\214)D\332\21P\2\0\0\1\v\0\0\0\2\0\0\0*\0\0\0\1\0\0\0\357G\312C\310\353\242G\226y\244p2\30\10\237\3\0\0\0\6\0\0\0\20\5\3\214\274\177\0\0\30\0", 1024, 0, NULL, NULL) = 78
6865  poll([{fd=4, events=POLLIN|POLLPRI}, {fd=5, events=POLLIN|POLLOUT}, {fd=6, events=POLLIN|POLLOUT}], 3, 300000) = 2 ([{fd=5, revents=POLLOUT}, {fd=6, revents=POLLOUT}])
6865  sendto(5, "$\0\0\0\1\0\0\0\377\250<u\302\310\1F\261\25\214)D\332\21P\1\0\0\2\v\0\0\0\0\0\0\0", 36, 0, NULL, 0 <unfinished ...>
6868  <... poll resumed>)               = 1 ([{fd=5, revents=POLLIN}])
6865  <... sendto resumed>)             = 36
6868  recvfrom(5,  <unfinished ...>
6865  sendto(6, "N\0\0\0\1\0\0\0\377\250<u\302\310\1F\261\25\214)D\332\21P\2\0\0\4\f\0\0\0\1\0\0\0*\0\0\0\1\0\0\0\357G\312C\310\353\242G\226y\244p2\30\10\237\3\0\0\0\6\0\0\0\20\5\3\214\274\177\0\0\30\0", 78, 0, NULL, 0 <unfinished ...>
6868  <... recvfrom resumed>"$\0\0\0\1\0\0\0\377\250<u\302\310\1F\261\25\214)D\332\21P\1\0\0\2\v\0\0\0\0\0\0\0", 1024, 0, NULL, NULL) = 36
6874  <... poll resumed>)               = 1 ([{fd=6, revents=POLLIN}])
6865  <... sendto resumed>)             = 78
6874  recvfrom(6,  <unfinished ...>
6868  write(7, "8", 1 <unfinished ...>
6874  <... recvfrom resumed>"N\0\0\0\1\0\0\0\377\250<u\302\310\1F\261\25\214)D\332\21P\2\0\0\4\f\0\0\0\1\0\0\0*\0\0\0\1\0\0\0\357G\312C\310\353\242G\226y\244p2\30\10\237\3\0\0\0\6\0\0\0\20\5\3\214\274\177\0\0\30\0", 1024, 0, NULL, NULL) = 78
6865  poll([{fd=4, events=POLLIN|POLLPRI}, {fd=5, events=POLLIN}, {fd=6, events=POLLIN}], 3, 300000 <unfinished ...>
6874  write(5, "\372", 1 <unfinished ...>
6868  <... write resumed>)              = 1
6874  <... write resumed>)              = 1
6871  <... pselect6 resumed>)           = 1 (in [4])
6874  recvfrom(6,  <unfinished ...>
6868  futex(0x55e2ab4e0aa0, FUTEX_WAKE_PRIVATE, 2147483647 <unfinished ...>
6874  <... recvfrom resumed>0x7fbc977c7700, 1024, 0, NULL, NULL) = -1 EAGAIN (Resource temporarily unavailable)
6871  futex(0x5569d8f0b4a0, FUTEX_WAKE_PRIVATE, 1 <unfinished ...>
6874  poll([{fd=6, events=POLLIN}, {fd=7, events=POLLIN}], 2, -1 <unfinished ...>
6868  <... futex resumed>)              = 1
6858  <... futex resumed>)              = 0
6875  <... futex resumed>)              = 0
6871  <... futex resumed>)              = 1
6868  recvfrom(5,  <unfinished ...>
6875  futex(0x5569d8f0b4c8, FUTEX_WAKE_PRIVATE, 1 <unfinished ...>
6871  sched_yield( <unfinished ...>
6858  futex(0x55e2ab4e0ac8, FUTEX_WAKE_PRIVATE, 1 <unfinished ...>
6875  <... futex resumed>)              = 0
6871  <... sched_yield resumed>)        = 0
6868  <... recvfrom resumed>0x7f21d141b700, 1024, 0, NULL, NULL) = -1 EAGAIN (Resource temporarily unavailable)
6875  write(8, "8", 1 <unfinished ...>
6871  read(4,  <unfinished ...>
6858  <... futex resumed>)              = 0
6875  <... write resumed>)              = 1
6874  <... poll resumed>)               = 1 ([{fd=7, revents=POLLIN}])
6871  <... read resumed>"\372", 1)      = 1
6868  poll([{fd=5, events=POLLIN}, {fd=6, events=POLLIN}], 2, -1 <unfinished ...>
6875  futex(0x5569d8f18c50, FUTEX_WAIT_BITSET_PRIVATE|FUTEX_CLOCK_REALTIME, 0, {tv_sec=1658089397, tv_nsec=9222000}, FUTEX_BITSET_MATCH_ANY <unfinished ...>
6874  read(7,  <unfinished ...>
6871  pselect6(5, [4], NULL, [4], NULL, NULL <unfinished ...>
6858  futex(0x55e2ab4e0ce4, FUTEX_WAIT_BITSET_PRIVATE|FUTEX_CLOCK_REALTIME, 0, {tv_sec=1662152343, tv_nsec=551938000}, FUTEX_BITSET_MATCH_ANY <unfinished ...>
6874  <... read resumed>"8", 1024)      = 1
6868  <... poll resumed>)               = 1 ([{fd=6, revents=POLLIN}])
6874  poll([{fd=6, events=POLLIN|POLLOUT}, {fd=7, events=POLLIN}], 2, -1 <unfinished ...>
6868  read(6,  <unfinished ...>
6874  <... poll resumed>)               = 1 ([{fd=6, revents=POLLOUT}])
6868  <... read resumed>"8", 1024)      = 1
6874  sendto(6, "P\0\0\0\1\0\0\0\377\250<u\302\310\1F\261\25\214)D\332\21P\2\0\0\1\t\0\0\0\1\0\0\0,\0\0\0\1\0\0\0\357G\312C\310\353\242G\226y\244p2\30\10\237\5\0\0\0\6\0\0\0\0\0\0\0Q\f\0\210\274\177\0\0", 80, 0, NULL, 0 <unfinished ...>
6868  poll([{fd=5, events=POLLIN}, {fd=6, events=POLLIN}], 2, -1 <unfinished ...>
6874  <... sendto resumed>)             = 80
6865  <... poll resumed>)               = 1 ([{fd=6, revents=POLLIN}])
6874  poll([{fd=6, events=POLLIN}, {fd=7, events=POLLIN}], 2, -1 <unfinished ...>
6865  recvfrom(6, "P\0\0\0\1\0\0\0\377\250<u\302\310\1F\261\25\214)D\332\21P\2\0\0\1\t\0\0\0\1\0\0\0,\0\0\0\1\0\0\0\357G\312C\310\353\242G\226y\244p2\30\10\237\5\0\0\0\6\0\0\0\0\0\0\0Q\f\0\210\274\177\0\0", 1024, 0, NULL, NULL) = 80
6865  poll([{fd=4, events=POLLIN|POLLPRI}, {fd=5, events=POLLIN|POLLOUT}, {fd=6, events=POLLIN|POLLOUT}], 3, 300000) = 2 ([{fd=5, revents=POLLOUT}, {fd=6, revents=POLLOUT}])
6865  sendto(5, "P\0\0\0\1\0\0\0\377\250<u\302\310\1F\261\25\214)D\332\21P\2\0\0\4\r\0\0\0\2\0\0\0,\0\0\0\1\0\0\0\357G\312C\310\353\242G\226y\244p2\30\10\237\5\0\0\0\6\0\0\0\0\0\0\0Q\f\0\210\274\177\0\0", 80, 0, NULL, 0 <unfinished ...>
6868  <... poll resumed>)               = 1 ([{fd=5, revents=POLLIN}])
6865  <... sendto resumed>)             = 80
6868  recvfrom(5,  <unfinished ...>
6865  sendto(6, "$\0\0\0\1\0\0\0\377\250<u\302\310\1F\261\25\214)D\332\21P\1\0\0\2\t\0\0\0\0\0\0\0", 36, 0, NULL, 0 <unfinished ...>
6868  <... recvfrom resumed>"P\0\0\0\1\0\0\0\377\250<u\302\310\1F\261\25\214)D\332\21P\2\0\0\4\r\0\0\0\2\0\0\0,\0\0\0\1\0\0\0\357G\312C\310\353\242G\226y\244p2\30\10\237\5\0\0\0\6\0\0\0\0\0\0\0Q\f\0\210\274\177\0\0", 1024, 0, NULL, NULL) = 80
6874  <... poll resumed>)               = 1 ([{fd=6, revents=POLLIN}])
6865  <... sendto resumed>)             = 36
6874  recvfrom(6,  <unfinished ...>
6868  futex(0x55e2ab4e0ce4, FUTEX_WAKE_PRIVATE, 2147483647 <unfinished ...>
6874  <... recvfrom resumed>"$\0\0\0\1\0\0\0\377\250<u\302\310\1F\261\25\214)D\332\21P\1\0\0\2\t\0\0\0\0\0\0\0", 1024, 0, NULL, NULL) = 36
6865  poll([{fd=4, events=POLLIN|POLLPRI}, {fd=5, events=POLLIN}, {fd=6, events=POLLIN}], 3, 300000 <unfinished ...>
6874  write(8, "8", 1 <unfinished ...>
6868  <... futex resumed>)              = 1
6858  <... futex resumed>)              = 0
6874  <... write resumed>)              = 1
6868  recvfrom(5,  <unfinished ...>
6874  futex(0x5569d8f18c50, FUTEX_WAKE_PRIVATE, 2147483647 <unfinished ...>
6858  futex(0x55e2ab516028, FUTEX_WAKE_PRIVATE, 1 <unfinished ...>
6875  <... futex resumed>)              = 0
6874  <... futex resumed>)              = 1
6868  <... recvfrom resumed>0x7f21d141b700, 1024, 0, NULL, NULL) = -1 EAGAIN (Resource temporarily unavailable)
6875  futex(0x5569d8f0a8b8, FUTEX_WAKE_PRIVATE, 1 <unfinished ...>
6874  recvfrom(6,  <unfinished ...>
6858  <... futex resumed>)              = 0
6875  <... futex resumed>)              = 0
6874  <... recvfrom resumed>0x7fbc977c7700, 1024, 0, NULL, NULL) = -1 EAGAIN (Resource temporarily unavailable)
6868  poll([{fd=5, events=POLLIN}, {fd=6, events=POLLIN}], 2, -1 <unfinished ...>
6875  futex(0x5569d8f0b4a4, FUTEX_WAIT_BITSET_PRIVATE|FUTEX_CLOCK_REALTIME, 0, NULL, FUTEX_BITSET_MATCH_ANY <unfinished ...>
6874  poll([{fd=6, events=POLLIN}, {fd=7, events=POLLIN}], 2, -1 <unfinished ...>
6858  write(7, "8", 1 <unfinished ...>
6874  <... poll resumed>)               = 1 ([{fd=7, revents=POLLIN}])
6868  <... poll resumed>)               = 1 ([{fd=6, revents=POLLIN}])
6858  <... write resumed>)              = 1
6874  read(7,  <unfinished ...>
6868  read(6,  <unfinished ...>
6874  <... read resumed>"8", 1024)      = 1
6858  futex(0x55e2ab4e0aa4, FUTEX_WAIT_BITSET_PRIVATE|FUTEX_CLOCK_REALTIME, 0, {tv_sec=1658089397, tv_nsec=31075000}, FUTEX_BITSET_MATCH_ANY <unfinished ...>
6874  poll([{fd=6, events=POLLIN}, {fd=7, events=POLLIN}], 2, -1 <unfinished ...>
6868  <... read resumed>"8", 1024)      = 1
6868  poll([{fd=5, events=POLLIN|POLLOUT}, {fd=6, events=POLLIN}], 2, -1) = 1 ([{fd=5, revents=POLLOUT}])
6868  sendto(5, "k\0\0\0\1\0\0\0\377\250<u\302\310\1F\261\25\214)D\332\21P\2\0\0\1\f\0\0\0\2\0\0\0G\0\0\0\1\0\0\0\357G\312C\310\353\242G\226y\244p2\30\10\237\3\0\0\0\7\0\0\0P\f\0\210\274\177\0\0\5\0\241\16\0\304!\177\0\0\3\0\0\0\1\0\0\0\1%\0\0\0 \0\0\0D\0\0\0", 107, 0, NULL, 0) = 107
6865  <... poll resumed>)               = 1 ([{fd=5, revents=POLLIN}])
6868  poll([{fd=5, events=POLLIN}, {fd=6, events=POLLIN}], 2, -1 <unfinished ...>
6865  recvfrom(5, "k\0\0\0\1\0\0\0\377\250<u\302\310\1F\261\25\214)D\332\21P\2\0\0\1\f\0\0\0\2\0\0\0G\0\0\0\1\0\0\0\357G\312C\310\353\242G\226y\244p2\30\10\237\3\0\0\0\7\0\0\0P\f\0\210\274\177\0\0\5\0\241\16\0\304!\177\0\0\3\0\0\0\1\0\0\0\1%\0\0\0 \0\0\0D\0\0\0", 1024, 0, NULL, NULL) = 107
6865  poll([{fd=4, events=POLLIN|POLLPRI}, {fd=5, events=POLLIN|POLLOUT}, {fd=6, events=POLLIN|POLLOUT}], 3, 300000) = 2 ([{fd=5, revents=POLLOUT}, {fd=6, revents=POLLOUT}])
6865  sendto(5, "$\0\0\0\1\0\0\0\377\250<u\302\310\1F\261\25\214)D\332\21P\1\0\0\2\f\0\0\0\0\0\0\0", 36, 0, NULL, 0 <unfinished ...>
6868  <... poll resumed>)               = 1 ([{fd=5, revents=POLLIN}])
6865  <... sendto resumed>)             = 36
6868  recvfrom(5,  <unfinished ...>
6865  sendto(6, "k\0\0\0\1\0\0\0\377\250<u\302\310\1F\261\25\214)D\332\21P\2\0\0\4\16\0\0\0\1\0\0\0G\0\0\0\1\0\0\0\357G\312C\310\353\242G\226y\244p2\30\10\237\3\0\0\0\7\0\0\0P\f\0\210\274\177\0\0\5\0\241\16\0\304!\177\0\0\3\0\0\0\1\0\0\0\1%\0\0\0 \0\0\0D\0\0\0", 107, 0, NULL, 0 <unfinished ...>
6868  <... recvfrom resumed>"$\0\0\0\1\0\0\0\377\250<u\302\310\1F\261\25\214)D\332\21P\1\0\0\2\f\0\0\0\0\0\0\0", 1024, 0, NULL, NULL) = 36
6874  <... poll resumed>)               = 1 ([{fd=6, revents=POLLIN}])
6865  <... sendto resumed>)             = 107
6874  recvfrom(6,  <unfinished ...>
6868  write(7, "8", 1 <unfinished ...>
6874  <... recvfrom resumed>"k\0\0\0\1\0\0\0\377\250<u\302\310\1F\261\25\214)D\332\21P\2\0\0\4\16\0\0\0\1\0\0\0G\0\0\0\1\0\0\0\357G\312C\310\353\242G\226y\244p2\30\10\237\3\0\0\0\7\0\0\0P\f\0\210\274\177\0\0\5\0\241\16\0\304!\177\0\0\3\0\0\0\1\0\0\0\1%\0\0\0 \0\0\0D\0\0\0", 1024, 0, NULL, NULL) = 107
6865  poll([{fd=4, events=POLLIN|POLLPRI}, {fd=5, events=POLLIN}, {fd=6, events=POLLIN}], 3, 300000 <unfinished ...>
6874  write(5, "\372", 1 <unfinished ...>
6868  <... write resumed>)              = 1
6874  <... write resumed>)              = 1
6871  <... pselect6 resumed>)           = 1 (in [4])
6874  recvfrom(6,  <unfinished ...>
6868  futex(0x55e2ab4e0aa4, FUTEX_WAKE_PRIVATE, 2147483647 <unfinished ...>
6874  <... recvfrom resumed>0x7fbc977c7700, 1024, 0, NULL, NULL) = -1 EAGAIN (Resource temporarily unavailable)
6871  futex(0x5569d8f0b4a4, FUTEX_WAKE_PRIVATE, 1 <unfinished ...>
6874  poll([{fd=6, events=POLLIN}, {fd=7, events=POLLIN}], 2, -1 <unfinished ...>
6868  <... futex resumed>)              = 1
6858  <... futex resumed>)              = 0
6875  <... futex resumed>)              = 0
6871  <... futex resumed>)              = 1
6868  recvfrom(5,  <unfinished ...>
6875  futex(0x5569d8f0b4c8, FUTEX_WAKE_PRIVATE, 1 <unfinished ...>
6871  sched_yield( <unfinished ...>
6858  futex(0x55e2ab4e0ac8, FUTEX_WAKE_PRIVATE, 1 <unfinished ...>
6875  <... futex resumed>)              = 0
6871  <... sched_yield resumed>)        = 0
6868  <... recvfrom resumed>0x7f21d141b700, 1024, 0, NULL, NULL) = -1 EAGAIN (Resource temporarily unavailable)
6875  write(8, "8", 1 <unfinished ...>
6871  read(4,  <unfinished ...>
6858  <... futex resumed>)              = 0
6875  <... write resumed>)              = 1
6874  <... poll resumed>)               = 1 ([{fd=7, revents=POLLIN}])
6871  <... read resumed>"\372", 1)      = 1
6868  poll([{fd=5, events=POLLIN}, {fd=6, events=POLLIN}], 2, -1 <unfinished ...>
6875  futex(0x5569d8f18c54, FUTEX_WAIT_BITSET_PRIVATE|FUTEX_CLOCK_REALTIME, 0, {tv_sec=1658089397, tv_nsec=51211000}, FUTEX_BITSET_MATCH_ANY <unfinished ...>
6874  read(7,  <unfinished ...>
6871  pselect6(5, [4], NULL, [4], NULL, NULL <unfinished ...>
6858  futex(0x55e2ab4e0ce0, FUTEX_WAIT_BITSET_PRIVATE|FUTEX_CLOCK_REALTIME, 0, {tv_sec=1662152343, tv_nsec=551911000}, FUTEX_BITSET_MATCH_ANY <unfinished ...>
6874  <... read resumed>"8", 1024)      = 1
6868  <... poll resumed>)               = 1 ([{fd=6, revents=POLLIN}])
6874  poll([{fd=6, events=POLLIN|POLLOUT}, {fd=7, events=POLLIN}], 2, -1 <unfinished ...>
6868  read(6,  <unfinished ...>
6874  <... poll resumed>)               = 1 ([{fd=6, revents=POLLOUT}])
6868  <... read resumed>"8", 1024)      = 1
6874  sendto(6, "H\0\0\0\1\0\0\0\377\250<u\302\310\1F\261\25\214)D\332\21P\2\0\0\1\n\0\0\0\1\0\0\0$\0\0\0\1\0\0\0\357G\312C\310\353\242G\226y\244p2\30\10\237\5\0\0\0\7\0\0\0\0\0\0\0", 72, 0, NULL, 0 <unfinished ...>
6868  poll([{fd=5, events=POLLIN}, {fd=6, events=POLLIN}], 2, -1 <unfinished ...>
6874  <... sendto resumed>)             = 72
6865  <... poll resumed>)               = 1 ([{fd=6, revents=POLLIN}])
6874  poll([{fd=6, events=POLLIN}, {fd=7, events=POLLIN}], 2, -1 <unfinished ...>
6865  recvfrom(6, "H\0\0\0\1\0\0\0\377\250<u\302\310\1F\261\25\214)D\332\21P\2\0\0\1\n\0\0\0\1\0\0\0$\0\0\0\1\0\0\0\357G\312C\310\353\242G\226y\244p2\30\10\237\5\0\0\0\7\0\0\0\0\0\0\0", 1024, 0, NULL, NULL) = 72
6865  poll([{fd=4, events=POLLIN|POLLPRI}, {fd=5, events=POLLIN|POLLOUT}, {fd=6, events=POLLIN|POLLOUT}], 3, 300000) = 2 ([{fd=5, revents=POLLOUT}, {fd=6, revents=POLLOUT}])
6865  sendto(5, "H\0\0\0\1\0\0\0\377\250<u\302\310\1F\261\25\214)D\332\21P\2\0\0\4\17\0\0\0\2\0\0\0$\0\0\0\1\0\0\0\357G\312C\310\353\242G\226y\244p2\30\10\237\5\0\0\0\7\0\0\0\0\0\0\0", 72, 0, NULL, 0 <unfinished ...>
6868  <... poll resumed>)               = 1 ([{fd=5, revents=POLLIN}])
6865  <... sendto resumed>)             = 72
6868  recvfrom(5,  <unfinished ...>
6865  sendto(6, "$\0\0\0\1\0\0\0\377\250<u\302\310\1F\261\25\214)D\332\21P\1\0\0\2\n\0\0\0\0\0\0\0", 36, 0, NULL, 0 <unfinished ...>
6868  <... recvfrom resumed>"H\0\0\0\1\0\0\0\377\250<u\302\310\1F\261\25\214)D\332\21P\2\0\0\4\17\0\0\0\2\0\0\0$\0\0\0\1\0\0\0\357G\312C\310\353\242G\226y\244p2\30\10\237\5\0\0\0\7\0\0\0\0\0\0\0", 1024, 0, NULL, NULL) = 72
6874  <... poll resumed>)               = 1 ([{fd=6, revents=POLLIN}])
6865  <... sendto resumed>)             = 36
6874  recvfrom(6,  <unfinished ...>
6868  futex(0x55e2ab4e0ce0, FUTEX_WAKE_PRIVATE, 2147483647 <unfinished ...>
6874  <... recvfrom resumed>"$\0\0\0\1\0\0\0\377\250<u\302\310\1F\261\25\214)D\332\21P\1\0\0\2\n\0\0\0\0\0\0\0", 1024, 0, NULL, NULL) = 36
6865  poll([{fd=4, events=POLLIN|POLLPRI}, {fd=5, events=POLLIN}, {fd=6, events=POLLIN}], 3, 300000 <unfinished ...>
6874  write(8, "8", 1 <unfinished ...>
6868  <... futex resumed>)              = 1
6858  <... futex resumed>)              = 0
6874  <... write resumed>)              = 1
6868  recvfrom(5,  <unfinished ...>
6874  futex(0x5569d8f18c54, FUTEX_WAKE_PRIVATE, 2147483647 <unfinished ...>
6858  futex(0x55e2ab516028, FUTEX_WAKE_PRIVATE, 1 <unfinished ...>
6875  <... futex resumed>)              = 0
6874  <... futex resumed>)              = 1
6868  <... recvfrom resumed>0x7f21d141b700, 1024, 0, NULL, NULL) = -1 EAGAIN (Resource temporarily unavailable)
6875  futex(0x5569d8f0a8b8, FUTEX_WAKE_PRIVATE, 1 <unfinished ...>
6874  recvfrom(6,  <unfinished ...>
6858  <... futex resumed>)              = 0
6875  <... futex resumed>)              = 0
6874  <... recvfrom resumed>0x7fbc977c7700, 1024, 0, NULL, NULL) = -1 EAGAIN (Resource temporarily unavailable)
6868  poll([{fd=5, events=POLLIN}, {fd=6, events=POLLIN}], 2, -1 <unfinished ...>
6875  futex(0x5569d8f0b4a0, FUTEX_WAIT_BITSET_PRIVATE|FUTEX_CLOCK_REALTIME, 0, NULL, FUTEX_BITSET_MATCH_ANY <unfinished ...>
6874  poll([{fd=6, events=POLLIN}, {fd=7, events=POLLIN}], 2, -1 <unfinished ...>
6858  write(7, "8", 1 <unfinished ...>
6874  <... poll resumed>)               = 1 ([{fd=7, revents=POLLIN}])
6868  <... poll resumed>)               = 1 ([{fd=6, revents=POLLIN}])
6858  <... write resumed>)              = 1
6874  read(7,  <unfinished ...>
6868  read(6,  <unfinished ...>
6874  <... read resumed>"8", 1024)      = 1
6858  futex(0x55e2ab4e0aa0, FUTEX_WAIT_BITSET_PRIVATE|FUTEX_CLOCK_REALTIME, 0, {tv_sec=1658089397, tv_nsec=69297000}, FUTEX_BITSET_MATCH_ANY <unfinished ...>
6874  poll([{fd=6, events=POLLIN}, {fd=7, events=POLLIN}], 2, -1 <unfinished ...>
6868  <... read resumed>"8", 1024)      = 1
6868  poll([{fd=5, events=POLLIN|POLLOUT}, {fd=6, events=POLLIN}], 2, -1) = 1 ([{fd=5, revents=POLLOUT}])
6868  sendto(5, "\242\0\0\0\1\0\0\0\377\250<u\302\310\1F\261\25\214)D\332\21P\2\0\0\1\r\0\0\0\2\0\0\0~\0\0\0\1\0\0\0\357G\312C\310\353\242G\226y\244p2\30\10\237\3\0\0\0\10\0\0\0\20\5\3\214\274\177\0\09\0P\0\0\0V\0B\0o\0x\0I\0n\0t\0e\0r\0n\0a\0l\0002\0/\0W\0a\0t\0c\0h\0d\0o\0g\0/\0"..., 162, 0, NULL, 0) = 162
6865  <... poll resumed>)               = 1 ([{fd=5, revents=POLLIN}])
6868  poll([{fd=5, events=POLLIN}, {fd=6, events=POLLIN}], 2, -1 <unfinished ...>
6865  recvfrom(5, "\242\0\0\0\1\0\0\0\377\250<u\302\310\1F\261\25\214)D\332\21P\2\0\0\1\r\0\0\0\2\0\0\0~\0\0\0\1\0\0\0\357G\312C\310\353\242G\226y\244p2\30\10\237\3\0\0\0\10\0\0\0\20\5\3\214\274\177\0\09\0P\0\0\0V\0B\0o\0x\0I\0n\0t\0e\0r\0n\0a\0l\0002\0/\0W\0a\0t\0c\0h\0d\0o\0g\0/\0"..., 1024, 0, NULL, NULL) = 162
6865  poll([{fd=4, events=POLLIN|POLLPRI}, {fd=5, events=POLLIN|POLLOUT}, {fd=6, events=POLLIN|POLLOUT}], 3, 300000) = 2 ([{fd=5, revents=POLLOUT}, {fd=6, revents=POLLOUT}])
6865  sendto(5, "$\0\0\0\1\0\0\0\377\250<u\302\310\1F\261\25\214)D\332\21P\1\0\0\2\r\0\0\0\0\0\0\0", 36, 0, NULL, 0 <unfinished ...>
6868  <... poll resumed>)               = 1 ([{fd=5, revents=POLLIN}])
6865  <... sendto resumed>)             = 36
6868  recvfrom(5,  <unfinished ...>
6865  sendto(6, "\242\0\0\0\1\0\0\0\377\250<u\302\310\1F\261\25\214)D\332\21P\2\0\0\4\20\0\0\0\1\0\0\0~\0\0\0\1\0\0\0\357G\312C\310\353\242G\226y\244p2\30\10\237\3\0\0\0\10\0\0\0\20\5\3\214\274\177\0\09\0P\0\0\0V\0B\0o\0x\0I\0n\0t\0e\0r\0n\0a\0l\0002\0/\0W\0a\0t\0c\0h\0d\0o\0g\0/\0"..., 162, 0, NULL, 0 <unfinished ...>
6868  <... recvfrom resumed>"$\0\0\0\1\0\0\0\377\250<u\302\310\1F\261\25\214)D\332\21P\1\0\0\2\r\0\0\0\0\0\0\0", 1024, 0, NULL, NULL) = 36
6874  <... poll resumed>)               = 1 ([{fd=6, revents=POLLIN}])
6865  <... sendto resumed>)             = 162
6874  recvfrom(6,  <unfinished ...>
6868  write(7, "8", 1 <unfinished ...>
6874  <... recvfrom resumed>"\242\0\0\0\1\0\0\0\377\250<u\302\310\1F\261\25\214)D\332\21P\2\0\0\4\20\0\0\0\1\0\0\0~\0\0\0\1\0\0\0\357G\312C\310\353\242G\226y\244p2\30\10\237\3\0\0\0\10\0\0\0\20\5\3\214\274\177\0\09\0P\0\0\0V\0B\0o\0x\0I\0n\0t\0e\0r\0n\0a\0l\0002\0/\0W\0a\0t\0c\0h\0d\0o\0g\0/\0"..., 1024, 0, NULL, NULL) = 162
6865  poll([{fd=4, events=POLLIN|POLLPRI}, {fd=5, events=POLLIN}, {fd=6, events=POLLIN}], 3, 300000 <unfinished ...>
6874  write(5, "\372", 1 <unfinished ...>
6868  <... write resumed>)              = 1
6874  <... write resumed>)              = 1
6871  <... pselect6 resumed>)           = 1 (in [4])
6874  recvfrom(6,  <unfinished ...>
6868  futex(0x55e2ab4e0aa0, FUTEX_WAKE_PRIVATE, 2147483647 <unfinished ...>
6874  <... recvfrom resumed>0x7fbc977c7700, 1024, 0, NULL, NULL) = -1 EAGAIN (Resource temporarily unavailable)
6871  futex(0x5569d8f0b4a0, FUTEX_WAKE_PRIVATE, 1 <unfinished ...>
6874  poll([{fd=6, events=POLLIN}, {fd=7, events=POLLIN}], 2, -1 <unfinished ...>
6868  <... futex resumed>)              = 1
6858  <... futex resumed>)              = 0
6875  <... futex resumed>)              = 0
6871  <... futex resumed>)              = 1
6868  recvfrom(5,  <unfinished ...>
6875  futex(0x5569d8f0b4c8, FUTEX_WAKE_PRIVATE, 1 <unfinished ...>
6871  sched_yield( <unfinished ...>
6858  futex(0x55e2ab4e0ac8, FUTEX_WAKE_PRIVATE, 1 <unfinished ...>
6875  <... futex resumed>)              = 0
6871  <... sched_yield resumed>)        = 0
6868  <... recvfrom resumed>0x7f21d141b700, 1024, 0, NULL, NULL) = -1 EAGAIN (Resource temporarily unavailable)
6875  write(8, "8", 1 <unfinished ...>
6871  read(4,  <unfinished ...>
6858  <... futex resumed>)              = 0
6875  <... write resumed>)              = 1
6874  <... poll resumed>)               = 1 ([{fd=7, revents=POLLIN}])
6871  <... read resumed>"\372", 1)      = 1
6868  poll([{fd=5, events=POLLIN}, {fd=6, events=POLLIN}], 2, -1 <unfinished ...>
6875  futex(0x5569d8f18c50, FUTEX_WAIT_BITSET_PRIVATE|FUTEX_CLOCK_REALTIME, 0, {tv_sec=1658089397, tv_nsec=82655000}, FUTEX_BITSET_MATCH_ANY <unfinished ...>
6874  read(7,  <unfinished ...>
6871  pselect6(5, [4], NULL, [4], NULL, NULL <unfinished ...>
6858  futex(0x55e2ab4e0ce4, FUTEX_WAIT_BITSET_PRIVATE|FUTEX_CLOCK_REALTIME, 0, {tv_sec=1662152343, tv_nsec=551432000}, FUTEX_BITSET_MATCH_ANY <unfinished ...>
6874  <... read resumed>"8", 1024)      = 1
6868  <... poll resumed>)               = 1 ([{fd=6, revents=POLLIN}])
6874  poll([{fd=6, events=POLLIN|POLLOUT}, {fd=7, events=POLLIN}], 2, -1 <unfinished ...>
6868  read(6,  <unfinished ...>
6874  <... poll resumed>)               = 1 ([{fd=6, revents=POLLOUT}])
6868  <... read resumed>"8", 1024)      = 1
6874  sendto(6, "L\0\0\0\1\0\0\0\377\250<u\302\310\1F\261\25\214)D\332\21P\2\0\0\1\v\0\0\0\1\0\0\0(\0\0\0\1\0\0\0\357G\312C\310\353\242G\226y\244p2\30\10\237\5\0\0\0\10\0\0\0\0\0\0\0\0\0\0\0", 76, 0, NULL, 0 <unfinished ...>
6868  poll([{fd=5, events=POLLIN}, {fd=6, events=POLLIN}], 2, -1 <unfinished ...>
6874  <... sendto resumed>)             = 76
6865  <... poll resumed>)               = 1 ([{fd=6, revents=POLLIN}])
6874  poll([{fd=6, events=POLLIN}, {fd=7, events=POLLIN}], 2, -1 <unfinished ...>
6865  recvfrom(6, "L\0\0\0\1\0\0\0\377\250<u\302\310\1F\261\25\214)D\332\21P\2\0\0\1\v\0\0\0\1\0\0\0(\0\0\0\1\0\0\0\357G\312C\310\353\242G\226y\244p2\30\10\237\5\0\0\0\10\0\0\0\0\0\0\0\0\0\0\0", 1024, 0, NULL, NULL) = 76
6865  poll([{fd=4, events=POLLIN|POLLPRI}, {fd=5, events=POLLIN|POLLOUT}, {fd=6, events=POLLIN|POLLOUT}], 3, 300000) = 2 ([{fd=5, revents=POLLOUT}, {fd=6, revents=POLLOUT}])
6865  sendto(5, "L\0\0\0\1\0\0\0\377\250<u\302\310\1F\261\25\214)D\332\21P\2\0\0\4\21\0\0\0\2\0\0\0(\0\0\0\1\0\0\0\357G\312C\310\353\242G\226y\244p2\30\10\237\5\0\0\0\10\0\0\0\0\0\0\0\0\0\0\0", 76, 0, NULL, 0 <unfinished ...>
6868  <... poll resumed>)               = 1 ([{fd=5, revents=POLLIN}])
6865  <... sendto resumed>)             = 76
6868  recvfrom(5,  <unfinished ...>
6865  sendto(6, "$\0\0\0\1\0\0\0\377\250<u\302\310\1F\261\25\214)D\332\21P\1\0\0\2\v\0\0\0\0\0\0\0", 36, 0, NULL, 0 <unfinished ...>
6868  <... recvfrom resumed>"L\0\0\0\1\0\0\0\377\250<u\302\310\1F\261\25\214)D\332\21P\2\0\0\4\21\0\0\0\2\0\0\0(\0\0\0\1\0\0\0\357G\312C\310\353\242G\226y\244p2\30\10\237\5\0\0\0\10\0\0\0\0\0\0\0\0\0\0\0", 1024, 0, NULL, NULL) = 76
6874  <... poll resumed>)               = 1 ([{fd=6, revents=POLLIN}])
6865  <... sendto resumed>)             = 36
6874  recvfrom(6,  <unfinished ...>
6868  futex(0x55e2ab4e0ce4, FUTEX_WAKE_PRIVATE, 2147483647 <unfinished ...>
6874  <... recvfrom resumed>"$\0\0\0\1\0\0\0\377\250<u\302\310\1F\261\25\214)D\332\21P\1\0\0\2\v\0\0\0\0\0\0\0", 1024, 0, NULL, NULL) = 36
6865  poll([{fd=4, events=POLLIN|POLLPRI}, {fd=5, events=POLLIN}, {fd=6, events=POLLIN}], 3, 300000 <unfinished ...>
6874  write(8, "8", 1 <unfinished ...>
6868  <... futex resumed>)              = 1
6858  <... futex resumed>)              = 0
6874  <... write resumed>)              = 1
6868  recvfrom(5,  <unfinished ...>
6874  futex(0x5569d8f18c50, FUTEX_WAKE_PRIVATE, 2147483647 <unfinished ...>
6858  futex(0x55e2ab516028, FUTEX_WAKE_PRIVATE, 1 <unfinished ...>
6875  <... futex resumed>)              = 0
6874  <... futex resumed>)              = 1
6868  <... recvfrom resumed>0x7f21d141b700, 1024, 0, NULL, NULL) = -1 EAGAIN (Resource temporarily unavailable)
6875  futex(0x5569d8f0a8b8, FUTEX_WAKE_PRIVATE, 1 <unfinished ...>
6874  recvfrom(6,  <unfinished ...>
6858  <... futex resumed>)              = 0
6875  <... futex resumed>)              = 0
6874  <... recvfrom resumed>0x7fbc977c7700, 1024, 0, NULL, NULL) = -1 EAGAIN (Resource temporarily unavailable)
6868  poll([{fd=5, events=POLLIN}, {fd=6, events=POLLIN}], 2, -1 <unfinished ...>
6875  futex(0x5569d8f0b4a4, FUTEX_WAIT_BITSET_PRIVATE|FUTEX_CLOCK_REALTIME, 0, NULL, FUTEX_BITSET_MATCH_ANY <unfinished ...>
6874  poll([{fd=6, events=POLLIN}, {fd=7, events=POLLIN}], 2, -1 <unfinished ...>
6858  write(7, "8", 1 <unfinished ...>
6874  <... poll resumed>)               = 1 ([{fd=7, revents=POLLIN}])
6868  <... poll resumed>)               = 1 ([{fd=6, revents=POLLIN}])
6858  <... write resumed>)              = 1
6874  read(7,  <unfinished ...>
6868  read(6,  <unfinished ...>
6874  <... read resumed>"8", 1024)      = 1
6858  futex(0x55e2ab4e0aa4, FUTEX_WAIT_BITSET_PRIVATE|FUTEX_CLOCK_REALTIME, 0, {tv_sec=1658089397, tv_nsec=97079000}, FUTEX_BITSET_MATCH_ANY <unfinished ...>
6874  poll([{fd=6, events=POLLIN}, {fd=7, events=POLLIN}], 2, -1 <unfinished ...>
6868  <... read resumed>"8", 1024)      = 1
6868  poll([{fd=5, events=POLLIN|POLLOUT}, {fd=6, events=POLLIN}], 2, -1) = 1 ([{fd=5, revents=POLLOUT}])
6868  sendto(5, "\272\0\0\0\1\0\0\0\377\250<u\302\310\1F\261\25\214)D\332\21P\2\0\0\1\16\0\0\0\2\0\0\0\226\0\0\0\1\0\0\0\357G\312C\310\353\242G\226y\244p2\30\10\237\3\0\0\0\t\0\0\0\20\5\3\214\274\177\0\09\0h\0\0\0V\0B\0o\0x\0I\0n\0t\0e\0r\0n\0a\0l\0002\0/\0W\0a\0t\0c\0h\0d\0o\0g\0/\0"..., 186, 0, NULL, 0) = 186
6865  <... poll resumed>)               = 1 ([{fd=5, revents=POLLIN}])
6868  poll([{fd=5, events=POLLIN}, {fd=6, events=POLLIN}], 2, -1 <unfinished ...>
6865  recvfrom(5, "\272\0\0\0\1\0\0\0\377\250<u\302\310\1F\261\25\214)D\332\21P\2\0\0\1\16\0\0\0\2\0\0\0\226\0\0\0\1\0\0\0\357G\312C\310\353\242G\226y\244p2\30\10\237\3\0\0\0\t\0\0\0\20\5\3\214\274\177\0\09\0h\0\0\0V\0B\0o\0x\0I\0n\0t\0e\0r\0n\0a\0l\0002\0/\0W\0a\0t\0c\0h\0d\0o\0g\0/\0"..., 1024, 0, NULL, NULL) = 186
6865  poll([{fd=4, events=POLLIN|POLLPRI}, {fd=5, events=POLLIN|POLLOUT}, {fd=6, events=POLLIN|POLLOUT}], 3, 300000) = 2 ([{fd=5, revents=POLLOUT}, {fd=6, revents=POLLOUT}])
6865  sendto(5, "$\0\0\0\1\0\0\0\377\250<u\302\310\1F\261\25\214)D\332\21P\1\0\0\2\16\0\0\0\0\0\0\0", 36, 0, NULL, 0 <unfinished ...>
6868  <... poll resumed>)               = 1 ([{fd=5, revents=POLLIN}])
6865  <... sendto resumed>)             = 36
6868  recvfrom(5,  <unfinished ...>
6865  sendto(6, "\272\0\0\0\1\0\0\0\377\250<u\302\310\1F\261\25\214)D\332\21P\2\0\0\4\22\0\0\0\1\0\0\0\226\0\0\0\1\0\0\0\357G\312C\310\353\242G\226y\244p2\30\10\237\3\0\0\0\t\0\0\0\20\5\3\214\274\177\0\09\0h\0\0\0V\0B\0o\0x\0I\0n\0t\0e\0r\0n\0a\0l\0002\0/\0W\0a\0t\0c\0h\0d\0o\0g\0/\0"..., 186, 0, NULL, 0 <unfinished ...>
6868  <... recvfrom resumed>"$\0\0\0\1\0\0\0\377\250<u\302\310\1F\261\25\214)D\332\21P\1\0\0\2\16\0\0\0\0\0\0\0", 1024, 0, NULL, NULL) = 36
6874  <... poll resumed>)               = 1 ([{fd=6, revents=POLLIN}])
6865  <... sendto resumed>)             = 186
6874  recvfrom(6,  <unfinished ...>
6868  write(7, "8", 1 <unfinished ...>
6874  <... recvfrom resumed>"\272\0\0\0\1\0\0\0\377\250<u\302\310\1F\261\25\214)D\332\21P\2\0\0\4\22\0\0\0\1\0\0\0\226\0\0\0\1\0\0\0\357G\312C\310\353\242G\226y\244p2\30\10\237\3\0\0\0\t\0\0\0\20\5\3\214\274\177\0\09\0h\0\0\0V\0B\0o\0x\0I\0n\0t\0e\0r\0n\0a\0l\0002\0/\0W\0a\0t\0c\0h\0d\0o\0g\0/\0"..., 1024, 0, NULL, NULL) = 186
6865  poll([{fd=4, events=POLLIN|POLLPRI}, {fd=5, events=POLLIN}, {fd=6, events=POLLIN}], 3, 300000 <unfinished ...>
6874  write(5, "\372", 1 <unfinished ...>
6868  <... write resumed>)              = 1
6874  <... write resumed>)              = 1
6871  <... pselect6 resumed>)           = 1 (in [4])
6874  recvfrom(6,  <unfinished ...>
6868  futex(0x55e2ab4e0aa4, FUTEX_WAKE_PRIVATE, 2147483647 <unfinished ...>
6874  <... recvfrom resumed>0x7fbc977c7700, 1024, 0, NULL, NULL) = -1 EAGAIN (Resource temporarily unavailable)
6871  futex(0x5569d8f0b4a4, FUTEX_WAKE_PRIVATE, 1 <unfinished ...>
6874  poll([{fd=6, events=POLLIN}, {fd=7, events=POLLIN}], 2, -1 <unfinished ...>
6868  <... futex resumed>)              = 1
6858  <... futex resumed>)              = 0
6875  <... futex resumed>)              = 0
6871  <... futex resumed>)              = 1
6868  recvfrom(5,  <unfinished ...>
6875  futex(0x5569d8f0b4c8, FUTEX_WAKE_PRIVATE, 1 <unfinished ...>
6871  sched_yield( <unfinished ...>
6858  futex(0x55e2ab4e0ac8, FUTEX_WAKE_PRIVATE, 1 <unfinished ...>
6875  <... futex resumed>)              = 0
6871  <... sched_yield resumed>)        = 0
6868  <... recvfrom resumed>0x7f21d141b700, 1024, 0, NULL, NULL) = -1 EAGAIN (Resource temporarily unavailable)
6875  write(8, "8", 1 <unfinished ...>
6871  read(4,  <unfinished ...>
6858  <... futex resumed>)              = 0
6875  <... write resumed>)              = 1
