3989  ppoll([{fd=4, events=POLLIN|POLLERR|POLLHUP|POLLNVAL}, {fd=7, events=POLLOUT|POLLERR|POLLHUP|POLLNVAL}, {fd=8, events=POLLIN|POLLERR|POLLHUP|POLLNVAL}], 3, {tv_sec=1, tv_nsec=0}, NULL, 8 <unfinished ...>
3994  <... mmap resumed>)               = 0x7fc11e510000
3989  <... ppoll resumed>)              = 1 ([{fd=7, revents=POLLOUT}], left {tv_sec=0, tv_nsec=999982932})
3994  close(6 <unfinished ...>
3989  write(7, "\2\0\0#\0\0\0:\276\376\300\256/usr/lib/x86_64-linux-gnu/gstreamer-1.0/libgstsubparse.so\0", 70 <unfinished ...>
3994  <... close resumed>)              = 0
3989  <... write resumed>)              = 70
3994  mprotect(0x7fc11e510000, 4096, PROT_READ <unfinished ...>
3989  newfstatat(AT_FDCWD, "/usr/lib/x86_64-linux-gnu/gstreamer-1.0/libgstisomp4.so",  <unfinished ...>
3994  <... mprotect resumed>)           = 0
3989  <... newfstatat resumed>{st_mode=S_IFREG|0644, st_size=586200, ...}, 0) = 0
3994  rt_sigaction(SIGSEGV, {sa_handler=0x7fc11ef1f040, sa_mask=[], sa_flags=SA_RESTORER, sa_restorer=0x7fc11eb68520},  <unfinished ...>
3989  ppoll([{fd=4, events=POLLIN|POLLERR|POLLHUP|POLLNVAL}, {fd=7, events=POLLOUT|POLLERR|POLLHUP|POLLNVAL}, {fd=8, events=POLLIN|POLLERR|POLLHUP|POLLNVAL}], 3, {tv_sec=1, tv_nsec=0}, NULL, 8 <unfinished ...>
3994  <... rt_sigaction resumed>{sa_handler=SIG_DFL, sa_mask=[], sa_flags=SA_RESTORER, sa_restorer=0x7fc11eb68520}, 8) = 0
3989  <... ppoll resumed>)              = 1 ([{fd=7, revents=POLLOUT}], left {tv_sec=0, tv_nsec=999997734})
3994  futex(0x7fc11ee870a8, FUTEX_WAKE_PRIVATE, 2147483647 <unfinished ...>
3989  write(7, "\2\0\0$\0\0\08\276\376\300\256/usr/lib/x86_64-linux-gnu/gstreamer-1.0/libgstisomp4.so\0", 68 <unfinished ...>
3994  <... futex resumed>)              = 0
3989  <... write resumed>)              = 68
3994  futex(0x7fc11ee870a8, FUTEX_WAKE_PRIVATE, 2147483647 <unfinished ...>
3989  newfstatat(AT_FDCWD, "/usr/lib/x86_64-linux-gnu/gstreamer-1.0/libgstspeex.so",  <unfinished ...>
3994  <... futex resumed>)              = 0
3989  <... newfstatat resumed>{st_mode=S_IFREG|0644, st_size=48824, ...}, 0) = 0
3994  futex(0x7fc11ee870a8, FUTEX_WAKE_PRIVATE, 2147483647 <unfinished ...>
3989  ppoll([{fd=4, events=POLLIN|POLLERR|POLLHUP|POLLNVAL}, {fd=7, events=POLLOUT|POLLERR|POLLHUP|POLLNVAL}, {fd=8, events=POLLIN|POLLERR|POLLHUP|POLLNVAL}], 3, {tv_sec=1, tv_nsec=0}, NULL, 8 <unfinished ...>
3994  <... futex resumed>)              = 0
3989  <... ppoll resumed>)              = 1 ([{fd=7, revents=POLLOUT}], left {tv_sec=0, tv_nsec=999997530})
3994  futex(0x7fc11ee870a8, FUTEX_WAKE_PRIVATE, 2147483647 <unfinished ...>
3989  write(7, "\2\0\0%\0\0\0007\276\376\300\256/usr/lib/x86_64-linux-gnu/gstreamer-1.0/libgstspeex.so\0", 67 <unfinished ...>
3994  <... futex resumed>)              = 0
3989  <... write resumed>)              = 67
3994  brk(0x56020db91000 <unfinished ...>
3989  newfstatat(AT_FDCWD, "/usr/lib/x86_64-linux-gnu/gstreamer-1.0/libgstalaw.so",  <unfinished ...>
3994  <... brk resumed>)                = 0x56020db91000
3989  <... newfstatat resumed>{st_mode=S_IFREG|0644, st_size=27544, ...}, 0) = 0
3994  futex(0x7fc11ee870a8, FUTEX_WAKE_PRIVATE, 2147483647 <unfinished ...>
3989  ppoll([{fd=4, events=POLLIN|POLLERR|POLLHUP|POLLNVAL}, {fd=7, events=POLLOUT|POLLERR|POLLHUP|POLLNVAL}, {fd=8, events=POLLIN|POLLERR|POLLHUP|POLLNVAL}], 3, {tv_sec=1, tv_nsec=0}, NULL, 8 <unfinished ...>
3994  <... futex resumed>)              = 0
3989  <... ppoll resumed>)              = 1 ([{fd=7, revents=POLLOUT}], left {tv_sec=0, tv_nsec=999998511})
3994  futex(0x7fc11ee870a8, FUTEX_WAKE_PRIVATE, 2147483647 <unfinished ...>
3989  write(7, "\2\0\0&\0\0\0006\276\376\300\256/usr/lib/x86_64-linux-gnu/gstreamer-1.0/libgstalaw.so\0", 66 <unfinished ...>
3994  <... futex resumed>)              = 0
3989  <... write resumed>)              = 66
3994  futex(0x7fc11ee870a8, FUTEX_WAKE_PRIVATE, 2147483647 <unfinished ...>
3989  newfstatat(AT_FDCWD, "/usr/lib/x86_64-linux-gnu/gstreamer-1.0/libgstvideotestsrc.so",  <unfinished ...>
3994  <... futex resumed>)              = 0
3989  <... newfstatat resumed>{st_mode=S_IFREG|0644, st_size=68984, ...}, 0) = 0
3994  futex(0x7fc11ee870a8, FUTEX_WAKE_PRIVATE, 2147483647 <unfinished ...>
3989  ppoll([{fd=4, events=POLLIN|POLLERR|POLLHUP|POLLNVAL}, {fd=7, events=POLLOUT|POLLERR|POLLHUP|POLLNVAL}, {fd=8, events=POLLIN|POLLERR|POLLHUP|POLLNVAL}], 3, {tv_sec=1, tv_nsec=0}, NULL, 8 <unfinished ...>
3994  <... futex resumed>)              = 0
3989  <... ppoll resumed>)              = 1 ([{fd=7, revents=POLLOUT}], left {tv_sec=0, tv_nsec=999998426})
3994  rt_sigaction(SIGSEGV, {sa_handler=SIG_DFL, sa_mask=[], sa_flags=SA_RESTORER, sa_restorer=0x7fc11eb68520},  <unfinished ...>
3989  write(7, "\2\0\0'\0\0\0>\276\376\300\256/usr/lib/x86_64-linux-gnu/gstreamer-1.0/libgstvideotestsrc.so\0", 74 <unfinished ...>
3994  <... rt_sigaction resumed>NULL, 8) = 0
3989  <... write resumed>)              = 74
3994  write(0, "\4\0\0\0\0\0\6\343\276\376\300\256\0\0\0\0\330\36\1\0\0\0\0\0\n\2400b\0\0\0\0\0\0\0\0\1\0\0\0wavparse\0Parse a .wav file into raw audio\0/usr/lib/x86_64-linux-gnu/gstreamer-1.0/libgst"..., 1775 <unfinished ...>
3989  newfstatat(AT_FDCWD, "/usr/lib/x86_64-linux-gnu/gstreamer-1.0/libgstdeinterlace.so",  <unfinished ...>
3994  <... write resumed>)              = 1775
3989  <... newfstatat resumed>{st_mode=S_IFREG|0644, st_size=143160, ...}, 0) = 0
3994  ppoll([{fd=3, events=POLLIN|POLLERR|POLLHUP|POLLNVAL}, {fd=0, events=POLLOUT|POLLERR|POLLHUP|POLLNVAL}, {fd=5, events=POLLIN|POLLERR|POLLHUP|POLLNVAL}], 3, {tv_sec=1, tv_nsec=0}, NULL, 8 <unfinished ...>
3989  ppoll([{fd=4, events=POLLIN|POLLERR|POLLHUP|POLLNVAL}, {fd=7, events=POLLOUT|POLLERR|POLLHUP|POLLNVAL}, {fd=8, events=POLLIN|POLLERR|POLLHUP|POLLNVAL}], 3, {tv_sec=1, tv_nsec=0}, NULL, 8 <unfinished ...>
3994  <... ppoll resumed>)              = 2 ([{fd=0, revents=POLLOUT}, {fd=5, revents=POLLIN}], left {tv_sec=0, tv_nsec=999997914})
3989  <... ppoll resumed>)              = 2 ([{fd=7, revents=POLLOUT}, {fd=8, revents=POLLIN}], left {tv_sec=0, tv_nsec=999998649})
3994  read(5,  <unfinished ...>
3989  read(8,  <unfinished ...>
3994  <... read resumed>"\2\0\0\2\0\0\0007\276\376\300\256", 12) = 12
3989  <... read resumed>"\4\0\0\0\0\0\6\343\276\376\300\256", 12) = 12
3994  read(5,  <unfinished ...>
3989  read(8,  <unfinished ...>
3994  <... read resumed>"/usr/lib/x86_64-linux-gnu/gstreamer-1.0/libgstalpha.so\0", 55) = 55
3989  <... read resumed>"\0\0\0\0\330\36\1\0\0\0\0\0\n\2400b\0\0\0\0\0\0\0\0\1\0\0\0wavparse\0Parse a .wav file into raw audio\0/usr/lib/x86_64-linux-gnu/gstreamer-1.0/libgstwavparse.so\0"..., 1763) = 1763
3994  newfstatat(AT_FDCWD, "/usr/lib/x86_64-linux-gnu/gstreamer-1.0/libgstalpha.so",  <unfinished ...>
3989  futex(0x7f77909e20a8, FUTEX_WAKE_PRIVATE, 2147483647 <unfinished ...>
3994  <... newfstatat resumed>{st_mode=S_IFREG|0644, st_size=56344, ...}, 0) = 0
3989  <... futex resumed>)              = 0
3994  newfstatat(AT_FDCWD, "/usr/lib/x86_64-linux-gnu/gstreamer-1.0/libgstalpha.so",  <unfinished ...>
3989  write(7, "\2\0\0(\0\0\0=\276\376\300\256/usr/lib/x86_64-linux-gnu/gstreamer-1.0/libgstdeinterlace.so\0", 73 <unfinished ...>
3994  <... newfstatat resumed>{st_mode=S_IFREG|0644, st_size=56344, ...}, 0) = 0
3989  <... write resumed>)              = 73
3994  openat(AT_FDCWD, "/usr/lib/x86_64-linux-gnu/gstreamer-1.0/libgstalpha.so", O_RDONLY|O_CLOEXEC <unfinished ...>
3989  newfstatat(AT_FDCWD, "/usr/lib/x86_64-linux-gnu/gstreamer-1.0/libgstopengl.so",  <unfinished ...>
3994  <... openat resumed>)             = 6
3989  <... newfstatat resumed>{st_mode=S_IFREG|0644, st_size=348040, ...}, 0) = 0
3994  read(6,  <unfinished ...>
3989  ppoll([{fd=4, events=POLLIN|POLLERR|POLLHUP|POLLNVAL}, {fd=7, events=POLLOUT|POLLERR|POLLHUP|POLLNVAL}, {fd=8, events=POLLIN|POLLERR|POLLHUP|POLLNVAL}], 3, {tv_sec=1, tv_nsec=0}, NULL, 8 <unfinished ...>
3994  <... read resumed>"\177ELF\2\1\1\0\0\0\0\0\0\0\0\0\3\0>\0\1\0\0\0\0\0\0\0\0\0\0\0@\0\0\0\0\0\0\0\230\324\0\0\0\0\0\0\0\0\0\0@\08\0\v\0@\0\36\0\35\0\1\0\0\0\4\0\0\0\0\0\0\0\0\0\0\0\0\0\0\0\0\0\0\0\0\0\0\0\0\0\0\0\30\30\0\0\0\0\0\0\30\30\0\0\0\0\0\0\0\20\0\0\0\0\0\0\1\0\0\0\5\0\0\0"..., 832) = 832
3989  <... ppoll resumed>)              = 1 ([{fd=7, revents=POLLOUT}], left {tv_sec=0, tv_nsec=999998548})
3994  newfstatat(6, "",  <unfinished ...>
3989  write(7, "\2\0\0)\0\0\08\276\376\300\256/usr/lib/x86_64-linux-gnu/gstreamer-1.0/libgstopengl.so\0", 68 <unfinished ...>
3994  <... newfstatat resumed>{st_mode=S_IFREG|0644, st_size=56344, ...}, AT_EMPTY_PATH) = 0
3989  <... write resumed>)              = 68
3994  mmap(NULL, 58128, PROT_READ, MAP_PRIVATE|MAP_DENYWRITE, 6, 0 <unfinished ...>
3989  newfstatat(AT_FDCWD, "/usr/lib/x86_64-linux-gnu/gstreamer-1.0/libgstapetag.so",  <unfinished ...>
3994  <... mmap resumed>)               = 0x7fc11e4f2000
3989  <... newfstatat resumed>{st_mode=S_IFREG|0644, st_size=23352, ...}, 0) = 0
3994  mmap(0x7fc11e4f4000, 36864, PROT_READ|PROT_EXEC, MAP_PRIVATE|MAP_FIXED|MAP_DENYWRITE, 6, 0x2000 <unfinished ...>
3989  ppoll([{fd=4, events=POLLIN|POLLERR|POLLHUP|POLLNVAL}, {fd=7, events=POLLOUT|POLLERR|POLLHUP|POLLNVAL}, {fd=8, events=POLLIN|POLLERR|POLLHUP|POLLNVAL}], 3, {tv_sec=1, tv_nsec=0}, NULL, 8 <unfinished ...>
3994  <... mmap resumed>)               = 0x7fc11e4f4000
3989  <... ppoll resumed>)              = 1 ([{fd=7, revents=POLLOUT}], left {tv_sec=0, tv_nsec=999997688})
3994  mmap(0x7fc11e4fd000, 8192, PROT_READ, MAP_PRIVATE|MAP_FIXED|MAP_DENYWRITE, 6, 0xb000 <unfinished ...>
3989  write(7, "\2\0\0*\0\0\08\276\376\300\256/usr/lib/x86_64-linux-gnu/gstreamer-1.0/libgstapetag.so\0", 68 <unfinished ...>
3994  <... mmap resumed>)               = 0x7fc11e4fd000
3989  <... write resumed>)              = 68
3994  mmap(0x7fc11e4ff000, 8192, PROT_READ|PROT_WRITE, MAP_PRIVATE|MAP_FIXED|MAP_DENYWRITE, 6, 0xc000 <unfinished ...>
3989  newfstatat(AT_FDCWD, "/usr/lib/x86_64-linux-gnu/gstreamer-1.0/libgstopus.so",  <unfinished ...>
3994  <... mmap resumed>)               = 0x7fc11e4ff000
3989  <... newfstatat resumed>{st_mode=S_IFREG|0644, st_size=69368, ...}, 0) = 0
3994  close(6 <unfinished ...>
3989  ppoll([{fd=4, events=POLLIN|POLLERR|POLLHUP|POLLNVAL}, {fd=7, events=POLLOUT|POLLERR|POLLHUP|POLLNVAL}, {fd=8, events=POLLIN|POLLERR|POLLHUP|POLLNVAL}], 3, {tv_sec=1, tv_nsec=0}, NULL, 8 <unfinished ...>
3994  <... close resumed>)              = 0
3989  <... ppoll resumed>)              = 1 ([{fd=7, revents=POLLOUT}], left {tv_sec=0, tv_nsec=999998041})
3994  mprotect(0x7fc11e4ff000, 4096, PROT_READ <unfinished ...>
3989  write(7, "\2\0\0+\0\0\0006\276\376\300\256/usr/lib/x86_64-linux-gnu/gstreamer-1.0/libgstopus.so\0", 66 <unfinished ...>
3994  <... mprotect resumed>)           = 0
3989  <... write resumed>)              = 66
3994  rt_sigaction(SIGSEGV, {sa_handler=0x7fc11ef1f040, sa_mask=[], sa_flags=SA_RESTORER, sa_restorer=0x7fc11eb68520},  <unfinished ...>
3989  newfstatat(AT_FDCWD, "/usr/lib/x86_64-linux-gnu/gstreamer-1.0/libgsttaglib.so",  <unfinished ...>
3994  <... rt_sigaction resumed>{sa_handler=SIG_DFL, sa_mask=[], sa_flags=SA_RESTORER, sa_restorer=0x7fc11eb68520}, 8) = 0
3989  <... newfstatat resumed>{st_mode=S_IFREG|0644, st_size=56944, ...}, 0) = 0
3994  futex(0x7fc11ee870a8, FUTEX_WAKE_PRIVATE, 2147483647 <unfinished ...>
3989  ppoll([{fd=4, events=POLLIN|POLLERR|POLLHUP|POLLNVAL}, {fd=7, events=POLLOUT|POLLERR|POLLHUP|POLLNVAL}, {fd=8, events=POLLIN|POLLERR|POLLHUP|POLLNVAL}], 3, {tv_sec=1, tv_nsec=0}, NULL, 8 <unfinished ...>
3994  <... futex resumed>)              = 0
3989  <... ppoll resumed>)              = 1 ([{fd=7, revents=POLLOUT}], left {tv_sec=0, tv_nsec=999998146})
3994  rt_sigaction(SIGSEGV, {sa_handler=SIG_DFL, sa_mask=[], sa_flags=SA_RESTORER, sa_restorer=0x7fc11eb68520},  <unfinished ...>
3989  write(7, "\2\0\0,\0\0\08\276\376\300\256/usr/lib/x86_64-linux-gnu/gstreamer-1.0/libgsttaglib.so\0", 68 <unfinished ...>
3994  <... rt_sigaction resumed>NULL, 8) = 0
3989  <... write resumed>)              = 68
3994  write(0, "\4\0\0\1\0\0\rb\276\376\300\256\0\0\0\0X\376\0\0\0\0\0\0\n\2400b\0\0\0\0\0\0\0\0\4\0\0\0videofilter\0Video filters plugin\0/usr/lib/x86_64-linux-gnu/gstreamer-1.0/libgstvideofilt"..., 3438 <unfinished ...>
3989  newfstatat(AT_FDCWD, "/usr/lib/x86_64-linux-gnu/gstreamer-1.0/libgstdebug.so",  <unfinished ...>
3994  <... write resumed>)              = 3438
3989  <... newfstatat resumed>{st_mode=S_IFREG|0644, st_size=74616, ...}, 0) = 0
3994  ppoll([{fd=3, events=POLLIN|POLLERR|POLLHUP|POLLNVAL}, {fd=0, events=POLLOUT|POLLERR|POLLHUP|POLLNVAL}, {fd=5, events=POLLIN|POLLERR|POLLHUP|POLLNVAL}], 3, {tv_sec=1, tv_nsec=0}, NULL, 8 <unfinished ...>
3989  ppoll([{fd=4, events=POLLIN|POLLERR|POLLHUP|POLLNVAL}, {fd=7, events=POLLOUT|POLLERR|POLLHUP|POLLNVAL}, {fd=8, events=POLLIN|POLLERR|POLLHUP|POLLNVAL}], 3, {tv_sec=1, tv_nsec=0}, NULL, 8 <unfinished ...>
3994  <... ppoll resumed>)              = 2 ([{fd=0, revents=POLLOUT}, {fd=5, revents=POLLIN}], left {tv_sec=0, tv_nsec=999997297})
3989  <... ppoll resumed>)              = 2 ([{fd=7, revents=POLLOUT}, {fd=8, revents=POLLIN}], left {tv_sec=0, tv_nsec=999998334})
3994  read(5,  <unfinished ...>
3989  read(8,  <unfinished ...>
3994  <... read resumed>"\2\0\0\3\0\0\0>\276\376\300\256", 12) = 12
3989  <... read resumed>"\4\0\0\1\0\0\rb\276\376\300\256", 12) = 12
3994  read(5,  <unfinished ...>
3989  read(8,  <unfinished ...>
3994  <... read resumed>"/usr/lib/x86_64-linux-gnu/gstreamer-1.0/libgstaudioconvert.so\0", 62) = 62
3989  <... read resumed>"\0\0\0\0X\376\0\0\0\0\0\0\n\2400b\0\0\0\0\0\0\0\0\4\0\0\0videofilter\0Video filters plugin\0/usr/lib/x86_64-linux-gnu/gstreamer-1.0/libgstvideofilter.so\0001.20.1"..., 3426) = 3426
3994  newfstatat(AT_FDCWD, "/usr/lib/x86_64-linux-gnu/gstreamer-1.0/libgstaudioconvert.so",  <unfinished ...>
3989  write(7, "\2\0\0-\0\0\0007\276\376\300\256/usr/lib/x86_64-linux-gnu/gstreamer-1.0/libgstdebug.so\0", 67 <unfinished ...>
3994  <... newfstatat resumed>{st_mode=S_IFREG|0644, st_size=36024, ...}, 0) = 0
3989  <... write resumed>)              = 67
3994  newfstatat(AT_FDCWD, "/usr/lib/x86_64-linux-gnu/gstreamer-1.0/libgstaudioconvert.so",  <unfinished ...>
3989  newfstatat(AT_FDCWD, "/usr/lib/x86_64-linux-gnu/gstreamer-1.0/libgstrtpmanager.so",  <unfinished ...>
3994  <... newfstatat resumed>{st_mode=S_IFREG|0644, st_size=36024, ...}, 0) = 0
3989  <... newfstatat resumed>{st_mode=S_IFREG|0644, st_size=484408, ...}, 0) = 0
3994  openat(AT_FDCWD, "/usr/lib/x86_64-linux-gnu/gstreamer-1.0/libgstaudioconvert.so", O_RDONLY|O_CLOEXEC <unfinished ...>
3989  ppoll([{fd=4, events=POLLIN|POLLERR|POLLHUP|POLLNVAL}, {fd=7, events=POLLOUT|POLLERR|POLLHUP|POLLNVAL}, {fd=8, events=POLLIN|POLLERR|POLLHUP|POLLNVAL}], 3, {tv_sec=1, tv_nsec=0}, NULL, 8 <unfinished ...>
3994  <... openat resumed>)             = 6
3989  <... ppoll resumed>)              = 1 ([{fd=7, revents=POLLOUT}], left {tv_sec=0, tv_nsec=999998571})
3994  read(6,  <unfinished ...>
3989  write(7, "\2\0\0.\0\0\0<\276\376\300\256/usr/lib/x86_64-linux-gnu/gstreamer-1.0/libgstrtpmanager.so\0", 72 <unfinished ...>
3994  <... read resumed>"\177ELF\2\1\1\0\0\0\0\0\0\0\0\0\3\0>\0\1\0\0\0\0\0\0\0\0\0\0\0@\0\0\0\0\0\0\08\205\0\0\0\0\0\0\0\0\0\0@\08\0\v\0@\0\36\0\35\0\1\0\0\0\4\0\0\0\0\0\0\0\0\0\0\0\0\0\0\0\0\0\0\0\0\0\0\0\0\0\0\0000\"\0\0\0\0\0\0000\"\0\0\0\0\0\0\0\20\0\0\0\0\0\0\1\0\0\0\5\0\0\0"..., 832) = 832
3989  <... write resumed>)              = 72
3994  newfstatat(6, "",  <unfinished ...>
3989  newfstatat(AT_FDCWD, "/usr/lib/x86_64-linux-gnu/gstreamer-1.0/libgstimagefreeze.so",  <unfinished ...>
3994  <... newfstatat resumed>{st_mode=S_IFREG|0644, st_size=36024, ...}, AT_EMPTY_PATH) = 0
3989  <... newfstatat resumed>{st_mode=S_IFREG|0644, st_size=44504, ...}, 0) = 0
3994  mmap(NULL, 37800, PROT_READ, MAP_PRIVATE|MAP_DENYWRITE, 6, 0 <unfinished ...>
3989  ppoll([{fd=4, events=POLLIN|POLLERR|POLLHUP|POLLNVAL}, {fd=7, events=POLLOUT|POLLERR|POLLHUP|POLLNVAL}, {fd=8, events=POLLIN|POLLERR|POLLHUP|POLLNVAL}], 3, {tv_sec=1, tv_nsec=0}, NULL, 8 <unfinished ...>
3994  <... mmap resumed>)               = 0x7fc11e4e8000
3989  <... ppoll resumed>)              = 1 ([{fd=7, revents=POLLOUT}], left {tv_sec=0, tv_nsec=999998802})
3994  mmap(0x7fc11e4eb000, 12288, PROT_READ|PROT_EXEC, MAP_PRIVATE|MAP_FIXED|MAP_DENYWRITE, 6, 0x3000 <unfinished ...>
3989  write(7, "\2\0\0/\0\0\0=\276\376\300\256/usr/lib/x86_64-linux-gnu/gstreamer-1.0/libgstimagefreeze.so\0", 73 <unfinished ...>
3994  <... mmap resumed>)               = 0x7fc11e4eb000
3989  <... write resumed>)              = 73
3994  mmap(0x7fc11e4ee000, 8192, PROT_READ, MAP_PRIVATE|MAP_FIXED|MAP_DENYWRITE, 6, 0x6000 <unfinished ...>
3989  newfstatat(AT_FDCWD, "/usr/lib/x86_64-linux-gnu/gstreamer-1.0/libgstlevel.so",  <unfinished ...>
3994  <... mmap resumed>)               = 0x7fc11e4ee000
3989  <... newfstatat resumed>{st_mode=S_IFREG|0644, st_size=31704, ...}, 0) = 0
3994  mmap(0x7fc11e4f0000, 8192, PROT_READ|PROT_WRITE, MAP_PRIVATE|MAP_FIXED|MAP_DENYWRITE, 6, 0x7000 <unfinished ...>
3989  ppoll([{fd=4, events=POLLIN|POLLERR|POLLHUP|POLLNVAL}, {fd=7, events=POLLOUT|POLLERR|POLLHUP|POLLNVAL}, {fd=8, events=POLLIN|POLLERR|POLLHUP|POLLNVAL}], 3, {tv_sec=1, tv_nsec=0}, NULL, 8 <unfinished ...>
3994  <... mmap resumed>)               = 0x7fc11e4f0000
3989  <... ppoll resumed>)              = 1 ([{fd=7, revents=POLLOUT}], left {tv_sec=0, tv_nsec=999998834})
3994  close(6 <unfinished ...>
3989  write(7, "\2\0\0000\0\0\0007\276\376\300\256/usr/lib/x86_64-linux-gnu/gstreamer-1.0/libgstlevel.so\0", 67 <unfinished ...>
3994  <... close resumed>)              = 0
3989  <... write resumed>)              = 67
3994  mprotect(0x7fc11e4f0000, 4096, PROT_READ <unfinished ...>
3989  newfstatat(AT_FDCWD, "/usr/lib/x86_64-linux-gnu/gstreamer-1.0/libgstximagesrc.so",  <unfinished ...>
3994  <... mprotect resumed>)           = 0
3989  <... newfstatat resumed>{st_mode=S_IFREG|0644, st_size=52632, ...}, 0) = 0
3994  rt_sigaction(SIGSEGV, {sa_handler=0x7fc11ef1f040, sa_mask=[], sa_flags=SA_RESTORER, sa_restorer=0x7fc11eb68520},  <unfinished ...>
3989  ppoll([{fd=4, events=POLLIN|POLLERR|POLLHUP|POLLNVAL}, {fd=7, events=POLLOUT|POLLERR|POLLHUP|POLLNVAL}, {fd=8, events=POLLIN|POLLERR|POLLHUP|POLLNVAL}], 3, {tv_sec=1, tv_nsec=0}, NULL, 8 <unfinished ...>
3994  <... rt_sigaction resumed>{sa_handler=SIG_DFL, sa_mask=[], sa_flags=SA_RESTORER, sa_restorer=0x7fc11eb68520}, 8) = 0
3989  <... ppoll resumed>)              = 1 ([{fd=7, revents=POLLOUT}], left {tv_sec=0, tv_nsec=999996876})
3994  futex(0x7fc11ee870a8, FUTEX_WAKE_PRIVATE, 2147483647 <unfinished ...>
3989  write(7, "\2\0\0001\0\0\0;\276\376\300\256/usr/lib/x86_64-linux-gnu/gstreamer-1.0/libgstximagesrc.so\0", 71 <unfinished ...>
3994  <... futex resumed>)              = 0
3989  <... write resumed>)              = 71
3994  futex(0x7fc11ee870a8, FUTEX_WAKE_PRIVATE, 2147483647 <unfinished ...>
3989  newfstatat(AT_FDCWD, "/usr/lib/x86_64-linux-gnu/gstreamer-1.0/libgsttypefindfunctions.so",  <unfinished ...>
3994  <... futex resumed>)              = 0
3989  <... newfstatat resumed>{st_mode=S_IFREG|0644, st_size=103240, ...}, 0) = 0
3994  futex(0x7fc11ee870a8, FUTEX_WAKE_PRIVATE, 2147483647 <unfinished ...>
3989  ppoll([{fd=4, events=POLLIN|POLLERR|POLLHUP|POLLNVAL}, {fd=7, events=POLLOUT|POLLERR|POLLHUP|POLLNVAL}, {fd=8, events=POLLIN|POLLERR|POLLHUP|POLLNVAL}], 3, {tv_sec=1, tv_nsec=0}, NULL, 8 <unfinished ...>
3994  <... futex resumed>)              = 0
3989  <... ppoll resumed>)              = 1 ([{fd=7, revents=POLLOUT}], left {tv_sec=0, tv_nsec=999997977})
3994  futex(0x7fc11ee870a8, FUTEX_WAKE_PRIVATE, 2147483647 <unfinished ...>
3989  write(7, "\2\0\0002\0\0\0C\276\376\300\256/usr/lib/x86_64-linux-gnu/gstreamer-1.0/libgsttypefindfunctions.so\0", 79 <unfinished ...>
3994  <... futex resumed>)              = 0
3989  <... write resumed>)              = 79
3994  rt_sigaction(SIGSEGV, {sa_handler=SIG_DFL, sa_mask=[], sa_flags=SA_RESTORER, sa_restorer=0x7fc11eb68520},  <unfinished ...>
3989  newfstatat(AT_FDCWD, "/usr/lib/x86_64-linux-gnu/gstreamer-1.0/libgstflxdec.so",  <unfinished ...>
3994  <... rt_sigaction resumed>NULL, 8) = 0
3989  <... newfstatat resumed>{st_mode=S_IFREG|0644, st_size=39928, ...}, 0) = 0
3994  write(0, "\4\0\0\2\0\0\4\260\276\376\300\256\0\0\0\0\30\334\0\0\0\0\0\0\n\2400b\0\0\0\0\0\0\0\0\1\0\0\0alpha\0adds an alpha channel to video - constant or via chroma-keying\0/usr/lib/x86_64-lin"..., 1212 <unfinished ...>
3989  ppoll([{fd=4, events=POLLIN|POLLERR|POLLHUP|POLLNVAL}, {fd=7, events=POLLOUT|POLLERR|POLLHUP|POLLNVAL}, {fd=8, events=POLLIN|POLLERR|POLLHUP|POLLNVAL}], 3, {tv_sec=1, tv_nsec=0}, NULL, 8 <unfinished ...>
3994  <... write resumed>)              = 1212
3989  <... ppoll resumed>)              = 2 ([{fd=7, revents=POLLOUT}, {fd=8, revents=POLLIN}], left {tv_sec=0, tv_nsec=999997949})
3994  ppoll([{fd=3, events=POLLIN|POLLERR|POLLHUP|POLLNVAL}, {fd=0, events=POLLOUT|POLLERR|POLLHUP|POLLNVAL}, {fd=5, events=POLLIN|POLLERR|POLLHUP|POLLNVAL}], 3, {tv_sec=1, tv_nsec=0}, NULL, 8 <unfinished ...>
3989  read(8,  <unfinished ...>
3994  <... ppoll resumed>)              = 2 ([{fd=0, revents=POLLOUT}, {fd=5, revents=POLLIN}], left {tv_sec=0, tv_nsec=999997294})
3989  <... read resumed>"\4\0\0\2\0\0\4\260\276\376\300\256", 12) = 12
3994  read(5,  <unfinished ...>
3989  read(8,  <unfinished ...>
3994  <... read resumed>"\2\0\0\4\0\0\0007\276\376\300\256", 12) = 12
3989  <... read resumed>"\0\0\0\0\30\334\0\0\0\0\0\0\n\2400b\0\0\0\0\0\0\0\0\1\0\0\0alpha\0adds an alpha channel to video - constant or via chroma-keying\0/usr/lib/x86_64-linux-gnu/gstre"..., 1200) = 1200
3994  read(5,  <unfinished ...>
3989  brk(0x56531226b000 <unfinished ...>
3994  <... read resumed>"/usr/lib/x86_64-linux-gnu/gstreamer-1.0/libgstmulaw.so\0", 55) = 55
3989  <... brk resumed>)                = 0x56531226b000
3994  newfstatat(AT_FDCWD, "/usr/lib/x86_64-linux-gnu/gstreamer-1.0/libgstmulaw.so",  <unfinished ...>
3989  write(7, "\2\0\0003\0\0\08\276\376\300\256/usr/lib/x86_64-linux-gnu/gstreamer-1.0/libgstflxdec.so\0", 68 <unfinished ...>
3994  <... newfstatat resumed>{st_mode=S_IFREG|0644, st_size=23480, ...}, 0) = 0
3989  <... write resumed>)              = 68
3994  newfstatat(AT_FDCWD, "/usr/lib/x86_64-linux-gnu/gstreamer-1.0/libgstmulaw.so",  <unfinished ...>
3989  newfstatat(AT_FDCWD, "/usr/lib/x86_64-linux-gnu/gstreamer-1.0/libgstvideoconvert.so",  <unfinished ...>
3994  <... newfstatat resumed>{st_mode=S_IFREG|0644, st_size=23480, ...}, 0) = 0
3989  <... newfstatat resumed>{st_mode=S_IFREG|0644, st_size=31896, ...}, 0) = 0
3994  openat(AT_FDCWD, "/usr/lib/x86_64-linux-gnu/gstreamer-1.0/libgstmulaw.so", O_RDONLY|O_CLOEXEC <unfinished ...>
3989  ppoll([{fd=4, events=POLLIN|POLLERR|POLLHUP|POLLNVAL}, {fd=7, events=POLLOUT|POLLERR|POLLHUP|POLLNVAL}, {fd=8, events=POLLIN|POLLERR|POLLHUP|POLLNVAL}], 3, {tv_sec=1, tv_nsec=0}, NULL, 8 <unfinished ...>
3994  <... openat resumed>)             = 6
3989  <... ppoll resumed>)              = 1 ([{fd=7, revents=POLLOUT}], left {tv_sec=0, tv_nsec=999998396})
3994  read(6,  <unfinished ...>
3989  write(7, "\2\0\0004\0\0\0>\276\376\300\256/usr/lib/x86_64-linux-gnu/gstreamer-1.0/libgstvideoconvert.so\0", 74 <unfinished ...>
3994  <... read resumed>"\177ELF\2\1\1\0\0\0\0\0\0\0\0\0\3\0>\0\1\0\0\0\0\0\0\0\0\0\0\0@\0\0\0\0\0\0\08T\0\0\0\0\0\0\0\0\0\0@\08\0\v\0@\0\36\0\35\0\1\0\0\0\4\0\0\0\0\0\0\0\0\0\0\0\0\0\0\0\0\0\0\0\0\0\0\0\0\0\0\0H\23\0\0\0\0\0\0H\23\0\0\0\0\0\0\0\20\0\0\0\0\0\0\1\0\0\0\5\0\0\0"..., 832) = 832
3989  <... write resumed>)              = 74
3994  newfstatat(6, "",  <unfinished ...>
3989  newfstatat(AT_FDCWD, "/usr/lib/x86_64-linux-gnu/gstreamer-1.0/libgstaudiofx.so",  <unfinished ...>
3994  <... newfstatat resumed>{st_mode=S_IFREG|0644, st_size=23480, ...}, AT_EMPTY_PATH) = 0
3989  <... newfstatat resumed>{st_mode=S_IFREG|0644, st_size=151256, ...}, 0) = 0
3994  mmap(NULL, 25248, PROT_READ, MAP_PRIVATE|MAP_DENYWRITE, 6, 0 <unfinished ...>
3989  ppoll([{fd=4, events=POLLIN|POLLERR|POLLHUP|POLLNVAL}, {fd=7, events=POLLOUT|POLLERR|POLLHUP|POLLNVAL}, {fd=8, events=POLLIN|POLLERR|POLLHUP|POLLNVAL}], 3, {tv_sec=1, tv_nsec=0}, NULL, 8 <unfinished ...>
3994  <... mmap resumed>)               = 0x7fc11e4e1000
3989  <... ppoll resumed>)              = 1 ([{fd=7, revents=POLLOUT}], left {tv_sec=0, tv_nsec=999998028})
3994  mmap(0x7fc11e4e3000, 8192, PROT_READ|PROT_EXEC, MAP_PRIVATE|MAP_FIXED|MAP_DENYWRITE, 6, 0x2000 <unfinished ...>
3989  write(7, "\2\0\0005\0\0\09\276\376\300\256/usr/lib/x86_64-linux-gnu/gstreamer-1.0/libgstaudiofx.so\0", 69 <unfinished ...>
3994  <... mmap resumed>)               = 0x7fc11e4e3000
3989  <... write resumed>)              = 69
3994  mmap(0x7fc11e4e5000, 4096, PROT_READ, MAP_PRIVATE|MAP_FIXED|MAP_DENYWRITE, 6, 0x4000 <unfinished ...>
3989  newfstatat(AT_FDCWD, "/usr/lib/x86_64-linux-gnu/gstreamer-1.0/libgstalphacolor.so",  <unfinished ...>
3994  <... mmap resumed>)               = 0x7fc11e4e5000
3989  <... newfstatat resumed>{st_mode=S_IFREG|0644, st_size=19000, ...}, 0) = 0
3994  mmap(0x7fc11e4e6000, 8192, PROT_READ|PROT_WRITE, MAP_PRIVATE|MAP_FIXED|MAP_DENYWRITE, 6, 0x4000 <unfinished ...>
3989  ppoll([{fd=4, events=POLLIN|POLLERR|POLLHUP|POLLNVAL}, {fd=7, events=POLLOUT|POLLERR|POLLHUP|POLLNVAL}, {fd=8, events=POLLIN|POLLERR|POLLHUP|POLLNVAL}], 3, {tv_sec=1, tv_nsec=0}, NULL, 8 <unfinished ...>
3994  <... mmap resumed>)               = 0x7fc11e4e6000
3989  <... ppoll resumed>)              = 1 ([{fd=7, revents=POLLOUT}], left {tv_sec=0, tv_nsec=999984275})
3994  close(6 <unfinished ...>
3989  write(7, "\2\0\0006\0\0\0<\276\376\300\256/usr/lib/x86_64-linux-gnu/gstreamer-1.0/libgstalphacolor.so\0", 72 <unfinished ...>
3994  <... close resumed>)              = 0
3989  <... write resumed>)              = 72
3994  mprotect(0x7fc11e4e6000, 4096, PROT_READ <unfinished ...>
3989  newfstatat(AT_FDCWD, "/usr/lib/x86_64-linux-gnu/gstreamer-1.0/libgstcutter.so",  <unfinished ...>
3994  <... mprotect resumed>)           = 0
3989  <... newfstatat resumed>{st_mode=S_IFREG|0644, st_size=23512, ...}, 0) = 0
3994  rt_sigaction(SIGSEGV, {sa_handler=0x7fc11ef1f040, sa_mask=[], sa_flags=SA_RESTORER, sa_restorer=0x7fc11eb68520},  <unfinished ...>
3989  ppoll([{fd=4, events=POLLIN|POLLERR|POLLHUP|POLLNVAL}, {fd=7, events=POLLOUT|POLLERR|POLLHUP|POLLNVAL}, {fd=8, events=POLLIN|POLLERR|POLLHUP|POLLNVAL}], 3, {tv_sec=1, tv_nsec=0}, NULL, 8 <unfinished ...>
3994  <... rt_sigaction resumed>{sa_handler=SIG_DFL, sa_mask=[], sa_flags=SA_RESTORER, sa_restorer=0x7fc11eb68520}, 8) = 0
3989  <... ppoll resumed>)              = 1 ([{fd=7, revents=POLLOUT}], left {tv_sec=0, tv_nsec=999998312})
3994  futex(0x7fc11ee870a8, FUTEX_WAKE_PRIVATE, 2147483647 <unfinished ...>
3989  write(7, "\2\0\0007\0\0\08\276\376\300\256/usr/lib/x86_64-linux-gnu/gstreamer-1.0/libgstcutter.so\0", 68 <unfinished ...>
3994  <... futex resumed>)              = 0
3989  <... write resumed>)              = 68
3994  futex(0x7fc11ee870a8, FUTEX_WAKE_PRIVATE, 2147483647 <unfinished ...>
3989  newfstatat(AT_FDCWD, "/usr/lib/x86_64-linux-gnu/gstreamer-1.0/libgstshout2.so",  <unfinished ...>
3994  <... futex resumed>)              = 0
3989  <... newfstatat resumed>{st_mode=S_IFREG|0644, st_size=40184, ...}, 0) = 0
3994  futex(0x7fc11ee870a8, FUTEX_WAKE_PRIVATE, 2147483647 <unfinished ...>
3989  ppoll([{fd=4, events=POLLIN|POLLERR|POLLHUP|POLLNVAL}, {fd=7, events=POLLOUT|POLLERR|POLLHUP|POLLNVAL}, {fd=8, events=POLLIN|POLLERR|POLLHUP|POLLNVAL}], 3, {tv_sec=1, tv_nsec=0}, NULL, 8 <unfinished ...>
3994  <... futex resumed>)              = 0
3989  <... ppoll resumed>)              = 1 ([{fd=7, revents=POLLOUT}], left {tv_sec=0, tv_nsec=999997633})
3994  futex(0x7fc11ee870a8, FUTEX_WAKE_PRIVATE, 2147483647 <unfinished ...>
3989  write(7, "\2\0\08\0\0\08\276\376\300\256/usr/lib/x86_64-linux-gnu/gstreamer-1.0/libgstshout2.so\0", 68 <unfinished ...>
3994  <... futex resumed>)              = 0
3989  <... write resumed>)              = 68
3994  rt_sigaction(SIGSEGV, {sa_handler=SIG_DFL, sa_mask=[], sa_flags=SA_RESTORER, sa_restorer=0x7fc11eb68520},  <unfinished ...>
3989  newfstatat(AT_FDCWD, "/usr/lib/x86_64-linux-gnu/gstreamer-1.0/libgstinterleave.so",  <unfinished ...>
3994  <... rt_sigaction resumed>NULL, 8) = 0
3989  <... newfstatat resumed>{st_mode=S_IFREG|0644, st_size=61208, ...}, 0) = 0
3994  write(0, "\4\0\0\3\0\0\5\6\276\376\300\256\0\0\0\0\270\214\0\0\0\0\0\0!U/b\0\0\0\0\0\0\0\0\1\0\0\0audioconvert\0Convert audio to different formats\0/usr/lib/x86_64-linux-gnu/gstreamer-1.0/"..., 1298 <unfinished ...>
3989  ppoll([{fd=4, events=POLLIN|POLLERR|POLLHUP|POLLNVAL}, {fd=7, events=POLLOUT|POLLERR|POLLHUP|POLLNVAL}, {fd=8, events=POLLIN|POLLERR|POLLHUP|POLLNVAL}], 3, {tv_sec=1, tv_nsec=0}, NULL, 8 <unfinished ...>
3994  <... write resumed>)              = 1298
3989  <... ppoll resumed>)              = 2 ([{fd=7, revents=POLLOUT}, {fd=8, revents=POLLIN}], left {tv_sec=0, tv_nsec=999998410})
3994  ppoll([{fd=3, events=POLLIN|POLLERR|POLLHUP|POLLNVAL}, {fd=0, events=POLLOUT|POLLERR|POLLHUP|POLLNVAL}, {fd=5, events=POLLIN|POLLERR|POLLHUP|POLLNVAL}], 3, {tv_sec=1, tv_nsec=0}, NULL, 8 <unfinished ...>
3989  read(8,  <unfinished ...>
3994  <... ppoll resumed>)              = 2 ([{fd=0, revents=POLLOUT}, {fd=5, revents=POLLIN}], left {tv_sec=0, tv_nsec=999997861})
3989  <... read resumed>"\4\0\0\3\0\0\5\6\276\376\300\256", 12) = 12
3994  read(5,  <unfinished ...>
3989  read(8,  <unfinished ...>
3994  <... read resumed>"\2\0\0\5\0\0\0006\276\376\300\256", 12) = 12
3989  <... read resumed>"\0\0\0\0\270\214\0\0\0\0\0\0!U/b\0\0\0\0\0\0\0\0\1\0\0\0audioconvert\0Convert audio to different formats\0/usr/lib/x86_64-linux-gnu/gstreamer-1.0/libgstaudioc"..., 1286) = 1286
3994  read(5,  <unfinished ...>
3989  write(7, "\2\0\09\0\0\0<\276\376\300\256/usr/lib/x86_64-linux-gnu/gstreamer-1.0/libgstinterleave.so\0", 72 <unfinished ...>
3994  <... read resumed>"/usr/lib/x86_64-linux-gnu/gstreamer-1.0/libgstgoom.so\0", 54) = 54
3989  <... write resumed>)              = 72
3994  newfstatat(AT_FDCWD, "/usr/lib/x86_64-linux-gnu/gstreamer-1.0/libgstgoom.so",  <unfinished ...>
3989  newfstatat(AT_FDCWD, "/usr/lib/x86_64-linux-gnu/gstreamer-1.0/libgstmatroska.so",  <unfinished ...>
3994  <... newfstatat resumed>{st_mode=S_IFREG|0644, st_size=88888, ...}, 0) = 0
3989  <... newfstatat resumed>{st_mode=S_IFREG|0644, st_size=363128, ...}, 0) = 0
3994  newfstatat(AT_FDCWD, "/usr/lib/x86_64-linux-gnu/gstreamer-1.0/libgstgoom.so",  <unfinished ...>
3989  ppoll([{fd=4, events=POLLIN|POLLERR|POLLHUP|POLLNVAL}, {fd=7, events=POLLOUT|POLLERR|POLLHUP|POLLNVAL}, {fd=8, events=POLLIN|POLLERR|POLLHUP|POLLNVAL}], 3, {tv_sec=1, tv_nsec=0}, NULL, 8 <unfinished ...>
3994  <... newfstatat resumed>{st_mode=S_IFREG|0644, st_size=88888, ...}, 0) = 0
3989  <... ppoll resumed>)              = 1 ([{fd=7, revents=POLLOUT}], left {tv_sec=0, tv_nsec=999998469})
3994  openat(AT_FDCWD, "/usr/lib/x86_64-linux-gnu/gstreamer-1.0/libgstgoom.so", O_RDONLY|O_CLOEXEC <unfinished ...>
3989  write(7, "\2\0\0:\0\0\0:\276\376\300\256/usr/lib/x86_64-linux-gnu/gstreamer-1.0/libgstmatroska.so\0", 70 <unfinished ...>
3994  <... openat resumed>)             = 6
3989  <... write resumed>)              = 70
3994  read(6,  <unfinished ...>
3989  newfstatat(AT_FDCWD, "/usr/lib/x86_64-linux-gnu/gstreamer-1.0/libgstjpeg.so",  <unfinished ...>
3994  <... read resumed>"\177ELF\2\1\1\0\0\0\0\0\0\0\0\0\3\0>\0\1\0\0\0\0\0\0\0\0\0\0\0@\0\0\0\0\0\0\0\270S\1\0\0\0\0\0\0\0\0\0@\08\0\v\0@\0\36\0\35\0\1\0\0\0\4\0\0\0\0\0\0\0\0\0\0\0\0\0\0\0\0\0\0\0\0\0\0\0\0\0\0\0\300\17\0\0\0\0\0\0\300\17\0\0\0\0\0\0\0\20\0\0\0\0\0\0\1\0\0\0\5\0\0\0"..., 832) = 832
3989  <... newfstatat resumed>{st_mode=S_IFREG|0644, st_size=57016, ...}, 0) = 0
3994  newfstatat(6, "",  <unfinished ...>
3989  ppoll([{fd=4, events=POLLIN|POLLERR|POLLHUP|POLLNVAL}, {fd=7, events=POLLOUT|POLLERR|POLLHUP|POLLNVAL}, {fd=8, events=POLLIN|POLLERR|POLLHUP|POLLNVAL}], 3, {tv_sec=1, tv_nsec=0}, NULL, 8 <unfinished ...>
3994  <... newfstatat resumed>{st_mode=S_IFREG|0644, st_size=88888, ...}, AT_EMPTY_PATH) = 0
3989  <... ppoll resumed>)              = 1 ([{fd=7, revents=POLLOUT}], left {tv_sec=0, tv_nsec=999998631})
3994  mmap(NULL, 90672, PROT_READ, MAP_PRIVATE|MAP_DENYWRITE, 6, 0 <unfinished ...>
3989  write(7, "\2\0\0;\0\0\0006\276\376\300\256/usr/lib/x86_64-linux-gnu/gstreamer-1.0/libgstjpeg.so\0", 66 <unfinished ...>
3994  <... mmap resumed>)               = 0x7fc11e4ca000
3989  <... write resumed>)              = 66
3994  mmap(0x7fc11e4cb000, 40960, PROT_READ|PROT_EXEC, MAP_PRIVATE|MAP_FIXED|MAP_DENYWRITE, 6, 0x1000 <unfinished ...>
3989  newfstatat(AT_FDCWD, "/usr/lib/x86_64-linux-gnu/gstreamer-1.0/libgstplayback.so",  <unfinished ...>
3994  <... mmap resumed>)               = 0x7fc11e4cb000
3989  <... newfstatat resumed>{st_mode=S_IFREG|0644, st_size=623672, ...}, 0) = 0
3994  mmap(0x7fc11e4d5000, 8192, PROT_READ, MAP_PRIVATE|MAP_FIXED|MAP_DENYWRITE, 6, 0xb000 <unfinished ...>
3989  ppoll([{fd=4, events=POLLIN|POLLERR|POLLHUP|POLLNVAL}, {fd=7, events=POLLOUT|POLLERR|POLLHUP|POLLNVAL}, {fd=8, events=POLLIN|POLLERR|POLLHUP|POLLNVAL}], 3, {tv_sec=1, tv_nsec=0}, NULL, 8 <unfinished ...>
3994  <... mmap resumed>)               = 0x7fc11e4d5000
3989  <... ppoll resumed>)              = 1 ([{fd=7, revents=POLLOUT}], left {tv_sec=0, tv_nsec=999998500})
3994  mmap(0x7fc11e4d7000, 40960, PROT_READ|PROT_WRITE, MAP_PRIVATE|MAP_FIXED|MAP_DENYWRITE, 6, 0xc000 <unfinished ...>
3989  write(7, "\2\0\0<\0\0\0:\276\376\300\256/usr/lib/x86_64-linux-gnu/gstreamer-1.0/libgstplayback.so\0", 70 <unfinished ...>
3994  <... mmap resumed>)               = 0x7fc11e4d7000
3989  <... write resumed>)              = 70
3994  close(6 <unfinished ...>
3989  newfstatat(AT_FDCWD, "/usr/lib/x86_64-linux-gnu/gstreamer-1.0/libgstwavpack.so",  <unfinished ...>
3994  <... close resumed>)              = 0
3989  <... newfstatat resumed>{st_mode=S_IFREG|0644, st_size=48760, ...}, 0) = 0
3994  mprotect(0x7fc11e4d7000, 4096, PROT_READ <unfinished ...>
3989  ppoll([{fd=4, events=POLLIN|POLLERR|POLLHUP|POLLNVAL}, {fd=7, events=POLLOUT|POLLERR|POLLHUP|POLLNVAL}, {fd=8, events=POLLIN|POLLERR|POLLHUP|POLLNVAL}], 3, {tv_sec=1, tv_nsec=0}, NULL, 8 <unfinished ...>
3994  <... mprotect resumed>)           = 0
3989  <... ppoll resumed>)              = 1 ([{fd=7, revents=POLLOUT}], left {tv_sec=0, tv_nsec=999998645})
3994  rt_sigaction(SIGSEGV, {sa_handler=0x7fc11ef1f040, sa_mask=[], sa_flags=SA_RESTORER, sa_restorer=0x7fc11eb68520},  <unfinished ...>
3989  write(7, "\2\0\0=\0\0\09\276\376\300\256/usr/lib/x86_64-linux-gnu/gstreamer-1.0/libgstwavpack.so\0", 69 <unfinished ...>
3994  <... rt_sigaction resumed>{sa_handler=SIG_DFL, sa_mask=[], sa_flags=SA_RESTORER, sa_restorer=0x7fc11eb68520}, 8) = 0
3989  <... write resumed>)              = 69
3989  newfstatat(AT_FDCWD, "/usr/lib/x86_64-linux-gnu/gstreamer-1.0/libgstaudioresample.so",  <unfinished ...>
3994  brk(0x56020dbb2000 <unfinished ...>
3989  <... newfstatat resumed>{st_mode=S_IFREG|0644, st_size=40120, ...}, 0) = 0
3994  <... brk resumed>)                = 0x56020dbb2000
3989  ppoll([{fd=4, events=POLLIN|POLLERR|POLLHUP|POLLNVAL}, {fd=7, events=POLLOUT|POLLERR|POLLHUP|POLLNVAL}, {fd=8, events=POLLIN|POLLERR|POLLHUP|POLLNVAL}], 3, {tv_sec=1, tv_nsec=0}, NULL, 8 <unfinished ...>
3994  futex(0x7fc11ee870a8, FUTEX_WAKE_PRIVATE, 2147483647 <unfinished ...>
3989  <... ppoll resumed>)              = 1 ([{fd=7, revents=POLLOUT}], left {tv_sec=0, tv_nsec=999998342})
3994  <... futex resumed>)              = 0
3989  write(7, "\2\0\0>\0\0\0?\276\376\300\256/usr/lib/x86_64-linux-gnu/gstreamer-1.0/libgstaudioresample.so\0", 75 <unfinished ...>
3994  futex(0x7fc11ee870a8, FUTEX_WAKE_PRIVATE, 2147483647 <unfinished ...>
3989  <... write resumed>)              = 75
3994  <... futex resumed>)              = 0
3989  newfstatat(AT_FDCWD, "/usr/lib/x86_64-linux-gnu/gstreamer-1.0/libgstcoreelements.so",  <unfinished ...>
3994  futex(0x7fc11ee870a8, FUTEX_WAKE_PRIVATE, 2147483647 <unfinished ...>
3989  <... newfstatat resumed>{st_mode=S_IFREG|0644, st_size=447024, ...}, 0) = 0
3994  <... futex resumed>)              = 0
3989  ppoll([{fd=4, events=POLLIN|POLLERR|POLLHUP|POLLNVAL}, {fd=7, events=POLLOUT|POLLERR|POLLHUP|POLLNVAL}, {fd=8, events=POLLIN|POLLERR|POLLHUP|POLLNVAL}], 3, {tv_sec=1, tv_nsec=0}, NULL, 8 <unfinished ...>
3994  rt_sigaction(SIGSEGV, {sa_handler=SIG_DFL, sa_mask=[], sa_flags=SA_RESTORER, sa_restorer=0x7fc11eb68520},  <unfinished ...>
3989  <... ppoll resumed>)              = 1 ([{fd=7, revents=POLLOUT}], left {tv_sec=0, tv_nsec=999997384})
3994  <... rt_sigaction resumed>NULL, 8) = 0
3989  write(7, "\2\0\0?\0\0\0>\276\376\300\256/usr/lib/x86_64-linux-gnu/gstreamer-1.0/libgstcoreelements.so\0", 74 <unfinished ...>
3994  write(0, "\4\0\0\4\0\0\4\354\276\376\300\256\0\0\0\0\270[\0\0\0\0\0\0\n\2400b\0\0\0\0\0\0\0\0\2\0\0\0mulaw\0MuLaw audio conversion routines\0/usr/lib/x86_64-linux-gnu/gstreamer-1.0/libgstmula"..., 1272 <unfinished ...>
3989  <... write resumed>)              = 74
3994  <... write resumed>)              = 1272
3989  newfstatat(AT_FDCWD, "/usr/lib/x86_64-linux-gnu/gstreamer-1.0/libgsttcp.so",  <unfinished ...>
3994  ppoll([{fd=3, events=POLLIN|POLLERR|POLLHUP|POLLNVAL}, {fd=0, events=POLLOUT|POLLERR|POLLHUP|POLLNVAL}, {fd=5, events=POLLIN|POLLERR|POLLHUP|POLLNVAL}], 3, {tv_sec=1, tv_nsec=0}, NULL, 8 <unfinished ...>
3989  <... newfstatat resumed>{st_mode=S_IFREG|0644, st_size=131384, ...}, 0) = 0
3994  <... ppoll resumed>)              = 2 ([{fd=0, revents=POLLOUT}, {fd=5, revents=POLLIN}], left {tv_sec=0, tv_nsec=999997743})
3989  ppoll([{fd=4, events=POLLIN|POLLERR|POLLHUP|POLLNVAL}, {fd=7, events=POLLOUT|POLLERR|POLLHUP|POLLNVAL}, {fd=8, events=POLLIN|POLLERR|POLLHUP|POLLNVAL}], 3, {tv_sec=1, tv_nsec=0}, NULL, 8 <unfinished ...>
3994  read(5,  <unfinished ...>
3989  <... ppoll resumed>)              = 2 ([{fd=7, revents=POLLOUT}, {fd=8, revents=POLLIN}], left {tv_sec=0, tv_nsec=999984017})
3994  <... read resumed>"\2\0\0\6\0\0\0<\276\376\300\256", 12) = 12
3989  read(8,  <unfinished ...>
3994  read(5,  <unfinished ...>
3989  <... read resumed>"\4\0\0\4\0\0\4\354\276\376\300\256", 12) = 12
3994  <... read resumed>"/usr/lib/x86_64-linux-gnu/gstreamer-1.0/libgstvideomixer.so\0", 60) = 60
3989  read(8,  <unfinished ...>
3994  newfstatat(AT_FDCWD, "/usr/lib/x86_64-linux-gnu/gstreamer-1.0/libgstvideomixer.so",  <unfinished ...>
3989  <... read resumed>"\0\0\0\0\270[\0\0\0\0\0\0\n\2400b\0\0\0\0\0\0\0\0\2\0\0\0mulaw\0MuLaw audio conversion routines\0/usr/lib/x86_64-linux-gnu/gstreamer-1.0/libgstmulaw.so\0001.20.1\0"..., 1260) = 1260
3994  <... newfstatat resumed>{st_mode=S_IFREG|0644, st_size=94200, ...}, 0) = 0
3989  write(7, "\2\0\0@\0\0\0005\276\376\300\256/usr/lib/x86_64-linux-gnu/gstreamer-1.0/libgsttcp.so\0", 65 <unfinished ...>
3994  newfstatat(AT_FDCWD, "/usr/lib/x86_64-linux-gnu/gstreamer-1.0/libgstvideomixer.so",  <unfinished ...>
3989  <... write resumed>)              = 65
3994  <... newfstatat resumed>{st_mode=S_IFREG|0644, st_size=94200, ...}, 0) = 0
3989  newfstatat(AT_FDCWD, "/usr/lib/x86_64-linux-gnu/gstreamer-1.0/libgstreplaygain.so",  <unfinished ...>
3994  openat(AT_FDCWD, "/usr/lib/x86_64-linux-gnu/gstreamer-1.0/libgstvideomixer.so", O_RDONLY|O_CLOEXEC <unfinished ...>
3989  <... newfstatat resumed>{st_mode=S_IFREG|0644, st_size=48440, ...}, 0) = 0
3994  <... openat resumed>)             = 6
3989  ppoll([{fd=4, events=POLLIN|POLLERR|POLLHUP|POLLNVAL}, {fd=7, events=POLLOUT|POLLERR|POLLHUP|POLLNVAL}, {fd=8, events=POLLIN|POLLERR|POLLHUP|POLLNVAL}], 3, {tv_sec=1, tv_nsec=0}, NULL, 8 <unfinished ...>
3994  read(6,  <unfinished ...>
3989  <... ppoll resumed>)              = 1 ([{fd=7, revents=POLLOUT}], left {tv_sec=0, tv_nsec=999998252})
3994  <... read resumed>"\177ELF\2\1\1\0\0\0\0\0\0\0\0\0\3\0>\0\1\0\0\0\0\0\0\0\0\0\0\0@\0\0\0\0\0\0\0xh\1\0\0\0\0\0\0\0\0\0@\08\0\v\0@\0\36\0\35\0\1\0\0\0\4\0\0\0\0\0\0\0\0\0\0\0\0\0\0\0\0\0\0\0\0\0\0\0\0\0\0\0\260=\0\0\0\0\0\0\260=\0\0\0\0\0\0\0\20\0\0\0\0\0\0\1\0\0\0\5\0\0\0"..., 832) = 832
3989  write(7, "\2\0\0A\0\0\0<\276\376\300\256/usr/lib/x86_64-linux-gnu/gstreamer-1.0/libgstreplaygain.so\0", 72 <unfinished ...>
3994  newfstatat(6, "",  <unfinished ...>
3989  <... write resumed>)              = 72
3994  <... newfstatat resumed>{st_mode=S_IFREG|0644, st_size=94200, ...}, AT_EMPTY_PATH) = 0
3989  newfstatat(AT_FDCWD, "/usr/lib/x86_64-linux-gnu/gstreamer-1.0/libgsttheora.so",  <unfinished ...>
3994  mmap(NULL, 96488, PROT_READ, MAP_PRIVATE|MAP_DENYWRITE, 6, 0 <unfinished ...>
3989  <... newfstatat resumed>{st_mode=S_IFREG|0644, st_size=69848, ...}, 0) = 0
3994  <... mmap resumed>)               = 0x7fc11e4b2000
3989  ppoll([{fd=4, events=POLLIN|POLLERR|POLLHUP|POLLNVAL}, {fd=7, events=POLLOUT|POLLERR|POLLHUP|POLLNVAL}, {fd=8, events=POLLIN|POLLERR|POLLHUP|POLLNVAL}], 3, {tv_sec=1, tv_nsec=0}, NULL, 8 <unfinished ...>
3994  mmap(0x7fc11e4b6000, 57344, PROT_READ|PROT_EXEC, MAP_PRIVATE|MAP_FIXED|MAP_DENYWRITE, 6, 0x4000 <unfinished ...>
3989  <... ppoll resumed>)              = 1 ([{fd=7, revents=POLLOUT}], left {tv_sec=0, tv_nsec=999983901})
3994  <... mmap resumed>)               = 0x7fc11e4b6000
3989  write(7, "\2\0\0B\0\0\08\276\376\300\256/usr/lib/x86_64-linux-gnu/gstreamer-1.0/libgsttheora.so\0", 68 <unfinished ...>
3994  mmap(0x7fc11e4c4000, 16384, PROT_READ, MAP_PRIVATE|MAP_FIXED|MAP_DENYWRITE, 6, 0x12000 <unfinished ...>
3989  <... write resumed>)              = 68
3994  <... mmap resumed>)               = 0x7fc11e4c4000
3989  newfstatat(AT_FDCWD, "/usr/lib/x86_64-linux-gnu/gstreamer-1.0/libgstwavenc.so",  <unfinished ...>
3994  mmap(0x7fc11e4c8000, 8192, PROT_READ|PROT_WRITE, MAP_PRIVATE|MAP_FIXED|MAP_DENYWRITE, 6, 0x15000 <unfinished ...>
3989  <... newfstatat resumed>{st_mode=S_IFREG|0644, st_size=40184, ...}, 0) = 0
3994  <... mmap resumed>)               = 0x7fc11e4c8000
3989  ppoll([{fd=4, events=POLLIN|POLLERR|POLLHUP|POLLNVAL}, {fd=7, events=POLLOUT|POLLERR|POLLHUP|POLLNVAL}, {fd=8, events=POLLIN|POLLERR|POLLHUP|POLLNVAL}], 3, {tv_sec=1, tv_nsec=0}, NULL, 8 <unfinished ...>
3994  close(6 <unfinished ...>
3989  <... ppoll resumed>)              = 1 ([{fd=7, revents=POLLOUT}], left {tv_sec=0, tv_nsec=999984130})
3994  <... close resumed>)              = 0
3989  write(7, "\2\0\0C\0\0\08\276\376\300\256/usr/lib/x86_64-linux-gnu/gstreamer-1.0/libgstwavenc.so\0", 68 <unfinished ...>
3994  mprotect(0x7fc11e4c8000, 4096, PROT_READ <unfinished ...>
3989  <... write resumed>)              = 68
3994  <... mprotect resumed>)           = 0
3989  newfstatat(AT_FDCWD, "/usr/lib/x86_64-linux-gnu/gstreamer-1.0/libgstoss4.so",  <unfinished ...>
3994  rt_sigaction(SIGSEGV, {sa_handler=0x7fc11ef1f040, sa_mask=[], sa_flags=SA_RESTORER, sa_restorer=0x7fc11eb68520},  <unfinished ...>
3989  <... newfstatat resumed>{st_mode=S_IFREG|0644, st_size=52248, ...}, 0) = 0
3994  <... rt_sigaction resumed>{sa_handler=SIG_DFL, sa_mask=[], sa_flags=SA_RESTORER, sa_restorer=0x7fc11eb68520}, 8) = 0
3989  ppoll([{fd=4, events=POLLIN|POLLERR|POLLHUP|POLLNVAL}, {fd=7, events=POLLOUT|POLLERR|POLLHUP|POLLNVAL}, {fd=8, events=POLLIN|POLLERR|POLLHUP|POLLNVAL}], 3, {tv_sec=1, tv_nsec=0}, NULL, 8 <unfinished ...>
3994  futex(0x7fc11ee870a8, FUTEX_WAKE_PRIVATE, 2147483647 <unfinished ...>
3989  <... ppoll resumed>)              = 1 ([{fd=7, revents=POLLOUT}], left {tv_sec=0, tv_nsec=999998581})
3994  <... futex resumed>)              = 0
3989  write(7, "\2\0\0D\0\0\0006\276\376\300\256/usr/lib/x86_64-linux-gnu/gstreamer-1.0/libgstoss4.so\0", 66 <unfinished ...>
3994  futex(0x7fc11ee870a8, FUTEX_WAKE_PRIVATE, 2147483647 <unfinished ...>
3989  <... write resumed>)              = 66
3994  <... futex resumed>)              = 0
3989  newfstatat(AT_FDCWD, "/usr/lib/x86_64-linux-gnu/gstreamer-1.0/libgstauparse.so",  <unfinished ...>
3994  rt_sigaction(SIGSEGV, {sa_handler=SIG_DFL, sa_mask=[], sa_flags=SA_RESTORER, sa_restorer=0x7fc11eb68520},  <unfinished ...>
3989  <... newfstatat resumed>{st_mode=S_IFREG|0644, st_size=31800, ...}, 0) = 0
3994  <... rt_sigaction resumed>NULL, 8) = 0
3989  ppoll([{fd=4, events=POLLIN|POLLERR|POLLHUP|POLLNVAL}, {fd=7, events=POLLOUT|POLLERR|POLLHUP|POLLNVAL}, {fd=8, events=POLLIN|POLLERR|POLLHUP|POLLNVAL}], 3, {tv_sec=1, tv_nsec=0}, NULL, 8 <unfinished ...>
3994  write(0, "\4\0\0\5\0\0\3\300\276\376\300\256\0\0\0\08[\1\0\0\0\0\0\n\2400b\0\0\0\0\0\0\0\0\1\0\0\0goom\0GOOM visualization filter\0/usr/lib/x86_64-linux-gnu/gstreamer-1.0/libgstgoom.so\0001.2"..., 972 <unfinished ...>
3989  <... ppoll resumed>)              = 1 ([{fd=7, revents=POLLOUT}], left {tv_sec=0, tv_nsec=999997548})
3994  <... write resumed>)              = 972
3989  write(7, "\2\0\0E\0\0\09\276\376\300\256/usr/lib/x86_64-linux-gnu/gstreamer-1.0/libgstauparse.so\0", 69 <unfinished ...>
3994  ppoll([{fd=3, events=POLLIN|POLLERR|POLLHUP|POLLNVAL}, {fd=0, events=POLLOUT|POLLERR|POLLHUP|POLLNVAL}, {fd=5, events=POLLIN|POLLERR|POLLHUP|POLLNVAL}], 3, {tv_sec=1, tv_nsec=0}, NULL, 8 <unfinished ...>
3989  <... write resumed>)              = 69
3994  <... ppoll resumed>)              = 2 ([{fd=0, revents=POLLOUT}, {fd=5, revents=POLLIN}], left {tv_sec=0, tv_nsec=999997759})
3989  newfstatat(AT_FDCWD, "/usr/lib/x86_64-linux-gnu/gstreamer-1.0/libgstflv.so",  <unfinished ...>
3994  read(5,  <unfinished ...>
3989  <... newfstatat resumed>{st_mode=S_IFREG|0644, st_size=144120, ...}, 0) = 0
3994  <... read resumed>"\2\0\0\7\0\0\0<\276\376\300\256", 12) = 12
3989  ppoll([{fd=4, events=POLLIN|POLLERR|POLLHUP|POLLNVAL}, {fd=7, events=POLLOUT|POLLERR|POLLHUP|POLLNVAL}, {fd=8, events=POLLIN|POLLERR|POLLHUP|POLLNVAL}], 3, {tv_sec=1, tv_nsec=0}, NULL, 8 <unfinished ...>
3994  read(5,  <unfinished ...>
3989  <... ppoll resumed>)              = 2 ([{fd=7, revents=POLLOUT}, {fd=8, revents=POLLIN}], left {tv_sec=0, tv_nsec=999998496})
3994  <... read resumed>"/usr/lib/x86_64-linux-gnu/gstreamer-1.0/libgstcompositor.so\0", 60) = 60
3989  read(8,  <unfinished ...>
3994  newfstatat(AT_FDCWD, "/usr/lib/x86_64-linux-gnu/gstreamer-1.0/libgstcompositor.so",  <unfinished ...>
3989  <... read resumed>"\4\0\0\5\0\0\3\300\276\376\300\256", 12) = 12
3994  <... newfstatat resumed>{st_mode=S_IFREG|0644, st_size=89496, ...}, 0) = 0
3989  read(8,  <unfinished ...>
3994  newfstatat(AT_FDCWD, "/usr/lib/x86_64-linux-gnu/gstreamer-1.0/libgstcompositor.so",  <unfinished ...>
3989  <... read resumed>"\0\0\0\08[\1\0\0\0\0\0\n\2400b\0\0\0\0\0\0\0\0\1\0\0\0goom\0GOOM visualization filter\0/usr/lib/x86_64-linux-gnu/gstreamer-1.0/libgstgoom.so\0001.20.1\0LGPL\0gst"..., 960) = 960
3994  <... newfstatat resumed>{st_mode=S_IFREG|0644, st_size=89496, ...}, 0) = 0
3989  write(7, "\2\0\0F\0\0\0005\276\376\300\256/usr/lib/x86_64-linux-gnu/gstreamer-1.0/libgstflv.so\0", 65 <unfinished ...>
3994  openat(AT_FDCWD, "/usr/lib/x86_64-linux-gnu/gstreamer-1.0/libgstcompositor.so", O_RDONLY|O_CLOEXEC <unfinished ...>
3989  <... write resumed>)              = 65
3994  <... openat resumed>)             = 6
3989  newfstatat(AT_FDCWD, "/usr/lib/x86_64-linux-gnu/gstreamer-1.0/libgstvideocrop.so",  <unfinished ...>
3994  read(6,  <unfinished ...>
3989  <... newfstatat resumed>{st_mode=S_IFREG|0644, st_size=40440, ...}, 0) = 0
3994  <... read resumed>"\177ELF\2\1\1\0\0\0\0\0\0\0\0\0\3\0>\0\1\0\0\0\0\0\0\0\0\0\0\0@\0\0\0\0\0\0\0\30V\1\0\0\0\0\0\0\0\0\0@\08\0\v\0@\0\36\0\35\0\1\0\0\0\4\0\0\0\0\0\0\0\0\0\0\0\0\0\0\0\0\0\0\0\0\0\0\0\0\0\0\0\300*\0\0\0\0\0\0\300*\0\0\0\0\0\0\0\20\0\0\0\0\0\0\1\0\0\0\5\0\0\0"..., 832) = 832
3989  ppoll([{fd=4, events=POLLIN|POLLERR|POLLHUP|POLLNVAL}, {fd=7, events=POLLOUT|POLLERR|POLLHUP|POLLNVAL}, {fd=8, events=POLLIN|POLLERR|POLLHUP|POLLNVAL}], 3, {tv_sec=1, tv_nsec=0}, NULL, 8 <unfinished ...>
3994  newfstatat(6, "",  <unfinished ...>
3989  <... ppoll resumed>)              = 1 ([{fd=7, revents=POLLOUT}], left {tv_sec=0, tv_nsec=999998802})
3994  <... newfstatat resumed>{st_mode=S_IFREG|0644, st_size=89496, ...}, AT_EMPTY_PATH) = 0
3989  write(7, "\2\0\0G\0\0\0;\276\376\300\256/usr/lib/x86_64-linux-gnu/gstreamer-1.0/libgstvideocrop.so\0", 71 <unfinished ...>
3994  mmap(NULL, 91896, PROT_READ, MAP_PRIVATE|MAP_DENYWRITE, 6, 0 <unfinished ...>
3989  <... write resumed>)              = 71
3994  <... mmap resumed>)               = 0x7fc11e49b000
3989  newfstatat(AT_FDCWD, "/usr/lib/x86_64-linux-gnu/gstreamer-1.0/libgstvpx.so",  <unfinished ...>
3994  mprotect(0x7fc11e49e000, 73728, PROT_NONE <unfinished ...>
3989  <... newfstatat resumed>{st_mode=S_IFREG|0644, st_size=94584, ...}, 0) = 0
3994  <... mprotect resumed>)           = 0
3989  ppoll([{fd=4, events=POLLIN|POLLERR|POLLHUP|POLLNVAL}, {fd=7, events=POLLOUT|POLLERR|POLLHUP|POLLNVAL}, {fd=8, events=POLLIN|POLLERR|POLLHUP|POLLNVAL}], 3, {tv_sec=1, tv_nsec=0}, NULL, 8 <unfinished ...>
3994  mmap(0x7fc11e49e000, 53248, PROT_READ|PROT_EXEC, MAP_PRIVATE|MAP_FIXED|MAP_DENYWRITE, 6, 0x3000 <unfinished ...>
3989  <... ppoll resumed>)              = 1 ([{fd=7, revents=POLLOUT}], left {tv_sec=0, tv_nsec=999997958})
3994  <... mmap resumed>)               = 0x7fc11e49e000
3989  write(7, "\2\0\0H\0\0\0005\276\376\300\256/usr/lib/x86_64-linux-gnu/gstreamer-1.0/libgstvpx.so\0", 65 <unfinished ...>
3994  mmap(0x7fc11e4ab000, 16384, PROT_READ, MAP_PRIVATE|MAP_FIXED|MAP_DENYWRITE, 6, 0x10000 <unfinished ...>
3989  <... write resumed>)              = 65
3994  <... mmap resumed>)               = 0x7fc11e4ab000
3989  newfstatat(AT_FDCWD, "/usr/lib/x86_64-linux-gnu/gstreamer-1.0/libgsticydemux.so",  <unfinished ...>
3994  mmap(0x7fc11e4b0000, 8192, PROT_READ|PROT_WRITE, MAP_PRIVATE|MAP_FIXED|MAP_DENYWRITE, 6, 0x14000 <unfinished ...>
3989  <... newfstatat resumed>{st_mode=S_IFREG|0644, st_size=23640, ...}, 0) = 0
3994  <... mmap resumed>)               = 0x7fc11e4b0000
