4187  mmap(NULL, 134217728, PROT_NONE, MAP_PRIVATE|MAP_ANONYMOUS|MAP_NORESERVE, -1, 0 <unfinished ...>
4186  <... poll resumed>)               = 1 ([{fd=4, revents=POLLIN}])
4181  <... write resumed>)              = 8
4187  <... mmap resumed>)               = 0x7f16937ff000
4186  futex(0x5585250d3d50, FUTEX_WAIT_PRIVATE, 2, NULL <unfinished ...>
4187  munmap(0x7f16937ff000, 8392704 <unfinished ...>
4181  futex(0x5585250d3d50, FUTEX_WAKE_PRIVATE, 1 <unfinished ...>
4187  <... munmap resumed>)             = 0
4186  <... futex resumed>)              = -1 EAGAIN (Resource temporarily unavailable)
4187  munmap(0x7f1698000000, 58716160 <unfinished ...>
4181  <... futex resumed>)              = 0
4187  <... munmap resumed>)             = 0
4186  read(4,  <unfinished ...>
4187  mprotect(0x7f1694000000, 135168, PROT_READ|PROT_WRITE <unfinished ...>
4181  futex(0x5585250d3d50, FUTEX_WAIT_PRIVATE, 2, NULL <unfinished ...>
4187  <... mprotect resumed>)           = 0
4186  <... read resumed>"\1\0\0\0\0\0\0\0", 16) = 8
4187  poll([{fd=5, events=POLLIN}], 1, 0 <unfinished ...>
4186  futex(0x5585250d3d50, FUTEX_WAKE_PRIVATE, 1 <unfinished ...>
4187  <... poll resumed>)               = 1 ([{fd=5, revents=POLLIN}])
4186  <... futex resumed>)              = 1
4181  <... futex resumed>)              = 0
4187  read(5,  <unfinished ...>
4186  futex(0x7f16a181c808, FUTEX_WAIT_PRIVATE, 2, NULL <unfinished ...>
4187  <... read resumed>"\1\0\0\0\0\0\0\0", 16) = 8
4181  futex(0x5585250d3d50, FUTEX_WAKE_PRIVATE, 1 <unfinished ...>
4187  newfstatat(AT_FDCWD, "/root/.cache/bus",  <unfinished ...>
4181  <... futex resumed>)              = 0
4187  <... newfstatat resumed>0x7f169bffeaa0, 0) = -1 ENOENT (No such file or directory)
4181  futex(0x7f16a181c808, FUTEX_WAKE_PRIVATE, 1 <unfinished ...>
4187  openat(AT_FDCWD, "/var/lib/dbus/machine-id", O_RDONLY <unfinished ...>
4186  <... futex resumed>)              = 0
4181  <... futex resumed>)              = 1
4187  <... openat resumed>)             = 6
4186  getuid( <unfinished ...>
4187  newfstatat(6, "",  <unfinished ...>
4181  futex(0x7f16a181c818, FUTEX_WAIT_PRIVATE, 0, NULL <unfinished ...>
4187  <... newfstatat resumed>{st_mode=S_IFREG|0644, st_size=33, ...}, AT_EMPTY_PATH) = 0
4186  <... getuid resumed>)             = 0
4187  read(6,  <unfinished ...>
4186  geteuid( <unfinished ...>
4187  <... read resumed>"05e4f5bb935f4aaaafee56a24180b7d8\n", 33) = 33
4186  <... geteuid resumed>)            = 0
4187  close(6 <unfinished ...>
4186  getgid( <unfinished ...>
4187  <... close resumed>)              = 0
4186  <... getgid resumed>)             = 0
4187  futex(0x7f16a068f078, FUTEX_WAKE_PRIVATE, 2147483647 <unfinished ...>
4186  getegid( <unfinished ...>
4187  <... futex resumed>)              = 0
4186  <... getegid resumed>)            = 0
4187  futex(0x7f16a068f078, FUTEX_WAKE_PRIVATE, 2147483647 <unfinished ...>
4186  prctl(PR_GET_DUMPABLE <unfinished ...>
4187  <... futex resumed>)              = 0
4186  <... prctl resumed>)              = 1 (SUID_DUMP_USER)
4187  poll([{fd=5, events=POLLIN}], 1, -1 <unfinished ...>
4186  getuid()                          = 0
4186  geteuid()                         = 0
4186  getgid()                          = 0
4186  getegid()                         = 0
4186  prctl(PR_GET_DUMPABLE)            = 1 (SUID_DUMP_USER)
4186  futex(0x7f16a15e50a8, FUTEX_WAKE_PRIVATE, 2147483647) = 0
4186  futex(0x7f16a15e50a8, FUTEX_WAKE_PRIVATE, 2147483647) = 0
4186  futex(0x7f16a15e50a8, FUTEX_WAKE_PRIVATE, 2147483647) = 0
4186  futex(0x7f16a15e50a8, FUTEX_WAKE_PRIVATE, 2147483647) = 0
4186  inotify_init1(IN_CLOEXEC)         = 6
4186  fcntl(6, F_GETFL)                 = 0 (flags O_RDONLY)
4186  fcntl(6, F_SETFL, O_RDONLY|O_NONBLOCK) = 0
4186  write(4, "\1\0\0\0\0\0\0\0", 8)   = 8
4186  futex(0x7f16a15e50a8, FUTEX_WAKE_PRIVATE, 2147483647) = 0
4186  inotify_add_watch(6, "/etc", IN_MODIFY|IN_ATTRIB|IN_CLOSE_WRITE|IN_MOVED_FROM|IN_MOVED_TO|IN_CREATE|IN_DELETE|IN_DELETE_SELF|IN_MOVE_SELF|IN_UNMOUNT|IN_ONLYDIR) = 1
4186  getuid()                          = 0
4186  geteuid()                         = 0
4186  getgid()                          = 0
4186  getegid()                         = 0
4186  prctl(PR_GET_DUMPABLE)            = 1 (SUID_DUMP_USER)
4186  newfstatat(AT_FDCWD, "/etc/mtab", {st_mode=S_IFLNK|0777, st_size=19, ...}, AT_SYMLINK_NOFOLLOW) = 0
4186  newfstatat(AT_FDCWD, "/proc/self/mountinfo", {st_mode=S_IFREG|0444, st_size=0, ...}, 0) = 0
4186  openat(AT_FDCWD, "/proc/self/mountinfo", O_RDONLY) = 7
4186  newfstatat(7, "", {st_mode=S_IFREG|0444, st_size=0, ...}, AT_EMPTY_PATH) = 0
4186  write(3, "\1\0\0\0\0\0\0\0", 8)   = 8
4186  futex(0x7f16a181c818, FUTEX_WAKE_PRIVATE, 2147483647) = 1
4181  <... futex resumed>)              = 0
4186  futex(0x7f16a181c808, FUTEX_WAKE_PRIVATE, 1 <unfinished ...>
4181  write(5, "\1\0\0\0\0\0\0\0", 8 <unfinished ...>
4186  <... futex resumed>)              = 0
4187  <... poll resumed>)               = 1 ([{fd=5, revents=POLLIN}])
4181  <... write resumed>)              = 8
4187  futex(0x5585250f1090, FUTEX_WAIT_PRIVATE, 2, NULL <unfinished ...>
4186  poll([{fd=4, events=POLLIN}, {fd=6, events=POLLIN}], 2, -1 <unfinished ...>
4187  <... futex resumed>)              = -1 EAGAIN (Resource temporarily unavailable)
4181  futex(0x5585250f1090, FUTEX_WAKE_PRIVATE, 1 <unfinished ...>
4187  read(5,  <unfinished ...>
4186  <... poll resumed>)               = 1 ([{fd=4, revents=POLLIN}])
4187  <... read resumed>"\1\0\0\0\0\0\0\0", 16) = 8
4181  <... futex resumed>)              = 0
4187  futex(0x5585250f1090, FUTEX_WAKE_PRIVATE, 1 <unfinished ...>
4186  read(4,  <unfinished ...>
4187  <... futex resumed>)              = 0
4181  newfstatat(AT_FDCWD, "/root/.cache/bus",  <unfinished ...>
4187  futex(0x7f16a068f078, FUTEX_WAKE_PRIVATE, 2147483647 <unfinished ...>
4186  <... read resumed>"\1\0\0\0\0\0\0\0", 16) = 8
4187  <... futex resumed>)              = 0
4181  <... newfstatat resumed>0x7ffcf07590a0, 0) = -1 ENOENT (No such file or directory)
4187  poll([{fd=5, events=POLLIN}], 1, -1 <unfinished ...>
4186  poll([{fd=4, events=POLLIN}, {fd=6, events=POLLIN}], 2, -1 <unfinished ...>
4181  openat(AT_FDCWD, "/var/lib/dbus/machine-id", O_RDONLY) = 8
4181  newfstatat(8, "", {st_mode=S_IFREG|0644, st_size=33, ...}, AT_EMPTY_PATH) = 0
4181  read(8, "05e4f5bb935f4aaaafee56a24180b7d8\n", 33) = 33
4181  close(8)                          = 0
4181  poll([{fd=3, events=POLLIN}, {fd=7, events=0}], 2, 0) = 1 ([{fd=3, revents=POLLIN}])
4181  read(3, "\2\0\0\0\0\0\0\0", 16)   = 8
4181  ioctl(2, TCGETS, 0x7ffcf0758d60)  = -1 ENOTTY (Inappropriate ioctl for device)
4181  getpid()                          = 4181
4181  write(2, "\n(gsd-housekeeping:4181): housekeeping-plugin-WARNING **: 14:58:26.792: Could not get session bus: Cannot autolaunch D-Bus witho"..., 144) = 144
4181  poll([{fd=3, events=POLLIN}, {fd=7, events=0}], 2, 60689 <unfinished ...>
4187  <... poll resumed>)               = ? ERESTART_RESTARTBLOCK (Interrupted by signal)
4186  <... poll resumed>)               = ? ERESTART_RESTARTBLOCK (Interrupted by signal)
4181  <... poll resumed>)               = ? ERESTART_RESTARTBLOCK (Interrupted by signal)
4187  --- SIGTERM {si_signo=SIGTERM, si_code=SI_USER, si_pid=4180, si_uid=0} ---
4186  restart_syscall(<... resuming interrupted poll ...> <unfinished ...>
4187  write(4, "\1\0\0\0\0\0\0\0", 8 <unfinished ...>
4181  --- SIGCONT {si_signo=SIGCONT, si_code=SI_USER, si_pid=4180, si_uid=0} ---
4187  <... write resumed>)              = 8
4186  <... restart_syscall resumed>)    = 1
4187  rt_sigreturn({mask=[]} <unfinished ...>
4181  restart_syscall(<... resuming interrupted poll ...> <unfinished ...>
4187  <... rt_sigreturn resumed>)       = -1 EINTR (Interrupted system call)
4186  read(4,  <unfinished ...>
4187  poll([{fd=5, events=POLLIN}], 1, -1 <unfinished ...>
4186  <... read resumed>"\1\0\0\0\0\0\0\0", 16) = 8
4186  write(3, "\1\0\0\0\0\0\0\0", 8)   = 8
4181  <... restart_syscall resumed>)    = 1
4186  poll([{fd=4, events=POLLIN}, {fd=6, events=POLLIN}], 2, -1 <unfinished ...>
4181  read(3, "\1\0\0\0\0\0\0\0", 16)   = 8
4181  write(3, "\1\0\0\0\0\0\0\0", 8)   = 8
4181  futex(0x5585250d1b50, FUTEX_WAKE_PRIVATE, 2147483647) = 0
4181  rt_sigaction(SIGTERM, {sa_handler=SIG_DFL, sa_mask=[], sa_flags=SA_RESTORER, sa_restorer=0x7f16a12b9520}, NULL, 8) = 0
4181  write(5, "\1\0\0\0\0\0\0\0", 8)   = 8
4187  <... poll resumed>)               = 1 ([{fd=5, revents=POLLIN}])
4181  write(4, "\1\0\0\0\0\0\0\0", 8 <unfinished ...>
4187  read(5,  <unfinished ...>
4186  <... poll resumed>)               = 1 ([{fd=4, revents=POLLIN}])
4181  <... write resumed>)              = 8
4187  <... read resumed>"\1\0\0\0\0\0\0\0", 16) = 8
4186  futex(0x5585250d3d50, FUTEX_WAIT_PRIVATE, 2, NULL <unfinished ...>
4187  futex(0x7f16a068f078, FUTEX_WAKE_PRIVATE, 2147483647 <unfinished ...>
4181  futex(0x5585250d3d50, FUTEX_WAKE_PRIVATE, 1 <unfinished ...>
4187  <... futex resumed>)              = 0
4186  <... futex resumed>)              = -1 EAGAIN (Resource temporarily unavailable)
4187  poll([{fd=5, events=POLLIN}], 1, -1 <unfinished ...>
4181  <... futex resumed>)              = 0
4186  read(4,  <unfinished ...>
4181  futex(0x5585250d3d50, FUTEX_WAIT_PRIVATE, 2, NULL <unfinished ...>
4186  <... read resumed>"\1\0\0\0\0\0\0\0", 16) = 8
4186  futex(0x5585250d3d50, FUTEX_WAKE_PRIVATE, 1) = 1
4181  <... futex resumed>)              = 0
4186  futex(0x7f16a181c808, FUTEX_WAIT_PRIVATE, 2, NULL <unfinished ...>
4181  futex(0x5585250d3d50, FUTEX_WAKE_PRIVATE, 1) = 0
4181  futex(0x7f16a181c808, FUTEX_WAKE_PRIVATE, 1 <unfinished ...>
4186  <... futex resumed>)              = 0
4181  <... futex resumed>)              = 1
4186  inotify_rm_watch(6, 1 <unfinished ...>
4181  write(5, "\1\0\0\0\0\0\0\0", 8 <unfinished ...>
4186  <... inotify_rm_watch resumed>)   = 0
4187  <... poll resumed>)               = 1 ([{fd=5, revents=POLLIN}])
4181  <... write resumed>)              = 8
4187  futex(0x5585250f1090, FUTEX_WAIT_PRIVATE, 2, NULL <unfinished ...>
4186  write(3, "\1\0\0\0\0\0\0\0", 8 <unfinished ...>
4187  <... futex resumed>)              = -1 EAGAIN (Resource temporarily unavailable)
4181  futex(0x5585250f1090, FUTEX_WAKE_PRIVATE, 1 <unfinished ...>
4187  read(5,  <unfinished ...>
4186  <... write resumed>)              = 8
4187  <... read resumed>"\1\0\0\0\0\0\0\0", 16) = 8
4181  <... futex resumed>)              = 0
4187  futex(0x5585250f1090, FUTEX_WAKE_PRIVATE, 1 <unfinished ...>
4186  close(7 <unfinished ...>
4187  <... futex resumed>)              = 0
4181  write(5, "\1\0\0\0\0\0\0\0", 8 <unfinished ...>
4187  futex(0x5585250f1090, FUTEX_WAIT_PRIVATE, 2, NULL <unfinished ...>
4186  <... close resumed>)              = 0
4181  <... write resumed>)              = 8
4186  futex(0x7f16a181c818, FUTEX_WAKE_PRIVATE, 2147483647 <unfinished ...>
4181  futex(0x5585250f1090, FUTEX_WAKE_PRIVATE, 1 <unfinished ...>
4186  <... futex resumed>)              = 0
4187  <... futex resumed>)              = 0
4181  <... futex resumed>)              = 1
4187  futex(0x5585250f1090, FUTEX_WAKE_PRIVATE, 1 <unfinished ...>
4186  futex(0x7f16a181c808, FUTEX_WAKE_PRIVATE, 1 <unfinished ...>
4187  <... futex resumed>)              = 0
4181  exit_group(0 <unfinished ...>
4187  futex(0x7f16a068f078, FUTEX_WAKE_PRIVATE, 2147483647 <unfinished ...>
4186  <... futex resumed>)              = -1 (errno 18446744073709551414)
4187  +++ exited with 0 +++
4181  <... exit_group resumed>)         = ?
4186  +++ exited with 0 +++
4181  +++ exited with 0 +++
