1129  <... nanosleep resumed>NULL)      = 0
1130  <... nanosleep resumed>NULL)      = 0
1124  <... futex resumed>)              = 0
1130  futex(0xc00005cd50, FUTEX_WAKE_PRIVATE, 1 <unfinished ...>
1129  nanosleep({tv_sec=0, tv_nsec=20000},  <unfinished ...>
1131  <... futex resumed>)              = 0
1130  <... futex resumed>)              = 1
1124  futex(0x2b1bff0, FUTEX_WAIT_PRIVATE, 0, NULL <unfinished ...>
1131  futex(0xc00005cd50, FUTEX_WAIT_PRIVATE, 0, NULL <unfinished ...>
1130  futex(0xc00005cd50, FUTEX_WAKE_PRIVATE, 1 <unfinished ...>
1129  <... nanosleep resumed>NULL)      = 0
1131  <... futex resumed>)              = -1 EAGAIN (Resource temporarily unavailable)
1130  <... futex resumed>)              = 0
1131  nanosleep({tv_sec=0, tv_nsec=3000},  <unfinished ...>
1129  nanosleep({tv_sec=0, tv_nsec=20000},  <unfinished ...>
1131  <... nanosleep resumed>NULL)      = 0
1130  futex(0x2b1bff0, FUTEX_WAKE_PRIVATE, 1 <unfinished ...>
1131  futex(0xc00005cd50, FUTEX_WAIT_PRIVATE, 0, NULL <unfinished ...>
1129  <... nanosleep resumed>NULL)      = 0
1130  <... futex resumed>)              = 1
1124  <... futex resumed>)              = 0
1130  futex(0xc00005c950, FUTEX_WAIT_PRIVATE, 0, NULL <unfinished ...>
1129  nanosleep({tv_sec=0, tv_nsec=20000},  <unfinished ...>
1130  <... futex resumed>)              = -1 EAGAIN (Resource temporarily unavailable)
1124  futex(0xc00005c950, FUTEX_WAKE_PRIVATE, 1 <unfinished ...>
1130  nanosleep({tv_sec=0, tv_nsec=3000},  <unfinished ...>
1129  <... nanosleep resumed>NULL)      = 0
1130  <... nanosleep resumed>NULL)      = 0
1124  <... futex resumed>)              = 0
1130  futex(0xc00005cd50, FUTEX_WAKE_PRIVATE, 1 <unfinished ...>
1129  nanosleep({tv_sec=0, tv_nsec=20000},  <unfinished ...>
1131  <... futex resumed>)              = 0
1130  <... futex resumed>)              = 1
1124  futex(0x2b1bff0, FUTEX_WAIT_PRIVATE, 0, NULL <unfinished ...>
1131  futex(0xc00005cd50, FUTEX_WAIT_PRIVATE, 0, NULL <unfinished ...>
1130  futex(0xc00005cd50, FUTEX_WAKE_PRIVATE, 1 <unfinished ...>
1129  <... nanosleep resumed>NULL)      = 0
1131  <... futex resumed>)              = -1 EAGAIN (Resource temporarily unavailable)
1130  <... futex resumed>)              = 0
1131  nanosleep({tv_sec=0, tv_nsec=3000},  <unfinished ...>
1129  nanosleep({tv_sec=0, tv_nsec=20000},  <unfinished ...>
1131  <... nanosleep resumed>NULL)      = 0
1130  futex(0x2b1bff0, FUTEX_WAKE_PRIVATE, 1 <unfinished ...>
1131  futex(0xc00005cd50, FUTEX_WAIT_PRIVATE, 0, NULL <unfinished ...>
1129  <... nanosleep resumed>NULL)      = 0
1130  <... futex resumed>)              = 1
1124  <... futex resumed>)              = 0
1130  futex(0xc00005c950, FUTEX_WAIT_PRIVATE, 0, NULL <unfinished ...>
1129  nanosleep({tv_sec=0, tv_nsec=20000},  <unfinished ...>
1130  <... futex resumed>)              = -1 EAGAIN (Resource temporarily unavailable)
1124  futex(0xc00005c950, FUTEX_WAKE_PRIVATE, 1 <unfinished ...>
1130  nanosleep({tv_sec=0, tv_nsec=3000},  <unfinished ...>
1129  <... nanosleep resumed>NULL)      = 0
1130  <... nanosleep resumed>NULL)      = 0
1124  <... futex resumed>)              = 0
1130  futex(0xc00005cd50, FUTEX_WAKE_PRIVATE, 1 <unfinished ...>
1129  nanosleep({tv_sec=0, tv_nsec=20000},  <unfinished ...>
1131  <... futex resumed>)              = 0
1130  <... futex resumed>)              = 1
1124  futex(0x2b1bff0, FUTEX_WAIT_PRIVATE, 0, NULL <unfinished ...>
1131  futex(0xc00005cd50, FUTEX_WAIT_PRIVATE, 0, NULL <unfinished ...>
1130  futex(0xc00005cd50, FUTEX_WAKE_PRIVATE, 1 <unfinished ...>
1129  <... nanosleep resumed>NULL)      = 0
1131  <... futex resumed>)              = -1 EAGAIN (Resource temporarily unavailable)
1130  <... futex resumed>)              = 0
1131  nanosleep({tv_sec=0, tv_nsec=3000},  <unfinished ...>
1129  nanosleep({tv_sec=0, tv_nsec=20000},  <unfinished ...>
1131  <... nanosleep resumed>NULL)      = 0
1130  futex(0x2b1bff0, FUTEX_WAKE_PRIVATE, 1 <unfinished ...>
1131  futex(0xc00005cd50, FUTEX_WAIT_PRIVATE, 0, NULL <unfinished ...>
1129  <... nanosleep resumed>NULL)      = 0
1130  <... futex resumed>)              = 1
1124  <... futex resumed>)              = 0
1130  futex(0xc00005c950, FUTEX_WAIT_PRIVATE, 0, NULL <unfinished ...>
1129  nanosleep({tv_sec=0, tv_nsec=20000}, NULL) = 0
1129  nanosleep({tv_sec=0, tv_nsec=20000}, NULL) = 0
1129  nanosleep({tv_sec=0, tv_nsec=20000}, NULL) = 0
1129  nanosleep({tv_sec=0, tv_nsec=20000}, NULL) = 0
1129  nanosleep({tv_sec=0, tv_nsec=20000}, NULL) = 0
1129  nanosleep({tv_sec=0, tv_nsec=20000},  <unfinished ...>
1124  mmap(0xc000400000, 4194304, PROT_READ|PROT_WRITE, MAP_PRIVATE|MAP_FIXED|MAP_ANONYMOUS, -1, 0 <unfinished ...>
1129  <... nanosleep resumed>NULL)      = 0
1124  <... mmap resumed>)               = 0xc000400000
1129  nanosleep({tv_sec=0, tv_nsec=20000}, NULL) = 0
1124  futex(0xc00005c950, FUTEX_WAKE_PRIVATE, 1 <unfinished ...>
1129  nanosleep({tv_sec=0, tv_nsec=20000},  <unfinished ...>
1130  <... futex resumed>)              = 0
1124  <... futex resumed>)              = 1
1130  nanosleep({tv_sec=0, tv_nsec=3000},  <unfinished ...>
1129  <... nanosleep resumed>NULL)      = 0
1130  <... nanosleep resumed>NULL)      = 0
1124  futex(0xc00005cd50, FUTEX_WAKE_PRIVATE, 1 <unfinished ...>
1130  futex(0xc000100150, FUTEX_WAKE_PRIVATE, 1 <unfinished ...>
1129  nanosleep({tv_sec=0, tv_nsec=20000},  <unfinished ...>
1132  <... futex resumed>)              = 0
1131  <... futex resumed>)              = 0
1130  <... futex resumed>)              = 1
1124  <... futex resumed>)              = 1
1132  futex(0xc000100150, FUTEX_WAIT_PRIVATE, 0, NULL <unfinished ...>
1131  futex(0xc00005cd50, FUTEX_WAIT_PRIVATE, 0, NULL <unfinished ...>
1130  futex(0xc00005cd50, FUTEX_WAKE_PRIVATE, 1 <unfinished ...>
1129  <... nanosleep resumed>NULL)      = 0
1131  <... futex resumed>)              = -1 EAGAIN (Resource temporarily unavailable)
1130  <... futex resumed>)              = 0
1124  futex(0x2b1bff0, FUTEX_WAIT_PRIVATE, 0, NULL <unfinished ...>
1131  nanosleep({tv_sec=0, tv_nsec=3000},  <unfinished ...>
1130  futex(0x2b1bff0, FUTEX_WAKE_PRIVATE, 1 <unfinished ...>
1129  nanosleep({tv_sec=0, tv_nsec=20000},  <unfinished ...>
1131  <... nanosleep resumed>NULL)      = 0
1130  <... futex resumed>)              = 0
1124  <... futex resumed>)              = -1 EAGAIN (Resource temporarily unavailable)
1131  futex(0xc00005cd50, FUTEX_WAIT_PRIVATE, 0, NULL <unfinished ...>
1130  futex(0xc00005c950, FUTEX_WAIT_PRIVATE, 0, NULL <unfinished ...>
1129  <... nanosleep resumed>NULL)      = 0
1130  <... futex resumed>)              = -1 EAGAIN (Resource temporarily unavailable)
1124  futex(0xc00005c950, FUTEX_WAKE_PRIVATE, 1 <unfinished ...>
1130  nanosleep({tv_sec=0, tv_nsec=3000},  <unfinished ...>
1129  nanosleep({tv_sec=0, tv_nsec=20000},  <unfinished ...>
1130  <... nanosleep resumed>NULL)      = 0
1124  <... futex resumed>)              = 0
1130  futex(0xc00005cd50, FUTEX_WAKE_PRIVATE, 1 <unfinished ...>
1129  <... nanosleep resumed>NULL)      = 0
1131  <... futex resumed>)              = 0
1130  <... futex resumed>)              = 1
1124  futex(0x2b1bff0, FUTEX_WAIT_PRIVATE, 0, NULL <unfinished ...>
1131  futex(0xc00005cd50, FUTEX_WAIT_PRIVATE, 0, NULL <unfinished ...>
1130  futex(0xc00005cd50, FUTEX_WAKE_PRIVATE, 1 <unfinished ...>
1129  nanosleep({tv_sec=0, tv_nsec=20000},  <unfinished ...>
1131  <... futex resumed>)              = -1 EAGAIN (Resource temporarily unavailable)
1130  <... futex resumed>)              = 0
1131  nanosleep({tv_sec=0, tv_nsec=3000},  <unfinished ...>
1129  <... nanosleep resumed>NULL)      = 0
1131  <... nanosleep resumed>NULL)      = 0
1130  futex(0x2b1bff0, FUTEX_WAKE_PRIVATE, 1 <unfinished ...>
1131  futex(0xc00005cd50, FUTEX_WAIT_PRIVATE, 0, NULL <unfinished ...>
1129  nanosleep({tv_sec=0, tv_nsec=20000},  <unfinished ...>
1130  <... futex resumed>)              = 1
1124  <... futex resumed>)              = 0
1130  futex(0xc00005c950, FUTEX_WAIT_PRIVATE, 0, NULL <unfinished ...>
1129  <... nanosleep resumed>NULL)      = 0
1130  <... futex resumed>)              = -1 EAGAIN (Resource temporarily unavailable)
1124  futex(0xc00005c950, FUTEX_WAKE_PRIVATE, 1 <unfinished ...>
1130  nanosleep({tv_sec=0, tv_nsec=3000},  <unfinished ...>
1129  nanosleep({tv_sec=0, tv_nsec=20000},  <unfinished ...>
1130  <... nanosleep resumed>NULL)      = 0
1124  <... futex resumed>)              = 0
1130  futex(0xc00005cd50, FUTEX_WAKE_PRIVATE, 1 <unfinished ...>
1129  <... nanosleep resumed>NULL)      = 0
1131  <... futex resumed>)              = 0
1130  <... futex resumed>)              = 1
1124  futex(0x2b1bff0, FUTEX_WAIT_PRIVATE, 0, NULL <unfinished ...>
1131  futex(0xc00005cd50, FUTEX_WAIT_PRIVATE, 0, NULL <unfinished ...>
1130  futex(0xc00005cd50, FUTEX_WAKE_PRIVATE, 1 <unfinished ...>
1129  nanosleep({tv_sec=0, tv_nsec=20000},  <unfinished ...>
1131  <... futex resumed>)              = -1 EAGAIN (Resource temporarily unavailable)
1130  <... futex resumed>)              = 0
1131  nanosleep({tv_sec=0, tv_nsec=3000},  <unfinished ...>
1129  <... nanosleep resumed>NULL)      = 0
1131  <... nanosleep resumed>NULL)      = 0
1130  futex(0x2b1bff0, FUTEX_WAKE_PRIVATE, 1 <unfinished ...>
1131  futex(0xc00005cd50, FUTEX_WAIT_PRIVATE, 0, NULL <unfinished ...>
1129  nanosleep({tv_sec=0, tv_nsec=20000},  <unfinished ...>
1130  <... futex resumed>)              = 1
1124  <... futex resumed>)              = 0
1130  futex(0xc00005c950, FUTEX_WAIT_PRIVATE, 0, NULL <unfinished ...>
1129  <... nanosleep resumed>NULL)      = 0
1130  <... futex resumed>)              = -1 EAGAIN (Resource temporarily unavailable)
1124  futex(0xc00005c950, FUTEX_WAKE_PRIVATE, 1 <unfinished ...>
1130  nanosleep({tv_sec=0, tv_nsec=3000},  <unfinished ...>
1129  nanosleep({tv_sec=0, tv_nsec=40000},  <unfinished ...>
1130  <... nanosleep resumed>NULL)      = 0
1124  <... futex resumed>)              = 0
1130  futex(0xc00005cd50, FUTEX_WAKE_PRIVATE, 1 <unfinished ...>
1129  <... nanosleep resumed>NULL)      = 0
1131  <... futex resumed>)              = 0
1130  <... futex resumed>)              = 1
1124  futex(0x2b1bff0, FUTEX_WAIT_PRIVATE, 0, NULL <unfinished ...>
1131  futex(0xc00005cd50, FUTEX_WAIT_PRIVATE, 0, NULL <unfinished ...>
1130  futex(0xc00005cd50, FUTEX_WAKE_PRIVATE, 1 <unfinished ...>
1129  nanosleep({tv_sec=0, tv_nsec=80000},  <unfinished ...>
1131  <... futex resumed>)              = -1 EAGAIN (Resource temporarily unavailable)
1130  <... futex resumed>)              = 0
1131  nanosleep({tv_sec=0, tv_nsec=3000},  <unfinished ...>
1129  <... nanosleep resumed>NULL)      = 0
1131  <... nanosleep resumed>NULL)      = 0
1130  futex(0x2b1bff0, FUTEX_WAKE_PRIVATE, 1 <unfinished ...>
1131  futex(0xc00005cd50, FUTEX_WAIT_PRIVATE, 0, NULL <unfinished ...>
1129  nanosleep({tv_sec=0, tv_nsec=160000},  <unfinished ...>
1130  <... futex resumed>)              = 1
1124  <... futex resumed>)              = 0
1130  futex(0xc00005c950, FUTEX_WAIT_PRIVATE, 0, NULL <unfinished ...>
1129  <... nanosleep resumed>NULL)      = 0
1130  <... futex resumed>)              = -1 EAGAIN (Resource temporarily unavailable)
1124  futex(0xc00005c950, FUTEX_WAKE_PRIVATE, 1 <unfinished ...>
1130  nanosleep({tv_sec=0, tv_nsec=3000},  <unfinished ...>
1129  nanosleep({tv_sec=0, tv_nsec=320000},  <unfinished ...>
1130  <... nanosleep resumed>NULL)      = 0
1124  <... futex resumed>)              = 0
1130  futex(0xc00005cd50, FUTEX_WAKE_PRIVATE, 1 <unfinished ...>
1129  <... nanosleep resumed>NULL)      = 0
1124  futex(0x2b1bff0, FUTEX_WAIT_PRIVATE, 0, NULL <unfinished ...>
1131  <... futex resumed>)              = 0
1130  <... futex resumed>)              = 1
1129  nanosleep({tv_sec=0, tv_nsec=640000},  <unfinished ...>
1131  futex(0xc00005cd50, FUTEX_WAIT_PRIVATE, 0, NULL <unfinished ...>
1130  futex(0xc00005cd50, FUTEX_WAKE_PRIVATE, 1 <unfinished ...>
1131  <... futex resumed>)              = -1 EAGAIN (Resource temporarily unavailable)
1130  <... futex resumed>)              = 0
1131  nanosleep({tv_sec=0, tv_nsec=3000},  <unfinished ...>
1130  futex(0x2b1bff0, FUTEX_WAKE_PRIVATE, 1 <unfinished ...>
1129  <... nanosleep resumed>NULL)      = 0
1131  <... nanosleep resumed>NULL)      = 0
1130  <... futex resumed>)              = 1
1124  <... futex resumed>)              = 0
1131  futex(0xc00005cd50, FUTEX_WAIT_PRIVATE, 0, NULL <unfinished ...>
1130  futex(0xc00005c950, FUTEX_WAIT_PRIVATE, 0, NULL <unfinished ...>
1129  nanosleep({tv_sec=0, tv_nsec=1280000},  <unfinished ...>
1124  ioctl(1, TCGETS, 0xc00029f7bc)    = -1 ENOTTY (Inappropriate ioctl for device)
1124  futex(0xc00005c950, FUTEX_WAKE_PRIVATE, 1 <unfinished ...>
1130  <... futex resumed>)              = 0
1124  <... futex resumed>)              = 1
1130  nanosleep({tv_sec=0, tv_nsec=3000},  <unfinished ...>
1124  futex(0xc00005cd50, FUTEX_WAKE_PRIVATE, 1 <unfinished ...>
1130  <... nanosleep resumed>NULL)      = 0
1129  <... nanosleep resumed>NULL)      = 0
1131  <... futex resumed>)              = 0
1130  futex(0xc000100150, FUTEX_WAKE_PRIVATE, 1 <unfinished ...>
1124  <... futex resumed>)              = 1
1132  <... futex resumed>)              = 0
1131  futex(0xc00005cd50, FUTEX_WAIT_PRIVATE, 0, NULL <unfinished ...>
1130  <... futex resumed>)              = 1
1129  nanosleep({tv_sec=0, tv_nsec=2560000},  <unfinished ...>
1132  futex(0xc000100150, FUTEX_WAIT_PRIVATE, 0, NULL <unfinished ...>
1130  futex(0xc000100150, FUTEX_WAKE_PRIVATE, 1 <unfinished ...>
1124  futex(0x2b1bff0, FUTEX_WAIT_PRIVATE, 0, NULL <unfinished ...>
1132  <... futex resumed>)              = -1 EAGAIN (Resource temporarily unavailable)
1130  <... futex resumed>)              = 0
1132  nanosleep({tv_sec=0, tv_nsec=3000},  <unfinished ...>
1130  futex(0x2b1bff0, FUTEX_WAKE_PRIVATE, 1 <unfinished ...>
1132  <... nanosleep resumed>NULL)      = 0
1130  <... futex resumed>)              = 1
1124  <... futex resumed>)              = 0
1132  futex(0xc000100150, FUTEX_WAIT_PRIVATE, 0, NULL <unfinished ...>
1130  futex(0xc00005c950, FUTEX_WAIT_PRIVATE, 0, NULL <unfinished ...>
1124  futex(0xc00005c950, FUTEX_WAKE_PRIVATE, 1 <unfinished ...>
1130  <... futex resumed>)              = -1 EAGAIN (Resource temporarily unavailable)
1129  <... nanosleep resumed>NULL)      = 0
1124  <... futex resumed>)              = 0
1130  nanosleep({tv_sec=0, tv_nsec=3000},  <unfinished ...>
1129  nanosleep({tv_sec=0, tv_nsec=5120000},  <unfinished ...>
1130  <... nanosleep resumed>NULL)      = 0
1124  futex(0xc000100150, FUTEX_WAKE_PRIVATE, 1 <unfinished ...>
1130  futex(0xc00005cd50, FUTEX_WAKE_PRIVATE, 1 <unfinished ...>
1132  <... futex resumed>)              = 0
1124  <... futex resumed>)              = 1
1132  futex(0xc000100150, FUTEX_WAIT_PRIVATE, 0, NULL <unfinished ...>
1131  <... futex resumed>)              = 0
1130  <... futex resumed>)              = 1
1131  futex(0xc00005cd50, FUTEX_WAIT_PRIVATE, 0, NULL <unfinished ...>
1124  futex(0x2b1bff0, FUTEX_WAIT_PRIVATE, 0, NULL <unfinished ...>
1131  <... futex resumed>)              = -1 EAGAIN (Resource temporarily unavailable)
1130  futex(0xc00005cd50, FUTEX_WAKE_PRIVATE, 1 <unfinished ...>
1131  nanosleep({tv_sec=0, tv_nsec=3000},  <unfinished ...>
1130  <... futex resumed>)              = 0
1131  <... nanosleep resumed>NULL)      = 0
1130  futex(0x2b1bff0, FUTEX_WAKE_PRIVATE, 1 <unfinished ...>
1131  futex(0xc00005cd50, FUTEX_WAIT_PRIVATE, 0, NULL <unfinished ...>
1130  <... futex resumed>)              = 1
1124  <... futex resumed>)              = 0
1130  futex(0xc00005c950, FUTEX_WAIT_PRIVATE, 0, NULL <unfinished ...>
1124  futex(0xc00005c950, FUTEX_WAKE_PRIVATE, 1 <unfinished ...>
1130  <... futex resumed>)              = -1 EAGAIN (Resource temporarily unavailable)
1124  <... futex resumed>)              = 0
1130  nanosleep({tv_sec=0, tv_nsec=3000},  <unfinished ...>
1124  futex(0xc00005cd50, FUTEX_WAKE_PRIVATE, 1 <unfinished ...>
1130  <... nanosleep resumed>NULL)      = 0
1131  <... futex resumed>)              = 0
1124  <... futex resumed>)              = 1
1131  futex(0xc00005cd50, FUTEX_WAIT_PRIVATE, 0, NULL <unfinished ...>
1130  futex(0xc000100150, FUTEX_WAKE_PRIVATE, 1 <unfinished ...>
1129  <... nanosleep resumed>NULL)      = 0
1124  futex(0x2b1bff0, FUTEX_WAIT_PRIVATE, 0, NULL <unfinished ...>
1132  <... futex resumed>)              = 0
1130  <... futex resumed>)              = 1
1129  nanosleep({tv_sec=0, tv_nsec=10000000},  <unfinished ...>
1132  futex(0xc000100150, FUTEX_WAIT_PRIVATE, 0, NULL <unfinished ...>
1130  futex(0xc000100150, FUTEX_WAKE_PRIVATE, 1 <unfinished ...>
1132  <... futex resumed>)              = -1 EAGAIN (Resource temporarily unavailable)
1130  <... futex resumed>)              = 0
1132  nanosleep({tv_sec=0, tv_nsec=3000},  <unfinished ...>
1130  futex(0x2b1bff0, FUTEX_WAKE_PRIVATE, 1 <unfinished ...>
1132  <... nanosleep resumed>NULL)      = 0
1130  <... futex resumed>)              = 1
1124  <... futex resumed>)              = 0
1132  futex(0xc000100150, FUTEX_WAIT_PRIVATE, 0, NULL <unfinished ...>
1130  futex(0xc00005c950, FUTEX_WAIT_PRIVATE, 0, NULL <unfinished ...>
1124  futex(0xc00005c950, FUTEX_WAKE_PRIVATE, 1 <unfinished ...>
1130  <... futex resumed>)              = -1 EAGAIN (Resource temporarily unavailable)
1124  <... futex resumed>)              = 0
1130  nanosleep({tv_sec=0, tv_nsec=3000},  <unfinished ...>
1124  futex(0xc000100150, FUTEX_WAKE_PRIVATE, 1 <unfinished ...>
1130  <... nanosleep resumed>NULL)      = 0
1132  <... futex resumed>)              = 0
1124  <... futex resumed>)              = 1
1132  futex(0xc000100150, FUTEX_WAIT_PRIVATE, 0, NULL <unfinished ...>
1130  futex(0xc00005cd50, FUTEX_WAKE_PRIVATE, 1 <unfinished ...>
1124  futex(0x2b1bff0, FUTEX_WAIT_PRIVATE, 0, NULL <unfinished ...>
1131  <... futex resumed>)              = 0
1130  <... futex resumed>)              = 1
1131  futex(0xc00005cd50, FUTEX_WAIT_PRIVATE, 0, NULL <unfinished ...>
1130  futex(0xc00005cd50, FUTEX_WAKE_PRIVATE, 1 <unfinished ...>
1131  <... futex resumed>)              = -1 EAGAIN (Resource temporarily unavailable)
1130  <... futex resumed>)              = 0
1131  nanosleep({tv_sec=0, tv_nsec=3000},  <unfinished ...>
1130  futex(0x2b1bff0, FUTEX_WAKE_PRIVATE, 1 <unfinished ...>
1131  <... nanosleep resumed>NULL)      = 0
1130  <... futex resumed>)              = 1
1124  <... futex resumed>)              = 0
1131  futex(0xc00005cd50, FUTEX_WAIT_PRIVATE, 0, NULL <unfinished ...>
1130  futex(0xc00005c950, FUTEX_WAIT_PRIVATE, 0, NULL <unfinished ...>
1124  futex(0xc00005c950, FUTEX_WAKE_PRIVATE, 1 <unfinished ...>
1130  <... futex resumed>)              = 0
1124  <... futex resumed>)              = 1
1130  nanosleep({tv_sec=0, tv_nsec=3000},  <unfinished ...>
1124  futex(0xc00005cd50, FUTEX_WAKE_PRIVATE, 1 <unfinished ...>
1130  <... nanosleep resumed>NULL)      = 0
1131  <... futex resumed>)              = 0
1124  <... futex resumed>)              = 1
1131  futex(0xc00005cd50, FUTEX_WAIT_PRIVATE, 0, NULL <unfinished ...>
1130  futex(0xc000100150, FUTEX_WAKE_PRIVATE, 1 <unfinished ...>
1129  <... nanosleep resumed>NULL)      = 0
1124  futex(0x2b4ce08, FUTEX_WAIT_PRIVATE, 0, NULL <unfinished ...>
1132  <... futex resumed>)              = 0
1130  <... futex resumed>)              = 1
1129  nanosleep({tv_sec=0, tv_nsec=10000000},  <unfinished ...>
1132  futex(0xc000100150, FUTEX_WAIT_PRIVATE, 0, NULL <unfinished ...>
1130  futex(0x2b4ce08, FUTEX_WAKE_PRIVATE, 1) = 1
1124  <... futex resumed>)              = 0
1130  futex(0xc00005c950, FUTEX_WAIT_PRIVATE, 0, NULL <unfinished ...>
1124  futex(0xc00005c950, FUTEX_WAKE_PRIVATE, 1 <unfinished ...>
1130  <... futex resumed>)              = -1 EAGAIN (Resource temporarily unavailable)
1124  <... futex resumed>)              = 0
1130  nanosleep({tv_sec=0, tv_nsec=3000},  <unfinished ...>
1124  futex(0xc000100150, FUTEX_WAKE_PRIVATE, 1 <unfinished ...>
1130  <... nanosleep resumed>NULL)      = 0
1132  <... futex resumed>)              = 0
1124  <... futex resumed>)              = 1
1132  futex(0xc000100150, FUTEX_WAIT_PRIVATE, 0, NULL <unfinished ...>
1130  futex(0xc00005cd50, FUTEX_WAKE_PRIVATE, 1 <unfinished ...>
1124  futex(0x2b4ce08, FUTEX_WAIT_PRIVATE, 0, NULL <unfinished ...>
1131  <... futex resumed>)              = 0
1130  <... futex resumed>)              = 1
1131  futex(0xc00005cd50, FUTEX_WAIT_PRIVATE, 0, NULL <unfinished ...>
1130  futex(0x2b4ce08, FUTEX_WAKE_PRIVATE, 1) = 1
1124  <... futex resumed>)              = 0
1130  futex(0xc00005c950, FUTEX_WAIT_PRIVATE, 0, NULL <unfinished ...>
1124  futex(0xc00005c950, FUTEX_WAKE_PRIVATE, 1 <unfinished ...>
1130  <... futex resumed>)              = -1 EAGAIN (Resource temporarily unavailable)
1124  <... futex resumed>)              = 0
1130  nanosleep({tv_sec=0, tv_nsec=3000},  <unfinished ...>
1124  futex(0xc00005cd50, FUTEX_WAKE_PRIVATE, 1 <unfinished ...>
1130  <... nanosleep resumed>NULL)      = 0
1131  <... futex resumed>)              = 0
1124  <... futex resumed>)              = 1
1131  futex(0xc00005cd50, FUTEX_WAIT_PRIVATE, 0, NULL <unfinished ...>
1130  futex(0xc000100150, FUTEX_WAKE_PRIVATE, 1 <unfinished ...>
1124  futex(0x2b4ce08, FUTEX_WAIT_PRIVATE, 0, NULL <unfinished ...>
1132  <... futex resumed>)              = 0
1130  <... futex resumed>)              = 1
1132  futex(0xc000100150, FUTEX_WAIT_PRIVATE, 0, NULL <unfinished ...>
1130  futex(0x2b4ce08, FUTEX_WAKE_PRIVATE, 1) = 1
1124  <... futex resumed>)              = 0
1130  futex(0xc00005c950, FUTEX_WAIT_PRIVATE, 0, NULL <unfinished ...>
1124  futex(0xc00005c950, FUTEX_WAKE_PRIVATE, 1 <unfinished ...>
1130  <... futex resumed>)              = -1 EAGAIN (Resource temporarily unavailable)
1124  <... futex resumed>)              = 0
1130  nanosleep({tv_sec=0, tv_nsec=3000},  <unfinished ...>
1124  futex(0xc000100150, FUTEX_WAKE_PRIVATE, 1 <unfinished ...>
1130  <... nanosleep resumed>NULL)      = 0
1132  <... futex resumed>)              = 0
1124  <... futex resumed>)              = 1
1132  futex(0xc000100150, FUTEX_WAIT_PRIVATE, 0, NULL <unfinished ...>
1130  futex(0xc00005cd50, FUTEX_WAKE_PRIVATE, 1 <unfinished ...>
1124  futex(0x2b4ce08, FUTEX_WAIT_PRIVATE, 0, NULL <unfinished ...>
1131  <... futex resumed>)              = 0
1130  <... futex resumed>)              = 1
1131  futex(0xc00005cd50, FUTEX_WAIT_PRIVATE, 0, NULL <unfinished ...>
1129  <... nanosleep resumed>NULL)      = 0
1130  futex(0x2b4ce08, FUTEX_WAKE_PRIVATE, 1 <unfinished ...>
1129  nanosleep({tv_sec=0, tv_nsec=10000000},  <unfinished ...>
1130  <... futex resumed>)              = 1
1124  <... futex resumed>)              = 0
1130  futex(0xc00005c950, FUTEX_WAIT_PRIVATE, 0, NULL <unfinished ...>
1124  futex(0xc00005c950, FUTEX_WAKE_PRIVATE, 1 <unfinished ...>
1130  <... futex resumed>)              = -1 EAGAIN (Resource temporarily unavailable)
1124  <... futex resumed>)              = 0
1130  nanosleep({tv_sec=0, tv_nsec=3000},  <unfinished ...>
1124  futex(0xc00005cd50, FUTEX_WAKE_PRIVATE, 1 <unfinished ...>
1130  <... nanosleep resumed>NULL)      = 0
1131  <... futex resumed>)              = 0
1124  <... futex resumed>)              = 1
1131  futex(0xc00005cd50, FUTEX_WAIT_PRIVATE, 0, NULL <unfinished ...>
1130  futex(0xc000100150, FUTEX_WAKE_PRIVATE, 1 <unfinished ...>
1124  futex(0x2b4ce08, FUTEX_WAIT_PRIVATE, 0, NULL <unfinished ...>
1132  <... futex resumed>)              = 0
1130  <... futex resumed>)              = 1
1132  futex(0xc000100150, FUTEX_WAIT_PRIVATE, 0, NULL <unfinished ...>
1130  futex(0x2b4ce08, FUTEX_WAKE_PRIVATE, 1) = 1
1124  <... futex resumed>)              = 0
1130  futex(0xc00005c950, FUTEX_WAIT_PRIVATE, 0, NULL <unfinished ...>
1124  futex(0xc00005c950, FUTEX_WAKE_PRIVATE, 1 <unfinished ...>
1130  <... futex resumed>)              = -1 EAGAIN (Resource temporarily unavailable)
1124  <... futex resumed>)              = 0
1130  nanosleep({tv_sec=0, tv_nsec=3000},  <unfinished ...>
1124  futex(0xc000100150, FUTEX_WAKE_PRIVATE, 1 <unfinished ...>
1130  <... nanosleep resumed>NULL)      = 0
1132  <... futex resumed>)              = 0
1124  <... futex resumed>)              = 1
1132  futex(0xc000100150, FUTEX_WAIT_PRIVATE, 0, NULL <unfinished ...>
1130  futex(0xc00005cd50, FUTEX_WAKE_PRIVATE, 1 <unfinished ...>
1124  futex(0x2b4ce08, FUTEX_WAIT_PRIVATE, 0, NULL <unfinished ...>
1131  <... futex resumed>)              = 0
1130  <... futex resumed>)              = 1
1131  futex(0xc00005cd50, FUTEX_WAIT_PRIVATE, 0, NULL <unfinished ...>
1130  futex(0x2b4ce08, FUTEX_WAKE_PRIVATE, 1) = 1
1124  <... futex resumed>)              = 0
1130  futex(0xc00005c950, FUTEX_WAIT_PRIVATE, 0, NULL <unfinished ...>
1124  futex(0xc00005c950, FUTEX_WAKE_PRIVATE, 1 <unfinished ...>
1130  <... futex resumed>)              = -1 EAGAIN (Resource temporarily unavailable)
1124  <... futex resumed>)              = 0
1130  nanosleep({tv_sec=0, tv_nsec=3000},  <unfinished ...>
1124  futex(0xc00005cd50, FUTEX_WAKE_PRIVATE, 1 <unfinished ...>
1130  <... nanosleep resumed>NULL)      = 0
1131  <... futex resumed>)              = 0
1124  <... futex resumed>)              = 1
1131  futex(0xc00005cd50, FUTEX_WAIT_PRIVATE, 0, NULL <unfinished ...>
1130  futex(0xc000100150, FUTEX_WAKE_PRIVATE, 1 <unfinished ...>
1124  futex(0x2b4ce08, FUTEX_WAIT_PRIVATE, 0, NULL <unfinished ...>
1132  <... futex resumed>)              = 0
1130  <... futex resumed>)              = 1
1132  futex(0xc000100150, FUTEX_WAIT_PRIVATE, 0, NULL <unfinished ...>
1130  futex(0x2b4ce08, FUTEX_WAKE_PRIVATE, 1) = 1
1124  <... futex resumed>)              = 0
1130  futex(0xc00005c950, FUTEX_WAIT_PRIVATE, 0, NULL <unfinished ...>
1129  <... nanosleep resumed>NULL)      = 0
1130  <... futex resumed>)              = -1 EAGAIN (Resource temporarily unavailable)
1124  futex(0xc00005c950, FUTEX_WAKE_PRIVATE, 1 <unfinished ...>
1130  nanosleep({tv_sec=0, tv_nsec=3000},  <unfinished ...>
1129  nanosleep({tv_sec=0, tv_nsec=10000000},  <unfinished ...>
1130  <... nanosleep resumed>NULL)      = 0
1124  <... futex resumed>)              = 0
1130  futex(0xc000100150, FUTEX_WAKE_PRIVATE, 1 <unfinished ...>
1124  futex(0x2b4ce08, FUTEX_WAIT_PRIVATE, 0, NULL <unfinished ...>
1132  <... futex resumed>)              = 0
1130  <... futex resumed>)              = 1
1132  futex(0xc000100150, FUTEX_WAIT_PRIVATE, 0, NULL <unfinished ...>
1130  futex(0x2b4ce08, FUTEX_WAKE_PRIVATE, 1) = 1
1124  <... futex resumed>)              = 0
1130  futex(0xc00005c950, FUTEX_WAIT_PRIVATE, 0, NULL <unfinished ...>
1124  futex(0xc00005c950, FUTEX_WAKE_PRIVATE, 1 <unfinished ...>
1130  <... futex resumed>)              = -1 EAGAIN (Resource temporarily unavailable)
1124  <... futex resumed>)              = 0
1130  futex(0xc000100150, FUTEX_WAKE_PRIVATE, 1 <unfinished ...>
1124  mmap(NULL, 65536, PROT_READ|PROT_WRITE, MAP_PRIVATE|MAP_ANONYMOUS, -1, 0 <unfinished ...>
1132  <... futex resumed>)              = 0
1130  <... futex resumed>)              = 1
1132  futex(0xc00005cd50, FUTEX_WAKE_PRIVATE, 1 <unfinished ...>
1124  <... mmap resumed>)               = 0x7f6888206000
1132  <... futex resumed>)              = 1
1131  <... futex resumed>)              = 0
1130  getpid( <unfinished ...>
1132  futex(0xc000100150, FUTEX_WAIT_PRIVATE, 0, NULL <unfinished ...>
1131  mmap(NULL, 262144, PROT_READ|PROT_WRITE, MAP_PRIVATE|MAP_ANONYMOUS, -1, 0 <unfinished ...>
1124  rt_sigprocmask(SIG_SETMASK, ~[RTMIN RT_1],  <unfinished ...>
1131  <... mmap resumed>)               = 0x7f68881c6000
1130  <... getpid resumed>)             = 1124
1131  rt_sigprocmask(SIG_SETMASK, ~[RTMIN RT_1],  <unfinished ...>
1124  <... rt_sigprocmask resumed>[], 8) = 0
1131  <... rt_sigprocmask resumed>[], 8) = 0
1130  tgkill(1124, 1124, SIGURG <unfinished ...>
1131  mmap(NULL, 8392704, PROT_NONE, MAP_PRIVATE|MAP_ANONYMOUS|MAP_STACK, -1, 0 <unfinished ...>
1124  mmap(NULL, 8392704, PROT_NONE, MAP_PRIVATE|MAP_ANONYMOUS|MAP_STACK, -1, 0 <unfinished ...>
1131  <... mmap resumed>)               = 0x7f68817fb000
1130  <... tgkill resumed>)             = 0
1131  mprotect(0x7f68817fc000, 8388608, PROT_READ|PROT_WRITE <unfinished ...>
1124  <... mmap resumed>)               = 0x7f6880ffa000
1131  <... mprotect resumed>)           = 0
1130  futex(0x2b1d638, FUTEX_WAIT_PRIVATE, 0, {tv_sec=0, tv_nsec=100000} <unfinished ...>
1131  rt_sigprocmask(SIG_BLOCK, ~[],  <unfinished ...>
1124  mprotect(0x7f6880ffb000, 8388608, PROT_READ|PROT_WRITE <unfinished ...>
1131  <... rt_sigprocmask resumed>~[KILL STOP RTMIN RT_1], 8) = 0
1130  <... futex resumed>)              = -1 ETIMEDOUT (Connection timed out)
1131  clone3({flags=CLONE_VM|CLONE_FS|CLONE_FILES|CLONE_SIGHAND|CLONE_THREAD|CLONE_SYSVSEM|CLONE_SETTLS|CLONE_PARENT_SETTID|CLONE_CHILD_CLEARTID, child_tid=0x7f6881ffb910, parent_tid=0x7f6881ffb910, exit_signal=0, stack=0x7f68817fb000, stack_size=0x7fff00, tls=0x7f6881ffb640} <unfinished ...>
1129  <... nanosleep resumed>NULL)      = 0
1124  <... mprotect resumed>)           = 0
1131  <... clone3 resumed>, 88)         = -1 ENOSYS (Function not implemented)
1130  futex(0x2b1d638, FUTEX_WAIT_PRIVATE, 0, {tv_sec=0, tv_nsec=100000} <unfinished ...>
1129  nanosleep({tv_sec=0, tv_nsec=10000000},  <unfinished ...>
1131  clone(child_stack=0x7f6881ffaef0, flags=CLONE_VM|CLONE_FS|CLONE_FILES|CLONE_SIGHAND|CLONE_THREAD|CLONE_SYSVSEM|CLONE_SETTLS|CLONE_PARENT_SETTID|CLONE_CHILD_CLEARTID <unfinished ...>
1130  <... futex resumed>)              = -1 ETIMEDOUT (Connection timed out)
1124  rt_sigprocmask(SIG_BLOCK, ~[],  <unfinished ...>
1130  futex(0x2b1d638, FUTEX_WAIT_PRIVATE, 0, {tv_sec=0, tv_nsec=100000} <unfinished ...>
1134  rseq(0x7f6881ffbfe0, 0x20, 0, 0x53053053 <unfinished ...>
1131  <... clone resumed>, parent_tid=[1134], tls=0x7f6881ffb640, child_tidptr=0x7f6881ffb910) = 1134
1124  <... rt_sigprocmask resumed>~[KILL STOP RTMIN RT_1], 8) = 0
1134  <... rseq resumed>)               = 0
1131  rt_sigprocmask(SIG_SETMASK, ~[KILL STOP RTMIN RT_1],  <unfinished ...>
1130  <... futex resumed>)              = -1 ETIMEDOUT (Connection timed out)
1134  set_robust_list(0x7f6881ffb920, 24 <unfinished ...>
1131  <... rt_sigprocmask resumed>NULL, 8) = 0
1124  clone3({flags=CLONE_VM|CLONE_FS|CLONE_FILES|CLONE_SIGHAND|CLONE_THREAD|CLONE_SYSVSEM|CLONE_SETTLS|CLONE_PARENT_SETTID|CLONE_CHILD_CLEARTID, child_tid=0x7f68817fa910, parent_tid=0x7f68817fa910, exit_signal=0, stack=0x7f6880ffa000, stack_size=0x7fff00, tls=0x7f68817fa640} <unfinished ...>
1134  <... set_robust_list resumed>)    = 0
1131  rt_sigprocmask(SIG_SETMASK, [],  <unfinished ...>
1130  futex(0x2b1d638, FUTEX_WAIT_PRIVATE, 0, {tv_sec=0, tv_nsec=100000} <unfinished ...>
1134  rt_sigprocmask(SIG_SETMASK, ~[KILL STOP RTMIN RT_1],  <unfinished ...>
1131  <... rt_sigprocmask resumed>NULL, 8) = 0
1124  <... clone3 resumed>, 88)         = -1 ENOSYS (Function not implemented)
1134  <... rt_sigprocmask resumed>NULL, 8) = 0
1131  futex(0x2b1bff0, FUTEX_WAKE_PRIVATE, 1 <unfinished ...>
1130  <... futex resumed>)              = -1 ETIMEDOUT (Connection timed out)
1134  mmap(NULL, 134217728, PROT_NONE, MAP_PRIVATE|MAP_ANONYMOUS|MAP_NORESERVE, -1, 0 <unfinished ...>
1131  <... futex resumed>)              = 0
1124  clone(child_stack=0x7f68817f9ef0, flags=CLONE_VM|CLONE_FS|CLONE_FILES|CLONE_SIGHAND|CLONE_THREAD|CLONE_SYSVSEM|CLONE_SETTLS|CLONE_PARENT_SETTID|CLONE_CHILD_CLEARTID <unfinished ...>
1134  <... mmap resumed>)               = 0x7f6864000000
1131  futex(0xc00005cd50, FUTEX_WAIT_PRIVATE, 0, NULL <unfinished ...>
1130  futex(0x2b1d638, FUTEX_WAIT_PRIVATE, 0, {tv_sec=0, tv_nsec=100000} <unfinished ...>
1134  munmap(0x7f6868000000, 67108864 <unfinished ...>
1135  rseq(0x7f68817fafe0, 0x20, 0, 0x53053053 <unfinished ...>
1134  <... munmap resumed>)             = 0
1130  <... futex resumed>)              = -1 ETIMEDOUT (Connection timed out)
1135  <... rseq resumed>)               = 0
1134  mprotect(0x7f6864000000, 135168, PROT_READ|PROT_WRITE <unfinished ...>
1124  <... clone resumed>, parent_tid=[1135], tls=0x7f68817fa640, child_tidptr=0x7f68817fa910) = 1135
1135  set_robust_list(0x7f68817fa920, 24 <unfinished ...>
1134  <... mprotect resumed>)           = 0
1130  futex(0x2b1d638, FUTEX_WAIT_PRIVATE, 0, {tv_sec=0, tv_nsec=100000} <unfinished ...>
1135  <... set_robust_list resumed>)    = 0
1134  sigaltstack(NULL,  <unfinished ...>
1124  rt_sigprocmask(SIG_SETMASK, ~[KILL STOP RTMIN RT_1],  <unfinished ...>
1135  rt_sigprocmask(SIG_SETMASK, ~[KILL STOP RTMIN RT_1],  <unfinished ...>
1134  <... sigaltstack resumed>{ss_sp=NULL, ss_flags=SS_DISABLE, ss_size=0}) = 0
1130  <... futex resumed>)              = -1 ETIMEDOUT (Connection timed out)
1135  <... rt_sigprocmask resumed>NULL, 8) = 0
1134  sigaltstack({ss_sp=0xc00028c000, ss_flags=0, ss_size=32768},  <unfinished ...>
1124  <... rt_sigprocmask resumed>NULL, 8) = 0
1135  mmap(0x7f6868000000, 67108864, PROT_NONE, MAP_PRIVATE|MAP_ANONYMOUS|MAP_NORESERVE, -1, 0 <unfinished ...>
1134  <... sigaltstack resumed>NULL)    = 0
1130  futex(0x2b1d638, FUTEX_WAIT_PRIVATE, 0, {tv_sec=0, tv_nsec=100000} <unfinished ...>
1129  <... nanosleep resumed>NULL)      = 0
1135  <... mmap resumed>)               = 0x7f6868000000
1134  rt_sigprocmask(SIG_SETMASK, [],  <unfinished ...>
1130  <... futex resumed>)              = -1 ETIMEDOUT (Connection timed out)
1124  rt_sigprocmask(SIG_SETMASK, [],  <unfinished ...>
1135  mprotect(0x7f6868000000, 135168, PROT_READ|PROT_WRITE <unfinished ...>
1134  <... rt_sigprocmask resumed>NULL, 8) = 0
1130  futex(0x2b1d638, FUTEX_WAIT_PRIVATE, 0, {tv_sec=0, tv_nsec=100000} <unfinished ...>
1129  getpid( <unfinished ...>
1135  <... mprotect resumed>)           = 0
1134  gettid( <unfinished ...>
1130  <... futex resumed>)              = -1 ETIMEDOUT (Connection timed out)
1124  <... rt_sigprocmask resumed>NULL, 8) = 0
1135  sigaltstack(NULL,  <unfinished ...>
1134  <... gettid resumed>)             = 1134
1130  futex(0x2b1d638, FUTEX_WAIT_PRIVATE, 0, {tv_sec=0, tv_nsec=100000} <unfinished ...>
1129  <... getpid resumed>)             = 1124
1135  <... sigaltstack resumed>{ss_sp=NULL, ss_flags=SS_DISABLE, ss_size=0}) = 0
1134  futex(0xc000288150, FUTEX_WAIT_PRIVATE, 0, NULL <unfinished ...>
1130  <... futex resumed>)              = -1 ETIMEDOUT (Connection timed out)
1124  --- SIGURG {si_signo=SIGURG, si_code=SI_TKILL, si_pid=1124, si_uid=0} ---
1135  sigaltstack({ss_sp=0xc000456000, ss_flags=0, ss_size=32768},  <unfinished ...>
1130  futex(0x2b1d638, FUTEX_WAIT_PRIVATE, 0, {tv_sec=0, tv_nsec=100000} <unfinished ...>
1129  tgkill(1124, 1130, SIGURG <unfinished ...>
1135  <... sigaltstack resumed>NULL)    = 0
1130  <... futex resumed>)              = -1 ETIMEDOUT (Connection timed out)
1124  rt_sigreturn({mask=[]} <unfinished ...>
1135  rt_sigprocmask(SIG_SETMASK, [],  <unfinished ...>
1130  --- SIGURG {si_signo=SIGURG, si_code=SI_TKILL, si_pid=1124, si_uid=0} ---
1129  <... tgkill resumed>)             = 0
1135  <... rt_sigprocmask resumed>NULL, 8) = 0
1130  rt_sigreturn({mask=[]} <unfinished ...>
1124  <... rt_sigreturn resumed>)       = 0
1135  gettid( <unfinished ...>
1130  <... rt_sigreturn resumed>)       = -1 ETIMEDOUT (Connection timed out)
1129  nanosleep({tv_sec=0, tv_nsec=10000000},  <unfinished ...>
1135  <... gettid resumed>)             = 1135
1130  getpid( <unfinished ...>
1124  futex(0xc000288150, FUTEX_WAKE_PRIVATE, 1 <unfinished ...>
1135  futex(0xc00005cd50, FUTEX_WAKE_PRIVATE, 1 <unfinished ...>
1130  <... getpid resumed>)             = 1124
1135  <... futex resumed>)              = 1
1134  <... futex resumed>)              = 0
1131  <... futex resumed>)              = 0
1124  <... futex resumed>)              = 1
1135  getpid( <unfinished ...>
1134  futex(0x2b1d638, FUTEX_WAKE_PRIVATE, 1 <unfinished ...>
1131  sched_yield( <unfinished ...>
1130  tgkill(1124, 1124, SIGURG <unfinished ...>
1135  <... getpid resumed>)             = 1124
1134  <... futex resumed>)              = 0
1131  <... sched_yield resumed>)        = 0
1124  sched_yield( <unfinished ...>
1135  tgkill(1124, 1130, SIGURG <unfinished ...>
1134  futex(0x2b1bff0, FUTEX_WAKE_PRIVATE, 1 <unfinished ...>
1131  futex(0x2b1d518, FUTEX_WAKE_PRIVATE, 1 <unfinished ...>
1130  <... tgkill resumed>)             = 0
1135  <... tgkill resumed>)             = 0
1134  <... futex resumed>)              = 0
1131  <... futex resumed>)              = 0
1124  <... sched_yield resumed>)        = 0
1134  futex(0xc000288150, FUTEX_WAIT_PRIVATE, 0, NULL <unfinished ...>
1131  futex(0xc000100150, FUTEX_WAKE_PRIVATE, 1 <unfinished ...>
1130  --- SIGURG {si_signo=SIGURG, si_code=SI_TKILL, si_pid=1124, si_uid=0} ---
1132  <... futex resumed>)              = 0
1131  <... futex resumed>)              = 1
1124  --- SIGURG {si_signo=SIGURG, si_code=SI_TKILL, si_pid=1124, si_uid=0} ---
1135  futex(0xc000420550, FUTEX_WAIT_PRIVATE, 0, NULL <unfinished ...>
1132  futex(0xc000100150, FUTEX_WAIT_PRIVATE, 0, NULL <unfinished ...>
1131  futex(0xc000100150, FUTEX_WAKE_PRIVATE, 1 <unfinished ...>
1130  rt_sigreturn({mask=[]} <unfinished ...>
1132  <... futex resumed>)              = -1 EAGAIN (Resource temporarily unavailable)
1131  <... futex resumed>)              = 0
1124  rt_sigreturn({mask=[]} <unfinished ...>
1132  futex(0xc000100150, FUTEX_WAIT_PRIVATE, 0, NULL <unfinished ...>
1131  mmap(NULL, 262144, PROT_READ|PROT_WRITE, MAP_PRIVATE|MAP_ANONYMOUS, -1, 0 <unfinished ...>
1130  <... rt_sigreturn resumed>)       = 0
1131  <... mmap resumed>)               = 0x7f6888186000
1124  <... rt_sigreturn resumed>)       = 0
1131  futex(0xc00005cd50, FUTEX_WAIT_PRIVATE, 0, NULL <unfinished ...>
1130  getpid( <unfinished ...>
1124  futex(0x2b1d518, FUTEX_WAKE_PRIVATE, 1 <unfinished ...>
1130  <... getpid resumed>)             = 1124
1124  <... futex resumed>)              = 0
1130  tgkill(1124, 1131, SIGURG <unfinished ...>
1124  epoll_create1(EPOLL_CLOEXEC <unfinished ...>
1131  <... futex resumed>)              = ? ERESTARTSYS (To be restarted if SA_RESTART is set)
1130  <... tgkill resumed>)             = 0
1131  --- SIGURG {si_signo=SIGURG, si_code=SI_TKILL, si_pid=1124, si_uid=0} ---
1129  <... nanosleep resumed>NULL)      = 0
1124  <... epoll_create1 resumed>)      = 3
1131  rt_sigreturn({mask=[]} <unfinished ...>
1130  getpid( <unfinished ...>
1129  nanosleep({tv_sec=0, tv_nsec=10000000},  <unfinished ...>
1131  <... rt_sigreturn resumed>)       = 202
1130  <... getpid resumed>)             = 1124
1124  pipe2( <unfinished ...>
1131  futex(0xc00005cd50, FUTEX_WAIT_PRIVATE, 0, NULL <unfinished ...>
1130  tgkill(1124, 1124, SIGURG <unfinished ...>
1124  <... pipe2 resumed>[4, 5], O_NONBLOCK|O_CLOEXEC) = 0
1130  <... tgkill resumed>)             = 0
1124  --- SIGURG {si_signo=SIGURG, si_code=SI_TKILL, si_pid=1124, si_uid=0} ---
1130  futex(0x2b1d638, FUTEX_WAIT_PRIVATE, 0, {tv_sec=0, tv_nsec=100000} <unfinished ...>
1124  rt_sigreturn({mask=[]} <unfinished ...>
1130  <... futex resumed>)              = -1 ETIMEDOUT (Connection timed out)
1124  <... rt_sigreturn resumed>)       = 0
1130  getpid( <unfinished ...>
1124  epoll_ctl(3, EPOLL_CTL_ADD, 4, {events=EPOLLIN, data={u32=45398528, u64=45398528}} <unfinished ...>
1130  <... getpid resumed>)             = 1124
1124  <... epoll_ctl resumed>)          = 0
1130  tgkill(1124, 1124, SIGURG <unfinished ...>
1124  futex(0xc00005cd50, FUTEX_WAKE_PRIVATE, 1 <unfinished ...>
1130  <... tgkill resumed>)             = 0
1131  <... futex resumed>)              = 0
1124  <... futex resumed>)              = 1
1131  epoll_pwait(3,  <unfinished ...>
1130  futex(0x2b1d638, FUTEX_WAIT_PRIVATE, 0, {tv_sec=0, tv_nsec=100000} <unfinished ...>
1124  --- SIGURG {si_signo=SIGURG, si_code=SI_TKILL, si_pid=1124, si_uid=0} ---
1130  <... futex resumed>)              = -1 ETIMEDOUT (Connection timed out)
1124  rt_sigreturn({mask=[]} <unfinished ...>
1130  getpid( <unfinished ...>
1124  <... rt_sigreturn resumed>)       = 1
1130  <... getpid resumed>)             = 1124
1124  futex(0xc000100150, FUTEX_WAKE_PRIVATE, 1 <unfinished ...>
1130  tgkill(1124, 1124, SIGURG <unfinished ...>
1132  <... futex resumed>)              = 0
1124  <... futex resumed>)              = 1
1132  futex(0x2b1d638, FUTEX_WAKE_PRIVATE, 1 <unfinished ...>
1130  <... tgkill resumed>)             = 0
1132  <... futex resumed>)              = 0
1124  --- SIGURG {si_signo=SIGURG, si_code=SI_TKILL, si_pid=1124, si_uid=0} ---
1132  futex(0x2b1bff0, FUTEX_WAKE_PRIVATE, 1 <unfinished ...>
1130  sched_yield( <unfinished ...>
1132  <... futex resumed>)              = 0
1124  rt_sigreturn({mask=[]} <unfinished ...>
1132  futex(0xc000100150, FUTEX_WAIT_PRIVATE, 0, NULL <unfinished ...>
1130  <... sched_yield resumed>)        = 0
1124  <... rt_sigreturn resumed>)       = 1
1130  futex(0x2b1d518, FUTEX_WAKE_PRIVATE, 1 <unfinished ...>
1124  futex(0xc000100150, FUTEX_WAKE_PRIVATE, 1 <unfinished ...>
1130  <... futex resumed>)              = 0
1132  <... futex resumed>)              = 0
1124  <... futex resumed>)              = 1
1132  sched_yield( <unfinished ...>
1130  getpid( <unfinished ...>
1132  <... sched_yield resumed>)        = 0
1124  sched_yield( <unfinished ...>
1132  futex(0x2b1d518, FUTEX_WAIT_PRIVATE, 2, NULL <unfinished ...>
1130  <... getpid resumed>)             = 1124
1129  <... nanosleep resumed>NULL)      = 0
1130  tgkill(1124, 1124, SIGURG <unfinished ...>
1124  <... sched_yield resumed>)        = 0
1130  <... tgkill resumed>)             = 0
1129  getpid( <unfinished ...>
1130  futex(0x2b1d518, FUTEX_WAKE_PRIVATE, 1 <unfinished ...>
1124  --- SIGURG {si_signo=SIGURG, si_code=SI_TKILL, si_pid=1124, si_uid=0} ---
1132  <... futex resumed>)              = 0
1130  <... futex resumed>)              = 1
1129  <... getpid resumed>)             = 1124
1132  futex(0x2b1d518, FUTEX_WAKE_PRIVATE, 1 <unfinished ...>
1130  futex(0x2b1d638, FUTEX_WAIT_PRIVATE, 0, {tv_sec=0, tv_nsec=100000} <unfinished ...>
1124  rt_sigreturn({mask=[]} <unfinished ...>
1132  <... futex resumed>)              = 0
1129  tgkill(1124, 1130, SIGURG <unfinished ...>
1132  nanosleep({tv_sec=0, tv_nsec=3000},  <unfinished ...>
1130  <... futex resumed>)              = -1 ETIMEDOUT (Connection timed out)
1124  <... rt_sigreturn resumed>)       = 0
1132  <... nanosleep resumed>NULL)      = 0
1130  --- SIGURG {si_signo=SIGURG, si_code=SI_TKILL, si_pid=1124, si_uid=0} ---
1129  <... tgkill resumed>)             = 0
1132  futex(0xc000420550, FUTEX_WAKE_PRIVATE, 1 <unfinished ...>
1130  rt_sigreturn({mask=[]} <unfinished ...>
1124  futex(0x2b1d518, FUTEX_WAKE_PRIVATE, 1 <unfinished ...>
1135  <... futex resumed>)              = 0
1132  <... futex resumed>)              = 1
1130  <... rt_sigreturn resumed>)       = -1 ETIMEDOUT (Connection timed out)
1129  nanosleep({tv_sec=0, tv_nsec=10000000},  <unfinished ...>
1135  futex(0xc000288150, FUTEX_WAKE_PRIVATE, 1 <unfinished ...>
1132  futex(0xc000100150, FUTEX_WAIT_PRIVATE, 0, NULL <unfinished ...>
1130  futex(0x2b1d638, FUTEX_WAIT_PRIVATE, 0, {tv_sec=0, tv_nsec=100000} <unfinished ...>
1124  <... futex resumed>)              = 0
1135  <... futex resumed>)              = 1
1134  <... futex resumed>)              = 0
1135  sched_yield( <unfinished ...>
1130  <... futex resumed>)              = -1 ETIMEDOUT (Connection timed out)
1124  futex(0x2b1d638, FUTEX_WAKE_PRIVATE, 1 <unfinished ...>
1135  <... sched_yield resumed>)        = 0
1134  sched_yield( <unfinished ...>
1130  sched_yield( <unfinished ...>
1135  futex(0x2b1d518, FUTEX_WAIT_PRIVATE, 2, NULL <unfinished ...>
1134  <... sched_yield resumed>)        = 0
1124  <... futex resumed>)              = 0
1134  futex(0x2b1d518, FUTEX_WAIT_PRIVATE, 2, NULL <unfinished ...>
1130  <... sched_yield resumed>)        = 0
1134  <... futex resumed>)              = -1 EAGAIN (Resource temporarily unavailable)
1124  futex(0x2b1d518, FUTEX_WAKE_PRIVATE, 1 <unfinished ...>
1134  futex(0x2b1d518, FUTEX_WAKE_PRIVATE, 1 <unfinished ...>
1130  futex(0x2b1d518, FUTEX_WAKE_PRIVATE, 1 <unfinished ...>
1135  <... futex resumed>)              = 0
1134  <... futex resumed>)              = 0
1124  <... futex resumed>)              = 1
1135  futex(0x2b1d518, FUTEX_WAKE_PRIVATE, 1 <unfinished ...>
1134  futex(0xc000288150, FUTEX_WAIT_PRIVATE, 0, NULL <unfinished ...>
1130  <... futex resumed>)              = 0
1135  <... futex resumed>)              = 0
1124  futex(0x2b1bff0, FUTEX_WAIT_PRIVATE, 0, NULL <unfinished ...>
1135  futex(0x2b1bff0, FUTEX_WAKE_PRIVATE, 1 <unfinished ...>
1130  futex(0x2b1d608, FUTEX_WAIT_PRIVATE, 0, {tv_sec=0, tv_nsec=100000} <unfinished ...>
1135  <... futex resumed>)              = 0
1124  <... futex resumed>)              = -1 EAGAIN (Resource temporarily unavailable)
1135  futex(0xc000420550, FUTEX_WAIT_PRIVATE, 0, NULL <unfinished ...>
1130  <... futex resumed>)              = -1 ETIMEDOUT (Connection timed out)
1130  getpid( <unfinished ...>
1124  futex(0xc000420550, FUTEX_WAKE_PRIVATE, 1 <unfinished ...>
1130  <... getpid resumed>)             = 1124
1135  <... futex resumed>)              = 0
1124  <... futex resumed>)              = 1
1135  futex(0x2b1d608, FUTEX_WAKE_PRIVATE, 1 <unfinished ...>
1130  tgkill(1124, 1124, SIGURG <unfinished ...>
1135  <... futex resumed>)              = 0
1124  sched_yield( <unfinished ...>
1135  futex(0xc000420550, FUTEX_WAIT_PRIVATE, 0, NULL <unfinished ...>
1130  <... tgkill resumed>)             = 0
1124  <... sched_yield resumed>)        = 0
1130  epoll_pwait(3,  <unfinished ...>
1124  --- SIGURG {si_signo=SIGURG, si_code=SI_TKILL, si_pid=1124, si_uid=0} ---
1130  <... epoll_pwait resumed>[], 128, 0, NULL, 0) = 0
1124  rt_sigreturn({mask=[]} <unfinished ...>
1130  mmap(NULL, 262144, PROT_READ|PROT_WRITE, MAP_PRIVATE|MAP_ANONYMOUS, -1, 0 <unfinished ...>
1124  <... rt_sigreturn resumed>)       = 0
1130  <... mmap resumed>)               = 0x7f6888146000
1124  futex(0x2b1d518, FUTEX_WAIT_PRIVATE, 2, NULL <unfinished ...>
1130  futex(0x2b1d518, FUTEX_WAKE_PRIVATE, 1 <unfinished ...>
1129  <... nanosleep resumed>NULL)      = 0
1124  <... futex resumed>)              = -1 EAGAIN (Resource temporarily unavailable)
1130  <... futex resumed>)              = 0
1129  getpid( <unfinished ...>
1130  futex(0xc000420550, FUTEX_WAKE_PRIVATE, 1 <unfinished ...>
1124  futex(0x2b1d518, FUTEX_WAKE_PRIVATE, 1 <unfinished ...>
1135  <... futex resumed>)              = 0
1130  <... futex resumed>)              = 1
1129  <... getpid resumed>)             = 1124
1135  mmap(NULL, 262144, PROT_READ|PROT_WRITE, MAP_PRIVATE|MAP_ANONYMOUS, -1, 0 <unfinished ...>
1130  futex(0x2b1d638, FUTEX_WAIT_PRIVATE, 0, {tv_sec=0, tv_nsec=100000} <unfinished ...>
1124  <... futex resumed>)              = 0
1135  <... mmap resumed>)               = 0x7f6888106000
1129  tgkill(1124, 1130, SIGURG <unfinished ...>
1135  futex(0x2b1d638, FUTEX_WAKE_PRIVATE, 1 <unfinished ...>
1130  <... futex resumed>)              = -1 ETIMEDOUT (Connection timed out)
1124  futex(0x2b1bff0, FUTEX_WAIT_PRIVATE, 0, NULL <unfinished ...>
1135  <... futex resumed>)              = 0
1130  --- SIGURG {si_signo=SIGURG, si_code=SI_TKILL, si_pid=1124, si_uid=0} ---
1129  <... tgkill resumed>)             = 0
1135  futex(0xc000288150, FUTEX_WAKE_PRIVATE, 1 <unfinished ...>
1130  rt_sigreturn({mask=[]} <unfinished ...>
1135  <... futex resumed>)              = 1
1134  <... futex resumed>)              = 0
1129  nanosleep({tv_sec=0, tv_nsec=10000000},  <unfinished ...>
1135  futex(0x2b1bff0, FUTEX_WAKE_PRIVATE, 1 <unfinished ...>
1134  futex(0xc000100150, FUTEX_WAKE_PRIVATE, 1 <unfinished ...>
1130  <... rt_sigreturn resumed>)       = -1 ETIMEDOUT (Connection timed out)
1135  <... futex resumed>)              = 1
1134  <... futex resumed>)              = 1
1132  <... futex resumed>)              = 0
1124  <... futex resumed>)              = 0
1135  futex(0xc000420550, FUTEX_WAIT_PRIVATE, 0, NULL <unfinished ...>
1134  futex(0xc000288150, FUTEX_WAIT_PRIVATE, 0, NULL <unfinished ...>
1132  futex(0xc000100150, FUTEX_WAIT_PRIVATE, 0, NULL <unfinished ...>
1130  futex(0xc00005c950, FUTEX_WAIT_PRIVATE, 0, NULL <unfinished ...>
1124  futex(0xc000100150, FUTEX_WAKE_PRIVATE, 1 <unfinished ...>
1132  <... futex resumed>)              = 0
1124  <... futex resumed>)              = 1
1132  nanosleep({tv_sec=0, tv_nsec=3000},  <unfinished ...>
1124  futex(0xc000288150, FUTEX_WAKE_PRIVATE, 1 <unfinished ...>
1132  <... nanosleep resumed>NULL)      = 0
1134  <... futex resumed>)              = 0
1124  <... futex resumed>)              = 1
1134  futex(0xc000288150, FUTEX_WAIT_PRIVATE, 0, NULL <unfinished ...>
1132  futex(0xc000420550, FUTEX_WAKE_PRIVATE, 1 <unfinished ...>
1124  futex(0x2b1bff0, FUTEX_WAIT_PRIVATE, 0, NULL <unfinished ...>
1135  <... futex resumed>)              = 0
1132  <... futex resumed>)              = 1
1135  futex(0xc000420550, FUTEX_WAIT_PRIVATE, 0, NULL <unfinished ...>
1132  futex(0xc000420550, FUTEX_WAKE_PRIVATE, 1 <unfinished ...>
1135  <... futex resumed>)              = -1 EAGAIN (Resource temporarily unavailable)
1132  <... futex resumed>)              = 0
1135  nanosleep({tv_sec=0, tv_nsec=3000},  <unfinished ...>
1132  futex(0x2b1bff0, FUTEX_WAKE_PRIVATE, 1 <unfinished ...>
1135  <... nanosleep resumed>NULL)      = 0
1132  <... futex resumed>)              = 1
1124  <... futex resumed>)              = 0
1135  futex(0xc000420550, FUTEX_WAIT_PRIVATE, 0, NULL <unfinished ...>
1132  futex(0xc000100150, FUTEX_WAIT_PRIVATE, 0, NULL <unfinished ...>
1124  futex(0xc000100150, FUTEX_WAKE_PRIVATE, 1 <unfinished ...>
1132  <... futex resumed>)              = -1 EAGAIN (Resource temporarily unavailable)
1124  <... futex resumed>)              = 0
1132  nanosleep({tv_sec=0, tv_nsec=3000},  <unfinished ...>
1124  futex(0xc000420550, FUTEX_WAKE_PRIVATE, 1 <unfinished ...>
1132  <... nanosleep resumed>NULL)      = 0
1135  <... futex resumed>)              = 0
1124  <... futex resumed>)              = 1
1135  futex(0xc000420550, FUTEX_WAIT_PRIVATE, 0, NULL <unfinished ...>
1132  futex(0xc000288150, FUTEX_WAKE_PRIVATE, 1 <unfinished ...>
